D/InputEventConsistencyVerifier(  356):   5: sent at 71863000000, (unhandled) KeyEvent { action=ACTION_UP, keyCode=KEYCODE_DPAD_LEFT, scanCode=0, metaState=0, flags=0x8, repeatCount=0, eventTime=71863, downTime=71863, deviceId=-1, source=0x101 }
D/InputEventConsistencyVerifier(  356): TouchEvent: ACTION_DOWN but pointers are already down.  Probably missing ACTION_UP from previous gesture.
D/InputEventConsistencyVerifier(  356):   in android.view.ScaleGestureDetector@b3e8ce48
D/InputEventConsistencyVerifier(  356):   0: sent at 72406000000, MotionEvent { action=ACTION_DOWN, id[0]=0, x[0]=162.0, y[0]=700.0, toolType[0]=TOOL_TYPE_UNKNOWN, buttonState=0, metaState=0, flags=0x0, edgeFlags=0x0, pointerCount=1, historySize=0, eventTime=72406, downTime=72405, deviceId=0, source=0x1002 }
D/InputEventConsistencyVerifier(  356):   -- recent events --
D/InputEventConsistencyVerifier(  356):   1: sent at 71881000000, MotionEvent { action=ACTION_DOWN, id[0]=0, x[0]=252.0, y[0]=407.0, toolType[0]=TOOL_TYPE_UNKNOWN, buttonState=0, metaState=0, flags=0x80000000, edgeFlags=0x0, pointerCount=1, historySize=0, eventTime=71881, downTime=71881, deviceId=0, source=0x1002 }
D/InputEventConsistencyVerifier(  356):   2: sent at 71325000000, MotionEvent { action=ACTION_DOWN, id[0]=0, x[0]=365.0, y[0]=455.0, toolType[0]=TOOL_TYPE_UNKNOWN, buttonState=0, metaState=0, flags=0x0, edgeFlags=0x0, pointerCount=1, historySize=0, eventTime=71325, downTime=71324, deviceId=0, source=0x1002 }
D/InputEventConsistencyVerifier(  356):   3: sent at 71256000000, MotionEvent { action=ACTION_UP, id[0]=0, x[0]=480.0, y[0]=74.0, toolType[0]=TOOL_TYPE_UNKNOWN, buttonState=0, metaState=0, flags=0x0, edgeFlags=0x0, pointerCount=1, historySize=0, eventTime=71256, downTime=71176, deviceId=0, source=0x1002 }
D/InputEventConsistencyVerifier(  356):   4: sent at 71255000000, MotionEvent { action=ACTION_MOVE, id[0]=0, x[0]=480.0, y[0]=67.0, toolType[0]=TOOL_TYPE_UNKNOWN, buttonState=0, metaState=0, flags=0x0, edgeFlags=0x0, pointerCount=1, historySize=5, eventTime=71255, downTime=71176, deviceId=0, source=0x1002 }
D/InputEventConsistencyVerifier(  356):   5: sent at 71177000000, MotionEvent { action=ACTION_DOWN, id[0]=0, x[0]=452.0, y[0]=11.0, toolType[0]=TOOL_TYPE_UNKNOWN, buttonState=0, metaState=0, flags=0x0, edgeFlags=0x0, pointerCount=1, historySize=0, eventTime=71177, downTime=71176, deviceId=0, source=0x1002 }
W/dalvikvm(  356): DroidBox: { "FdAccess": { "path": "2f70726f632f6d656d696e666f", "id": "1560972332" } }
W/DroidBox(  356): DroidBox: { "FileRW": { "operation": "read", "data": "4d656d546f74616c3a202020202020202020373438393634206b420a4d656d467265653a20202020202020202020343436333736206b420a427566666572733a20202020202020202020202035333034206b420a4361636865643a202020202020202020", "id": "1560972332" } }
D/PackageManager(  222): generateServicesMap(android.accounts.AccountAuthenticator): 2 services unchanged
I/InputReader(  222): Reconfiguring input devices.  changes=0x00000010
D/PackageManager(  222): generateServicesMap(android.content.SyncAdapter): 4 services unchanged
I/Choreographer(  356): Skipped 33 frames!  The application may be doing too much work on its main thread.
D/InputEventConsistencyVerifier(  356): KeyEvent: ACTION_UP but key was not down.
D/InputEventConsistencyVerifier(  356):   in com.android.systemui.statusbar.phone.StatusBarWindowView@b3ded290
D/InputEventConsistencyVerifier(  356):   0: sent at 72561000000, KeyEvent { action=ACTION_UP, keyCode=KEYCODE_DPAD_LEFT, scanCode=0, metaState=0, flags=0x400, repeatCount=0, eventTime=72561, downTime=72561, deviceId=-1, source=0x101 }
D/InputEventConsistencyVerifier(  356):   -- recent events --
D/InputEventConsistencyVerifier(  356):   1: sent at 72509000000, (unhandled) MotionEvent { action=ACTION_MOVE, id[0]=0, x[0]=-2.0, y[0]=0.0, toolType[0]=TOOL_TYPE_UNKNOWN, buttonState=0, metaState=0, flags=0x0, edgeFlags=0x0, pointerCount=1, historySize=9, eventTime=72509, downTime=-1, deviceId=0, source=0x10004 }
D/InputEventConsistencyVerifier(  356):   2: sent at 72428000000, MotionEvent { action=ACTION_UP, id[0]=0, x[0]=140.0, y[0]=726.0, toolType[0]=TOOL_TYPE_UNKNOWN, buttonState=0, metaState=0, flags=0x0, edgeFlags=0x0, pointerCount=1, historySize=0, eventTime=72428, downTime=72405, deviceId=0, source=0x1002 }
D/InputEventConsistencyVerifier(  356):   3: sent at 72423000000, MotionEvent { action=ACTION_MOVE, id[0]=0, x[0]=147.0, y[0]=715.0, toolType[0]=TOOL_TYPE_UNKNOWN, buttonState=0, metaState=0, flags=0x0, edgeFlags=0x0, pointerCount=1, historySize=1, eventTime=72423, downTime=72405, deviceId=0, source=0x1002 }
D/InputEventConsistencyVerifier(  356):   4: sent at 72406000000, MotionEvent { action=ACTION_DOWN, id[0]=0, x[0]=162.0, y[0]=700.0, toolType[0]=TOOL_TYPE_UNKNOWN, buttonState=0, metaState=0, flags=0x0, edgeFlags=0x0, pointerCount=1, historySize=0, eventTime=72406, downTime=72405, deviceId=0, source=0x1002 }
D/InputEventConsistencyVerifier(  356):   5: sent at 72391000000, (unhandled) KeyEvent { action=ACTION_UP, keyCode=KEYCODE_DPAD_CENTER, scanCode=0, metaState=0, flags=0x8, repeatCount=0, eventTime=72391, downTime=72391, deviceId=-1, source=0x101 }
D/InputEventConsistencyVerifier(  356): KeyEvent: ACTION_UP but key was not down.
D/InputEventConsistencyVerifier(  356):   in android.widget.FrameLayout@b3dfd790
D/InputEventConsistencyVerifier(  356):   0: sent at 72722000000, KeyEvent { action=ACTION_UP, keyCode=KEYCODE_DPAD_DOWN, scanCode=0, metaState=0, flags=0x8, repeatCount=0, eventTime=72722, downTime=72722, deviceId=-1, source=0x101 }
D/InputEventConsistencyVerifier(  356):   -- recent events --
D/InputEventConsistencyVerifier(  356):   1: sent at 72664000000, MotionEvent { action=ACTION_UP, id[0]=0, x[0]=259.0, y[0]=292.0, toolType[0]=TOOL_TYPE_UNKNOWN, buttonState=0, metaState=0, flags=0x0, edgeFlags=0x0, pointerCount=1, historySize=0, eventTime=72664, downTime=72650, deviceId=0, source=0x1002 }
D/InputEventConsistencyVerifier(  356):   2: sent at 72660000000, MotionEvent { action=ACTION_DOWN, id[0]=0, x[0]=262.0, y[0]=294.0, toolType[0]=TOOL_TYPE_UNKNOWN, buttonState=0, metaState=0, flags=0x0, edgeFlags=0x0, pointerCount=1, historySize=0, eventTime=72660, downTime=72650, deviceId=0, source=0x1002 }
D/InputEventConsistencyVerifier(  356):   3: sent at 72603000000, MotionEvent { action=ACTION_UP, id[0]=0, x[0]=102.0, y[0]=290.0, toolType[0]=TOOL_TYPE_UNKNOWN, buttonState=0, metaState=0, flags=0x0, edgeFlags=0x0, pointerCount=1, historySize=0, eventTime=72603, downTime=72586, deviceId=0, source=0x1002 }
D/InputEventConsistencyVerifier(  356):   4: sent at 72586000000, MotionEvent { action=ACTION_DOWN, id[0]=0, x[0]=94.0, y[0]=290.0, toolType[0]=TOOL_TYPE_UNKNOWN, buttonState=0, metaState=0, flags=0x0, edgeFlags=0x0, pointerCount=1, historySize=0, eventTime=72586, downTime=72586, deviceId=0, source=0x1002 }
D/InputEventConsistencyVerifier(  356):   5: sent at 72582000000, MotionEvent { action=ACTION_UP, id[0]=0, x[0]=330.0, y[0]=445.0, toolType[0]=TOOL_TYPE_UNKNOWN, buttonState=0, metaState=0, flags=0x0, edgeFlags=0x0, pointerCount=1, historySize=0, eventTime=72582, downTime=72577, deviceId=0, source=0x1002 }
D/InputEventConsistencyVerifier(  356): TouchEvent: ACTION_DOWN but pointers are already down.  Probably missing ACTION_UP from previous gesture.
D/InputEventConsistencyVerifier(  356):   in android.view.ScaleGestureDetector@b3e8ce48
D/InputEventConsistencyVerifier(  356):   0: sent at 72749000000, MotionEvent { action=ACTION_DOWN, id[0]=0, x[0]=44.0, y[0]=625.0, toolType[0]=TOOL_TYPE_UNKNOWN, buttonState=0, metaState=0, flags=0x0, edgeFlags=0x0, pointerCount=1, historySize=0, eventTime=72749, downTime=72748, deviceId=0, source=0x1002 }
D/InputEventConsistencyVerifier(  356):   -- recent events --
D/InputEventConsistencyVerifier(  356):   1: sent at 72742000000, MotionEvent { action=ACTION_MOVE, id[0]=0, x[0]=184.0, y[0]=566.0, toolType[0]=TOOL_TYPE_UNKNOWN, buttonState=0, metaState=0, flags=0x0, edgeFlags=0x0, pointerCount=1, historySize=3, eventTime=72742, downTime=72732, deviceId=0, source=0x1002 }
D/InputEventConsistencyVerifier(  356):   2: sent at 72733000000, MotionEvent { action=ACTION_DOWN, id[0]=0, x[0]=188.0, y[0]=602.0, toolType[0]=TOOL_TYPE_UNKNOWN, buttonState=0, metaState=0, flags=0x0, edgeFlags=0x0, pointerCount=1, historySize=0, eventTime=72733, downTime=72732, deviceId=0, source=0x1002 }
D/InputEventConsistencyVerifier(  356):   3: sent at 72664000000, MotionEvent { action=ACTION_UP, id[0]=0, x[0]=259.0, y[0]=292.0, toolType[0]=TOOL_TYPE_UNKNOWN, buttonState=0, metaState=0, flags=0x0, edgeFlags=0x0, pointerCount=1, historySize=0, eventTime=72664, downTime=72650, deviceId=0, source=0x1002 }
D/InputEventConsistencyVerifier(  356):   4: sent at 72660000000, MotionEvent { action=ACTION_DOWN, id[0]=0, x[0]=262.0, y[0]=294.0, toolType[0]=TOOL_TYPE_UNKNOWN, buttonState=0, metaState=0, flags=0x0, edgeFlags=0x0, pointerCount=1, historySize=0, eventTime=72660, downTime=72650, deviceId=0, source=0x1002 }
D/InputEventConsistencyVerifier(  356):   5: sent at 72603000000, MotionEvent { action=ACTION_UP, id[0]=0, x[0]=102.0, y[0]=290.0, toolType[0]=TOOL_TYPE_UNKNOWN, buttonState=0, metaState=0, flags=0x0, edgeFlags=0x0, pointerCount=1, historySize=0, eventTime=72603, downTime=72586, deviceId=0, source=0x1002 }
I/ActivityManager(  222): START {act=android.intent.action.MAIN cat=[android.intent.category.LAUNCHER] flg=0x10200000 cmp=br.com.f2b.android.reader/.Barcode u=0} from pid 918
I/AccountTypeManager(  665): Loaded meta-data for 1 account types, 0 accounts in 416ms(wall) 0ms(cpu)
D/InputEventConsistencyVerifier(  356): TouchEvent: ACTION_DOWN but pointers are already down.  Probably missing ACTION_UP from previous gesture.
D/InputEventConsistencyVerifier(  356):   in android.view.ScaleGestureDetector@b3e8ce48
D/InputEventConsistencyVerifier(  356):   0: sent at 72946000000, MotionEvent { action=ACTION_DOWN, id[0]=0, x[0]=77.0, y[0]=176.0, toolType[0]=TOOL_TYPE_UNKNOWN, buttonState=0, metaState=0, flags=0x0, edgeFlags=0x0, pointerCount=1, historySize=0, eventTime=72946, downTime=72944, deviceId=0, source=0x1002 }
D/InputEventConsistencyVerifier(  356):   -- recent events --
D/InputEventConsistencyVerifier(  356):   1: sent at 72936000000, MotionEvent { action=ACTION_MOVE, id[0]=0, x[0]=386.0, y[0]=422.0, toolType[0]=TOOL_TYPE_UNKNOWN, buttonState=0, metaState=0, flags=0x0, edgeFlags=0x0, pointerCount=1, historySize=3, eventTime=72936, downTime=72923, deviceId=0, source=0x1002 }
D/InputEventConsistencyVerifier(  356):   2: sent at 72924000000, MotionEvent { action=ACTION_DOWN, id[0]=0, x[0]=425.0, y[0]=464.0, toolType[0]=TOOL_TYPE_UNKNOWN, buttonState=0, metaState=0, flags=0x0, edgeFlags=0x0, pointerCount=1, historySize=0, eventTime=72924, downTime=72923, deviceId=0, source=0x1002 }
D/InputEventConsistencyVerifier(  356):   3: sent at 72905000000, MotionEvent { action=ACTION_UP, id[0]=0, x[0]=41.0, y[0]=696.0, toolType[0]=TOOL_TYPE_UNKNOWN, buttonState=0, metaState=0, flags=0x0, edgeFlags=0x0, pointerCount=1, historySize=0, eventTime=72905, downTime=72889, deviceId=0, source=0x1002 }
D/InputEventConsistencyVerifier(  356):   4: sent at 72890000000, MotionEvent { action=ACTION_DOWN, id[0]=0, x[0]=42.0, y[0]=693.0, toolType[0]=TOOL_TYPE_UNKNOWN, buttonState=0, metaState=0, flags=0x0, edgeFlags=0x0, pointerCount=1, historySize=0, eventTime=72890, downTime=72889, deviceId=0, source=0x1002 }
D/InputEventConsistencyVerifier(  356):   5: sent at 72774000000, MotionEvent { action=ACTION_UP, id[0]=0, x[0]=47.0, y[0]=601.0, toolType[0]=TOOL_TYPE_UNKNOWN, buttonState=0, metaState=0, flags=0x0, edgeFlags=0x0, pointerCount=1, historySize=0, eventTime=72774, downTime=72748, deviceId=0, source=0x1002 }
D/InputEventConsistencyVerifier(  356): KeyEvent: ACTION_UP but key was not down.
D/InputEventConsistencyVerifier(  356):   in com.android.systemui.statusbar.phone.StatusBarWindowView@b3ded290
D/InputEventConsistencyVerifier(  356):   0: sent at 72982000000, KeyEvent { action=ACTION_UP, keyCode=KEYCODE_DPAD_DOWN, scanCode=0, metaState=0, flags=0x8, repeatCount=0, eventTime=72982, downTime=72982, deviceId=-1, source=0x101 }
D/InputEventConsistencyVerifier(  356):   -- recent events --
D/InputEventConsistencyVerifier(  356):   1: sent at 72954000000, MotionEvent { action=ACTION_UP, id[0]=0, x[0]=90.0, y[0]=143.0, toolType[0]=TOOL_TYPE_UNKNOWN, buttonState=0, metaState=0, flags=0x0, edgeFlags=0x0, pointerCount=1, historySize=0, eventTime=72954, downTime=72944, deviceId=0, source=0x1002 }
D/InputEventConsistencyVerifier(  356):   2: sent at 72953000000, MotionEvent { action=ACTION_POINTER_UP(1), id[0]=0, x[0]=86.0, y[0]=143.0, toolType[0]=TOOL_TYPE_UNKNOWN, id[1]=1, x[1]=373.0, y[1]=451.0, toolType[1]=TOOL_TYPE_UNKNOWN, buttonState=0, metaState=0, flags=0x0, edgeFlags=0x0, pointerCount=2, historySize=0, eventTime=72953, downTime=72944, deviceId=0, source=0x1002 }
D/InputEventConsistencyVerifier(  356):   3: sent at 72951000000, MotionEvent { action=ACTION_MOVE, id[0]=0, x[0]=80.0, y[0]=159.0, toolType[0]=TOOL_TYPE_UNKNOWN, id[1]=1, x[1]=380.0, y[1]=458.0, toolType[1]=TOOL_TYPE_UNKNOWN, buttonState=0, metaState=0, flags=0x0, edgeFlags=0x0, pointerCount=2, historySize=0, eventTime=72951, downTime=72944, deviceId=0, source=0x1002 }
D/InputEventConsistencyVerifier(  356):   4: sent at 72949000000, MotionEvent { action=ACTION_POINTER_DOWN(1), id[0]=0, x[0]=79.0, y[0]=171.0, toolType[0]=TOOL_TYPE_UNKNOWN, id[1]=1, x[1]=391.0, y[1]=472.0, toolType[1]=TOOL_TYPE_UNKNOWN, buttonState=0, metaState=0, flags=0x0, edgeFlags=0x0, pointerCount=2, historySize=0, eventTime=72949, downTime=72944, deviceId=0, source=0x1002 }
D/InputEventConsistencyVerifier(  356):   5: sent at 72946000000, MotionEvent { action=ACTION_DOWN, id[0]=0, x[0]=77.0, y[0]=176.0, toolType[0]=TOOL_TYPE_UNKNOWN, buttonState=0, metaState=0, flags=0x0, edgeFlags=0x0, pointerCount=1, historySize=0, eventTime=72946, downTime=72944, deviceId=0, source=0x1002 }
D/InputEventConsistencyVerifier(  356): KeyEvent: ACTION_UP but key was not down.
D/InputEventConsistencyVerifier(  356):   in android.widget.FrameLayout@b3dfd790
D/InputEventConsistencyVerifier(  356):   0: sent at 73080000000, KeyEvent { action=ACTION_UP, keyCode=KEYCODE_DPAD_DOWN, scanCode=0, metaState=0, flags=0x400, repeatCount=0, eventTime=73080, downTime=73080, deviceId=-1, source=0x101 }
D/InputEventConsistencyVerifier(  356):   -- recent events --
D/InputEventConsistencyVerifier(  356):   1: sent at 72954000000, MotionEvent { action=ACTION_UP, id[0]=0, x[0]=90.0, y[0]=143.0, toolType[0]=TOOL_TYPE_UNKNOWN, buttonState=0, metaState=0, flags=0x0, edgeFlags=0x0, pointerCount=1, historySize=0, eventTime=72954, downTime=72944, deviceId=0, source=0x1002 }
D/InputEventConsistencyVerifier(  356):   2: sent at 72953000000, MotionEvent { action=ACTION_POINTER_UP(1), id[0]=0, x[0]=86.0, y[0]=143.0, toolType[0]=TOOL_TYPE_UNKNOWN, id[1]=1, x[1]=373.0, y[1]=451.0, toolType[1]=TOOL_TYPE_UNKNOWN, buttonState=0, metaState=0, flags=0x0, edgeFlags=0x0, pointerCount=2, historySize=0, eventTime=72953, downTime=72944, deviceId=0, source=0x1002 }
D/InputEventConsistencyVerifier(  356):   3: sent at 72951000000, MotionEvent { action=ACTION_MOVE, id[0]=0, x[0]=80.0, y[0]=159.0, toolType[0]=TOOL_TYPE_UNKNOWN, id[1]=1, x[1]=380.0, y[1]=458.0, toolType[1]=TOOL_TYPE_UNKNOWN, buttonState=0, metaState=0, flags=0x0, edgeFlags=0x0, pointerCount=2, historySize=0, eventTime=72951, downTime=72944, deviceId=0, source=0x1002 }
D/InputEventConsistencyVerifier(  356):   4: sent at 72949000000, MotionEvent { action=ACTION_POINTER_DOWN(1), id[0]=0, x[0]=79.0, y[0]=171.0, toolType[0]=TOOL_TYPE_UNKNOWN, id[1]=1, x[1]=391.0, y[1]=472.0, toolType[1]=TOOL_TYPE_UNKNOWN, buttonState=0, metaState=0, flags=0x0, edgeFlags=0x0, pointerCount=2, historySize=0, eventTime=72949, downTime=72944, deviceId=0, source=0x1002 }
D/InputEventConsistencyVerifier(  356):   5: sent at 72946000000, MotionEvent { action=ACTION_DOWN, id[0]=0, x[0]=77.0, y[0]=176.0, toolType[0]=TOOL_TYPE_UNKNOWN, buttonState=0, metaState=0, flags=0x80000000, edgeFlags=0x0, pointerCount=1, historySize=0, eventTime=72946, downTime=72944, deviceId=0, source=0x1002 }
D/InputEventConsistencyVerifier(  356): TouchEvent: ACTION_DOWN but pointers are already down.  Probably missing ACTION_UP from previous gesture.
D/InputEventConsistencyVerifier(  356):   in android.view.ScaleGestureDetector@b3e8ce48
D/InputEventConsistencyVerifier(  356):   0: sent at 73173000000, MotionEvent { action=ACTION_DOWN, id[0]=0, x[0]=279.0, y[0]=172.0, toolType[0]=TOOL_TYPE_UNKNOWN, buttonState=0, metaState=0, flags=0x0, edgeFlags=0x0, pointerCount=1, historySize=0, eventTime=73173, downTime=73172, deviceId=0, source=0x1002 }
D/InputEventConsistencyVerifier(  356):   -- recent events --
D/InputEventConsistencyVerifier(  356):   1: sent at 72951000000, MotionEvent { action=ACTION_MOVE, id[0]=0, x[0]=80.0, y[0]=159.0, toolType[0]=TOOL_TYPE_UNKNOWN, id[1]=1, x[1]=380.0, y[1]=458.0, toolType[1]=TOOL_TYPE_UNKNOWN, buttonState=0, metaState=0, flags=0x0, edgeFlags=0x0, pointerCount=2, historySize=0, eventTime=72951, downTime=72944, deviceId=0, source=0x1002 }
D/InputEventConsistencyVerifier(  356):   2: sent at 72949000000, MotionEvent { action=ACTION_POINTER_DOWN(1), id[0]=0, x[0]=79.0, y[0]=171.0, toolType[0]=TOOL_TYPE_UNKNOWN, id[1]=1, x[1]=391.0, y[1]=472.0, toolType[1]=TOOL_TYPE_UNKNOWN, buttonState=0, metaState=0, flags=0x0, edgeFlags=0x0, pointerCount=2, historySize=0, eventTime=72949, downTime=72944, deviceId=0, source=0x1002 }
D/InputEventConsistencyVerifier(  356):   3: sent at 72946000000, MotionEvent { action=ACTION_DOWN, id[0]=0, x[0]=77.0, y[0]=176.0, toolType[0]=TOOL_TYPE_UNKNOWN, buttonState=0, metaState=0, flags=0x80000000, edgeFlags=0x0, pointerCount=1, historySize=0, eventTime=72946, downTime=72944, deviceId=0, source=0x1002 }
D/InputEventConsistencyVerifier(  356):   4: sent at 72936000000, MotionEvent { action=ACTION_MOVE, id[0]=0, x[0]=386.0, y[0]=422.0, toolType[0]=TOOL_TYPE_UNKNOWN, buttonState=0, metaState=0, flags=0x0, edgeFlags=0x0, pointerCount=1, historySize=3, eventTime=72936, downTime=72923, deviceId=0, source=0x1002 }
D/InputEventConsistencyVerifier(  356):   5: sent at 72924000000, MotionEvent { action=ACTION_DOWN, id[0]=0, x[0]=425.0, y[0]=464.0, toolType[0]=TOOL_TYPE_UNKNOWN, buttonState=0, metaState=0, flags=0x0, edgeFlags=0x0, pointerCount=1, historySize=0, eventTime=72924, downTime=72923, deviceId=0, source=0x1002 }
D/InputEventConsistencyVerifier(  356): KeyEvent: ACTION_UP but key was not down.
D/InputEventConsistencyVerifier(  356):   in com.android.systemui.statusbar.phone.StatusBarWindowView@b3ded290
D/InputEventConsistencyVerifier(  356):   0: sent at 73273000000, KeyEvent { action=ACTION_UP, keyCode=KEYCODE_DPAD_UP, scanCode=0, metaState=0, flags=0x400, repeatCount=0, eventTime=73273, downTime=73273, deviceId=-1, source=0x101 }
D/InputEventConsistencyVerifier(  356):   -- recent events --
D/InputEventConsistencyVerifier(  356):   1: sent at 73265000000, (unhandled) MotionEvent { action=ACTION_MOVE, id[0]=0, x[0]=0.0, y[0]=-2.0, toolType[0]=TOOL_TYPE_UNKNOWN, buttonState=0, metaState=0, flags=0x0, edgeFlags=0x0, pointerCount=1, historySize=3, eventTime=73265, downTime=-1, deviceId=0, source=0x10004 }
D/InputEventConsistencyVerifier(  356):   2: sent at 73252000000, MotionEvent { action=ACTION_UP, id[0]=0, x[0]=309.0, y[0]=674.0, toolType[0]=TOOL_TYPE_UNKNOWN, buttonState=0, metaState=0, flags=0x0, edgeFlags=0x0, pointerCount=1, historySize=0, eventTime=73252, downTime=73235, deviceId=0, source=0x1002 }
D/InputEventConsistencyVerifier(  356):   3: sent at 73239000000, MotionEvent { action=ACTION_MOVE, id[0]=0, x[0]=303.0, y[0]=678.0, toolType[0]=TOOL_TYPE_UNKNOWN, buttonState=0, metaState=0, flags=0x0, edgeFlags=0x0, pointerCount=1, historySize=0, eventTime=73239, downTime=73235, deviceId=0, source=0x1002 }
D/InputEventConsistencyVerifier(  356):   4: sent at 73235000000, MotionEvent { action=ACTION_DOWN, id[0]=0, x[0]=294.0, y[0]=682.0, toolType[0]=TOOL_TYPE_UNKNOWN, buttonState=0, metaState=0, flags=0x0, edgeFlags=0x0, pointerCount=1, historySize=0, eventTime=73235, downTime=73235, deviceId=0, source=0x1002 }
D/InputEventConsistencyVerifier(  356):   5: sent at 73219000000, MotionEvent { action=ACTION_UP, id[0]=0, x[0]=3.0, y[0]=709.0, toolType[0]=TOOL_TYPE_UNKNOWN, buttonState=0, metaState=0, flags=0x0, edgeFlags=0x0, pointerCount=1, historySize=0, eventTime=73219, downTime=73214, deviceId=0, source=0x1002 }
E/WVMExtractor(   62): Failed to open libwvm.so
W/dalvikvm(  812): DroidBox: { "FdAccess": { "path": "2f646174612f646174612f636f6d2e616e64726f69642e67616c6c65727933642f7368617265645f70726566732f636f6d2e616e64726f69642e67616c6c65727933645f707265666572656e6365732e786d6c", "id": "974050979" } }
W/DroidBox(  812): DroidBox: { "FileRW": { "operation": "write", "data": "3c3f786d6c2076657273696f6e3d27312e302720656e636f64696e673d277574662d3827207374616e64616c6f6e653d2779657327203f3e0a3c6d61703e0a3c696e74206e616d653d227061636b616765732d76657273696f6e222076616c75653d2237", "id": "974050979" } }
D/InputEventConsistencyVerifier(  356): KeyEvent: ACTION_UP but key was not down.
D/InputEventConsistencyVerifier(  356):   in android.widget.FrameLayout@b3dfd790
D/InputEventConsistencyVerifier(  356):   0: sent at 73486000000, KeyEvent { action=ACTION_UP, keyCode=KEYCODE_DPAD_DOWN, scanCode=0, metaState=0, flags=0x8, repeatCount=0, eventTime=73486, downTime=73486, deviceId=-1, source=0x101 }
D/InputEventConsistencyVerifier(  356):   -- recent events --
D/InputEventConsistencyVerifier(  356):   1: sent at 73252000000, MotionEvent { action=ACTION_UP, id[0]=0, x[0]=309.0, y[0]=674.0, toolType[0]=TOOL_TYPE_UNKNOWN, buttonState=0, metaState=0, flags=0x0, edgeFlags=0x0, pointerCount=1, historySize=0, eventTime=73252, downTime=73235, deviceId=0, source=0x1002 }
D/InputEventConsistencyVerifier(  356):   2: sent at 73239000000, MotionEvent { action=ACTION_MOVE, id[0]=0, x[0]=303.0, y[0]=678.0, toolType[0]=TOOL_TYPE_UNKNOWN, buttonState=0, metaState=0, flags=0x0, edgeFlags=0x0, pointerCount=1, historySize=0, eventTime=73239, downTime=73235, deviceId=0, source=0x1002 }
D/InputEventConsistencyVerifier(  356):   3: sent at 73235000000, MotionEvent { action=ACTION_DOWN, id[0]=0, x[0]=294.0, y[0]=682.0, toolType[0]=TOOL_TYPE_UNKNOWN, buttonState=0, metaState=0, flags=0x0, edgeFlags=0x0, pointerCount=1, historySize=0, eventTime=73235, downTime=73235, deviceId=0, source=0x1002 }
D/InputEventConsistencyVerifier(  356):   4: sent at 73219000000, MotionEvent { action=ACTION_UP, id[0]=0, x[0]=3.0, y[0]=709.0, toolType[0]=TOOL_TYPE_UNKNOWN, buttonState=0, metaState=0, flags=0x0, edgeFlags=0x0, pointerCount=1, historySize=0, eventTime=73219, downTime=73214, deviceId=0, source=0x1002 }
D/InputEventConsistencyVerifier(  356):   5: sent at 73214000000, MotionEvent { action=ACTION_DOWN, id[0]=0, x[0]=0.0, y[0]=719.0, toolType[0]=TOOL_TYPE_UNKNOWN, buttonState=0, metaState=0, flags=0x0, edgeFlags=0x0, pointerCount=1, historySize=0, eventTime=73214, downTime=73214, deviceId=0, source=0x1002 }
D/InputEventConsistencyVerifier(  356): KeyEvent: ACTION_UP but key was not down.
D/InputEventConsistencyVerifier(  356):   in com.android.systemui.statusbar.phone.PhoneStatusBarView@b3def228
D/InputEventConsistencyVerifier(  356):   0: sent at 73512000000, KeyEvent { action=ACTION_UP, keyCode=KEYCODE_DPAD_UP, scanCode=0, metaState=0, flags=0x8, repeatCount=0, eventTime=73512, downTime=73512, deviceId=-1, source=0x101 }
D/InputEventConsistencyVerifier(  356):   -- recent events --
D/InputEventConsistencyVerifier(  356):   1: sent at 73484000000, (unhandled) KeyEvent { action=ACTION_DOWN, keyCode=KEYCODE_DPAD_DOWN, scanCode=0, metaState=0, flags=0x8, repeatCount=0, eventTime=73484, downTime=73484, deviceId=-1, source=0x101 }
D/InputEventConsistencyVerifier(  356):   2: sent at 73479000000, (unhandled) KeyEvent { action=ACTION_UP, keyCode=KEYCODE_KANA, scanCode=0, metaState=0, flags=0x8, repeatCount=0, eventTime=73479, downTime=73479, deviceId=-1, source=0x101 }
D/InputEventConsistencyVerifier(  356):   3: sent at 73419000000, (unhandled) KeyEvent { action=ACTION_DOWN, keyCode=KEYCODE_KANA, scanCode=0, metaState=0, flags=0x8, repeatCount=0, eventTime=73419, downTime=73419, deviceId=-1, source=0x101 }
D/InputEventConsistencyVerifier(  356):   4: sent at 73476000000, (unhandled) KeyEvent { action=ACTION_MULTIPLE, keyCode=KEYCODE_DPAD_RIGHT, scanCode=0, metaState=0, flags=0x400, repeatCount=4, eventTime=73476, downTime=73476, deviceId=-1, source=0x101 }
D/InputEventConsistencyVerifier(  356):   5: sent at 73416000000, (unhandled) MotionEvent { action=ACTION_MOVE, id[0]=0, x[0]=1.0, y[0]=0.0, toolType[0]=TOOL_TYPE_UNKNOWN, buttonState=0, metaState=0, flags=0x0, edgeFlags=0x0, pointerCount=1, historySize=6, eventTime=73416, downTime=-1, deviceId=0, source=0x10004 }
D/InputEventConsistencyVerifier(  356): KeyEvent: ACTION_UP but key was not down.
D/InputEventConsistencyVerifier(  356):   in com.android.systemui.statusbar.phone.StatusBarWindowView@b3ded290
D/InputEventConsistencyVerifier(  356):   0: sent at 73580000000, KeyEvent { action=ACTION_UP, keyCode=KEYCODE_DPAD_RIGHT, scanCode=0, metaState=0, flags=0x8, repeatCount=0, eventTime=73580, downTime=73580, deviceId=-1, source=0x101 }
D/InputEventConsistencyVerifier(  356):   -- recent events --
D/InputEventConsistencyVerifier(  356):   1: sent at 73538000000, MotionEvent { action=ACTION_UP, id[0]=0, x[0]=35.0, y[0]=3.0, toolType[0]=TOOL_TYPE_UNKNOWN, buttonState=0, metaState=0, flags=0x0, edgeFlags=0x0, pointerCount=1, historySize=0, eventTime=73538, downTime=73533, deviceId=0, source=0x1002 }
D/InputEventConsistencyVerifier(  356):   2: sent at 73533000000, MotionEvent { action=ACTION_DOWN, id[0]=0, x[0]=40.0, y[0]=6.0, toolType[0]=TOOL_TYPE_UNKNOWN, buttonState=0, metaState=0, flags=0x0, edgeFlags=0x0, pointerCount=1, historySize=0, eventTime=73533, downTime=73533, deviceId=0, source=0x1002 }
D/InputEventConsistencyVerifier(  356):   3: sent at 73512000000, (unhandled) KeyEvent { action=ACTION_UP, keyCode=KEYCODE_DPAD_UP, scanCode=0, metaState=0, flags=0x8, repeatCount=0, eventTime=73512, downTime=73512, deviceId=-1, source=0x101 }
D/InputEventConsistencyVerifier(  356):   4: sent at 73506000000, (unhandled) KeyEvent { action=ACTION_DOWN, keyCode=KEYCODE_DPAD_UP, scanCode=0, metaState=0, flags=0x8, repeatCount=0, eventTime=73506, downTime=73506, deviceId=-1, source=0x101 }
D/InputEventConsistencyVerifier(  356):   5: sent at 73503000000, (unhandled) KeyEvent { action=ACTION_UP, keyCode=KEYCODE_MENU, scanCode=0, metaState=0, flags=0x8, repeatCount=0, eventTime=73503, downTime=73503, deviceId=-1, source=0x101 }
D/InputEventConsistencyVerifier(  356): KeyEvent: ACTION_UP but key was not down.
D/InputEventConsistencyVerifier(  356):   in com.android.systemui.statusbar.phone.StatusBarWindowView@b3ded290
D/InputEventConsistencyVerifier(  356):   0: sent at 73727000000, KeyEvent { action=ACTION_UP, keyCode=KEYCODE_DPAD_DOWN, scanCode=0, metaState=0, flags=0x8, repeatCount=0, eventTime=73727, downTime=73727, deviceId=-1, source=0x101 }
D/InputEventConsistencyVerifier(  356):   -- recent events --
D/InputEventConsistencyVerifier(  356):   1: sent at 73698000000, MotionEvent { action=ACTION_UP, id[0]=0, x[0]=149.0, y[0]=281.0, toolType[0]=TOOL_TYPE_UNKNOWN, buttonState=0, metaState=0, flags=0x0, edgeFlags=0x0, pointerCount=1, historySize=0, eventTime=73698, downTime=73660, deviceId=0, source=0x1002 }
D/InputEventConsistencyVerifier(  356):   2: sent at 73696000000, MotionEvent { action=ACTION_MOVE, id[0]=0, x[0]=155.0, y[0]=268.0, toolType[0]=TOOL_TYPE_UNKNOWN, buttonState=0, metaState=0, flags=0x0, edgeFlags=0x0, pointerCount=1, historySize=1, eventTime=73696, downTime=73660, deviceId=0, source=0x1002 }
D/InputEventConsistencyVerifier(  356):   3: sent at 73668500000, MotionEvent { action=ACTION_MOVE, id[0]=0, x[0]=164.0, y[0]=262.5, toolType[0]=TOOL_TYPE_UNKNOWN, buttonState=0, metaState=0, flags=0x0, edgeFlags=0x0, pointerCount=1, historySize=1, eventTime=73668, downTime=73660, deviceId=0, source=0x1002 }
D/InputEventConsistencyVerifier(  356):   4: sent at 73661000000, MotionEvent { action=ACTION_DOWN, id[0]=0, x[0]=173.0, y[0]=252.0, toolType[0]=TOOL_TYPE_UNKNOWN, buttonState=0, metaState=0, flags=0x0, edgeFlags=0x0, pointerCount=1, historySize=0, eventTime=73661, downTime=73660, deviceId=0, source=0x1002 }
D/InputEventConsistencyVerifier(  356):   5: sent at 73646000000, (unhandled) KeyEvent { action=ACTION_UP, keyCode=KEYCODE_MENU, scanCode=0, metaState=0, flags=0x8, repeatCount=0, eventTime=73646, downTime=73646, deviceId=-1, source=0x101 }
D/InputEventConsistencyVerifier(  356): TouchEvent: ACTION_DOWN but pointers are already down.  Probably missing ACTION_UP from previous gesture.
D/InputEventConsistencyVerifier(  356):   in android.view.ScaleGestureDetector@b3e8ce48
D/InputEventConsistencyVerifier(  356):   0: sent at 73732000000, MotionEvent { action=ACTION_DOWN, id[0]=0, x[0]=363.0, y[0]=329.0, toolType[0]=TOOL_TYPE_UNKNOWN, buttonState=0, metaState=0, flags=0x0, edgeFlags=0x0, pointerCount=1, historySize=0, eventTime=73732, downTime=73732, deviceId=0, source=0x1002 }
D/InputEventConsistencyVerifier(  356):   -- recent events --
D/InputEventConsistencyVerifier(  356):   1: sent at 73696000000, MotionEvent { action=ACTION_MOVE, id[0]=0, x[0]=155.0, y[0]=268.0, toolType[0]=TOOL_TYPE_UNKNOWN, buttonState=0, metaState=0, flags=0x0, edgeFlags=0x0, pointerCount=1, historySize=1, eventTime=73696, downTime=73660, deviceId=0, source=0x1002 }
D/InputEventConsistencyVerifier(  356):   2: sent at 73668500000, MotionEvent { action=ACTION_MOVE, id[0]=0, x[0]=164.0, y[0]=262.5, toolType[0]=TOOL_TYPE_UNKNOWN, buttonState=0, metaState=0, flags=0x0, edgeFlags=0x0, pointerCount=1, historySize=1, eventTime=73668, downTime=73660, deviceId=0, source=0x1002 }
D/InputEventConsistencyVerifier(  356):   3: sent at 73661000000, MotionEvent { action=ACTION_DOWN, id[0]=0, x[0]=173.0, y[0]=252.0, toolType[0]=TOOL_TYPE_UNKNOWN, buttonState=0, metaState=0, flags=0x0, edgeFlags=0x0, pointerCount=1, historySize=0, eventTime=73661, downTime=73660, deviceId=0, source=0x1002 }
D/InputEventConsistencyVerifier(  356):   4: sent at 73538000000, MotionEvent { action=ACTION_UP, id[0]=0, x[0]=35.0, y[0]=3.0, toolType[0]=TOOL_TYPE_UNKNOWN, buttonState=0, metaState=0, flags=0x0, edgeFlags=0x0, pointerCount=1, historySize=0, eventTime=73538, downTime=73533, deviceId=0, source=0x1002 }
D/InputEventConsistencyVerifier(  356):   5: sent at 73533000000, MotionEvent { action=ACTION_DOWN, id[0]=0, x[0]=40.0, y[0]=6.0, toolType[0]=TOOL_TYPE_UNKNOWN, buttonState=0, metaState=0, flags=0x0, edgeFlags=0x0, pointerCount=1, historySize=0, eventTime=73533, downTime=73533, deviceId=0, source=0x1002 }
D/InputEventConsistencyVerifier(  356): KeyEvent: ACTION_UP but key was not down.
D/InputEventConsistencyVerifier(  356):   in com.android.systemui.statusbar.phone.StatusBarWindowView@b3ded290
D/InputEventConsistencyVerifier(  356):   0: sent at 73803000000, KeyEvent { action=ACTION_UP, keyCode=KEYCODE_DPAD_LEFT, scanCode=0, metaState=0, flags=0x8, repeatCount=0, eventTime=73803, downTime=73803, deviceId=-1, source=0x101 }
D/InputEventConsistencyVerifier(  356):   -- recent events --
D/InputEventConsistencyVerifier(  356):   1: sent at 73767000000, MotionEvent { action=ACTION_UP, id[0]=0, x[0]=20.0, y[0]=41.0, toolType[0]=TOOL_TYPE_UNKNOWN, buttonState=0, metaState=0, flags=0x0, edgeFlags=0x0, pointerCount=1, historySize=0, eventTime=73767, downTime=73761, deviceId=0, source=0x1002 }
D/InputEventConsistencyVerifier(  356):   2: sent at 73761000000, MotionEvent { action=ACTION_DOWN, id[0]=0, x[0]=29.0, y[0]=40.0, toolType[0]=TOOL_TYPE_UNKNOWN, buttonState=0, metaState=0, flags=0x0, edgeFlags=0x0, pointerCount=1, historySize=0, eventTime=73761, downTime=73761, deviceId=0, source=0x1002 }
D/InputEventConsistencyVerifier(  356):   3: sent at 73746000000, MotionEvent { action=ACTION_UP, id[0]=0, x[0]=467.0, y[0]=508.0, toolType[0]=TOOL_TYPE_UNKNOWN, buttonState=0, metaState=0, flags=0x0, edgeFlags=0x0, pointerCount=1, historySize=0, eventTime=73746, downTime=73742, deviceId=0, source=0x1002 }
D/InputEventConsistencyVerifier(  356):   4: sent at 73742000000, MotionEvent { action=ACTION_DOWN, id[0]=0, x[0]=455.0, y[0]=512.0, toolType[0]=TOOL_TYPE_UNKNOWN, buttonState=0, metaState=0, flags=0x0, edgeFlags=0x0, pointerCount=1, historySize=0, eventTime=73742, downTime=73742, deviceId=0, source=0x1002 }
D/InputEventConsistencyVerifier(  356):   5: sent at 73736000000, MotionEvent { action=ACTION_UP, id[0]=0, x[0]=362.0, y[0]=329.0, toolType[0]=TOOL_TYPE_UNKNOWN, buttonState=0, metaState=0, flags=0x0, edgeFlags=0x0, pointerCount=1, historySize=0, eventTime=73736, downTime=73732, deviceId=0, source=0x1002 }
D/InputEventConsistencyVerifier(  356): KeyEvent: ACTION_UP but key was not down.
D/InputEventConsistencyVerifier(  356):   in android.widget.FrameLayout@b3dfd790
D/InputEventConsistencyVerifier(  356):   0: sent at 73889000000, KeyEvent { action=ACTION_UP, keyCode=KEYCODE_DPAD_DOWN, scanCode=0, metaState=0, flags=0x8, repeatCount=0, eventTime=73889, downTime=73889, deviceId=-1, source=0x101 }
D/InputEventConsistencyVerifier(  356):   -- recent events --
D/InputEventConsistencyVerifier(  356):   1: sent at 73767000000, MotionEvent { action=ACTION_UP, id[0]=0, x[0]=20.0, y[0]=41.0, toolType[0]=TOOL_TYPE_UNKNOWN, buttonState=0, metaState=0, flags=0x0, edgeFlags=0x0, pointerCount=1, historySize=0, eventTime=73767, downTime=73761, deviceId=0, source=0x1002 }
D/InputEventConsistencyVerifier(  356):   2: sent at 73761000000, MotionEvent { action=ACTION_DOWN, id[0]=0, x[0]=29.0, y[0]=40.0, toolType[0]=TOOL_TYPE_UNKNOWN, buttonState=0, metaState=0, flags=0x0, edgeFlags=0x0, pointerCount=1, historySize=0, eventTime=73761, downTime=73761, deviceId=0, source=0x1002 }
D/InputEventConsistencyVerifier(  356):   3: sent at 73746000000, MotionEvent { action=ACTION_UP, id[0]=0, x[0]=467.0, y[0]=508.0, toolType[0]=TOOL_TYPE_UNKNOWN, buttonState=0, metaState=0, flags=0x0, edgeFlags=0x0, pointerCount=1, historySize=0, eventTime=73746, downTime=73742, deviceId=0, source=0x1002 }
D/InputEventConsistencyVerifier(  356):   4: sent at 73742000000, MotionEvent { action=ACTION_DOWN, id[0]=0, x[0]=455.0, y[0]=512.0, toolType[0]=TOOL_TYPE_UNKNOWN, buttonState=0, metaState=0, flags=0x0, edgeFlags=0x0, pointerCount=1, historySize=0, eventTime=73742, downTime=73742, deviceId=0, source=0x1002 }
D/InputEventConsistencyVerifier(  356):   5: sent at 73736000000, MotionEvent { action=ACTION_UP, id[0]=0, x[0]=362.0, y[0]=329.0, toolType[0]=TOOL_TYPE_UNKNOWN, buttonState=0, metaState=0, flags=0x0, edgeFlags=0x0, pointerCount=1, historySize=0, eventTime=73736, downTime=73732, deviceId=0, source=0x1002 }
D/InputEventConsistencyVerifier(  356): KeyEvent: ACTION_UP but key was not down.
D/InputEventConsistencyVerifier(  356):   in com.android.systemui.statusbar.phone.PhoneStatusBarView@b3def228
D/InputEventConsistencyVerifier(  356):   0: sent at 73946000000, KeyEvent { action=ACTION_UP, keyCode=KEYCODE_DPAD_UP, scanCode=0, metaState=0, flags=0x8, repeatCount=0, eventTime=73946, downTime=73946, deviceId=-1, source=0x101 }
D/InputEventConsistencyVerifier(  356):   -- recent events --
D/InputEventConsistencyVerifier(  356):   1: sent at 73886000000, (unhandled) KeyEvent { action=ACTION_DOWN, keyCode=KEYCODE_DPAD_DOWN, scanCode=0, metaState=0, flags=0x8, repeatCount=0, eventTime=73886, downTime=73886, deviceId=-1, source=0x101 }
D/InputEventConsistencyVerifier(  356):   2: sent at 73882000000, (unhandled) KeyEvent { action=ACTION_UP, keyCode=KEYCODE_DPAD_CENTER, scanCode=0, metaState=0, flags=0x8, repeatCount=0, eventTime=73882, downTime=73882, deviceId=-1, source=0x101 }
D/InputEventConsistencyVerifier(  356):   3: sent at 73879000000, (unhandled) KeyEvent { action=ACTION_DOWN, keyCode=KEYCODE_DPAD_CENTER, scanCode=0, metaState=0, flags=0x8, repeatCount=0, eventTime=73879, downTime=73879, deviceId=-1, source=0x101 }
D/InputEventConsistencyVerifier(  356):   4: sent at 73875000000, (unhandled) KeyEvent { action=ACTION_UP, keyCode=KEYCODE_MENU, scanCode=0, metaState=0, flags=0x8, repeatCount=0, eventTime=73875, downTime=73875, deviceId=-1, source=0x101 }
D/InputEventConsistencyVerifier(  356):   5: sent at 73848000000, (unhandled) KeyEvent { action=ACTION_DOWN, keyCode=KEYCODE_MENU, scanCode=0, metaState=0, flags=0x8, repeatCount=0, eventTime=73848, downTime=73848, deviceId=-1, source=0x101 }
D/InputEventConsistencyVerifier(  356): KeyEvent: ACTION_UP but key was not down.
D/InputEventConsistencyVerifier(  356):   in com.android.systemui.statusbar.phone.StatusBarWindowView@b3ded290
D/InputEventConsistencyVerifier(  356):   0: sent at 74052000000, KeyEvent { action=ACTION_UP, keyCode=KEYCODE_DPAD_RIGHT, scanCode=0, metaState=0, flags=0x8, repeatCount=0, eventTime=74052, downTime=74052, deviceId=-1, source=0x101 }
D/InputEventConsistencyVerifier(  356):   -- recent events --
D/InputEventConsistencyVerifier(  356):   1: sent at 74028000000, (unhandled) KeyEvent { action=ACTION_UP, keyCode=KEYCODE_MENU, scanCode=0, metaState=0, flags=0x8, repeatCount=0, eventTime=74028, downTime=74028, deviceId=-1, source=0x101 }
D/InputEventConsistencyVerifier(  356):   2: sent at 74015000000, (unhandled) KeyEvent { action=ACTION_DOWN, keyCode=KEYCODE_MENU, scanCode=0, metaState=0, flags=0x8, repeatCount=0, eventTime=74015, downTime=74015, deviceId=-1, source=0x101 }
D/InputEventConsistencyVerifier(  356):   3: sent at 74000000000, MotionEvent { action=ACTION_UP, id[0]=0, x[0]=61.0, y[0]=710.0, toolType[0]=TOOL_TYPE_UNKNOWN, buttonState=0, metaState=0, flags=0x0, edgeFlags=0x0, pointerCount=1, historySize=0, eventTime=74000, downTime=73995, deviceId=0, source=0x1002 }
D/InputEventConsistencyVerifier(  356):   4: sent at 73996000000, MotionEvent { action=ACTION_DOWN, id[0]=0, x[0]=48.0, y[0]=718.0, toolType[0]=TOOL_TYPE_UNKNOWN, buttonState=0, metaState=0, flags=0x0, edgeFlags=0x0, pointerCount=1, historySize=0, eventTime=73996, downTime=73995, deviceId=0, source=0x1002 }
D/InputEventConsistencyVerifier(  356):   5: sent at 73967000000, MotionEvent { action=ACTION_UP, id[0]=0, x[0]=49.0, y[0]=74.0, toolType[0]=TOOL_TYPE_UNKNOWN, buttonState=0, metaState=0, flags=0x0, edgeFlags=0x0, pointerCount=1, historySize=0, eventTime=73967, downTime=73962, deviceId=0, source=0x1002 }
D/InputEventConsistencyVerifier(  356): KeyEvent: ACTION_UP but key was not down.
D/InputEventConsistencyVerifier(  356):   in com.android.systemui.statusbar.phone.StatusBarWindowView@b3ded290
D/InputEventConsistencyVerifier(  356):   0: sent at 74108000000, KeyEvent { action=ACTION_UP, keyCode=KEYCODE_DPAD_DOWN, scanCode=0, metaState=0, flags=0x8, repeatCount=0, eventTime=74108, downTime=74108, deviceId=-1, source=0x101 }
D/InputEventConsistencyVerifier(  356):   -- recent events --
D/InputEventConsistencyVerifier(  356):   1: sent at 74092000000, MotionEvent { action=ACTION_UP, id[0]=0, x[0]=170.0, y[0]=703.0, toolType[0]=TOOL_TYPE_UNKNOWN, buttonState=0, metaState=0, flags=0x0, edgeFlags=0x0, pointerCount=1, historySize=0, eventTime=74092, downTime=74067, deviceId=0, source=0x1002 }
D/InputEventConsistencyVerifier(  356):   2: sent at 74091000000, MotionEvent { action=ACTION_MOVE, id[0]=0, x[0]=177.0, y[0]=704.0, toolType[0]=TOOL_TYPE_UNKNOWN, buttonState=0, metaState=0, flags=0x0, edgeFlags=0x0, pointerCount=1, historySize=0, eventTime=74091, downTime=74067, deviceId=0, source=0x1002 }
D/InputEventConsistencyVerifier(  356):   3: sent at 74079000000, MotionEvent { action=ACTION_MOVE, id[0]=0, x[0]=178.0, y[0]=704.0, toolType[0]=TOOL_TYPE_UNKNOWN, buttonState=0, metaState=0, flags=0x0, edgeFlags=0x0, pointerCount=1, historySize=4, eventTime=74079, downTime=74067, deviceId=0, source=0x1002 }
D/InputEventConsistencyVerifier(  356):   4: sent at 74068000000, MotionEvent { action=ACTION_DOWN, id[0]=0, x[0]=194.0, y[0]=707.0, toolType[0]=TOOL_TYPE_UNKNOWN, buttonState=0, metaState=0, flags=0x0, edgeFlags=0x0, pointerCount=1, historySize=0, eventTime=74068, downTime=74067, deviceId=0, source=0x1002 }
D/InputEventConsistencyVerifier(  356):   5: sent at 74062000000, (unhandled) KeyEvent { action=ACTION_UP, keyCode=KEYCODE_DPAD_CENTER, scanCode=0, metaState=0, flags=0x8, repeatCount=0, eventTime=74062, downTime=74062, deviceId=-1, source=0x101 }
D/InputEventConsistencyVerifier(  356): KeyEvent: ACTION_UP but key was not down.
D/InputEventConsistencyVerifier(  356):   in com.android.systemui.statusbar.phone.StatusBarWindowView@b3ded290
D/InputEventConsistencyVerifier(  356):   0: sent at 74190000000, KeyEvent { action=ACTION_UP, keyCode=KEYCODE_DPAD_RIGHT, scanCode=0, metaState=0, flags=0x400, repeatCount=0, eventTime=74190, downTime=74190, deviceId=-1, source=0x101 }
D/InputEventConsistencyVerifier(  356):   -- recent events --
D/InputEventConsistencyVerifier(  356):   1: sent at 74179000000, (unhandled) MotionEvent { action=ACTION_MOVE, id[0]=0, x[0]=2.0, y[0]=0.0, toolType[0]=TOOL_TYPE_UNKNOWN, buttonState=0, metaState=0, flags=0x0, edgeFlags=0x0, pointerCount=1, historySize=1, eventTime=74179, downTime=-1, deviceId=0, source=0x10004 }
D/InputEventConsistencyVerifier(  356):   2: sent at 74159000000, MotionEvent { action=ACTION_UP, id[0]=0, x[0]=395.0, y[0]=374.0, toolType[0]=TOOL_TYPE_UNKNOWN, buttonState=0, metaState=0, flags=0x0, edgeFlags=0x0, pointerCount=1, historySize=0, eventTime=74159, downTime=74130, deviceId=0, source=0x1002 }
D/InputEventConsistencyVerifier(  356):   3: sent at 74154000000, MotionEvent { action=ACTION_DOWN, id[0]=0, x[0]=395.0, y[0]=374.0, toolType[0]=TOOL_TYPE_UNKNOWN, buttonState=0, metaState=0, flags=0x0, edgeFlags=0x0, pointerCount=1, historySize=0, eventTime=74154, downTime=74130, deviceId=0, source=0x1002 }
D/InputEventConsistencyVerifier(  356):   4: sent at 74108000000, (unhandled) KeyEvent { action=ACTION_UP, keyCode=KEYCODE_DPAD_DOWN, scanCode=0, metaState=0, flags=0x80000008, repeatCount=0, eventTime=74108, downTime=74108, deviceId=-1, source=0x101 }
D/InputEventConsistencyVerifier(  356):   5: sent at 74092000000, MotionEvent { action=ACTION_UP, id[0]=0, x[0]=170.0, y[0]=703.0, toolType[0]=TOOL_TYPE_UNKNOWN, buttonState=0, metaState=0, flags=0x0, edgeFlags=0x0, pointerCount=1, historySize=0, eventTime=74092, downTime=74067, deviceId=0, source=0x1002 }
I/ActivityManager(  222): START {act=android.intent.action.CALL_BUTTON flg=0x10000000 cmp=com.android.contacts/.activities.DialtactsActivity u=0} from pid 356
W/dalvikvm(  356): DroidBox: { "FdAccess": { "path": "2f70726f632f6d656d696e666f", "id": "8367071" } }
W/DroidBox(  356): DroidBox: { "FileRW": { "operation": "read", "data": "4d656d546f74616c3a202020202020202020373438393634206b420a4d656d467265653a20202020202020202020343433373838206b420a427566666572733a20202020202020202020202035333430206b420a4361636865643a202020202020202020", "id": "8367071" } }
W/dalvikvm(  356): DroidBox: { "FdAccess": { "path": "2f70726f632f6d656d696e666f", "id": "1233434832" } }
W/DroidBox(  356): DroidBox: { "FileRW": { "operation": "read", "data": "4d656d546f74616c3a202020202020202020373438393634206b420a4d656d467265653a20202020202020202020343433363634206b420a427566666572733a20202020202020202020202035333430206b420a4361636865643a202020202020202020", "id": "1233434832" } }
W/dalvikvm(  356): DroidBox: { "FdAccess": { "path": "2f70726f632f6d656d696e666f", "id": "705740295" } }
W/DroidBox(  356): DroidBox: { "FileRW": { "operation": "read", "data": "4d656d546f74616c3a202020202020202020373438393634206b420a4d656d467265653a20202020202020202020343433393132206b420a427566666572733a20202020202020202020202035333430206b420a4361636865643a202020202020202020", "id": "705740295" } }
I/ActivityManager(  222): Start proc com.android.music for broadcast com.android.music/.MediaButtonIntentReceiver: pid=1029 uid=10024 gids={3003, 1015, 1028}
I/Choreographer(  356): Skipped 64 frames!  The application may be doing too much work on its main thread.
W/dalvikvm(  356): DroidBox: { "FdAccess": { "path": "2f70726f632f6d656d696e666f", "id": "1287418957" } }
W/DroidBox(  356): DroidBox: { "FileRW": { "operation": "read", "data": "4d656d546f74616c3a202020202020202020373438393634206b420a4d656d467265653a20202020202020202020343433373634206b420a427566666572733a20202020202020202020202035333430206b420a4361636865643a202020202020202020", "id": "1287418957" } }
D/InputEventConsistencyVerifier(  356): TouchEvent: ACTION_DOWN but pointers are already down.  Probably missing ACTION_UP from previous gesture.
D/InputEventConsistencyVerifier(  356):   in android.view.ScaleGestureDetector@b3e8ce48
D/InputEventConsistencyVerifier(  356):   0: sent at 74833000000, MotionEvent { action=ACTION_DOWN, id[0]=0, x[0]=214.0, y[0]=671.0, toolType[0]=TOOL_TYPE_UNKNOWN, buttonState=0, metaState=0, flags=0x0, edgeFlags=0x0, pointerCount=1, historySize=0, eventTime=74833, downTime=74832, deviceId=0, source=0x1002 }
D/InputEventConsistencyVerifier(  356):   -- recent events --
D/InputEventConsistencyVerifier(  356):   1: sent at 74678000000, MotionEvent { action=ACTION_DOWN, id[0]=0, x[0]=62.0, y[0]=722.0, toolType[0]=TOOL_TYPE_UNKNOWN, buttonState=0, metaState=0, flags=0x0, edgeFlags=0x0, pointerCount=1, historySize=0, eventTime=74678, downTime=74677, deviceId=0, source=0x1002 }
D/InputEventConsistencyVerifier(  356):   2: sent at 74251000000, MotionEvent { action=ACTION_UP, id[0]=0, x[0]=134.0, y[0]=130.0, toolType[0]=TOOL_TYPE_UNKNOWN, buttonState=0, metaState=0, flags=0x0, edgeFlags=0x0, pointerCount=1, historySize=0, eventTime=74251, downTime=74247, deviceId=0, source=0x1002 }
D/InputEventConsistencyVerifier(  356):   3: sent at 74247000000, MotionEvent { action=ACTION_DOWN, id[0]=0, x[0]=132.0, y[0]=148.0, toolType[0]=TOOL_TYPE_UNKNOWN, buttonState=0, metaState=0, flags=0x0, edgeFlags=0x0, pointerCount=1, historySize=0, eventTime=74247, downTime=74247, deviceId=0, source=0x1002 }
D/InputEventConsistencyVerifier(  356):   4: sent at 74218000000, MotionEvent { action=ACTION_UP, id[0]=0, x[0]=218.0, y[0]=606.0, toolType[0]=TOOL_TYPE_UNKNOWN, buttonState=0, metaState=0, flags=0x0, edgeFlags=0x0, pointerCount=1, historySize=0, eventTime=74218, downTime=74215, deviceId=0, source=0x1002 }
D/InputEventConsistencyVerifier(  356):   5: sent at 74215000000, MotionEvent { action=ACTION_DOWN, id[0]=0, x[0]=208.0, y[0]=606.0, toolType[0]=TOOL_TYPE_UNKNOWN, buttonState=0, metaState=0, flags=0x0, edgeFlags=0x0, pointerCount=1, historySize=0, eventTime=74215, downTime=74215, deviceId=0, source=0x1002 }
D/PhoneStatusBar(  356): disable: < expand icons alerts ticker* system_info back home recent clock >
W/InputMethodManagerService(  222): Window already focused, ignoring focus gain of: com.android.internal.view.IInputMethodClient$Stub$Proxy@b408d718 attribute=android.view.inputmethod.EditorInfo@b403cf08
E/Trace   ( 1029): error opening trace file: No such file or directory (2)
D/InputEventConsistencyVerifier(  955): KeyEvent: ACTION_UP but key was not down.
D/InputEventConsistencyVerifier(  955):   in com.android.internal.policy.impl.PhoneWindow$DecorView@b3dbbf28
D/InputEventConsistencyVerifier(  955):   0: sent at 75132000000, KeyEvent { action=ACTION_UP, keyCode=KEYCODE_DPAD_UP, scanCode=0, metaState=0, flags=0x8, repeatCount=0, eventTime=75132, downTime=75132, deviceId=-1, source=0x101 }
D/InputEventConsistencyVerifier(  955):   -- recent events --
D/InputEventConsistencyVerifier(  955):   1: sent at 74994000000, (unhandled) KeyEvent { action=ACTION_UP, keyCode=KEYCODE_H, scanCode=0, metaState=0, flags=0x8, repeatCount=0, eventTime=74994, downTime=74994, deviceId=-1, source=0x101 }
D/InputEventConsistencyVerifier(  955):   2: sent at 74945000000, (unhandled) KeyEvent { action=ACTION_DOWN, keyCode=KEYCODE_H, scanCode=0, metaState=0, flags=0x8, repeatCount=0, eventTime=74945, downTime=74945, deviceId=-1, source=0x101 }
D/InputEventConsistencyVerifier(  955):   3: sent at 70763000000, (unhandled) KeyEvent { action=ACTION_UP, keyCode=KEYCODE_DPAD_UP, scanCode=0, metaState=0, flags=0x400, repeatCount=0, eventTime=70763, downTime=70763, deviceId=-1, source=0x101 }
D/InputEventConsistencyVerifier(  955):   4: sent at 70763000000, (unhandled) KeyEvent { action=ACTION_DOWN, keyCode=KEYCODE_DPAD_UP, scanCode=0, metaState=0, flags=0x400, repeatCount=0, eventTime=70763, downTime=70763, deviceId=-1, source=0x101 }
D/InputEventConsistencyVerifier(  955):   5: sent at 70762000000, (unhandled) KeyEvent { action=ACTION_UP, keyCode=KEYCODE_DPAD_UP, scanCode=0, metaState=0, flags=0x400, repeatCount=0, eventTime=70762, downTime=70762, deviceId=-1, source=0x101 }
W/DroidBox( 1029): DroidBox: { "DexClassLoader": { "path": "/system/app/Music.apk" } }
I/ActivityManager(  222): START {act=android.intent.action.CALL_BUTTON flg=0x10000000 cmp=com.android.contacts/.activities.DialtactsActivity u=0} from pid 955
W/DroidBox( 1029): DroidBox: { "ServiceStart": { "name": "com.android.music.MediaPlaybackService" } }
W/DroidBox( 1029): DroidBox: { "ServiceStart": { "name": "com.android.music.MediaPlaybackService" } }
E/WVMExtractor(   62): Failed to open libwvm.so
D/InputEventConsistencyVerifier(  955): KeyEvent: ACTION_UP but key was not down.
D/InputEventConsistencyVerifier(  955):   in com.android.internal.policy.impl.PhoneWindow$DecorView@b3dbbf28
D/InputEventConsistencyVerifier(  955):   0: sent at 75664000000, KeyEvent { action=ACTION_UP, keyCode=KEYCODE_DPAD_LEFT, scanCode=0, metaState=0, flags=0x8, repeatCount=0, eventTime=75664, downTime=75664, deviceId=-1, source=0x101 }
D/InputEventConsistencyVerifier(  955):   -- recent events --
D/InputEventConsistencyVerifier(  955):   1: sent at 75500000000, (unhandled) KeyEvent { action=ACTION_UP, keyCode=KEYCODE_CALL, scanCode=0, metaState=0, flags=0x8, repeatCount=0, eventTime=75500, downTime=75500, deviceId=-1, source=0x101 }
