D/InputEventConsistencyVerifier(  360): TouchEvent: ACTION_DOWN but pointers are already down.  Probably missing ACTION_UP from previous gesture.
D/InputEventConsistencyVerifier(  360):   in android.view.ScaleGestureDetector@b3e8fd88
D/InputEventConsistencyVerifier(  360):   0: sent at 138545000000, MotionEvent { action=ACTION_DOWN, id[0]=0, x[0]=463.0, y[0]=438.0, toolType[0]=TOOL_TYPE_UNKNOWN, buttonState=0, metaState=0, flags=0x0, edgeFlags=0x0, pointerCount=1, historySize=0, eventTime=138545, downTime=138543, deviceId=0, source=0x1002 }
D/InputEventConsistencyVerifier(  360):   -- recent events --
D/InputEventConsistencyVerifier(  360):   1: sent at 138318000000, MotionEvent { action=ACTION_MOVE, id[0]=0, x[0]=184.0, y[0]=695.0, toolType[0]=TOOL_TYPE_UNKNOWN, buttonState=0, metaState=0, flags=0x0, edgeFlags=0x0, pointerCount=1, historySize=7, eventTime=138318, downTime=138250, deviceId=0, source=0x1002 }
D/InputEventConsistencyVerifier(  360):   2: sent at 138278000000, MotionEvent { action=ACTION_DOWN, id[0]=0, x[0]=126.0, y[0]=643.0, toolType[0]=TOOL_TYPE_UNKNOWN, buttonState=0, metaState=0, flags=0x0, edgeFlags=0x0, pointerCount=1, historySize=0, eventTime=138278, downTime=138250, deviceId=0, source=0x1002 }
D/InputEventConsistencyVerifier(  360):   3: sent at 138189000000, MotionEvent { action=ACTION_UP, id[0]=0, x[0]=102.0, y[0]=763.0, toolType[0]=TOOL_TYPE_UNKNOWN, buttonState=0, metaState=0, flags=0x0, edgeFlags=0x0, pointerCount=1, historySize=0, eventTime=138189, downTime=138149, deviceId=0, source=0x1002 }
D/InputEventConsistencyVerifier(  360):   4: sent at 138187000000, MotionEvent { action=ACTION_MOVE, id[0]=0, x[0]=109.0, y[0]=768.0, toolType[0]=TOOL_TYPE_UNKNOWN, buttonState=0, metaState=0, flags=0x0, edgeFlags=0x0, pointerCount=1, historySize=3, eventTime=138187, downTime=138149, deviceId=0, source=0x1002 }
D/InputEventConsistencyVerifier(  360):   5: sent at 138149000000, MotionEvent { action=ACTION_DOWN, id[0]=0, x[0]=112.0, y[0]=795.0, toolType[0]=TOOL_TYPE_UNKNOWN, buttonState=0, metaState=0, flags=0x80000000, edgeFlags=0x0, pointerCount=1, historySize=0, eventTime=138149, downTime=138149, deviceId=0, source=0x1002 }
I/Choreographer(  360): Skipped 36 frames!  The application may be doing too much work on its main thread.
W/dalvikvm(  360): DroidBox: { "FdAccess": { "path": "2f70726f632f6d656d696e666f", "id": "382102027" } }
W/DroidBox(  360): DroidBox: { "FileRW": { "operation": "read", "data": "4d656d546f74616c3a202020202020202020373438393634206b420a4d656d467265653a20202020202020202020343334383634206b420a427566666572733a20202020202020202020202035353132206b420a4361636865643a202020202020202020", "id": "382102027" } }
I/ActivityManager(  222): START {act=android.intent.action.CALL_BUTTON flg=0x10000000 cmp=com.android.contacts/.activities.DialtactsActivity u=0} from pid 360
I/Choreographer(  360): Skipped 37 frames!  The application may be doing too much work on its main thread.
D/InputEventConsistencyVerifier(  360): KeyEvent: ACTION_UP but key was not down.
D/InputEventConsistencyVerifier(  360):   in com.android.systemui.statusbar.phone.StatusBarWindowView@b3df03b8
D/InputEventConsistencyVerifier(  360):   0: sent at 138810000000, KeyEvent { action=ACTION_UP, keyCode=KEYCODE_DPAD_RIGHT, scanCode=0, metaState=0, flags=0x400, repeatCount=0, eventTime=138810, downTime=138810, deviceId=-1, source=0x101 }
D/InputEventConsistencyVerifier(  360):   -- recent events --
D/InputEventConsistencyVerifier(  360):   1: sent at 138718000000, (unhandled) MotionEvent { action=ACTION_MOVE, id[0]=0, x[0]=3.0, y[0]=-2.0, toolType[0]=TOOL_TYPE_UNKNOWN, buttonState=0, metaState=0, flags=0x0, edgeFlags=0x0, pointerCount=1, historySize=9, eventTime=138718, downTime=-1, deviceId=0, source=0x10004 }
D/InputEventConsistencyVerifier(  360):   2: sent at 138650000000, (unhandled) KeyEvent { action=ACTION_UP, keyCode=KEYCODE_CALL, scanCode=0, metaState=0, flags=0x8, repeatCount=0, eventTime=138650, downTime=138650, deviceId=-1, source=0x101 }
D/InputEventConsistencyVerifier(  360):   3: sent at 138580000000, (unhandled) KeyEvent { action=ACTION_DOWN, keyCode=KEYCODE_CALL, scanCode=0, metaState=0, flags=0x8, repeatCount=0, eventTime=138580, downTime=138580, deviceId=-1, source=0x101 }
D/InputEventConsistencyVerifier(  360):   4: sent at 138575000000, MotionEvent { action=ACTION_UP, id[0]=0, x[0]=388.0, y[0]=505.0, toolType[0]=TOOL_TYPE_UNKNOWN, buttonState=0, metaState=0, flags=0x0, edgeFlags=0x0, pointerCount=1, historySize=0, eventTime=138575, downTime=138543, deviceId=0, source=0x1002 }
D/InputEventConsistencyVerifier(  360):   5: sent at 138573000000, MotionEvent { action=ACTION_MOVE, id[0]=0, x[0]=404.0, y[0]=494.0, toolType[0]=TOOL_TYPE_UNKNOWN, buttonState=0, metaState=0, flags=0x0, edgeFlags=0x0, pointerCount=1, historySize=6, eventTime=138573, downTime=138543, deviceId=0, source=0x1002 }
D/InputEventConsistencyVerifier(  360): TouchEvent: ACTION_DOWN but pointers are already down.  Probably missing ACTION_UP from previous gesture.
D/InputEventConsistencyVerifier(  360):   in android.view.ScaleGestureDetector@b3e8fd88
D/InputEventConsistencyVerifier(  360):   0: sent at 139067000000, MotionEvent { action=ACTION_DOWN, id[0]=0, x[0]=217.0, y[0]=713.0, toolType[0]=TOOL_TYPE_UNKNOWN, buttonState=0, metaState=0, flags=0x0, edgeFlags=0x0, pointerCount=1, historySize=0, eventTime=139067, downTime=139067, deviceId=0, source=0x1002 }
D/InputEventConsistencyVerifier(  360):   -- recent events --
D/InputEventConsistencyVerifier(  360):   1: sent at 138573000000, MotionEvent { action=ACTION_MOVE, id[0]=0, x[0]=404.0, y[0]=494.0, toolType[0]=TOOL_TYPE_UNKNOWN, buttonState=0, metaState=0, flags=0x0, edgeFlags=0x0, pointerCount=1, historySize=6, eventTime=138573, downTime=138543, deviceId=0, source=0x1002 }
D/InputEventConsistencyVerifier(  360):   2: sent at 138545000000, MotionEvent { action=ACTION_DOWN, id[0]=0, x[0]=463.0, y[0]=438.0, toolType[0]=TOOL_TYPE_UNKNOWN, buttonState=0, metaState=0, flags=0x80000000, edgeFlags=0x0, pointerCount=1, historySize=0, eventTime=138545, downTime=138543, deviceId=0, source=0x1002 }
D/InputEventConsistencyVerifier(  360):   3: sent at 138318000000, MotionEvent { action=ACTION_MOVE, id[0]=0, x[0]=184.0, y[0]=695.0, toolType[0]=TOOL_TYPE_UNKNOWN, buttonState=0, metaState=0, flags=0x0, edgeFlags=0x0, pointerCount=1, historySize=7, eventTime=138318, downTime=138250, deviceId=0, source=0x1002 }
D/InputEventConsistencyVerifier(  360):   4: sent at 138278000000, MotionEvent { action=ACTION_DOWN, id[0]=0, x[0]=126.0, y[0]=643.0, toolType[0]=TOOL_TYPE_UNKNOWN, buttonState=0, metaState=0, flags=0x0, edgeFlags=0x0, pointerCount=1, historySize=0, eventTime=138278, downTime=138250, deviceId=0, source=0x1002 }
D/InputEventConsistencyVerifier(  360):   5: sent at 138189000000, MotionEvent { action=ACTION_UP, id[0]=0, x[0]=102.0, y[0]=763.0, toolType[0]=TOOL_TYPE_UNKNOWN, buttonState=0, metaState=0, flags=0x0, edgeFlags=0x0, pointerCount=1, historySize=0, eventTime=138189, downTime=138149, deviceId=0, source=0x1002 }
W/dalvikvm(  360): DroidBox: { "FdAccess": { "path": "2f70726f632f6d656d696e666f", "id": "983761645" } }
W/DroidBox(  360): DroidBox: { "FileRW": { "operation": "read", "data": "4d656d546f74616c3a202020202020202020373438393634206b420a4d656d467265653a20202020202020202020343334383634206b420a427566666572733a20202020202020202020202035353132206b420a4361636865643a202020202020202020", "id": "983761645" } }
W/dalvikvm(  360): DroidBox: { "FdAccess": { "path": "2f70726f632f6d656d696e666f", "id": "1608766107" } }
W/DroidBox(  360): DroidBox: { "FileRW": { "operation": "read", "data": "4d656d546f74616c3a202020202020202020373438393634206b420a4d656d467265653a20202020202020202020343334383634206b420a427566666572733a20202020202020202020202035353132206b420a4361636865643a202020202020202020", "id": "1608766107" } }
I/Choreographer(  360): Skipped 69 frames!  The application may be doing too much work on its main thread.
D/InputEventConsistencyVerifier(  360): KeyEvent: ACTION_UP but key was not down.
D/InputEventConsistencyVerifier(  360):   in com.android.systemui.statusbar.phone.StatusBarWindowView@b3df03b8
D/InputEventConsistencyVerifier(  360):   0: sent at 139169000000, KeyEvent { action=ACTION_UP, keyCode=KEYCODE_DPAD_DOWN, scanCode=0, metaState=0, flags=0x400, repeatCount=0, eventTime=139169, downTime=139169, deviceId=-1, source=0x101 }
D/InputEventConsistencyVerifier(  360):   -- recent events --
D/InputEventConsistencyVerifier(  360):   1: sent at 139064000000, (unhandled) MotionEvent { action=ACTION_MOVE, id[0]=0, x[0]=0.0, y[0]=4.0, toolType[0]=TOOL_TYPE_UNKNOWN, buttonState=0, metaState=0, flags=0x0, edgeFlags=0x0, pointerCount=1, historySize=9, eventTime=139064, downTime=-1, deviceId=0, source=0x10004 }
D/InputEventConsistencyVerifier(  360):   2: sent at 139110000000, MotionEvent { action=ACTION_UP, id[0]=0, x[0]=219.0, y[0]=694.0, toolType[0]=TOOL_TYPE_UNKNOWN, buttonState=0, metaState=0, flags=0x0, edgeFlags=0x0, pointerCount=1, historySize=0, eventTime=139110, downTime=139067, deviceId=0, source=0x1002 }
D/InputEventConsistencyVerifier(  360):   3: sent at 139067000000, MotionEvent { action=ACTION_DOWN, id[0]=0, x[0]=217.0, y[0]=713.0, toolType[0]=TOOL_TYPE_UNKNOWN, buttonState=0, metaState=0, flags=0x0, edgeFlags=0x0, pointerCount=1, historySize=0, eventTime=139067, downTime=139067, deviceId=0, source=0x1002 }
D/InputEventConsistencyVerifier(  360):   4: sent at 138969000000, (unhandled) KeyEvent { action=ACTION_UP, keyCode=KEYCODE_DPAD_UP, scanCode=0, metaState=0, flags=0x8, repeatCount=0, eventTime=138969, downTime=138969, deviceId=-1, source=0x101 }
D/InputEventConsistencyVerifier(  360):   5: sent at 138962000000, (unhandled) KeyEvent { action=ACTION_DOWN, keyCode=KEYCODE_DPAD_UP, scanCode=0, metaState=0, flags=0x8, repeatCount=0, eventTime=138962, downTime=138962, deviceId=-1, source=0x101 }
D/InputEventConsistencyVerifier(  360): KeyEvent: ACTION_UP but key was not down.
D/InputEventConsistencyVerifier(  360):   in android.widget.FrameLayout@b3dc0438
D/InputEventConsistencyVerifier(  360):   0: sent at 139169000000, KeyEvent { action=ACTION_UP, keyCode=KEYCODE_DPAD_DOWN, scanCode=0, metaState=0, flags=0x400, repeatCount=0, eventTime=139169, downTime=139169, deviceId=-1, source=0x101 }
D/InputEventConsistencyVerifier(  360):   -- recent events --
D/InputEventConsistencyVerifier(  360):   1: sent at 138575000000, MotionEvent { action=ACTION_UP, id[0]=0, x[0]=388.0, y[0]=505.0, toolType[0]=TOOL_TYPE_UNKNOWN, buttonState=0, metaState=0, flags=0x0, edgeFlags=0x0, pointerCount=1, historySize=0, eventTime=138575, downTime=138543, deviceId=0, source=0x1002 }
D/InputEventConsistencyVerifier(  360):   2: sent at 138573000000, MotionEvent { action=ACTION_MOVE, id[0]=0, x[0]=404.0, y[0]=494.0, toolType[0]=TOOL_TYPE_UNKNOWN, buttonState=0, metaState=0, flags=0x0, edgeFlags=0x0, pointerCount=1, historySize=6, eventTime=138573, downTime=138543, deviceId=0, source=0x1002 }
D/InputEventConsistencyVerifier(  360):   3: sent at 138545000000, MotionEvent { action=ACTION_DOWN, id[0]=0, x[0]=463.0, y[0]=438.0, toolType[0]=TOOL_TYPE_UNKNOWN, buttonState=0, metaState=0, flags=0x80000000, edgeFlags=0x0, pointerCount=1, historySize=0, eventTime=138545, downTime=138543, deviceId=0, source=0x1002 }
D/InputEventConsistencyVerifier(  360):   4: sent at 138474000000, (unhandled) KeyEvent { action=ACTION_DOWN, keyCode=KEYCODE_DPAD_UP, scanCode=0, metaState=0, flags=0x400, repeatCount=0, eventTime=138474, downTime=138474, deviceId=-1, source=0x101 }
D/InputEventConsistencyVerifier(  360):   5: sent at 138463000000, (unhandled) MotionEvent { action=ACTION_MOVE, id[0]=0, x[0]=-2.0, y[0]=-4.0, toolType[0]=TOOL_TYPE_UNKNOWN, buttonState=0, metaState=0, flags=0x0, edgeFlags=0x0, pointerCount=1, historySize=17, eventTime=138463, downTime=-1, deviceId=0, source=0x10004 }
W/dalvikvm(  360): DroidBox: { "FdAccess": { "path": "2f70726f632f6d656d696e666f", "id": "1205211750" } }
W/DroidBox(  360): DroidBox: { "FileRW": { "operation": "read", "data": "4d656d546f74616c3a202020202020202020373438393634206b420a4d656d467265653a20202020202020202020343334383634206b420a427566666572733a20202020202020202020202035353132206b420a4361636865643a202020202020202020", "id": "1205211750" } }
W/InputMethodManagerService(  222): Window already focused, ignoring focus gain of: com.android.internal.view.IInputMethodClient$Stub$Proxy@b3f15538 attribute=android.view.inputmethod.EditorInfo@b3ed9698
D/InputEventConsistencyVerifier(  360): TouchEvent: ACTION_DOWN but pointers are already down.  Probably missing ACTION_UP from previous gesture.
D/InputEventConsistencyVerifier(  360):   in android.view.ScaleGestureDetector@b3e8fd88
D/InputEventConsistencyVerifier(  360):   0: sent at 139208000000, MotionEvent { action=ACTION_DOWN, id[0]=0, x[0]=402.0, y[0]=632.0, toolType[0]=TOOL_TYPE_UNKNOWN, buttonState=0, metaState=0, flags=0x0, edgeFlags=0x0, pointerCount=1, historySize=0, eventTime=139208, downTime=139207, deviceId=0, source=0x1002 }
D/InputEventConsistencyVerifier(  360):   -- recent events --
D/InputEventConsistencyVerifier(  360):   1: sent at 139067000000, MotionEvent { action=ACTION_DOWN, id[0]=0, x[0]=217.0, y[0]=713.0, toolType[0]=TOOL_TYPE_UNKNOWN, buttonState=0, metaState=0, flags=0x80000000, edgeFlags=0x0, pointerCount=1, historySize=0, eventTime=139067, downTime=139067, deviceId=0, source=0x1002 }
D/InputEventConsistencyVerifier(  360):   2: sent at 138573000000, MotionEvent { action=ACTION_MOVE, id[0]=0, x[0]=404.0, y[0]=494.0, toolType[0]=TOOL_TYPE_UNKNOWN, buttonState=0, metaState=0, flags=0x0, edgeFlags=0x0, pointerCount=1, historySize=6, eventTime=138573, downTime=138543, deviceId=0, source=0x1002 }
D/InputEventConsistencyVerifier(  360):   3: sent at 138545000000, MotionEvent { action=ACTION_DOWN, id[0]=0, x[0]=463.0, y[0]=438.0, toolType[0]=TOOL_TYPE_UNKNOWN, buttonState=0, metaState=0, flags=0x80000000, edgeFlags=0x0, pointerCount=1, historySize=0, eventTime=138545, downTime=138543, deviceId=0, source=0x1002 }
D/InputEventConsistencyVerifier(  360):   4: sent at 138318000000, MotionEvent { action=ACTION_MOVE, id[0]=0, x[0]=184.0, y[0]=695.0, toolType[0]=TOOL_TYPE_UNKNOWN, buttonState=0, metaState=0, flags=0x0, edgeFlags=0x0, pointerCount=1, historySize=7, eventTime=138318, downTime=138250, deviceId=0, source=0x1002 }
D/InputEventConsistencyVerifier(  360):   5: sent at 138278000000, MotionEvent { action=ACTION_DOWN, id[0]=0, x[0]=126.0, y[0]=643.0, toolType[0]=TOOL_TYPE_UNKNOWN, buttonState=0, metaState=0, flags=0x0, edgeFlags=0x0, pointerCount=1, historySize=0, eventTime=138278, downTime=138250, deviceId=0, source=0x1002 }
D/InputEventConsistencyVerifier(  360): TouchEvent: ACTION_DOWN but pointers are already down.  Probably missing ACTION_UP from previous gesture.
D/InputEventConsistencyVerifier(  360):   in android.view.ScaleGestureDetector@b3e8fd88
D/InputEventConsistencyVerifier(  360):   0: sent at 139286000000, MotionEvent { action=ACTION_DOWN, id[0]=0, x[0]=72.0, y[0]=276.0, toolType[0]=TOOL_TYPE_UNKNOWN, buttonState=0, metaState=0, flags=0x0, edgeFlags=0x0, pointerCount=1, historySize=0, eventTime=139286, downTime=139286, deviceId=0, source=0x1002 }
D/InputEventConsistencyVerifier(  360):   -- recent events --
D/InputEventConsistencyVerifier(  360):   1: sent at 139208000000, MotionEvent { action=ACTION_DOWN, id[0]=0, x[0]=402.0, y[0]=632.0, toolType[0]=TOOL_TYPE_UNKNOWN, buttonState=0, metaState=0, flags=0x80000000, edgeFlags=0x0, pointerCount=1, historySize=0, eventTime=139208, downTime=139207, deviceId=0, source=0x1002 }
D/InputEventConsistencyVerifier(  360):   2: sent at 139067000000, MotionEvent { action=ACTION_DOWN, id[0]=0, x[0]=217.0, y[0]=713.0, toolType[0]=TOOL_TYPE_UNKNOWN, buttonState=0, metaState=0, flags=0x80000000, edgeFlags=0x0, pointerCount=1, historySize=0, eventTime=139067, downTime=139067, deviceId=0, source=0x1002 }
D/InputEventConsistencyVerifier(  360):   3: sent at 138573000000, MotionEvent { action=ACTION_MOVE, id[0]=0, x[0]=404.0, y[0]=494.0, toolType[0]=TOOL_TYPE_UNKNOWN, buttonState=0, metaState=0, flags=0x0, edgeFlags=0x0, pointerCount=1, historySize=6, eventTime=138573, downTime=138543, deviceId=0, source=0x1002 }
D/InputEventConsistencyVerifier(  360):   4: sent at 138545000000, MotionEvent { action=ACTION_DOWN, id[0]=0, x[0]=463.0, y[0]=438.0, toolType[0]=TOOL_TYPE_UNKNOWN, buttonState=0, metaState=0, flags=0x80000000, edgeFlags=0x0, pointerCount=1, historySize=0, eventTime=138545, downTime=138543, deviceId=0, source=0x1002 }
D/InputEventConsistencyVerifier(  360):   5: sent at 138318000000, MotionEvent { action=ACTION_MOVE, id[0]=0, x[0]=184.0, y[0]=695.0, toolType[0]=TOOL_TYPE_UNKNOWN, buttonState=0, metaState=0, flags=0x0, edgeFlags=0x0, pointerCount=1, historySize=7, eventTime=138318, downTime=138250, deviceId=0, source=0x1002 }
V/PhoneStatusBar(  360): setLightsOn(true)
D/PhoneStatusBar(  360): disable: < expand icons alerts ticker* system_info back home recent clock >
D/InputEventConsistencyVerifier(  360): KeyEvent: ACTION_UP but key was not down.
D/InputEventConsistencyVerifier(  360):   in com.android.systemui.statusbar.phone.StatusBarWindowView@b3df03b8
D/InputEventConsistencyVerifier(  360):   0: sent at 139454000000, KeyEvent { action=ACTION_UP, keyCode=KEYCODE_DPAD_UP, scanCode=0, metaState=0, flags=0x400, repeatCount=0, eventTime=139454, downTime=139454, deviceId=-1, source=0x101 }
D/InputEventConsistencyVerifier(  360):   -- recent events --
D/InputEventConsistencyVerifier(  360):   1: sent at 139308000000, (unhandled) MotionEvent { action=ACTION_MOVE, id[0]=0, x[0]=0.0, y[0]=-4.0, toolType[0]=TOOL_TYPE_UNKNOWN, buttonState=0, metaState=0, flags=0x0, edgeFlags=0x0, pointerCount=1, historySize=7, eventTime=139308, downTime=-1, deviceId=0, source=0x10004 }
D/InputEventConsistencyVerifier(  360):   2: sent at 139290000000, MotionEvent { action=ACTION_UP, id[0]=0, x[0]=76.0, y[0]=277.0, toolType[0]=TOOL_TYPE_UNKNOWN, buttonState=0, metaState=0, flags=0x0, edgeFlags=0x0, pointerCount=1, historySize=0, eventTime=139290, downTime=139286, deviceId=0, source=0x1002 }
D/InputEventConsistencyVerifier(  360):   3: sent at 139286000000, MotionEvent { action=ACTION_DOWN, id[0]=0, x[0]=72.0, y[0]=276.0, toolType[0]=TOOL_TYPE_UNKNOWN, buttonState=0, metaState=0, flags=0x0, edgeFlags=0x0, pointerCount=1, historySize=0, eventTime=139286, downTime=139286, deviceId=0, source=0x1002 }
D/InputEventConsistencyVerifier(  360):   4: sent at 139280000000, MotionEvent { action=ACTION_UP, id[0]=0, x[0]=415.0, y[0]=674.0, toolType[0]=TOOL_TYPE_UNKNOWN, buttonState=0, metaState=0, flags=0x0, edgeFlags=0x0, pointerCount=1, historySize=0, eventTime=139280, downTime=139207, deviceId=0, source=0x1002 }
D/InputEventConsistencyVerifier(  360):   5: sent at 139279000000, MotionEvent { action=ACTION_MOVE, id[0]=0, x[0]=413.0, y[0]=666.0, toolType[0]=TOOL_TYPE_UNKNOWN, buttonState=0, metaState=0, flags=0x0, edgeFlags=0x0, pointerCount=1, historySize=4, eventTime=139279, downTime=139207, deviceId=0, source=0x1002 }
E/WVMExtractor(   62): Failed to open libwvm.so
E/WVMExtractor(   62): Failed to open libwvm.so
D/InputEventConsistencyVerifier(  989): KeyEvent: ACTION_UP but key was not down.
D/InputEventConsistencyVerifier(  989):   in com.android.internal.policy.impl.PhoneWindow$DecorView@b3e5e740
D/InputEventConsistencyVerifier(  989):   0: sent at 139659000000, KeyEvent { action=ACTION_UP, keyCode=KEYCODE_DPAD_UP, scanCode=0, metaState=0, flags=0x400, repeatCount=0, eventTime=139659, downTime=139659, deviceId=-1, source=0x101 }
D/InputEventConsistencyVerifier(  989):   -- recent events --
D/InputEventConsistencyVerifier(  989):   1: sent at 139538000000, (unhandled) MotionEvent { action=ACTION_MOVE, id[0]=0, x[0]=-2.0, y[0]=4.0, toolType[0]=TOOL_TYPE_UNKNOWN, buttonState=0, metaState=0, flags=0x0, edgeFlags=0x0, pointerCount=1, historySize=9, eventTime=139538, downTime=-1, deviceId=0, source=0x10004 }
D/InputEventConsistencyVerifier(  989):   2: sent at 139444000000, MotionEvent { action=ACTION_UP, id[0]=0, x[0]=117.0, y[0]=157.0, toolType[0]=TOOL_TYPE_UNKNOWN, buttonState=0, metaState=0, flags=0x0, edgeFlags=0x0, pointerCount=1, historySize=0, eventTime=139444, downTime=139429, deviceId=0, source=0x1002 }
D/InputEventConsistencyVerifier(  989):   3: sent at 139430000000, MotionEvent { action=ACTION_DOWN, id[0]=0, x[0]=119.0, y[0]=158.0, toolType[0]=TOOL_TYPE_UNKNOWN, buttonState=0, metaState=0, flags=0x0, edgeFlags=0x0, pointerCount=1, historySize=0, eventTime=139430, downTime=139429, deviceId=0, source=0x1002 }
D/InputEventConsistencyVerifier(  989):   4: sent at 139329000000, (unhandled) MotionEvent { action=ACTION_MOVE, id[0]=0, x[0]=3.0, y[0]=-4.0, toolType[0]=TOOL_TYPE_UNKNOWN, buttonState=0, metaState=0, flags=0x0, edgeFlags=0x0, pointerCount=1, historySize=0, eventTime=139329, downTime=-1, deviceId=0, source=0x10004 }
D/InputEventConsistencyVerifier(  989):   5: sent at 139388000000, (unhandled) KeyEvent { action=ACTION_UP, keyCode=KEYCODE_DPAD_LEFT, scanCode=0, metaState=0, flags=0x400, repeatCount=0, eventTime=139388, downTime=139388, deviceId=-1, source=0x101 }
E/WVMExtractor(   62): Failed to open libwvm.so
E/WVMExtractor(   62): Failed to open libwvm.so
E/WVMExtractor(   62): Failed to open libwvm.so
D/InputEventConsistencyVerifier(  989): KeyEvent: ACTION_UP but key was not down.
D/InputEventConsistencyVerifier(  989):   in android.widget.TimePicker@b3dc8ca0
D/InputEventConsistencyVerifier(  989):   0: sent at 139695000000, KeyEvent { action=ACTION_UP, keyCode=KEYCODE_DPAD_DOWN, scanCode=0, metaState=0, flags=0x400, repeatCount=0, eventTime=139695, downTime=139695, deviceId=-1, source=0x101 }
D/InputEventConsistencyVerifier(  989):   -- recent events --
D/InputEventConsistencyVerifier(  989):   1: sent at 135784000000, (unhandled) MotionEvent { action=ACTION_DOWN, id[0]=0, x[0]=272.0, y[0]=165.0, toolType[0]=TOOL_TYPE_UNKNOWN, buttonState=0, metaState=0, flags=0x0, edgeFlags=0x0, pointerCount=1, historySize=0, eventTime=135784, downTime=135784, deviceId=0, source=0x1002 }
D/InputEventConsistencyVerifier(  989):   2: sent at 135749000000, (unhandled) KeyEvent { action=ACTION_UP, keyCode=KEYCODE_MENU, scanCode=0, metaState=0, flags=0x8, repeatCount=0, eventTime=135749, downTime=135749, deviceId=-1, source=0x101 }
D/InputEventConsistencyVerifier(  989):   3: sent at 135603000000, (unhandled) KeyEvent { action=ACTION_DOWN, keyCode=KEYCODE_MENU, scanCode=0, metaState=0, flags=0x8, repeatCount=0, eventTime=135603, downTime=135603, deviceId=-1, source=0x101 }
D/InputEventConsistencyVerifier(  989):   4: sent at 135533000000, (unhandled) KeyEvent { action=ACTION_UP, keyCode=KEYCODE_DPAD_DOWN, scanCode=0, metaState=0, flags=0x80000008, repeatCount=0, eventTime=135533, downTime=135533, deviceId=-1, source=0x101 }
D/InputEventConsistencyVerifier(  989):   5: sent at 135533000000, (unhandled) KeyEvent { action=ACTION_UP, keyCode=KEYCODE_NUMPAD_2, scanCode=0, metaState=0, flags=0x80000008, repeatCount=0, eventTime=135533, downTime=135533, deviceId=-1, source=0x101 }
E/WVMExtractor(   62): Failed to open libwvm.so
I/Choreographer(  989): Skipped 32 frames!  The application may be doing too much work on its main thread.
I/Choreographer(  989): Skipped 49 frames!  The application may be doing too much work on its main thread.
D/PhoneStatusBar(  360): disable: < EXPAND* icons alerts ticker system_info back home recent clock >
D/InputEventConsistencyVerifier(  222): KeyEvent: ACTION_UP but key was not down.
D/InputEventConsistencyVerifier(  222):   in android.view.ViewRootImpl@b3f7b400
D/InputEventConsistencyVerifier(  222):   0: sent at 141092000000, KeyEvent { action=ACTION_UP, keyCode=KEYCODE_DPAD_CENTER, scanCode=0, metaState=0, flags=0x8, repeatCount=0, eventTime=141092, downTime=141092, deviceId=-1, source=0x101 }
I/Choreographer(  989): Skipped 60 frames!  The application may be doing too much work on its main thread.
W/WindowManager(  222): Failure taking screenshot for (246x410) to layer 21015
D/PhoneStatusBar(  360): disable: < expand* icons alerts ticker system_info back home recent clock >
V/PhoneStatusBar(  360): setLightsOn(true)
D/InputEventConsistencyVerifier(  989): KeyEvent: ACTION_UP but key was not down.
D/InputEventConsistencyVerifier(  989):   in android.view.ViewRootImpl@b3e66ad0
D/InputEventConsistencyVerifier(  989):   0: sent at 142123000000, KeyEvent { action=ACTION_UP, keyCode=KEYCODE_DPAD_LEFT, scanCode=0, metaState=0, flags=0x8, repeatCount=0, eventTime=142123, downTime=142123, deviceId=-1, source=0x101 }
D/InputEventConsistencyVerifier(  989):   -- recent events --
D/InputEventConsistencyVerifier(  989):   1: sent at 141259000000, KeyEvent { action=ACTION_UP, keyCode=KEYCODE_DPAD_CENTER, scanCode=0, metaState=0, flags=0x28, repeatCount=0, eventTime=141259, downTime=141090, deviceId=-1, source=0x101 }
D/InputEventConsistencyVerifier(  989):   2: sent at 141090000000, KeyEvent { action=ACTION_DOWN, keyCode=KEYCODE_DPAD_CENTER, scanCode=0, metaState=0, flags=0x8, repeatCount=0, eventTime=141090, downTime=141090, deviceId=-1, source=0x101 }
D/InputEventConsistencyVerifier(  989):   3: sent at 140996000000, KeyEvent { action=ACTION_UP, keyCode=KEYCODE_DPAD_CENTER, scanCode=0, metaState=0, flags=0x8, repeatCount=0, eventTime=140996, downTime=140996, deviceId=-1, source=0x101 }
D/InputEventConsistencyVerifier(  989):   4: sent at 140996000000, KeyEvent { action=ACTION_UP, keyCode=KEYCODE_BUTTON_6, scanCode=0, metaState=0, flags=0x8, repeatCount=0, eventTime=140996, downTime=140996, deviceId=-1, source=0x101 }
D/InputEventConsistencyVerifier(  989):   5: sent at 140994000000, KeyEvent { action=ACTION_DOWN, keyCode=KEYCODE_DPAD_CENTER, scanCode=0, metaState=0, flags=0x8, repeatCount=0, eventTime=140994, downTime=140994, deviceId=-1, source=0x101 }
D/InputEventConsistencyVerifier(  989): TrackballEvent: Trackball is down but pressure is not greater than 0.
D/InputEventConsistencyVerifier(  989):   in android.view.ViewRootImpl@b3e66ad0
D/InputEventConsistencyVerifier(  989):   0: sent at 142401000000, MotionEvent { action=ACTION_DOWN, id[0]=0, x[0]=0.0, y[0]=0.0, toolType[0]=TOOL_TYPE_UNKNOWN, buttonState=0, metaState=0, flags=0x0, edgeFlags=0x0, pointerCount=1, historySize=0, eventTime=142401, downTime=142365, deviceId=0, source=0x10004 }
D/InputEventConsistencyVerifier(  989):   -- recent events --
D/InputEventConsistencyVerifier(  989):   1: sent at 142436000000, KeyEvent { action=ACTION_UP, keyCode=KEYCODE_DPAD_LEFT, scanCode=0, metaState=0, flags=0x400, repeatCount=0, eventTime=142436, downTime=142436, deviceId=-1, source=0x101 }
D/InputEventConsistencyVerifier(  989):   2: sent at 142436000000, KeyEvent { action=ACTION_DOWN, keyCode=KEYCODE_DPAD_LEFT, scanCode=0, metaState=0, flags=0x400, repeatCount=0, eventTime=142436, downTime=142436, deviceId=-1, source=0x101 }
D/InputEventConsistencyVerifier(  989):   3: sent at 142435000000, KeyEvent { action=ACTION_UP, keyCode=KEYCODE_DPAD_LEFT, scanCode=0, metaState=0, flags=0x400, repeatCount=0, eventTime=142435, downTime=142435, deviceId=-1, source=0x101 }
D/InputEventConsistencyVerifier(  989):   4: sent at 142435000000, KeyEvent { action=ACTION_DOWN, keyCode=KEYCODE_DPAD_LEFT, scanCode=0, metaState=0, flags=0x400, repeatCount=0, eventTime=142435, downTime=142435, deviceId=-1, source=0x101 }
D/InputEventConsistencyVerifier(  989):   5: sent at 142435000000, KeyEvent { action=ACTION_UP, keyCode=KEYCODE_DPAD_LEFT, scanCode=0, metaState=0, flags=0x400, repeatCount=0, eventTime=142435, downTime=142435, deviceId=-1, source=0x101 }
E/WVMExtractor(   62): Failed to open libwvm.so
I/Choreographer(  989): Skipped 123 frames!  The application may be doing too much work on its main thread.
W/InputMethodManagerService(  222): Window already focused, ignoring focus gain of: com.android.internal.view.IInputMethodClient$Stub$Proxy@b3f48588 attribute=android.view.inputmethod.EditorInfo@b3f485a0
D/InputEventConsistencyVerifier(  989): KeyEvent: ACTION_UP but key was not down.
D/InputEventConsistencyVerifier(  989):   in com.android.internal.policy.impl.PhoneWindow$DecorView@b3e5e740
D/InputEventConsistencyVerifier(  989):   0: sent at 142756000000, KeyEvent { action=ACTION_UP, keyCode=KEYCODE_DPAD_DOWN, scanCode=0, metaState=0, flags=0x400, repeatCount=0, eventTime=142756, downTime=142756, deviceId=-1, source=0x101 }
D/InputEventConsistencyVerifier(  989):   -- recent events --
D/InputEventConsistencyVerifier(  989):   1: sent at 142698000000, (unhandled) MotionEvent { action=ACTION_MOVE, id[0]=0, x[0]=1.0, y[0]=4.0, toolType[0]=TOOL_TYPE_UNKNOWN, buttonState=0, metaState=0, flags=0x0, edgeFlags=0x0, pointerCount=1, historySize=9, eventTime=142698, downTime=-1, deviceId=0, source=0x10004 }
D/InputEventConsistencyVerifier(  989):   2: sent at 141086000000, MotionEvent { action=ACTION_UP, id[0]=0, x[0]=140.0, y[0]=146.0, toolType[0]=TOOL_TYPE_UNKNOWN, buttonState=0, metaState=0, flags=0x0, edgeFlags=0x0, pointerCount=1, historySize=0, eventTime=141086, downTime=141068, deviceId=0, source=0x1002 }
D/InputEventConsistencyVerifier(  989):   3: sent at 141069000000, MotionEvent { action=ACTION_DOWN, id[0]=0, x[0]=141.0, y[0]=128.0, toolType[0]=TOOL_TYPE_UNKNOWN, buttonState=0, metaState=0, flags=0x0, edgeFlags=0x0, pointerCount=1, historySize=0, eventTime=141069, downTime=141068, deviceId=0, source=0x1002 }
D/InputEventConsistencyVerifier(  989):   4: sent at 140559000000, (unhandled) MotionEvent { action=ACTION_UP, id[0]=0, x[0]=90.0, y[0]=-11.0, toolType[0]=TOOL_TYPE_UNKNOWN, buttonState=0, metaState=0, flags=0x0, edgeFlags=0x0, pointerCount=1, historySize=0, eventTime=140559, downTime=140508, deviceId=0, source=0x1002 }
D/InputEventConsistencyVerifier(  989):   5: sent at 140508000000, (unhandled) MotionEvent { action=ACTION_DOWN, id[0]=0, x[0]=102.0, y[0]=-5.0, toolType[0]=TOOL_TYPE_UNKNOWN, buttonState=0, metaState=0, flags=0x0, edgeFlags=0x0, pointerCount=1, historySize=0, eventTime=140508, downTime=140508, deviceId=0, source=0x1002 }
E/WVMExtractor(   62): Failed to open libwvm.so
E/WVMExtractor(   62): Failed to open libwvm.so
E/WVMExtractor(   62): Failed to open libwvm.so
D/InputEventConsistencyVerifier(  989): KeyEvent: ACTION_UP but key was not down.
D/InputEventConsistencyVerifier(  989):   in android.widget.NumberPicker@b3ea5b40
D/InputEventConsistencyVerifier(  989):   0: sent at 142796000000, KeyEvent { action=ACTION_UP, keyCode=KEYCODE_DPAD_RIGHT, scanCode=0, metaState=0, flags=0x8, repeatCount=0, eventTime=142796, downTime=142796, deviceId=-1, source=0x101 }
D/InputEventConsistencyVerifier(  989):   -- recent events --
D/InputEventConsistencyVerifier(  989):   1: sent at 132006000000, (unhandled) KeyEvent { action=ACTION_UP, keyCode=KEYCODE_MENU, scanCode=0, metaState=0, flags=0x8, repeatCount=0, eventTime=132006, downTime=132006, deviceId=-1, source=0x101 }
D/InputEventConsistencyVerifier(  989):   2: sent at 131894000000, (unhandled) KeyEvent { action=ACTION_DOWN, keyCode=KEYCODE_MENU, scanCode=0, metaState=0, flags=0x8, repeatCount=0, eventTime=131894, downTime=131894, deviceId=-1, source=0x101 }
D/InputEventConsistencyVerifier(  989):   3: sent at 131996000000, (unhandled) KeyEvent { action=ACTION_UP, keyCode=KEYCODE_DPAD_RIGHT, scanCode=0, metaState=0, flags=0x80000400, repeatCount=0, eventTime=131996, downTime=131996, deviceId=-1, source=0x101 }
D/InputEventConsistencyVerifier(  989):   4: sent at 130111000000, (unhandled) KeyEvent { action=ACTION_DOWN, keyCode=KEYCODE_DPAD_RIGHT, scanCode=0, metaState=0, flags=0x400, repeatCount=0, eventTime=130111, downTime=130111, deviceId=-1, source=0x101 }
D/InputEventConsistencyVerifier(  989):   5: sent at 130072000000, (unhandled) MotionEvent { action=ACTION_MOVE, id[0]=0, x[0]=3.0, y[0]=0.0, toolType[0]=TOOL_TYPE_UNKNOWN, buttonState=0, metaState=0, flags=0x0, edgeFlags=0x0, pointerCount=1, historySize=9, eventTime=130072, downTime=-1, deviceId=0, source=0x10004 }
D/InputEventConsistencyVerifier(  989): KeyEvent: ACTION_UP but key was not down.
D/InputEventConsistencyVerifier(  989):   in android.widget.NumberPicker@b3e3faf0
D/InputEventConsistencyVerifier(  989):   0: sent at 143614000000, KeyEvent { action=ACTION_UP, keyCode=KEYCODE_DPAD_LEFT, scanCode=0, metaState=0, flags=0x400, repeatCount=0, eventTime=143614, downTime=143614, deviceId=-1, source=0x101 }
D/InputEventConsistencyVerifier(  989):   -- recent events --
D/InputEventConsistencyVerifier(  989):   1: sent at 142711000000, (unhandled) KeyEvent { action=ACTION_DOWN, keyCode=KEYCODE_DPAD_RIGHT, scanCode=0, metaState=0, flags=0x8, repeatCount=0, eventTime=142711, downTime=142711, deviceId=-1, source=0x101 }
D/InputEventConsistencyVerifier(  989):   2: sent at 142758000000, (unhandled) KeyEvent { action=ACTION_UP, keyCode=KEYCODE_DPAD_DOWN, scanCode=0, metaState=0, flags=0x400, repeatCount=0, eventTime=142758, downTime=142758, deviceId=-1, source=0x101 }
D/InputEventConsistencyVerifier(  989):   3: sent at 142758000000, (unhandled) KeyEvent { action=ACTION_DOWN, keyCode=KEYCODE_DPAD_DOWN, scanCode=0, metaState=0, flags=0x400, repeatCount=0, eventTime=142758, downTime=142758, deviceId=-1, source=0x101 }
D/InputEventConsistencyVerifier(  989):   4: sent at 142758000000, (unhandled) KeyEvent { action=ACTION_UP, keyCode=KEYCODE_DPAD_DOWN, scanCode=0, metaState=0, flags=0x400, repeatCount=0, eventTime=142758, downTime=142758, deviceId=-1, source=0x101 }
D/InputEventConsistencyVerifier(  989):   5: sent at 142758000000, (unhandled) KeyEvent { action=ACTION_DOWN, keyCode=KEYCODE_DPAD_DOWN, scanCode=0, metaState=0, flags=0x400, repeatCount=0, eventTime=142758, downTime=142758, deviceId=-1, source=0x101 }
E/WVMExtractor(   62): Failed to open libwvm.so
E/WVMExtractor(   62): Failed to open libwvm.so
E/WVMExtractor(   62): Failed to open libwvm.so
E/WVMExtractor(   62): Failed to open libwvm.so
D/InputEventConsistencyVerifier(  989): KeyEvent: ACTION_UP but key was not down.
D/InputEventConsistencyVerifier(  989):   in android.widget.ImageButton@b3e408c0
D/InputEventConsistencyVerifier(  989):   0: sent at 143888000000, KeyEvent { action=ACTION_UP, keyCode=KEYCODE_DPAD_UP, scanCode=0, metaState=0, flags=0x400, repeatCount=0, eventTime=143888, downTime=143888, deviceId=-1, source=0x101 }
D/InputEventConsistencyVerifier(  989):   -- recent events --
D/InputEventConsistencyVerifier(  989):   1: sent at 142758000000, (unhandled) KeyEvent { action=ACTION_DOWN, keyCode=KEYCODE_DPAD_DOWN, scanCode=0, metaState=0, flags=0x400, repeatCount=0, eventTime=142758, downTime=142758, deviceId=-1, source=0x101 }
D/InputEventConsistencyVerifier(  989):   2: sent at 142757000000, (unhandled) KeyEvent { action=ACTION_UP, keyCode=KEYCODE_DPAD_DOWN, scanCode=0, metaState=0, flags=0x400, repeatCount=0, eventTime=142757, downTime=142757, deviceId=-1, source=0x101 }
D/InputEventConsistencyVerifier(  989):   3: sent at 139694000000, (unhandled) KeyEvent { action=ACTION_DOWN, keyCode=KEYCODE_DPAD_DOWN, scanCode=0, metaState=0, flags=0x400, repeatCount=0, eventTime=139694, downTime=139694, deviceId=-1, source=0x101 }
D/InputEventConsistencyVerifier(  989):   4: sent at 139694000000, (unhandled) KeyEvent { action=ACTION_UP, keyCode=KEYCODE_DPAD_DOWN, scanCode=0, metaState=0, flags=0x400, repeatCount=0, eventTime=139694, downTime=139694, deviceId=-1, source=0x101 }
D/InputEventConsistencyVerifier(  989):   5: sent at 134527000000, (unhandled) KeyEvent { action=ACTION_DOWN, keyCode=KEYCODE_DPAD_DOWN, scanCode=0, metaState=0, flags=0x8, repeatCount=0, eventTime=134527, downTime=134527, deviceId=-1, source=0x101 }
D/InputEventConsistencyVerifier(  989): KeyEvent: ACTION_UP but key was not down.
D/InputEventConsistencyVerifier(  989):   in android.widget.LinearLayout@b3fb9c50
D/InputEventConsistencyVerifier(  989):   0: sent at 143888000000, KeyEvent { action=ACTION_UP, keyCode=KEYCODE_DPAD_UP, scanCode=0, metaState=0, flags=0x400, repeatCount=0, eventTime=143888, downTime=143888, deviceId=-1, source=0x101 }
D/InputEventConsistencyVerifier(  989):   -- recent events --
D/InputEventConsistencyVerifier(  989):   1: sent at 142757000000, (unhandled) KeyEvent { action=ACTION_DOWN, keyCode=KEYCODE_DPAD_DOWN, scanCode=0, metaState=0, flags=0x400, repeatCount=0, eventTime=142757, downTime=142757, deviceId=-1, source=0x101 }
D/InputEventConsistencyVerifier(  989):   2: sent at 142756000000, (unhandled) KeyEvent { action=ACTION_UP, keyCode=KEYCODE_DPAD_DOWN, scanCode=0, metaState=0, flags=0x80000400, repeatCount=0, eventTime=142756, downTime=142756, deviceId=-1, source=0x101 }
D/InputEventConsistencyVerifier(  989):   3: sent at 141069000000, (unhandled) MotionEvent { action=ACTION_DOWN, id[0]=0, x[0]=93.0, y[0]=4.0, toolType[0]=TOOL_TYPE_UNKNOWN, buttonState=0, metaState=0, flags=0x0, edgeFlags=0x0, pointerCount=1, historySize=0, eventTime=141069, downTime=141068, deviceId=0, source=0x1002 }
D/InputEventConsistencyVerifier(  989):   4: sent at 139694000000, (unhandled) KeyEvent { action=ACTION_DOWN, keyCode=KEYCODE_DPAD_DOWN, scanCode=0, metaState=0, flags=0x400, repeatCount=0, eventTime=139694, downTime=139694, deviceId=-1, source=0x101 }
D/InputEventConsistencyVerifier(  989):   5: sent at 139671000000, (unhandled) KeyEvent { action=ACTION_UP, keyCode=KEYCODE_DPAD_UP, scanCode=0, metaState=0, flags=0x400, repeatCount=0, eventTime=139671, downTime=139671, deviceId=-1, source=0x101 }
D/InputEventConsistencyVerifier(  989): KeyEvent: ACTION_UP but key was not down.
D/InputEventConsistencyVerifier(  989):   in android.widget.TimePicker@b3e886e8
D/InputEventConsistencyVerifier(  989):   0: sent at 143902000000, KeyEvent { action=ACTION_UP, keyCode=KEYCODE_DPAD_DOWN, scanCode=0, metaState=0, flags=0x400, repeatCount=0, eventTime=143902, downTime=143902, deviceId=-1, source=0x101 }
D/InputEventConsistencyVerifier(  989):   -- recent events --
D/InputEventConsistencyVerifier(  989):   1: sent at 143888000000, (unhandled) KeyEvent { action=ACTION_DOWN, keyCode=KEYCODE_DPAD_UP, scanCode=0, metaState=0, flags=0x400, repeatCount=0, eventTime=143888, downTime=143888, deviceId=-1, source=0x101 }
D/InputEventConsistencyVerifier(  989):   2: sent at 143888000000, (unhandled) KeyEvent { action=ACTION_UP, keyCode=KEYCODE_DPAD_UP, scanCode=0, metaState=0, flags=0x400, repeatCount=0, eventTime=143888, downTime=143888, deviceId=-1, source=0x101 }
D/InputEventConsistencyVerifier(  989):   3: sent at 143888000000, (unhandled) KeyEvent { action=ACTION_DOWN, keyCode=KEYCODE_DPAD_UP, scanCode=0, metaState=0, flags=0x400, repeatCount=0, eventTime=143888, downTime=143888, deviceId=-1, source=0x101 }
D/InputEventConsistencyVerifier(  989):   4: sent at 143887000000, (unhandled) KeyEvent { action=ACTION_UP, keyCode=KEYCODE_DPAD_UP, scanCode=0, metaState=0, flags=0x400, repeatCount=0, eventTime=143887, downTime=143887, deviceId=-1, source=0x101 }
D/InputEventConsistencyVerifier(  989):   5: sent at 143887000000, (unhandled) KeyEvent { action=ACTION_DOWN, keyCode=KEYCODE_DPAD_UP, scanCode=0, metaState=0, flags=0x400, repeatCount=0, eventTime=143887, downTime=143887, deviceId=-1, source=0x101 }
I/Choreographer(  410): Skipped 68 frames!  The application may be doing too much work on its main thread.
W/IInputConnectionWrapper(  989): beginBatchEdit on inactive InputConnection
W/IInputConnectionWrapper(  989): sendKeyEvent on inactive InputConnection
W/IInputConnectionWrapper(  989): sendKeyEvent on inactive InputConnection
I/InputAttributes(  410): InputType.TYPE_NULL is specified
W/IInputConnectionWrapper(  989): endBatchEdit on inactive InputConnection
I/Choreographer(  410): Skipped 96 frames!  The application may be doing too much work on its main thread.
D/InputEventConsistencyVerifier(  989): TrackballEvent: Trackball is down but pressure is not greater than 0.
D/InputEventConsistencyVerifier(  989):   in android.view.ViewRootImpl@b3e79f78
D/InputEventConsistencyVerifier(  989):   0: sent at 146108000000, MotionEvent { action=ACTION_DOWN, id[0]=0, x[0]=0.0, y[0]=0.0, toolType[0]=TOOL_TYPE_UNKNOWN, buttonState=0, metaState=0, flags=0x0, edgeFlags=0x0, pointerCount=1, historySize=0, eventTime=146108, downTime=145566, deviceId=0, source=0x10004 }
D/InputEventConsistencyVerifier(  989):   -- recent events --
D/InputEventConsistencyVerifier(  989):   1: sent at 146106000000, MotionEvent { action=ACTION_MOVE, id[0]=0, x[0]=2.0, y[0]=-1.0, toolType[0]=TOOL_TYPE_UNKNOWN, buttonState=0, metaState=0, flags=0x0, edgeFlags=0x0, pointerCount=1, historySize=1, eventTime=146106, downTime=-1, deviceId=0, source=0x10004 }
D/InputEventConsistencyVerifier(  989):   2: sent at 146105000000, KeyEvent { action=ACTION_UP, keyCode=KEYCODE_DPAD_LEFT, scanCode=0, metaState=0, flags=0x400, repeatCount=0, eventTime=146105, downTime=146105, deviceId=-1, source=0x101 }
D/InputEventConsistencyVerifier(  989):   3: sent at 146105000000, KeyEvent { action=ACTION_DOWN, keyCode=KEYCODE_DPAD_LEFT, scanCode=0, metaState=0, flags=0x400, repeatCount=0, eventTime=146105, downTime=146105, deviceId=-1, source=0x101 }
D/InputEventConsistencyVerifier(  989):   4: sent at 146104000000, KeyEvent { action=ACTION_UP, keyCode=KEYCODE_DPAD_LEFT, scanCode=0, metaState=0, flags=0x400, repeatCount=0, eventTime=146104, downTime=146104, deviceId=-1, source=0x101 }
D/InputEventConsistencyVerifier(  989):   5: sent at 146104000000, KeyEvent { action=ACTION_DOWN, keyCode=KEYCODE_DPAD_LEFT, scanCode=0, metaState=0, flags=0x400, repeatCount=0, eventTime=146104, downTime=146104, deviceId=-1, source=0x101 }
D/InputEventConsistencyVerifier(  989): KeyEvent: ACTION_UP but key was not down.
D/InputEventConsistencyVerifier(  989):   in android.widget.NumberPicker@b3ea5b40
D/InputEventConsistencyVerifier(  989):   0: sent at 146601000000, KeyEvent { action=ACTION_UP, keyCode=KEYCODE_DPAD_RIGHT, scanCode=0, metaState=0, flags=0x400, repeatCount=0, eventTime=146601, downTime=146601, deviceId=-1, source=0x101 }
D/InputEventConsistencyVerifier(  989):   -- recent events --
D/InputEventConsistencyVerifier(  989):   1: sent at 143614000000, (unhandled) KeyEvent { action=ACTION_DOWN, keyCode=KEYCODE_DPAD_LEFT, scanCode=0, metaState=0, flags=0x400, repeatCount=0, eventTime=143614, downTime=143614, deviceId=-1, source=0x101 }
D/InputEventConsistencyVerifier(  989):   2: sent at 143588000000, (unhandled) MotionEvent { action=ACTION_MOVE, id[0]=0, x[0]=-4.0, y[0]=-1.0, toolType[0]=TOOL_TYPE_UNKNOWN, buttonState=0, metaState=0, flags=0x0, edgeFlags=0x0, pointerCount=1, historySize=4, eventTime=143588, downTime=-1, deviceId=0, source=0x10004 }
D/InputEventConsistencyVerifier(  989):   3: sent at 142796000000, (unhandled) KeyEvent { action=ACTION_UP, keyCode=KEYCODE_DPAD_RIGHT, scanCode=0, metaState=0, flags=0x80000008, repeatCount=0, eventTime=142796, downTime=142796, deviceId=-1, source=0x101 }
D/InputEventConsistencyVerifier(  989):   4: sent at 132006000000, (unhandled) KeyEvent { action=ACTION_UP, keyCode=KEYCODE_MENU, scanCode=0, metaState=0, flags=0x8, repeatCount=0, eventTime=132006, downTime=132006, deviceId=-1, source=0x101 }
D/InputEventConsistencyVerifier(  989):   5: sent at 131894000000, (unhandled) KeyEvent { action=ACTION_DOWN, keyCode=KEYCODE_MENU, scanCode=0, metaState=0, flags=0x8, repeatCount=0, eventTime=131894, downTime=131894, deviceId=-1, source=0x101 }
I/InputAttributes(  410): InputType.TYPE_NULL is specified
I/Choreographer(  410): Skipped 42 frames!  The application may be doing too much work on its main thread.
I/InputAttributes(  410): InputType.TYPE_NULL is specified
D/InputEventConsistencyVerifier(  989): KeyEvent: ACTION_UP but key was not down.
D/InputEventConsistencyVerifier(  989):   in android.widget.Button@b3e34d50
D/InputEventConsistencyVerifier(  989):   0: sent at 146602000000, KeyEvent { action=ACTION_UP, keyCode=KEYCODE_DPAD_RIGHT, scanCode=0, metaState=0, flags=0x400, repeatCount=0, eventTime=146602, downTime=146602, deviceId=-1, source=0x101 }
D/InputEventConsistencyVerifier(  989):   -- recent events --
D/InputEventConsistencyVerifier(  989):   1: sent at 130431000000, (unhandled) KeyEvent { action=ACTION_UP, keyCode=KEYCODE_MENU, scanCode=0, metaState=0, flags=0x8, repeatCount=0, eventTime=130431, downTime=130431, deviceId=-1, source=0x101 }
D/InputEventConsistencyVerifier(  989):   2: sent at 130386000000, (unhandled) KeyEvent { action=ACTION_DOWN, keyCode=KEYCODE_MENU, scanCode=0, metaState=0, flags=0x8, repeatCount=0, eventTime=130386, downTime=130386, deviceId=-1, source=0x101 }
D/InputEventConsistencyVerifier(  989):   3: sent at 130130000000, (unhandled) KeyEvent { action=ACTION_UP, keyCode=KEYCODE_MOVE_HOME, scanCode=0, metaState=0, flags=0x8, repeatCount=0, eventTime=130130, downTime=130130, deviceId=-1, source=0x101 }
D/InputEventConsistencyVerifier(  989):   4: sent at 130130000000, (unhandled) KeyEvent { action=ACTION_UP, keyCode=KEYCODE_NUMPAD_7, scanCode=0, metaState=0, flags=0x8, repeatCount=0, eventTime=130130, downTime=130130, deviceId=-1, source=0x101 }
D/InputEventConsistencyVerifier(  989):   5: sent at 130074000000, (unhandled) KeyEvent { action=ACTION_DOWN, keyCode=KEYCODE_MOVE_HOME, scanCode=0, metaState=0, flags=0x8, repeatCount=0, eventTime=130074, downTime=130074, deviceId=-1, source=0x101 }
I/Choreographer(  410): Skipped 57 frames!  The application may be doing too much work on its main thread.
D/InputEventConsistencyVerifier(  989): KeyEvent: ACTION_UP but key was not down.
D/InputEventConsistencyVerifier(  989):   in android.widget.NumberPicker@b3ea5b40
D/InputEventConsistencyVerifier(  989):   0: sent at 146624000000, KeyEvent { action=ACTION_UP, keyCode=KEYCODE_DPAD_UP, scanCode=0, metaState=0, flags=0x8, repeatCount=0, eventTime=146624, downTime=146624, deviceId=-1, source=0x101 }
D/InputEventConsistencyVerifier(  989):   -- recent events --
D/InputEventConsistencyVerifier(  989):   1: sent at 146602000000, (unhandled) KeyEvent { action=ACTION_DOWN, keyCode=KEYCODE_DPAD_RIGHT, scanCode=0, metaState=0, flags=0x400, repeatCount=0, eventTime=146602, downTime=146602, deviceId=-1, source=0x101 }
D/InputEventConsistencyVerifier(  989):   2: sent at 146601000000, (unhandled) KeyEvent { action=ACTION_UP, keyCode=KEYCODE_DPAD_RIGHT, scanCode=0, metaState=0, flags=0x80000400, repeatCount=0, eventTime=146601, downTime=146601, deviceId=-1, source=0x101 }
D/InputEventConsistencyVerifier(  989):   3: sent at 143614000000, (unhandled) KeyEvent { action=ACTION_DOWN, keyCode=KEYCODE_DPAD_LEFT, scanCode=0, metaState=0, flags=0x400, repeatCount=0, eventTime=143614, downTime=143614, deviceId=-1, source=0x101 }
D/InputEventConsistencyVerifier(  989):   4: sent at 143588000000, (unhandled) MotionEvent { action=ACTION_MOVE, id[0]=0, x[0]=-4.0, y[0]=-1.0, toolType[0]=TOOL_TYPE_UNKNOWN, buttonState=0, metaState=0, flags=0x0, edgeFlags=0x0, pointerCount=1, historySize=4, eventTime=143588, downTime=-1, deviceId=0, source=0x10004 }
D/InputEventConsistencyVerifier(  989):   5: sent at 142796000000, (unhandled) KeyEvent { action=ACTION_UP, keyCode=KEYCODE_DPAD_RIGHT, scanCode=0, metaState=0, flags=0x80000008, repeatCount=0, eventTime=142796, downTime=142796, deviceId=-1, source=0x101 }
I/InputAttributes(  410): InputType.TYPE_NULL is specified
I/Choreographer(  410): Skipped 44 frames!  The application may be doing too much work on its main thread.
D/InputEventConsistencyVerifier(  989): KeyEvent: ACTION_UP but key was not down.
D/InputEventConsistencyVerifier(  989):   in android.widget.NumberPicker@b3e3faf0
D/InputEventConsistencyVerifier(  989):   0: sent at 147540000000, KeyEvent { action=ACTION_UP, keyCode=KEYCODE_DPAD_LEFT, scanCode=0, metaState=0, flags=0x8, repeatCount=0, eventTime=147540, downTime=147540, deviceId=-1, source=0x101 }
D/InputEventConsistencyVerifier(  989):   -- recent events --
D/InputEventConsistencyVerifier(  989):   1: sent at 146601000000, (unhandled) KeyEvent { action=ACTION_DOWN, keyCode=KEYCODE_DPAD_RIGHT, scanCode=0, metaState=0, flags=0x400, repeatCount=0, eventTime=146601, downTime=146601, deviceId=-1, source=0x101 }
D/InputEventConsistencyVerifier(  989):   2: sent at 146109000000, (unhandled) MotionEvent { action=ACTION_UP, id[0]=0, x[0]=0.0, y[0]=0.0, toolType[0]=TOOL_TYPE_UNKNOW