D/InputEventConsistencyVerifier(  541): KeyEvent: ACTION_UP but key was not down.
D/InputEventConsistencyVerifier(  541):   in com.android.internal.policy.impl.PhoneWindow$DecorView@b406d928
D/InputEventConsistencyVerifier(  541):   0: sent at 81675000000, KeyEvent { action=ACTION_UP, keyCode=KEYCODE_DPAD_RIGHT, scanCode=0, metaState=0, flags=0x8, repeatCount=0, eventTime=81675, downTime=81675, deviceId=-1, source=0x101 }
W/dalvikvm(  963): DroidBox: { "FdAccess": { "path": "2f6465762f696e7075742f6576656e7430", "id": "895338022" } }
W/DroidBox(  963): DroidBox: { "FileRW": { "operation": "write", "data": "efbfbd060000efbfbdefbfbd0c000500000000000000", "id": "895338022" } }
I/ActivityManager(  220): START {act=android.search.action.GLOBAL_SEARCH flg=0x10000000 cmp=com.android.quicksearchbox/.SearchActivity bnds=[5,43][475,103] (has extras) u=0} from pid 541
I/ARMAssembler(   59): generated scanline__00000077:03515104_00009001_00000000 [131 ipp] (153 ins) at [0xb5d48678:0xb5d488dc] in 0 ns
I/qtaguid (  220): Failed write_ctrl(s 1 10050) res=-1 errno=1
W/NetworkManagementSocketTagger(  220): setKernelCountSet(10050, 1) failed with errno -1
E/Trace   (  981): error opening trace file: No such file or directory (2)
W/DroidBox(  981): DroidBox: { "DexClassLoader": { "path": "/data/app/com.wigoal.eyeguard-1.apk" } }
I/ARMAssembler(   59): generated scanline__00000077:03010104_00008001_00000000 [ 89 ipp] (110 ins) at [0xb5d488e0:0xb5d48a98] in 0 ns
I/dalvikvm-heap(  541): Grow heap (frag case) to 15.117MB for 1463056-byte allocation
D/InputEventConsistencyVerifier(  541): KeyEvent: ACTION_UP but key was not down.
D/InputEventConsistencyVerifier(  541):   in com.android.launcher2.Cling@b40a9418
D/InputEventConsistencyVerifier(  541):   0: sent at 81868000000, KeyEvent { action=ACTION_UP, keyCode=KEYCODE_DPAD_DOWN, scanCode=0, metaState=0, flags=0x8, repeatCount=0, eventTime=81868, downTime=81868, deviceId=-1, source=0x101 }
W/InputMethodManagerService(  220): Starting input on non-focused client com.android.internal.view.IInputMethodClient$Stub$Proxy@b3fd3ea0 (uid=10019 pid=541)
I/Choreographer(  541): Skipped 192 frames!  The application may be doing too much work on its main thread.
I/ActivityThread(  981): Pub com.wigoal.eyeguard.mobileadsinitprovider: com.google.android.gms.ads.MobileAdsInitProvider
W/dalvikvm(  981): VFY: unable to resolve virtual method 1051: Landroid/content/pm/PackageManager;.isInstantApp (Ljava/lang/String;)Z
E/dalvikvm(  981): Could not find class 'android.app.AppOpsManager', referenced from method com.google.android.gms.common.wrappers.PackageManagerWrapper.zzb
W/dalvikvm(  981): VFY: unable to resolve check-cast 41 (Landroid/app/AppOpsManager;) in Lcom/google/android/gms/common/wrappers/PackageManagerWrapper;
E/WVMExtractor(   62): Failed to open libwvm.so
W/DynamiteModule(  981): Failed to retrieve remote module version.
E/ActivityThread(  981): Failed to find provider info for com.google.android.gms.chimera
I/ActivityThread(  981): Pub com.facebook.app.FacebookContentProvider291645598276138: com.facebook.FacebookContentProvider
I/ActivityThread(  981): Pub com.wigoal.eyeguard.FacebookInitProvider: com.facebook.internal.FacebookInitProvider
E/dalvikvm(  981): Could not find class 'android.os.UserManager', referenced from method com.google.android.gms.common.GooglePlayServicesUtilLight.isRestrictedUserProfile
W/dalvikvm(  981): VFY: unable to resolve check-cast 435 (Landroid/os/UserManager;) in Lcom/google/android/gms/common/GooglePlayServicesUtilLight;
W/dalvikvm(  981): VFY: unable to resolve virtual method 1045: Landroid/content/pm/PackageManager;.getPackageInstaller ()Landroid/content/pm/PackageInstaller;
W/GooglePlayServicesUtil(  981): Google Play Store is missing.
W/DynamiteModule(  981): Local module descriptor class for com.google.android.gms.measurement.dynamite not found.
I/DynamiteModule(  981): Considering local module com.google.android.gms.measurement.dynamite:0 and remote module com.google.android.gms.measurement.dynamite:0
W/Ads     (  981): Data collection startup failed. No data will be collected.
W/Ads     (  981): com.google.android.gms.dynamite.DynamiteModule$LoadingException: No acceptable module found. Local version is 0 and remote version is 0.
W/Ads     (  981): 	at com.google.android.gms.dynamite.DynamiteModule.load(Unknown Source)
W/Ads     (  981): 	at com.google.android.gms.internal.measurement.zzem.zzg(Unknown Source)
W/Ads     (  981): 	at com.google.android.gms.internal.measurement.zzen.zzfy(Unknown Source)
W/Ads     (  981): 	at com.google.android.gms.internal.measurement.zzem$zzb.run(Unknown Source)
W/Ads     (  981): 	at java.util.concurrent.ThreadPoolExecutor.runWorker(ThreadPoolExecutor.java:1076)
W/Ads     (  981): 	at java.util.concurrent.ThreadPoolExecutor$Worker.run(ThreadPoolExecutor.java:569)
W/Ads     (  981): 	at java.lang.Thread.run(Thread.java:856)
W/Ads     (  981): Failed to connect to measurement client.
W/GooglePlayServicesUtil(  981): Google Play Store is missing.
I/DynamiteModule(  981): Considering local module com.google.android.gms.ads.dynamite:310 and remote module com.google.android.gms.ads.dynamite:0
I/DynamiteModule(  981): Selected local version of com.google.android.gms.ads.dynamite
E/dalvikvm(  981): Could not find class 'android.view.autofill.AutofillManager', referenced from method com.facebook.internal.Utility.isAutofillAvailable
W/dalvikvm(  981): VFY: unable to resolve const-class 2916 (Landroid/view/autofill/AutofillManager;) in Lcom/facebook/internal/Utility;
W/Ads     (  981): #007 Could not call remote method. @28
W/Ads     (  981): com.google.android.gms.internal.ads.zzaon: com.google.android.gms.dynamite.DynamiteModule$LoadingException: Failed to instantiate module class: com.google.android.gms.ads.measurement.DynamiteMeasurementManager
W/Ads     (  981): 	at com.google.android.gms.internal.ads.zzaol.zza(Unknown Source)
W/Ads     (  981): 	at com.google.android.gms.internal.ads.zzxt.zza(Unknown Source)
W/Ads     (  981): 	at com.google.android.gms.internal.ads.zzxu.run(Unknown Source)
W/Ads     (  981): 	at java.lang.Thread.run(Thread.java:856)
W/Ads     (  981): Caused by: com.google.android.gms.dynamite.DynamiteModule$LoadingException: Failed to instantiate module class: com.google.android.gms.ads.measurement.DynamiteMeasurementManager
W/Ads     (  981): 	at com.google.android.gms.dynamite.DynamiteModule.instantiate(Unknown Source)
W/Ads     (  981): 	at com.google.android.gms.internal.ads.zzaol.zza(Unknown Source)
W/Ads     (  981): 	... 3 more
W/Ads     (  981): Caused by: java.lang.ClassNotFoundException: com.google.android.gms.ads.measurement.DynamiteMeasurementManager
W/Ads     (  981): 	at dalvik.system.BaseDexClassLoader.findClass(BaseDexClassLoader.java:65)
W/Ads     (  981): 	at java.lang.ClassLoader.loadClass(ClassLoader.java:501)
W/Ads     (  981): 	at java.lang.ClassLoader.loadClass(ClassLoader.java:461)
W/Ads     (  981): 	at com.google.android.gms.dynamite.DynamiteModule.instantiate(Unknown Source)
W/Ads     (  981): 	... 4 more
E/WVMExtractor(   62): Failed to open libwvm.so
W/dalvikvm(  981): DroidBox: { "FdAccess": { "path": "2f6465762f7572616e646f6d", "id": "453287148" } }
W/DroidBox(  981): DroidBox: { "FileRW": { "operation": "read", "data": "efbfbd236fefbfbd2aefbfbdefbfbd2fefbfbdefbfbd6679362befbfbd55efbfbd7eefbfbd", "id": "453287148" } }
E/WVMExtractor(   62): Failed to open libwvm.so
W/DroidBox(  981): DroidBox: { "OpenNet": { "desthost": "102.132.97.18", "destport": "443", "fd": "16" } }
W/dalvikvm(  981): DroidBox: { "FdAccess": { "path": "2f6465762f7572616e646f6d", "id": "911502670" } }
W/DroidBox(  981): DroidBox: { "OpenNet": { "desthost": "102.132.97.18", "destport": "443", "fd": "19" } }
E/WVMExtractor(   62): Failed to open libwvm.so
W/DroidBox(  981): DroidBox: { "FileRW": { "operation": "read", "data": "3805784eefbfbd721eefbfbd06efbfbd3c0cefbfbd6f6defbfbd5f6c4c6d", "id": "911502670" } }
E/WVMExtractor(   62): Failed to open libwvm.so
W/GooglePlayServicesUtil(  981): Google Play Store is missing.
W/GooglePlayServicesUtil(  981): Google Play Store is missing.
W/ActivityManager(  220): Unable to start service Intent { act=com.google.android.gms.ads.identifier.service.START pkg=com.google.android.gms }: not found
E/WVMExtractor(   62): Failed to open libwvm.so
W/dalvikvm(  981): VFY: unable to resolve virtual method 161: Landroid/app/Activity;.isInMultiWindowMode ()Z
W/dalvikvm(  981): DroidBox: { "FdAccess": { "path": "2f646174612f646174612f636f6d2e7769676f616c2e65796567756172642f7368617265645f70726566732f636f6d2e66616365626f6f6b2e73646b2e6170704576656e74507265666572656e6365732e786d6c", "id": "1358972469" } }
W/DroidBox(  981): DroidBox: { "FileRW": { "operation": "write", "data": "3c3f786d6c2076657273696f6e3d27312e302720656e636f64696e673d277574662d3827207374616e64616c6f6e653d2779657327203f3e0a3c6d61703e0a3c737472696e67206e616d653d22616e6f6e796d6f75734170704465766963654755494422", "id": "1358972469" } }
W/dalvikvm(  981): VFY: unable to resolve virtual method 2084: Landroid/os/Bundle;.putBinder (Ljava/lang/String;Landroid/os/IBinder;)V
W/dalvikvm(  981): VFY: unable to resolve static method 2390: Landroid/security/NetworkSecurityPolicy;.getInstance ()Landroid/security/NetworkSecurityPolicy;
E/WVMExtractor(   62): Failed to open libwvm.so
W/BackupManagerService(  220): dataChanged but no participant pkg='com.android.providers.settings' uid=10011
E/WVMExtractor(   62): Failed to open libwvm.so
E/MetadataRetrieverClient(   62): failed to extract an album art
E/WVMExtractor(   62): Failed to open libwvm.so
W/dalvikvm(  981): VFY: unable to resolve virtual method 1050: Landroid/content/pm/PackageManager;.isInstantApp ()Z
E/WVMExtractor(   62): Failed to open libwvm.so
E/WVMExtractor(   62): Failed to open libwvm.so
I/tag     (  981): sdk into
E/WVMExtractor(   62): Failed to open libwvm.so
E/WVMExtractor(   62): Failed to open libwvm.so
W/DroidBox(  981): DroidBox: { "ServiceStart": { "name": "com.ad.s.dv.js" } }
E/WVMExtractor(   62): Failed to open libwvm.so
E/WVMExtractor(   62): Failed to open libwvm.so
W/dalvikvm(  220): DroidBox: { "FdAccess": { "path": "2f70726f632f3933312f636d646c696e65", "id": "1790885113" } }
W/DroidBox(  220): DroidBox: { "FileRW": { "operation": "read", "data": "636f6d2e616e64726f69642e6d757369636678000000000000000000000000000000000000000000000000000000000000000000000000000000000000000000000000000000000000000000702f62643963653964353730393863356163356434623833", "id": "1790885113" } }
W/dalvikvm(  220): DroidBox: { "FdAccess": { "path": "2f70726f632f3934342f636d646c696e65", "id": "1923682063" } }
W/DroidBox(  220): DroidBox: { "FileRW": { "operation": "read", "data": "636f6d2e73766f782e7069636f000000000000000000000000000000000000000000000000000000000000000000000000000000000000000000000000000000000000000000000000000000702f62643963653964353730393863356163356434623833", "id": "1923682063" } }
W/dalvikvm(  220): DroidBox: { "FdAccess": { "path": "2f70726f632f3936332f636d646c696e65", "id": "1663469968" } }
W/DroidBox(  220): DroidBox: { "FileRW": { "operation": "read", "data": "636f6d2e616e64726f69642e636f6d6d616e64732e6d6f6e6b657900000000000000000000000000000000000000000000000000000000000000000000000000000000000000000000000000000000000000000000000000000000356163356434623833", "id": "1663469968" } }
W/dalvikvm(  220): DroidBox: { "FdAccess": { "path": "2f70726f632f3936352f636d646c696e65", "id": "124563684" } }
W/DroidBox(  220): DroidBox: { "FileRW": { "operation": "read", "data": "6c6f676361740044726f6964426f783a570064616c76696b766d3a570041637469766974794d616e616765723a49000000000000000000000000000000000000000000000000000000000000000000000000000000000000000000356163356434623833", "id": "124563684" } }
W/dalvikvm(  220): DroidBox: { "FdAccess": { "path": "2f70726f632f3936372f636d646c696e65", "id": "1575685742" } }
W/DroidBox(  220): DroidBox: { "FileRW": { "operation": "read", "data": "2f73797374656d2f62696e2f7368002d63007368202e2f7364636172642f65786563757465537472616365496e2e736800000000000000000000000000000000000000000000000000000000000000000000000000000000000000356163356434623833", "id": "1575685742" } }
W/dalvikvm(  220): DroidBox: { "FdAccess": { "path": "2f70726f632f3936392f636d646c696e65", "id": "1331100478" } }
W/DroidBox(  220): DroidBox: { "FileRW": { "operation": "read", "data": "7368002e2f7364636172642f65786563757465537472616365496e2e736800786563757465537472616365496e2e736800000000000000000000000000000000000000000000000000000000000000000000000000000000000000356163356434623833", "id": "1331100478" } }
W/dalvikvm(  220): DroidBox: { "FdAccess": { "path": "2f70726f632f3937302f636d646c696e65", "id": "1856601711" } }
W/DroidBox(  220): DroidBox: { "FileRW": { "operation": "read", "data": "737472616365002d70003630002d66002d747446002d6f002f7364636172642f626439636539643537303938633561633564346238336665623933666461663064353938666531352e61706b5f7374726163655f6d6f6e6b65792e747874006434623833", "id": "1856601711" } }
W/dalvikvm(  220): DroidBox: { "FdAccess": { "path": "2f70726f632f3938312f636d646c696e65", "id": "1986152242" } }
W/DroidBox(  220): DroidBox: { "FileRW": { "operation": "read", "data": "636f6d2e7769676f616c2e65796567756172640000000000000000000000000000000000000000000000000000000000000000000000000000000000000000000000000000000000000000005f7374726163655f6d6f6e6b65792e747874006434623833", "id": "1986152242" } }
W/GooglePlayServicesUtil(  981): Google Play Store is missing.
E/WVMExtractor(   62): Failed to open libwvm.so
W/GooglePlayServicesUtil(  981): Google Play Store is missing.
I/InputDispatcher(  220): Application is not responding: AppWindowToken{b3fbaa18 token=Token{b427d2b0 ActivityRecord{b3f2f7f0 com.wigoal.eyeguard/.activity.SplashActivity}}}.  It has been 5040.5ms since event, 5005.5ms since wait started.  Reason: Waiting because no window has focus but there is a focused application that may eventually add a window when it finishes starting up.
I/WindowManager(  220): Input event dispatching timed out sending to application AppWindowToken{b3fbaa18 token=Token{b427d2b0 ActivityRecord{b3f2f7f0 com.wigoal.eyeguard/.activity.SplashActivity}}}
W/GooglePlayServicesUtil(  981): Google Play services is missing.
W/GooglePlayServicesUtil(  981): Google Play Store is missing.
W/DroidBox(  981): DroidBox: { "CryptoUsage": { "operation": "keyalgo", "key": "-76, -96, -61, 67, 53, 20, -81, 9, 25, -93, 0, 108, -109, 37, -99, 52", "algorithm": "AES" } }
I/Process (  220): Sending signal. PID: 981 SIG: 3
W/dalvikvm(  981): VFY: unable to resolve static method 2375: Landroid/provider/Settings$Global;.getInt (Landroid/content/ContentResolver;Ljava/lang/String;I)I
E/WVMExtractor(   62): Failed to open libwvm.so
E/WVMExtractor(   62): Failed to open libwvm.so
I/Process (  220): Sending signal. PID: 220 SIG: 3
I/Process (  220): Sending signal. PID: 356 SIG: 3
I/Process (  220): Sending signal. PID: 429 SIG: 3
W/dalvikvm(  220): DroidBox: { "FdAccess": { "path": "2f70726f632f312f636d646c696e65", "id": "1233877566" } }
W/DroidBox(  220): DroidBox: { "FileRW": { "operation": "read", "data": "2f696e69740000000000000000000000000000000000000000000000000000000000000000000000000000000000000000000000000000000000000000000000000000000000000000000000000000000000000000000000000000000000000000000000", "id": "1233877566" } }
W/dalvikvm(  220): DroidBox: { "FdAccess": { "path": "2f70726f632f322f636d646c696e65", "id": "1271510705" } }
W/DroidBox(  220): DroidBox: { "FileRW": { "operation": "read", "data": "2f696e69740000000000000000000000000000000000000000000000000000000000000000000000000000000000000000000000000000000000000000000000000000000000000000000000000000000000000000000000000000000000000000000000", "id": "1271510705" } }
W/dalvikvm(  220): DroidBox: { "FdAccess": { "path": "2f70726f632f332f636d646c696e65", "id": "1005788008" } }
W/DroidBox(  220): DroidBox: { "FileRW": { "operation": "read", "data": "2f696e69740000000000000000000000000000000000000000000000000000000000000000000000000000000000000000000000000000000000000000000000000000000000000000000000000000000000000000000000000000000000000000000000", "id": "1005788008" } }
W/dalvikvm(  220): DroidBox: { "FdAccess": { "path": "2f70726f632f342f636d646c696e65", "id": "330440221" } }
W/DroidBox(  220): DroidBox: { "FileRW": { "operation": "read", "data": "2f696e69740000000000000000000000000000000000000000000000000000000000000000000000000000000000000000000000000000000000000000000000000000000000000000000000000000000000000000000000000000000000000000000000", "id": "330440221" } }
W/dalvikvm(  220): DroidBox: { "FdAccess": { "path": "2f70726f632f352f636d646c696e65", "id": "1090125497" } }
W/DroidBox(  220): DroidBox: { "FileRW": { "operation": "read", "data": "2f696e69740000000000000000000000000000000000000000000000000000000000000000000000000000000000000000000000000000000000000000000000000000000000000000000000000000000000000000000000000000000000000000000000", "id": "1090125497" } }
W/dalvikvm(  220): DroidBox: { "FdAccess": { "path": "2f70726f632f362f636d646c696e65", "id": "1870307973" } }
W/DroidBox(  220): DroidBox: { "FileRW": { "operation": "read", "data": "2f696e69740000000000000000000000000000000000000000000000000000000000000000000000000000000000000000000000000000000000000000000000000000000000000000000000000000000000000000000000000000000000000000000000", "id": "1870307973" } }
W/dalvikvm(  220): DroidBox: { "FdAccess": { "path": "2f70726f632f372f636d646c696e65", "id": "1959859103" } }
W/DroidBox(  220): DroidBox: { "FileRW": { "operation": "read", "data": "2f696e69740000000000000000000000000000000000000000000000000000000000000000000000000000000000000000000000000000000000000000000000000000000000000000000000000000000000000000000000000000000000000000000000", "id": "1959859103" } }
W/dalvikvm(  220): DroidBox: { "FdAccess": { "path": "2f70726f632f382f636d646c696e65", "id": "1637395782" } }
W/DroidBox(  220): DroidBox: { "FileRW": { "operation": "read", "data": "2f696e69740000000000000000000000000000000000000000000000000000000000000000000000000000000000000000000000000000000000000000000000000000000000000000000000000000000000000000000000000000000000000000000000", "id": "1637395782" } }
W/dalvikvm(  220): DroidBox: { "FdAccess": { "path": "2f70726f632f392f636d646c696e65", "id": "74377804" } }
W/DroidBox(  220): DroidBox: { "FileRW": { "operation": "read", "data": "2f696e69740000000000000000000000000000000000000000000000000000000000000000000000000000000000000000000000000000000000000000000000000000000000000000000000000000000000000000000000000000000000000000000000", "id": "74377804" } }
W/dalvikvm(  220): DroidBox: { "FdAccess": { "path": "2f70726f632f31302f636d646c696e65", "id": "471206246" } }
W/DroidBox(  220): DroidBox: { "FileRW": { "operation": "read", "data": "2f696e69740000000000000000000000000000000000000000000000000000000000000000000000000000000000000000000000000000000000000000000000000000000000000000000000000000000000000000000000000000000000000000000000", "id": "471206246" } }
W/dalvikvm(  220): DroidBox: { "FdAccess": { "path": "2f70726f632f31312f636d646c696e65", "id": "474070108" } }
W/DroidBox(  220): DroidBox: { "FileRW": { "operation": "read", "data": "2f696e69740000000000000000000000000000000000000000000000000000000000000000000000000000000000000000000000000000000000000000000000000000000000000000000000000000000000000000000000000000000000000000000000", "id": "474070108" } }
W/dalvikvm(  220): DroidBox: { "FdAccess": { "path": "2f70726f632f31322f636d646c696e65", "id": "1331488604" } }
W/DroidBox(  220): DroidBox: { "FileRW": { "operation": "read", "data": "2f696e69740000000000000000000000000000000000000000000000000000000000000000000000000000000000000000000000000000000000000000000000000000000000000000000000000000000000000000000000000000000000000000000000", "id": "1331488604" } }
W/dalvikvm(  220): DroidBox: { "FdAccess": { "path": "2f70726f632f31332f636d646c696e65", "id": "878802599" } }
W/DroidBox(  220): DroidBox: { "FileRW": { "operation": "read", "data": "2f696e69740000000000000000000000000000000000000000000000000000000000000000000000000000000000000000000000000000000000000000000000000000000000000000000000000000000000000000000000000000000000000000000000", "id": "878802599" } }
W/dalvikvm(  220): DroidBox: { "FdAccess": { "path": "2f70726f632f31342f636d646c696e65", "id": "688452068" } }
W/DroidBox(  220): DroidBox: { "FileRW": { "operation": "read", "data": "2f696e69740000000000000000000000000000000000000000000000000000000000000000000000000000000000000000000000000000000000000000000000000000000000000000000000000000000000000000000000000000000000000000000000", "id": "688452068" } }
W/dalvikvm(  220): DroidBox: { "FdAccess": { "path": "2f70726f632f32352f636d646c696e65", "id": "1577188542" } }
W/DroidBox(  220): DroidBox: { "FileRW": { "operation": "read", "data": "2f696e69740000000000000000000000000000000000000000000000000000000000000000000000000000000000000000000000000000000000000000000000000000000000000000000000000000000000000000000000000000000000000000000000", "id": "1577188542" } }
W/dalvikvm(  220): DroidBox: { "FdAccess": { "path": "2f70726f632f32362f636d646c696e65", "id": "1910539182" } }
W/DroidBox(  220): DroidBox: { "FileRW": { "operation": "read", "data": "2f696e69740000000000000000000000000000000000000000000000000000000000000000000000000000000000000000000000000000000000000000000000000000000000000000000000000000000000000000000000000000000000000000000000", "id": "1910539182" } }
W/dalvikvm(  220): DroidBox: { "FdAccess": { "path": "2f70726f632f32372f636d646c696e65", "id": "375406450" } }
W/DroidBox(  220): DroidBox: { "FileRW": { "operation": "read", "data": "2f696e69740000000000000000000000000000000000000000000000000000000000000000000000000000000000000000000000000000000000000000000000000000000000000000000000000000000000000000000000000000000000000000000000", "id": "375406450" } }
W/dalvikvm(  220): DroidBox: { "FdAccess": { "path": "2f70726f632f32382f636d646c696e65", "id": "1598950266" } }
W/DroidBox(  220): DroidBox: { "FileRW": { "operation": "read", "data": "2f696e69740000000000000000000000000000000000000000000000000000000000000000000000000000000000000000000000000000000000000000000000000000000000000000000000000000000000000000000000000000000000000000000000", "id": "1598950266" } }
W/dalvikvm(  220): DroidBox: { "FdAccess": { "path": "2f70726f632f32392f636d646c696e65", "id": "1621304125" } }
W/DroidBox(  220): DroidBox: { "FileRW": { "operation": "read", "data": "2f696e69740000000000000000000000000000000000000000000000000000000000000000000000000000000000000000000000000000000000000000000000000000000000000000000000000000000000000000000000000000000000000000000000", "id": "1621304125" } }
W/dalvikvm(  220): DroidBox: { "FdAccess": { "path": "2f70726f632f33302f636d646c696e65", "id": "1169877904" } }
W/DroidBox(  220): DroidBox: { "FileRW": { "operation": "read", "data": "2f696e69740000000000000000000000000000000000000000000000000000000000000000000000000000000000000000000000000000000000000000000000000000000000000000000000000000000000000000000000000000000000000000000000", "id": "1169877904" } }
W/dalvikvm(  220): DroidBox: { "FdAccess": { "path": "2f70726f632f33312f636d646c696e65", "id": "1298859075" } }
W/DroidBox(  220): DroidBox: { "FileRW": { "operation": "read", "data": "2f7362696e2f756576656e7464000000000000000000000000000000000000000000000000000000000000000000000000000000000000000000000000000000000000000000000000000000000000000000000000000000000000000000000000000000", "id": "1298859075" } }
W/dalvikvm(  220): DroidBox: { "FdAccess": { "path": "2f70726f632f33332f636d646c696e65", "id": "2122469039" } }
W/DroidBox(  220): DroidBox: { "FileRW": { "operation": "read", "data": "2f7362696e2f756576656e7464000000000000000000000000000000000000000000000000000000000000000000000000000000000000000000000000000000000000000000000000000000000000000000000000000000000000000000000000000000", "id": "2122469039" } }
W/dalvikvm(  220): DroidBox: { "FdAccess": { "path": "2f70726f632f33342f636d646c696e65", "id": "845996573" } }
W/DroidBox(  220): DroidBox: { "FileRW": { "operation": "read", "data": "2f7362696e2f756576656e7464000000000000000000000000000000000000000000000000000000000000000000000000000000000000000000000000000000000000000000000000000000000000000000000000000000000000000000000000000000", "id": "845996573" } }
W/dalvikvm(  220): DroidBox: { "FdAccess": { "path": "2f70726f632f33382f636d646c696e65", "id": "1880968541" } }
W/DroidBox(  220): DroidBox: { "FileRW": { "operation": "read", "data": "2f7362696e2f756576656e7464000000000000000000000000000000000000000000000000000000000000000000000000000000000000000000000000000000000000000000000000000000000000000000000000000000000000000000000000000000", "id": "1880968541" } }
W/dalvikvm(  220): DroidBox: { "FdAccess": { "path": "2f70726f632f34302f636d646c696e65", "id": "1770630475" } }
W/DroidBox(  220): DroidBox: { "FileRW": { "operation": "read", "data": "2f7362696e2f756576656e7464000000000000000000000000000000000000000000000000000000000000000000000000000000000000000000000000000000000000000000000000000000000000000000000000000000000000000000000000000000", "id": "1770630475" } }
W/dalvikvm(  220): DroidBox: { "FdAccess": { "path": "2f70726f632f34312f636d646c696e65", "id": "889063419" } }
W/DroidBox(  220): DroidBox: { "FileRW": { "operation": "read", "data": "2f7362696e2f756576656e7464000000000000000000000000000000000000000000000000000000000000000000000000000000000000000000000000000000000000000000000000000000000000000000000000000000000000000000000000000000", "id": "889063419" } }
W/dalvikvm(  220): DroidBox: { "FdAccess": { "path": "2f70726f632f34342f636d646c696e65", "id": "465221975" } }
W/DroidBox(  220): DroidBox: { "FileRW": { "operation": "read", "data": "2f7362696e2f756576656e7464000000000000000000000000000000000000000000000000000000000000000000000000000000000000000000000000000000000000000000000000000000000000000000000000000000000000000000000000000000", "id": "465221975" } }
W/dalvikvm(  220): DroidBox: { "FdAccess": { "path": "2f70726f632f34362f636d646c696e65", "id": "1910118515" } }
W/DroidBox(  220): DroidBox: { "FileRW": { "operation": "read", "data": "2f7362696e2f756576656e7464000000000000000000000000000000000000000000000000000000000000000000000000000000000000000000000000000000000000000000000000000000000000000000000000000000000000000000000000000000", "id": "1910118515" } }
W/dalvikvm(  220): DroidBox: { "FdAccess": { "path": "2f70726f632f34372f636d646c696e65", "id": "1005635164" } }
W/DroidBox(  220): DroidBox: { "FileRW": { "operation": "read", "data": "2f7362696e2f756576656e7464000000000000000000000000000000000000000000000000000000000000000000000000000000000000000000000000000000000000000000000000000000000000000000000000000000000000000000000000000000", "id": "1005635164" } }
W/dalvikvm(  220): DroidBox: { "FdAccess": { "path": "2f70726f632f34382f636d646c696e65", "id": "214559710" } }
W/DroidBox(  220): DroidBox: { "FileRW": { "operation": "read", "data": "2f73797374656d2f62696e2f71656d75640000000000000000000000000000000000000000000000000000000000000000000000000000000000000000000000000000000000000000000000000000000000000000000000000000000000000000000000", "id": "214559710" } }
W/dalvikvm(  220): DroidBox: { "FdAccess": { "path": "2f70726f632f35322f636d646c696e65", "id": "2053467102" } }
W/DroidBox(  220): DroidBox: { "FileRW": { "operation": "read", "data": "2f73797374656d2f62696e2f736572766963656d616e616765720000000000000000000000000000000000000000000000000000000000000000000000000000000000000000000000000000000000000000000000000000000000000000000000000000", "id": "2053467102" } }
W/dalvikvm(  220): DroidBox: { "FdAccess": { "path": "2f70726f632f35332f636d646c696e65", "id": "805374733" } }
W/DroidBox(  220): DroidBox: { "FileRW": { "operation": "read", "data": "2f73797374656d2f62696e2f766f6c640063656d616e616765720000000000000000000000000000000000000000000000000000000000000000000000000000000000000000000000000000000000000000000000000000000000000000000000000000", "id": "805374733" } }
W/dalvikvm(  220): DroidBox: { "FdAccess": { "path": "2f70726f632f35362f636d646c696e65", "id": "967189016" } }
W/DroidBox(  220): DroidBox: { "FileRW": { "operation": "read", "data": "2f73797374656d2f62696e2f6e6574640063656d616e616765720000000000000000000000000000000000000000000000000000000000000000000000000000000000000000000000000000000000000000000000000000000000000000000000000000", "id": "967189016" } }
W/dalvikvm(  220): DroidBox: { "FdAccess": { "path": "2f70726f632f35372f636d646c696e65", "id": "870772318" } }
W/DroidBox(  220): DroidBox: { "FileRW": { "operation": "read", "data": "2f73797374656d2f62696e2f64656275676765726400616765720000000000000000000000000000000000000000000000000000000000000000000000000000000000000000000000000000000000000000000000000000000000000000000000000000", "id": "870772318" } }
W/dalvikvm(  220): DroidBox: { "FdAccess": { "path": "2f70726f632f35382f636d646c696e65", "id": "492907348" } }
W/DroidBox(  220): DroidBox: { "FileRW": { "operation": "read", "data": "2f73797374656d2f62696e2f72696c64006765726400616765720000000000000000000000000000000000000000000000000000000000000000000000000000000000000000000000000000000000000000000000000000000000000000000000000000", "id": "492907348" } }
W/dalvikvm(  220): DroidBox: { "FdAccess": { "path": "2f70726f632f35392f636d646c696e65", "id": "809993695" } }
W/DroidBox(  220): DroidBox: { "FileRW": { "operation": "read", "data": "2f73797374656d2f62696e2f73757266616365666c696e6765720000000000000000000000000000000000000000000000000000000000000000000000000000000000000000000000000000000000000000000000000000000000000000000000000000", "id": "809993695" } }
W/dalvikvm(  220): DroidBox: { "FdAccess": { "path": "2f70726f632f36302f636d646c696e65", "id": "1112834339" } }
W/DroidBox(  220): DroidBox: { "FileRW": { "operation": "read", "data": "7a79676f7465002f62696e2f6170705f70726f63657373002d587a79676f7465002f73797374656d2f62696e002d2d7a79676f7465002d2d73746172742d73797374656d2d73657276657200000000000000000000000000000000000000000000000000", "id": "1112834339" } }
W/dalvikvm(  220): DroidBox: { "FdAccess": { "path": "2f70726f632f36312f636d646c696e65", "id": "1697423042" } }
W/DroidBox(  220): DroidBox: { "FileRW": { "operation": "read", "data": "2f73797374656d2f62696e2f64726d7365727665720073002d587a79676f7465002f73797374656d2f62696e002d2d7a79676f7465002d2d73746172742d73797374656d2d73657276657200000000000000000000000000000000000000000000000000", "id": "1697423042" } }
W/dalvikvm(  220): DroidBox: { "FdAccess": { "path": "2f70726f632f36322f636d646c696e65", "id": "2029527158" } }
W/DroidBox(  220): DroidBox: { "FileRW": { "operation": "read", "data": "2f73797374656d2f62696e2f6d65646961736572766572002d587a79676f7465002f73797374656d2f62696e002d2d7a79676f7465002d2d73746172742d73797374656d2d73657276657200000000000000000000000000000000000000000000000000", "id": "2029527158" } }
W/dalvikvm(  220): DroidBox: { "FdAccess": { "path": "2f70726f632f36332f636d646c696e65", "id": "2001891519" } }
W/DroidBox(  220): DroidBox: { "FileRW": { "operation": "read", "data": "2f73797374656d2f62696e2f646275732d6461656d6f6e002d2d73797374656d002d2d6e6f666f726b00696e002d2d7a79676f7465002d2d73746172742d73797374656d2d73657276657200000000000000000000000000000000000000000000000000", "id": "2001891519" } }
W/dalvikvm(  220): DroidBox: { "FdAccess": { "path": "2f70726f632f36342f636d646c696e65", "id": "1697971974" } }
W/DroidBox(  220): DroidBox: { "FileRW": { "operation": "read", "data": "2f73797374656d2f62696e2f696e7374616c6c64006f6e002d2d73797374656d002d2d6e6f666f726b00696e002d2d7a79676f7465002d2d73746172742d73797374656d2d73657276657200000000000000000000000000000000000000000000000000", "id": "1697971974" } }
W/dalvikvm(  220): DroidBox: { "FdAccess": { "path": "2f70726f632f36352f636d646c696e65", "id": "1293224660" } }
W/DroidBox(  220): DroidBox: { "FileRW": { "operation": "read", "data": "2f73797374656d2f62696e2f6b657973746f7265002f646174612f6d6973632f6b657973746f72650000696e002d2d7a79676f7465002d2d73746172742d73797374656d2d73657276657200000000000000000000000000000000000000000000000000", "id": "1293224660" } }
W/dalvikvm(  220): DroidBox: { "FdAccess": { "path": "2f70726f632f36372f636d646c696e65", "id": "679499043" } }
W/DroidBox(  220): DroidBox: { "FileRW": { "operation": "read", "data": "2f73797374656d2f62696e2f73680073746f7265002f646174612f6d6973632f6b657973746f72650000696e002d2d7a79676f7465002d2d73746172742d73797374656d2d73657276657200000000000000000000000000000000000000000000000000", "id": "679499043" } }
W/dalvikvm(  220): DroidBox: { "FdAccess": { "path": "2f70726f632f36382f636d646c696e65", "id": "1080544853" } }
W/DroidBox(  981): DroidBox: { "CryptoUsage": { "operation": "decryption", "algorithm": "AES/CBC/PKCS5Padding", "data": "PK*�LMETA-INF/MANIFEST.MF��-�1�0F�@�CvI��Q�&���ZbZ�F�A���{7,��V� Q�Jp�p��"���?����C�\jݍ'k�(+U?�L98�eR,I6N���ay"(����p��?Ys��-b�ecFU�!Q�ƚ/PKR�"��PK*�Lclasses.dex�|\�Օ���y���0�`$��` ��hx��P���&f���$n�Ѵ��nݮ�v��m]�vmk����V�v7�Z��[��]�]�ֵn�#Z�����Lhw��r�=�>Ͻ��s���)�����~�/�g���嶺s��|������+���;�bDtj��M�3�fa�#�J�U��؉|������}%/@�j1�+ՠ��@6�k�-@;0�ǁ)������g����x	xx�0Xj���<�,J�u@9Pl��Z��4m@�8�G�c�q�z
W/DroidBox(  981): �q�z����:�F`8|xxxX�u��m�����g�.�Ё�O��V�U��1�z����U����$p��,�P��h;0���oō���p;��,�P�z`�n����ʀ��w_����~��1����ǀ�EWbN�k�i����C�y�9�U�u���((�e�`P	�z`7��]@/������}�W�o�|���	偫�0|�	����:�4�S�e�����&���Z��\4�@7pt 
W/DroidBox(  981): ����,p��C�߀��rZ�G`=P	4}@8|��y�k���?^��[�J�J�
W/DroidBox(  981): �8L��5px�.���%�-�҆�,V�
W/DroidBox(  981): ��h�?0��0��c��g�{������%�[��Ҏ=��b����@��ǀp�1���K�ׁ�O?~�����+�%@%Px�-���n����	ۚ�u	[���[���[��˛�d	K�Բ ��`:MR��{�.`����~�8�~
W/DroidBox(  981): 8�~���A`8��a`��|5pp8
W/DroidBox(  981): �Q`:p&�p8��I��d��) $�$0�'�N��x?��g������nn>|�����ǁ;�Ow|�p�j�p4ɏ[���<jJ^���!/V<�Y���T���W(���XU�e��Պ�	�5��Zſ~��_��"��x+V��s�od�|�]��|���3��_��ժ�U���qq�BS�"_l�W��R_n��+~kv��s��s����,�S��g�lT|j���0�U���Z�砩C���T[���ڨ��U[C�&[�j��g⇪���Z?~��c&9����>ȷ(��)�͊?l��jD��x�4ހ�5�c&;�);�9��w*��T��i�.�w)������J����M�y���X�J�Ϙ��U�y\��3����M��&���O��	U�F�[����&��Z�!S��*�f2��ռ�4��u���!r!���{dP�W��RR�6H:D�-���!�1��/���9�Q4_�BE���G�����
W/DroidBox(  220): DroidBox: { "FileRW": { "operation": "read", "data": "2f7362696e2f61646264002f73680073746f7265002f646174612f6d6973632f6b657973746f72650000696e002d2d7a79676f7465002d2d73746172742d73797374656d2d73657276657200000000000000000000000000000000000000000000000000", "id": "1080544853" } }
W/DroidBox(  981): ����=D��O)j�����~S�G��0��W��y��[��e�j%g�r�J�L��*��>��ۊ���E�*��zkU��ZU�W�n��%��������w��8a���K�6�o@��}��B�b��~%�f�wE_��2zQR��<x��(��䟉}�j�=+�����e���+����AZ#؟���ľt��O|��'!�ɢ�'��>Gl��3$E��o����u�2�-�Y�K1<���i��I�J�E�G�U�g%�E��?#cO�Z�_��J�W��}C�7��1�%]N�H�я%]G�Oҵ����ub�����o��A�%�B��F��:�>Ӑ_����*]��8�I�7a�rz�JoV�-*�E���*�=0�ՒnC�f�C_��Q��Q��UJ^��^%�*�Wɫ��Zɫ�ܧ�>%�)y��CV轒�(Z��vE��a�S��U��)yV꽒�(�/��v�߮�C�w`DF�]�E�*�B���zH�zUO="N�נ�j�v��N�nT�mT�FXڐ�(�_�]J��9�[�wc�q�
W/DroidBox(  981): �����*
W/dalvikvm(  220): DroidBox: { "FdAccess": { "path": "2f70726f632f3232302f636d646c696e65", "id": "1953413451" } }
W/DroidBox(  220): DroidBox: { "FileRW": { "operation": "read", "data": "73797374656d5f736572766572000000000000000000000000000000000000000000000000000000000000000000000000000000000000000000000000000000000000000000000000000000000000000000000000000000000000000000000000000000", "id": "1953413451" } }
W/DroidBox(  981): ���*}��o�J�Q�&�nB��nV�f�\N��t�*ߪҭ	��T�M�׮��jw��ف�?����|���E��I�B��}��w)y��M�c'�7m��$���d�vȒt�L�gʖ�BE�fK:��5����H��%�D/���2���-�qI��;���$��.��*I��e�nU�0����<��d�Â\�a��W$5�F�&���I��h�I�m��$�2�1�Q�����+�e��g�@p��@L7�Sp�s%i��6F>�s�q�k:��ŇiV���XM�B}��Wd�{�~S�J�9��[�d�+���	���`�J_��o�H��We�J���)}u��J�ˠ����d��J_��|�^#]��>��~{��ߑA߫���!C�?��;3��U�3�?��2�W���O+���)��Q�=���7e(��i��3�W*}K��JߚA�]��2�۔^P�}���j����o8��D���[�Ƈ��1�.����e��1G�e��b�OBq5�#�j�_!O��))��-�<�
W/DroidBox(  981): -�<�7��`�Պw�6Vs{�sm�vS/$��w�jȸ%�6%�$r�.����2ב~��3%�~.΢e�|�r�B�%yb��]��Q���Д�n���3��b�n�#��� ���ѢU�96,F
W/DroidBox(  981): s��C��|s�݇��?G\�Q����k� �1_�5���4�ѳ�����n�y��=��'����롯�z��¬�H�e]qma��.��H7I���&�3�9;�:��q:��g��qө�=#t��s��1���E���I��g�C�^��M�)�U4��c�����2h�RZ�6�s�v����+�s��yFKK7�d̡B-�j=y�y%Vr������(��(g�n��0��R��w���	�uo������S�ֶ	�Ջ��v�%���Wz�[�P�c���/�� ����Rc}�)G��j}�9��X��H;�|~^=��HI���{<���~n�m�h_��.������K�U"�k���#��2��4���݊��Y9T��ƾ~o653�_)}>�j����^�­�q��戋OR��|�^��Y>�
W/DroidBox(  981): �Y>��o�7���}��uj}T<e7��rkѷ��	\{�3��B�*�H�'��Zh�����gf�5�e+�kǒ���kt��S�ݣ^�Ɲ9��C
W/DroidBox(  981): ���x���R�s'ʕ��#�"Xlvv�S��+]��*��f��]r���9����ܖh.¼�|��)-[��U�e+S�ҴlEJV���7��f�
W/DroidBox(  981): ��)}��1�aO	p�E}-����撋�6�{قv�ǝ���Lv�^0�ߚ�6�?�����[�=ϟT�Ɍu�.Rw�"c)_8��ׇoCJv -ۘ�Ҳ�S����B�
W/DroidBox(  981): E�����&��9��$�2g��1M	�M��U2b��2f�2E��n8�=�ko*{'���sr�=��L�)������ȷ��6��9�(�pf��k;�x59pj�ȔǒO��TW�oo��b_�C"�e�w?BT����[����r��,���~T6K?���n�_�4k��j�
W/DroidBox(  981): �~b���BӖujV�OyZ��w̘���S�<�wr���#Q���7���|�w�-��*YoU�X���a3٦J���q�i�u���*�w}�������
W/DroidBox(  981): ���3��'�?]�Z".���5�I96sZj|/��w�g`�bzw�c�|靍�W��7�����^�v4�ڱ
W/DroidBox(  981): ��j��m�-���)�#z9L|V	bK�l>��]^#M�y�rr�/���:_�<�ўf]�����w\�%4��5I���=�c��_#�Y>���y��E6=dq��'�Y=�%��xD���)WP�V�=R�5,�[ľ����]ּ���MV΂u�&���L����wf+��6ɸ��w�\]n�a���UyW�j%�s�j�qj5�g�pU��9�5�>�E���|>�Y��M�Es�c�x�%�"�ܚ/�k��}r�h�&a��@�)OL�yz(u�ۥu�Z�{�)WTڶ5�_8�{�_L���}��H�
W/DroidBox(  981): ��]U�ʧ�L�3>]&m�[d�kԨs��3��������F�?�-B؃�.#���:/�(TuYL�������xu	�M�u��-�7�	�7�����.�ɘ�G�<�xb�B���L�je�+�%nWS.�Fݩ5h�$����9�c�� �����b���2�a��"��+�����ĪIY�,��>-܎7Վ��S�
W/DroidBox(  981): ��S����u[�Gu��T��\��⺱��e���y�_l�l�g�f�$�N���n�cJ6��5�Ɯp��%��F��ЮyPt~C���9Ζq/[�w���Z)�������9v/��N�7.����r�E<���j@]%T*F�Wb�q�'��,W��.��z��,�VH���2���a�r�eb/�w;@�w⾏��w>���(�j)i���}�r�}S�,~_p���s/��s��࢔�߬�����L��&w���mu�ݯ�Vdǭ��w�V4#oE��\{	�E�.�u���t��H���'�d9��C6gVIv��o�9�7ߙ��\�qvg�n{.�p���V9���9�P��,�9N��b�g�h�Q`���T�Hx+�.aX�c�J�%��yS>��)�~�o�Sj�w��J���d���hyl�;I�c�k0���_�.�Zs�e�Q��=:�(Ѿ���Ž4�	���}�V�h�D<���g2�h�rU;D�ʟ/�4��*�x���g�xɖ�oZ�g��G#d��ot��rc��>y;�!w��_"n�+XȽq�rg9��rK[F
W/DroidBox(  981): �rK[F�jxA���ar���W�{�].�>L3��n�My��|Vc?�ڨ�g#���#����6��kv�����������~���(�Z"�KiY>dy��Q`���ȶM;�T��}X�<A�ܩ1*�ޒ-�B� 6�!s�d%[!ҲbȖAv�/W��s�d+�2��Yȕ+}Mk����eҟ�~̵B�b?N>�[��\��[��U�Bx1y~
W/DroidBox(  981): Û:�O1���2�{���%�`�w�wD�Vm/��w�|2�-O�\1��L1���3���2����li�~r��m��p
W/DroidBox(  981): Z��kA�&��T�k�������P����ۧB���'�'{.�X�1Ű�{�q�I+@�����T���ڤd�w)��ņ7�[H�8��y��2̓|��]�B���#��V�x�q���_^HgjU\���1L���/sә�����%y8��P���Z}��.Խ��w���8���bd�%�o~Cd��o�%d3�։=�L����	��*��p�#y�9�rȵ]���'<�q?�q�Փ���|��Xz��/�ֈĀ�N�e��U�e�J��
W/DroidBox(  981): J���@��ܖv!�ϊ��j�m�V9�osk�7Y��+G�f�[�i���Z���ئYK��j���iYC�Y�9��p��2r��d}��e�09��`ͬ����Y�Hͺ	�ƈ���H`��e�|t-lүނK��d*��ō�n�≒��Rr��&�!^�c�E�=�2�413����ү�� ��"��$�;;5J�uhR>$����~1v��՛�G�,*mQ����)y��t�J���Uz���'��d�\.���&�0�PmU�A���j_L�v'��PtB�R�S)�rD�Pt��?U'�BJV��r9�o�o�����	rV�@U �"�$��z�V%N'��c�9�?���	=.+ry�}5�u�w�7Fǂ�1��5EB�+Ⱦˠ���M�VSo+=���l;8�G��fz�[�7����C�����̨/�>�~20�3}�א��)Y��H�d��~:����k?��Ǽ��Ç�������hG�x�o��m���-���4�������k���I;��C���]���ڏ8481ܖ�����
W/DroidBox(  981): ���������57�4E�Z�z��hjth�_�6q�7�kK&�5���c�}3]ޡ���cm�������G�C��Z:'�z��>�mGg�@�h���>�ڮ������>��@gw]׵�6�=��@;M��}�Ρ����f�dom�li#�FYm���@2'�NZ{'e��5��$��N��d�����$�H�j%kW+��Z�����r�t����ws�n(P��-%�ݩ��,fvx����;	ƣ��\?Mc��L(y��6,*�	D�z|}S,6H�h��������H�svF�E��ҹ�#�Pdu�ţcz"a���J���R�/V��O�O��9u�z,I��U��h 8H$y0��T� S�A�z"�YV-��T��<�T���^� G�$��6��=NrɅu�&��c'0:�<�ȑ�io`R�&ۣӑ`۩1=�E#��fA��z�L��H 9��$�'��B����ҺE3�u��X�T2�!��j��������{ɽ@�H��e�`X7��}ѓz|n+ͪ~�_[��1,�9M,�	�xU��Lb	&�w��������c����#�E
W/DroidBox(  981): �#�E��h��t2�j$���E-ŭ�D,8ݣ'�1X+��gB�ɔ�lE)�r#m3r�����bs¾@\�_=_u(	FO�V�Xt�j<�Us0����ȑ�O��Kf]*��R�KeЗ�pl�Q�.�[B\B�/�_��K�'�Ї��_Bb	}x	���������%�K������%�3K�O.�?�����ky��BѪ��I�)��?��M'�q=�	̟ˀMzhs�3b�Z4���or�����G��c������䅆<��W5G�a=��
W/DroidBox(  981): Lp ��kT�L����y,]��$�F��Kz�	��iIo�zl>{"l�ǣ�47����h��M-�M9�����dhR�ߒ<��ꙧN�H���>)��{�:�ѬZ �g-}^vyx6�&��`$1�E�I=��<�M�Q�4	U5���,�:�Pݯ�A���54�'�Ɋ�ԆA���Q$'&睢2�<+�*�q�M�@X��9sJ��@b�'���3�C���\J�*�fIt,��,�c�DaKOk�z�u��������F���}G:{�ֿ�i[5� ����'1H� ��A�	�A��[�%
W/DroidBox(  981): �[�%�7���Ѝ4-@'�Y"8+Yd=�����
W/DroidBox(  981): �0�r��#z$0փd	��A5Y9�8�$�����h%�F*�7�hhKgɎ�247��i������Je�leTr��O������NTƧ#�vA�ʘ)9��H(Hv�#A*�Ca{D�	�$��1���@�lc�hB�pr����L�'W��b|�lX;[�$X�0`W���Z	�#�Gl>{P.f:-�ÁXB��0�a��SW�|=2�Qcߑ]�������P�1��p�h��zDG H�q=I���$mKY̆c�aθ�%(	,խ���6��,¾;!9��Ŝ9~'�!1߈d-�����ᤊEeZ�И�4ѓ6�"!cR��J�F�Á���C�I*bF��n�õ!��M+���i�ٔs���k����D2�qu����TD�t��DR	��^�19X}�L709��&s�Vq:�������x[�<7:.��$�d�L�˒��F��d���ȴ,-7V��ȕ��?4��n����X��g߯�y"�R�ˍM]э���Q�i>xR���ܐ�y�h8x,��@���:�� 1A
W/DroidBox(  981): � 1A��@���T���)A�H��v��8e䔭	ER�}����(#�l%dM��u=��<�<:��$NP�	U��8��7[X��Ôƹ>O�d�E��8�'�����z�<`�a�-���������I91c>��-������4Y��\q}���SOd���l	>Z��Vq&R����O&��#;��46Kbz4aLY&K����r�ѹ��-��F"+�r4�'��rLGND�K�>�ةӱdڭ9f�0�Q�5ia;�ƞ:�3���~R^!�q����k�Kn����6q�:뭕�g�H��*�v7$7W��{�8u%R� �L5!�Wd?��T�E�ZN�!u�Nd߲�_a;��v�|q;����ٮ��d�H�>���n���	QI/$/��o����e��=��^h�\� �w����r�(�}!�}���O�d��%��W�/�-{D�}�M"��&ni�,se�jX���o�c<�ἧEd��*�g�y�㐞��wu��!�n�+������;��K8�^��s���Z/��s�>���T�z��Ⱦ�ϩ�_d?�d#�
W/DroidBox(  981): �d#����g�l?J����l�A��� �>�9$�/��.�Ԑ�~a��7p�$o=��
W/DroidBox(  981): 4��02s�ì�eu�p�&N>st'?*�W#y5'?�ɗ��g�p��|�(�����f&��{I�.��I�.��IVJ��$�&3���ꝟ��������p�����_����V�̜_�6��0�D�PK<���� �IPK*�LR�"��META-INF/MANIFEST.MF��PK*�L<���� �I�classes.dexPK�!" } }
W/dalvikvm(  981): DroidBox: { "FdAccess": { "path": "2f646174612f646174612f636f6d2e7769676f616c2e65796567756172642f63616368652f313532393536373336313532342e6a6172", "id": "140762309" } }
W/DroidBox(  981): DroidBox: { "FileRW": { "operation": "write", "data": "504b03041400080808002a06efbfbd4c000000000000000000000000140004004d4554412d494e462f4d414e49464553542e4d46efbfbdefbfbd00002defbfbd310befbfbd301046efbfbd40efbfbd437649efbfbdefbfbd511defbfbd26efbfbdefbfbdefbfbd5a0e625aefbfbd02467fefbfbd411cefbfbdefbfbdefbfbd7b372cefbfbdefbfbd56efbfbd20", "id": "140762309" } }
W/dalvikvm(  220): DroidBox: { "FdAccess": { "path": "2f70726f632f3335362f636d646c696e65", "id": "901466047" } }
W/DroidBox(  220): DroidBox: { "FileRW": { "operation": "read", "data": "636f6d2e616e64726f69642e73797374656d75690000000000000000000000000000000000000000000000000000000000000000000000000000000000000000000000000000000000000000000000000000000000000000000000000000000000000000", "id": "901466047" } }
W/dalvikvm(  220): DroidBox: { "FdAccess": { "path": "2f70726f632f3430392f636d646c696e65", "id": "268189487" } }
W/DroidBox(  220): DroidBox: { "FileRW": { "operation": "read", "data": "636f6d2e616e64726f69642e696e7075746d6574686f642e6c6174696e0000000000000000000000000000000000000000000000000000000000000000000000000000000000000000000000000000000000000000000000000000000000000000000000", "id": "268189487" } }
W/dalvikvm(  220): DroidBox: { "FdAccess": { "path": "2f70726f632f3432392f636d646c696e65", "id": "486527285" } }
W/DroidBox(  220): DroidBox: { "FileRW": { "operation": "read", "data": "636f6d2e616e64726f69642e70686f6e650000000000000000000000000000000000000000000000000000000000000000000000000000000000000000000000000000000000000000000000000000000000000000000000000000000000000000000000", "id": "486527285" } }
W/DroidBox(  981): DroidBox: { "DexClassLoader": { "path": "/data/data/com.wigoal.eyeguard/cache/1529567361524.jar" } }
W/dalvikvm(  220): DroidBox: { "FdAccess": { "path": "2f70726f632f3434352f636d646c696e65", "id": "1350011091" } }
W/DroidBox(  220): DroidBox: { "FileRW": { "operation": "read", "data": "636f6d2e616e64726f69642e73657474696e67730000000000000000000000000000000000000000000000000000000000000000000000000000000000000000000000000000000000000000000000000000000000000000000000000000000000000000", "id": "1350011091" } }
W/dalvikvm(  220): DroidBox: { "FdAccess": { "path": "2f70726f632f3437362f636d646c696e65", "id": "1735420931" } }
W/DroidBox(  220): DroidBox: { "FileRW": { "operation": "read", "data": "636f6d2e616e64726f69642e736d7370757368000000000000000000000000000000000000000000000000000000000000000000000000000000000000000000000000000000000000000000000000000000000000000000000000000000000000000000", "id": "1735420931" } }
W/dalvikvm(  220): DroidBox: { "FdAccess": { "path": "2f70726f632f3439312f636d646c696e65", "id": "1364043888" } }
W/DroidBox(  220): DroidBox: { "FileRW": { "operation": "read", "data": "616e64726f69642e70726f636573732e61636f726500000000000000000000000000000000000000000000000000000000000000000000000000000000000000000000000000000000000000000000000000000000000000000000000000000000000000", "id": "1364043888" } }
W/dalvikvm(  220): DroidBox: { "FdAccess": { "path": "2f70726f632f3532362f636d646c696e65", "id": "1170054163" } }
W/DroidBox(  220): DroidBox: { "FileRW": { "operation": "read", "data": "636f6d2e616e64726f69642e63616c656e6461720000000000000000000000000000000000000000000000000000000000000000000000000000000000000000000000000000000000000000000000000000000000000000000000000000000000000000", "id": "1170054163" } }
W/dalvikvm(  981): DroidBox: { "FdAccess": { "path": "2f646174612f646174612f636f6d2e7769676f616c2e65796567756172642f63616368652f313532393536373336313532342e6a6172", "id": "908075266" } }
W/DroidBox(  981): DroidBox: { "FileRW": { "operation": "read", "data": "504b0506", "id": "908075266" } }
W/dalvikvm(  981): DroidBox: { "FdAccess": { "path": "2f646174612f646174612f636f6d2e7769676f616c2e65796567756172642f63616368652f313532393536373336313532342e6a6172", "id": "1572207725" } }
W/DroidBox(  981): DroidBox: { "FileRW": { "operation": "read", "data": "00000000020002007f000000efbfbd2100000000", "id": "1572207725" } }
W/dalvikvm(  981): DroidBox: { "FdAccess": { "path": "2f646174612f646174612f636f6d2e7769676f616c2e65796567756172642f63616368652f313532393536373336313532342e6a6172", "id": "468549919" } }
W/DroidBox(  981): DroidBox: { "FileRW": { "operation": "read", "data": "504b010214001400080808002a06efbfbd4c1252efbfbd22efbfbd000000efbfbd0000001400040000000000000000000000000000004d4554412d494e462f4d414e49464553542e4d46efbfbdefbfbd0000504b010214001400080808002a06efbfbd4c3cefbfbdefbfbdefbfbdefbfbd200000efbfbd4900000b00", "id": "468549919" } }
W/dalvikvm(  220): DroidBox: { "FdAccess": { "path": "2f70726f632f3534312f636d646c696e65", "id": "1843293994" } }
W/DroidBox(  220): DroidBox: { "FileRW": { "operation": "read", "data": "636f6d2e616e64726f69642e6c61756e636865720000000000000000000000000000000000000000000000000000000000000000000000000000000000000000000000000000000000000000000000000000000000000000000000000000000000000000", "id": "1843293994" } }
W/dalvikvm(  220): DroidBox: { "FdAccess": { "path": "2f70726f632f3536322f636d646c696e65", "id": "1478352286" } }
W/DroidBox(  220): DroidBox: { "FileRW": { "operation": "read", "data": "636f6d2e616e64726f69642e6465736b636c6f636b00000000000000000000000000000000000000000000000000000000000000000000000000000000000000000000000000000000000000000000000000000000000000000000000000000000000000", "id": "1478352286" } }
W/dalvikvm(  220): DroidBox: { "FdAccess": { "path": "2f70726f632f3537362f636d646c696e65", "id": "567923894" } }
W/DroidBox(  220): DroidBox: { "FileRW": { "operation": "read", "data": "636f6d2e616e64726f69642e70726f7669646572732e63616c656e64617200000000000000000000000000000000000000000000000000000000000000000000000000000000000000000000000000000000000000000000000000000000000000000000", "id": "567923894" } }
W/dalvikvm(  220): DroidBox: { "FdAccess": { "path": "2f70726f632f3634322f636d646c696e65", "id": "1150093207" } }
W/DroidBox(  220): DroidBox: { "FileRW": { "operation": "read", "data": "636f6d2e616e64726f69642e636f6e74616374730000000000000000000000000000000000000000000000000000000000000000000000000000000000000000000000000000000000000000000000000000000000000000000000000000000000000000", "id": "1150093207" } }
W/dalvikvm(  220): DroidBox: { "FdAccess": { "path": "2f70726f632f3732302f636d646c696e65", "id": "2097178015" } }
W/DroidBox(  220): DroidBox: { "FileRW": { "operation": "read", "data": "616e64726f69642e70726f636573732e6d6564696100000000000000000000000000000000000000000000000000000000000000000000000000000000000000000000000000000000000000000000000000000000000000000000000000000000000000", "id": "2097178015" } }
E/WVMExtractor(   62): Failed to open libwvm.so
W/dalvikvm(  220): DroidBox: { "FdAccess": { "path": "2f70726f632f3735372f636d646c696e65", "id": "1586077133" } }
W/DroidBox(  220): DroidBox: { "FileRW": { "operation": "read", "data": "636f6d2e616e64726f69642e656d61696c0000000000000000000000000000000000000000000000000000000000000000000000000000000000000000000000000000000000000000000000000000000000000000000000000000000000000000000000", "id": "1586077133" } }
W/dalvikvm(  220): DroidBox: { "FdAccess": { "path": "2f70726f632f3737382f636d646c696e65", "id": "1729408125" } }
W/DroidBox(  220): DroidBox: { "FileRW": { "operation": "read", "data": "636f6d2e616e64726f69642e65786368616e67650000000000000000000000000000000000000000000000000000000000000000000000000000000000000000000000000000000000000000000000000000000000000000000000000000000000000000", "id": "1729408125" } }
