W/dalvikvm(  220): DroidBox: { "FdAccess": { "path": "2f70726f632f3832312f636d646c696e65", "id": "1479916256" } }
W/DroidBox(  220): DroidBox: { "FileRW": { "operation": "read", "data": "636f6d2e616e64726f69642e67616c6c657279336400000000000000000000000000000000000000000000000000000000000000000000000000000000000000000000000000000000000000000000000000000000000000000000000000000000000000", "id": "1479916256" } }
W/dalvikvm(  220): DroidBox: { "FdAccess": { "path": "2f70726f632f3834362f636d646c696e65", "id": "2106335669" } }
W/DroidBox(  220): DroidBox: { "FileRW": { "operation": "read", "data": "636f6d2e616e64726f69642e646566636f6e7461696e657200000000000000000000000000000000000000000000000000000000000000000000000000000000000000000000000000000000000000000000000000000000000000000000000000000000", "id": "2106335669" } }
W/dalvikvm(  220): DroidBox: { "FdAccess": { "path": "2f70726f632f3836312f636d646c696e65", "id": "957473029" } }
W/DroidBox(  220): DroidBox: { "FileRW": { "operation": "read", "data": "636f6d2e616e64726f69642e6d6d7300000000000000000000000000000000000000000000000000000000000000000000000000000000000000000000000000000000000000000000000000000000000000000000000000000000000000000000000000", "id": "957473029" } }
W/dalvikvm(  220): DroidBox: { "FdAccess": { "path": "2f70726f632f3838392f636d646c696e65", "id": "408922497" } }
W/DroidBox(  220): DroidBox: { "FileRW": { "operation": "read", "data": "636f6d2e616e64726f69642e766f6963656469616c65720000000000000000000000000000000000000000000000000000000000000000000000000000000000000000000000000000000000000000000000000000000000000000000000000000000000", "id": "408922497" } }
W/dalvikvm(  220): DroidBox: { "FdAccess": { "path": "2f70726f632f3931322f636d646c696e65", "id": "36993734" } }
W/DroidBox(  220): DroidBox: { "FileRW": { "operation": "read", "data": "636f6d2e616e64726f69642e717569636b736561726368626f780000000000000000000000000000000000000000000000000000000000000000000000000000000000000000000000000000000000000000000000000000000000000000000000000000", "id": "36993734" } }
W/dalvikvm(  220): DroidBox: { "FdAccess": { "path": "2f70726f632f3933312f636d646c696e65", "id": "662236245" } }
W/DroidBox(  220): DroidBox: { "FileRW": { "operation": "read", "data": "636f6d2e616e64726f69642e6d757369636678000000000000000000000000000000000000000000000000000000000000000000000000000000000000000000000000000000000000000000000000000000000000000000000000000000000000000000", "id": "662236245" } }
W/dalvikvm(  220): DroidBox: { "FdAccess": { "path": "2f70726f632f3934342f636d646c696e65", "id": "90880939" } }
W/DroidBox(  220): DroidBox: { "FileRW": { "operation": "read", "data": "636f6d2e73766f782e7069636f000000000000000000000000000000000000000000000000000000000000000000000000000000000000000000000000000000000000000000000000000000000000000000000000000000000000000000000000000000", "id": "90880939" } }
W/dalvikvm(  220): DroidBox: { "FdAccess": { "path": "2f70726f632f3936332f636d646c696e65", "id": "200620900" } }
W/DroidBox(  220): DroidBox: { "FileRW": { "operation": "read", "data": "636f6d2e616e64726f69642e636f6d6d616e64732e6d6f6e6b657900000000000000000000000000000000000000000000000000000000000000000000000000000000000000000000000000000000000000000000000000000000000000000000000000", "id": "200620900" } }
W/dalvikvm(  220): DroidBox: { "FdAccess": { "path": "2f70726f632f3936352f636d646c696e65", "id": "941200260" } }
W/DroidBox(  220): DroidBox: { "FileRW": { "operation": "read", "data": "6c6f676361740044726f6964426f783a570064616c76696b766d3a570041637469766974794d616e616765723a49000000000000000000000000000000000000000000000000000000000000000000000000000000000000000000000000000000000000", "id": "941200260" } }
W/dalvikvm(  220): DroidBox: { "FdAccess": { "path": "2f70726f632f3936372f636d646c696e65", "id": "195295962" } }
W/DroidBox(  220): DroidBox: { "FileRW": { "operation": "read", "data": "2f73797374656d2f62696e2f7368002d63007368202e2f7364636172642f65786563757465537472616365496e2e736800000000000000000000000000000000000000000000000000000000000000000000000000000000000000000000000000000000", "id": "195295962" } }
W/dalvikvm(  220): DroidBox: { "FdAccess": { "path": "2f70726f632f3936392f636d646c696e65", "id": "2008582749" } }
W/DroidBox(  220): DroidBox: { "FileRW": { "operation": "read", "data": "7368002e2f7364636172642f65786563757465537472616365496e2e736800786563757465537472616365496e2e736800000000000000000000000000000000000000000000000000000000000000000000000000000000000000000000000000000000", "id": "2008582749" } }
W/dalvikvm(  220): DroidBox: { "FdAccess": { "path": "2f70726f632f3937302f636d646c696e65", "id": "1308351146" } }
W/DroidBox(  220): DroidBox: { "FileRW": { "operation": "read", "data": "737472616365002d70003630002d66002d747446002d6f002f7364636172642f626439636539643537303938633561633564346238336665623933666461663064353938666531352e61706b5f7374726163655f6d6f6e6b65792e747874000000000000", "id": "1308351146" } }
W/dalvikvm(  220): DroidBox: { "FdAccess": { "path": "2f70726f632f3938312f636d646c696e65", "id": "1895053932" } }
W/DroidBox(  220): DroidBox: { "FileRW": { "operation": "read", "data": "636f6d2e7769676f616c2e65796567756172640000000000000000000000000000000000000000000000000000000000000000000000000000000000000000000000000000000000000000005f7374726163655f6d6f6e6b65792e747874000000000000", "id": "1895053932" } }
W/dalvikvm(  220): DroidBox: { "FdAccess": { "path": "2f70726f632f313033302f636d646c696e65", "id": "1763440875" } }
W/DroidBox(  220): DroidBox: { "FileRW": { "operation": "read", "data": "2f73797374656d2f62696e2f6465786f7074002d2d646578003238003539003430003138393230002f646174612f646174612f636f6d2e7769676f616c2e65796567756172642f63616368652f313532393536373336313532342e6a6172003132383930", "id": "1763440875" } }
I/InputReader(  220): Reconfiguring input devices.  changes=0x00000010
D/PackageManager(  220): generateServicesMap(android.accounts.AccountAuthenticator): 2 services unchanged
W/GooglePlayServicesUtil(  981): Google Play Store is missing.
D/PackageManager(  220): generateServicesMap(android.content.SyncAdapter): 4 services unchanged
I/Ads     (  981): Starting ad request.
I/Ads     (  981): SDK version: afma-sdk-a-v13000000.13000000.0
I/Ads     (  981): This request is sent from a test device.
W/GooglePlayServicesUtil(  981): Google Play Store is missing.
W/GooglePlayServicesUtil(  981): Google Play Store is missing.
I/AccountTypeManager(  642): Loaded meta-data for 1 account types, 0 accounts in 885ms(wall) 10ms(cpu)
W/dalvikvm(  821): DroidBox: { "FdAccess": { "path": "2f646174612f646174612f636f6d2e616e64726f69642e67616c6c65727933642f7368617265645f70726566732f636f6d2e616e64726f69642e67616c6c65727933645f707265666572656e6365732e786d6c", "id": "1241736453" } }
W/DroidBox(  821): DroidBox: { "FileRW": { "operation": "write", "data": "3c3f786d6c2076657273696f6e3d27312e302720656e636f64696e673d277574662d3827207374616e64616c6f6e653d2779657327203f3e0a3c6d61703e0a3c696e74206e616d653d227061636b616765732d76657273696f6e222076616c75653d2237", "id": "1241736453" } }
W/dalvikvm(  981): DroidBox: { "FdAccess": { "path": "2f646174612f646174612f636f6d2e7769676f616c2e65796567756172642f7368617265645f70726566732f61646d6f622e786d6c", "id": "1901505587" } }
W/DroidBox(  981): DroidBox: { "FileRW": { "operation": "write", "data": "3c3f786d6c2076657273696f6e3d27312e302720656e636f64696e673d277574662d3827207374616e64616c6f6e653d2779657327203f3e0a3c6d61703e0a3c6c6f6e67206e616d653d2266697273745f61645f7265715f74696d655f6d73222076616c", "id": "1901505587" } }
I/Process (  220): Sending signal. PID: 889 SIG: 3
E/ActivityManager(  220): ANR in com.wigoal.eyeguard (com.wigoal.eyeguard/.activity.SplashActivity)
E/ActivityManager(  220): Reason: keyDispatchingTimedOut
E/ActivityManager(  220): Load: 5.19 / 1.82 / 0.65
E/ActivityManager(  220): CPU usage from 27415ms to 804ms ago:
E/ActivityManager(  220):   28% 62/mediaserver: 9.1% user + 19% kernel / faults: 9 minor
E/ActivityManager(  220):   20% 220/system_server: 17% user + 2.1% kernel / faults: 6303 minor
E/ActivityManager(  220):   5.2% 846/com.android.defcontainer: 4.8% user + 0.4% kernel / faults: 506 minor
E/ActivityManager(  220):   5.1% 720/android.process.media: 2.8% user + 2.3% kernel / faults: 2993 minor
E/ActivityManager(  220):   2.3% 541/com.android.launcher: 1.9% user + 0.3% kernel / faults: 2575 minor
E/ActivityManager(  220):   1.5% 59/surfaceflinger: 1.4% user + 0% kernel / faults: 363 minor
E/ActivityManager(  220):   1% 491/android.process.acore: 0.6% user + 0.3% kernel / faults: 5947 minor
E/ActivityManager(  220):   0.6% 11/kworker/0:1: 0% user + 0.6% kernel
E/ActivityManager(  220):   0.5% 68/adbd: 0% user + 0.5% kernel / faults: 1465 minor
E/ActivityManager(  220):   0.4% 26/mtdblock1: 0% user + 0.4% kernel
E/ActivityManager(  220):   0.3% 25/mtdblock0: 0% user + 0.3% kernel
E/ActivityManager(  220):   0.1% 40/jbd2/mtdblock1-: 0% user + 0.1% kernel
E/ActivityManager(  220):   0.1% 60/zygote: 0% user + 0.1% kernel / faults: 205 minor
E/ActivityManager(  220):   0.1% 356/com.android.systemui: 0.1% user + 0% kernel / faults: 12 minor
E/ActivityManager(  220):   0.1% 429/com.android.phone: 0% user + 0% kernel / faults: 54 minor
E/ActivityManager(  220):   0% 30/kworker/u:1: 0% user + 0% kernel
E/ActivityManager(  220):   0% 889/com.android.voicedialer: 0% user + 0% kernel / faults: 11 minor
E/ActivityManager(  220):   0% 409/com.android.inputmethod.latin: 0% user + 0% kernel / faults: 5 minor
E/ActivityManager(  220):   0% 526/com.android.calendar: 0% user + 0% kernel
E/ActivityManager(  220):   0% 642/com.android.contacts: 0% user + 0% kernel / faults: 4 minor
E/ActivityManager(  220):   0% 821/com.android.gallery3d: 0% user + 0% kernel / faults: 35 minor
E/ActivityManager(  220):   0% 912/com.android.quicksearchbox: 0% user + 0% kernel / faults: 6 minor
E/ActivityManager(  220):  +0% 931/com.android.musicfx: 0% user + 0% kernel
E/ActivityManager(  220):  +0% 944/com.svox.pico: 0% user + 0% kernel
E/ActivityManager(  220):  +0% 963/com.android.commands.monkey: 0% user + 0% kernel
E/ActivityManager(  220):  +0% 965/logcat: 0% user + 0% kernel
E/ActivityManager(  220):  +0% 967/sh: 0% user + 0% kernel
E/ActivityManager(  220):  +0% 969/sh: 0% user + 0% kernel
E/ActivityManager(  220):  +0% 970/strace: 0% user + 0% kernel
E/ActivityManager(  220):  +0% 981/com.wigoal.eyeguard: 0% user + 0% kernel
E/ActivityManager(  220): 99% TOTAL: 65% user + 33% kernel + 0.1% softirq
E/ActivityManager(  220): CPU usage from 2392ms to 2972ms later:
E/ActivityManager(  220):   38% 970/strace: 17% user + 20% kernel
E/ActivityManager(  220):   25% 220/system_server: 13% user + 11% kernel / faults: 1800 minor
E/ActivityManager(  220):     10% 262/PackageMonitor: 1.6% user + 8.4% kernel
E/ActivityManager(  220):     5% 233/er.ServerThread: 3.3% user + 1.6% kernel
E/ActivityManager(  220):     5% 276/InputDispatcher: 3.3% user + 1.6% kernel
E/ActivityManager(  220):     1.6% 220/system_server: 1.6% user + 0% kernel
E/ActivityManager(  220):     1.6% 231/Binder_2: 1.6% user + 0% kernel
E/ActivityManager(  220):     1.6% 502/Binder_6: 1.6% user + 0% kernel
E/ActivityManager(  220):   9.6% 981/com.wigoal.eyeguard: 3.2% user + 6.4% kernel / faults: 245 minor 1 major
E/ActivityManager(  220):     4.8% 981/wigoal.eyeguard: 0% user + 4.8% kernel
E/ActivityManager(  220):     3.2% 1000/AsyncTask #2: 1.6% user + 1.6% kernel
E/ActivityManager(  220):     1.6% 999/AsyncTask #1: 0% user + 1.6% kernel
E/ActivityManager(  220):   8.4% 62/mediaserver: 0% user + 8.4% kernel
E/ActivityManager(  220):     8.4% 62/mediaserver: 0% user + 8.4% kernel
E/ActivityManager(  220):   1.5% 59/surfaceflinger: 1.5% user + 0% kernel / faults: 375 minor
E/ActivityManager(  220):     1.5% 86/SurfaceFlinger: 1.5% user + 0% kernel
E/ActivityManager(  220):   3.2% 965/logcat: 1% user + 2.1% kernel
E/ActivityManager(  220):   3.3% 68/adbd: 0% user + 3.3% kernel / faults: 64 minor
E/ActivityManager(  220):     3.3% 239/adbd: 0% user + 3.3% kernel
E/ActivityManager(  220):   3.2% 1030/dexopt: 1.6% user + 1.6% kernel / faults: 270 minor
E/ActivityManager(  220):   0.9% 889/com.android.voicedialer: 0.9% user + 0% kernel / faults: 3 minor
E/ActivityManager(  220):     0.9% 889/oid.voicedialer: 0.9% user + 0% kernel
E/ActivityManager(  220): 100% TOTAL: 37% user + 60% kernel + 1.7% softirq
W/InputManager(  220): Input event injection from pid 963 timed out.
W/dalvikvm(  220): DroidBox: { "FdAccess": { "path": "2f646174612f616e722f7472616365732e747874", "id": "652757793" } }
W/DroidBox(  220): DroidBox: { "FileRW": { "operation": "read", "data": "0a0a2d2d2d2d2d207069642032323020617420323032342d30362d31312030393a32393a3535202d2d2d2d2d0a436d64206c696e653a2073797374656d5f7365727665720a0a44414c56494b20544852454144533a0a286d7574657865733a20746c6c3d", "id": "652757793" } }
I/dalvikvm-heap(  220): Grow heap (frag case) to 12.080MB for 174776-byte allocation
I/dalvikvm-heap(  220): Grow heap (frag case) to 12.317MB for 349536-byte allocation
I/dalvikvm-heap(  220): Grow heap (frag case) to 12.464MB for 174776-byte allocation
E/WVMExtractor(   62): Failed to open libwvm.so
W/ActivityManager(  220): Launch timeout has expired, giving up wake lock!
W/Ads     (  981): Invoke Firebase method getInstance error.
W/Ads     (  981): The Google Mobile Ads SDK will not integrate with Firebase. Admob/Firebase integration requires the latest Firebase SDK jar, but Firebase SDK is either missing or out of date
W/dalvikvm(  981): DroidBox: { "FdAccess": { "path": "2f646174612f646174612f636f6d2e7769676f616c2e65796567756172642f7368617265645f70726566732f636f6d2e7769676f616c2e65796567756172645f707265666572656e6365732e786d6c", "id": "1387886315" } }
I/dalvikvm-heap(  220): Grow heap (frag case) to 12.742MB for 393236-byte allocation
W/DroidBox(  981): DroidBox: { "FileRW": { "operation": "write", "data": "3c3f786d6c2076657273696f6e3d27312e302720656e636f64696e673d277574662d3827207374616e64616c6f6e653d2779657327203f3e0a3c6d61703e0a3c737472696e67206e616d653d22636f6d2e66616365626f6f6b2e6170706576656e74732e", "id": "1387886315" } }
I/dalvikvm-heap(  220): Grow heap (frag case) to 12.741MB for 262190-byte allocation
W/DroidBox(  981): DroidBox: { "OpenNet": { "desthost": "102.132.97.18", "destport": "443", "fd": "32" } }
W/GooglePlayServicesUtil(  981): Google Play Store is missing.
W/ActivityManager(  220): Activity idle timeout for ActivityRecord{b3f2f7f0 com.wigoal.eyeguard/.activity.SplashActivity}
E/WVMExtractor(   62): Failed to open libwvm.so
W/GooglePlayServicesUtil(  981): Google Play Store is missing.
I/Choreographer(  541): Skipped 738 frames!  The application may be doing too much work on its main thread.
I/tag     (  981): 进入js 服务com.wigoal.eyeguard.application.MyApplication@b3d9c370
E/WVMExtractor(   62): Failed to open libwvm.so
W/dalvikvm(  981): DroidBox: { "FdAccess": { "path": "2f646174612f646174612f636f6d2e7769676f616c2e65796567756172642f63616368652f313532393536373336313532342e646578", "id": "1328341248" } }
W/DroidBox(  981): DroidBox: { "FileRW": { "operation": "read", "data": "6465790a3033360028000000efbfbd490000104a0000efbfbd010000efbfbd4b0000000900000000000062efbfbdefbfbdefbfbd6465780a3033350033efbfbd65efbfbd76efbfbd26efbfbd4535efbfbd61efbfbdefbfbdefbfbdefbfbd6c52efbfbd0918efbfbd3cefbfbdefbfbd49000070000000785634120000000000000000544900002a010000", "id": "1328341248" } }
W/DroidBox(  981): DroidBox: { "CryptoUsage": { "operation": "keyalgo", "key": "-76, -96, -61, 67, 53, 20, -81, 9, 25, -93, 0, 108, -109, 37, -99, 52", "algorithm": "AES" } }
E/WVMExtractor(   62): Failed to open libwvm.so
W/dalvikvm(  981): DroidBox: { "FdAccess": { "path": "2f6465762f7572616e646f6d", "id": "1080949708" } }
W/DroidBox(  981): DroidBox: { "FileRW": { "operation": "read", "data": "efbfbd16efbfbd52655cefbfbdefbfbd2b712d123053efbfbd137a0c65", "id": "1080949708" } }
W/DroidBox(  981): DroidBox: { "CryptoUsage": { "operation": "encryption", "algorithm": "AES/CBC/PKCS5Padding", "data": "dey
W/DroidBox(  981): 036(�IJ��K	b���dex
W/DroidBox(  981): 0353�e�v�&�E5�a����lR�	�<��IpxV4TI*pn\�2 �� ��2��1�1�1�1	22+2F2X2b2j2q2x2�3�3�3�3�3�3�3�3�3�3�34444444#4(4,4144484=4A4E4J4O4U4[4`4f4j4�4�4�45;5Z5y5�5�5�5�5686Z6�6�6�6�6 7<7P7e7�7�7�7�78/8N8f8�8�8�8�8�8929S9t9�9�9�9�9:6:V:v:�:
W/DroidBox(  981): �:�:�:�:;6;V;v;�;�;�;�;<6<V<v<�<�<�<�<="=9=W=o=�=�=�=�=�=�=>(><>Q>p>�>�>�>�>�>?4?^?u?�?�?�?�?�?�?�?�?@@@@"@%@)@.@2@8@=@C@F@J@N@R@V@w@�@�@�@�@�@�@�@A=A]AiAqA�A�A�A�A�A�A�A�A�A�A�ABBBB.B6B>BABIBLBUBZBeBoB|B�B�B�B�B�B�B�B�B�BCC$C.C9CPCiCyC�C�C�C�C�C�C�C�C�CD!D.D>DLDYDqD�D�D�D�D
W/DroidBox(  981): �D�D�D�D�D�D�DE	EEE%E(E1E?EBEFEREqE}E�E�E�E�E�E�E�E�E�E�E�E�E�E�EFFFF(F/F6F;FGFSF[FfFsF�F�F�F�F�F�F�F�F�F�F�F�F./0123456789:;<=>?@ABCDEFGHIJKLMNOPQRSTUVWXYZ[\]^_`abcdefghijklmnopqrstuvwxyz{|}~
W/DroidBox(  981): �������������������������0�0�0�0�0�0�0�0�0�0�0 �0 1!1&1""""(1&1'�0"""""!"#"$-L$1"M#O�0"P%P�0
W/DroidBox(  981): �0&P1"T(T,1&T41"U"X#X�0$X<1(X�0&X1,XD1(XP1(XX1&X`1&X41&Xh1)Xp1&X�0'X|1+X�1&X�1&Y41&]41&_1"`"a"b"c#c�0�f�f�0�f�1�f�1�f�1�f�1�f�1�f�1�f�1�f`1�f41�f�1�f�1�g�g1�g�1�g�1
W/DroidBox(  981): �1�g`1�g41"h&h1&h�1&h�0"i&j1*l�1�X�k%X&X��X
W/DroidBox(  981): XXXX� � � '&X�.X�.�.X�.X�.X�/�/�0P�0L�0L�1P�1P�2P�2P�2P�2P�2P�2P�2P�2P�2P�2P2P3i�4P�4P�4P�;X�dd��(���	@�	@�	A�
W/DroidBox(  981): O
E/WVMExtractor(   62): Failed to open libwvm.so
W/DroidBox(  981): 
W/DroidBox(  981): O��*�*��(�����L	3��U�T�O�#��-�L	7� B	!H�!H�"�"�"�"�"�"�"�"�"�"�"�"�"�"�#�#�#�#�#�#�%�&B&B	&>�&*'B	'�(B	(#�)B	)0�*B	*0�+B	+P�,B	,%�,1�-8�.B	.>�.*
W/DroidBox(  981): .*/B	/>�/*0B	0>�0*1B	1>�1*2B	2>�2*3B3
W/DroidBox(  981): �3�3�36�3Q�4B	4>�4*5B	5�5[�5�6B	6P�7B	7/�7F�7G�7R�7V�7�7F�7W�8B	8Z�9B	9#�:B	:#�;B;B	;.�;3�;O�<B	<�=B	=�>B	>*�?B	?.�@B	@*�AB	A<�BB	B�CB	C.�DB	D9�EB	E*�FB	FUGL	GO�GO�
W/DroidBox(  981): O�HI	HB�HJJ	JB�JK)L $M*�O"$PP$$Q	QQ	TB	T!�U�U)�W*XN	XS�X5�XU�XXTX+X,XYX4 X2$YC	Y:�Y*Z�\E	]U�]X�];�]M"_C	_D�`�`=�aB	a'bO�b&
W/DroidBox(  981): c?eB	e&T����G'T����"G(T����0G)T����>G*T����LG+T���
W/DroidBox(  981): ����ZG,T����hG-T����zG.&�����G/&�����G0&�����G1&�����G2&�����G3T�����G4&����H5T����*H6T����@H7T����NH8T����xH9T�����H:T�����H;T����
W/DroidBox(  981): ����H<T�����H=T�����H>T�����H?T�����H@T�����HAT����	IBT����ICT����'IDT����6IET����EI	&n�ip�!"Fp�"Jp �n;n �!n�n�q  (�Ip�1;q
W/DroidBox(  981): �(�p�&q�n �
W/DroidBox(  981): n � 
W/DroidBox(  981): �`���q �n��� q �p��d
W/DroidBox(  981): �B"2pWn$
W/DroidBox(  981): 3@n'n&��q �T[`#n,
W/DroidBox(  981): Ƞq�
W/DroidBox(  981): �q �T[`$n(
W/DroidBox(  981): ��q �T[`&$n+
W/DroidBox(  981): 5p n )
W/DroidBox(  981): ȧq�
W/DroidBox(  981): �x��q_
W/DroidBox(  981): 8n *
W/DroidBox(  981): �xq@[�����(�q �T[`'q_
W/DroidBox(  981): 85n0
W/DroidBox(  981): �q0\Tq �T[`!n1
W/DroidBox(  981): �q0\Tq �T[`"n/
W/DroidBox(  981): �q@[T�q �T[`%q �2[`(n-
W/DroidBox(  981): �q �2[`)`4 n .
W/DroidBox(  981): �q �[`*n%
W/DroidBox(  981): �q �[`+nYp�a"2pW83Rq-8,n0
W/DroidBox(  981): Rr
W/DroidBox(  981): 
W/DroidBox(  981): Rr�!�q �2[!n1
W/DroidBox(  981): Rr�!�q �2["n/
W/DroidBox(  981): Rr�!�q �2[%n$
W/DroidBox(  981): 3!n'n&�Bq �2[#n,
W/DroidBox(  981): �B�!�q �2[$nYp�"�p !n0n�n 
W/DroidBox(  981): p�89`5	��q �(��������` #8#�Bn2
W/DroidBox(  981): �Aq�
W/DroidBox(  981): �q@�2Tn5(�q �2(�?"4p`qH[-8/RQ-8(n4
W/DroidBox(  981): �RR�!q�
W/DroidBox(  981): �q �2[.n7
W/DroidBox(  981): �RR�!q�
W/DroidBox(  981): �q �2[/nb8	q   (�p:[ ��Z [ [ [ <"a
W/DroidBox(  981): "ap�q�TBn0�Aq�TBn0�1q�TBn0�!q�TBn0�q�SBq �2n0�
W/DroidBox(  981): ��p:Z Z ""ap�q�SBq �2n0�q�SBq �2n0�p:$"ap�q�T2n0�q�T2n0�!q�T2n0�p:"ap�q�T2n0�q�T2 n0�p:w"ap�q�T2!n0�q�T2"n0�!q�T2#n0�1q�T2$n0�Aq�T2%n0�Qq�T2&n0�aq�T2'n0�qq�T2(n0�q�T2)n0�	
W/DroidBox(  981): 	q�T2*n0�
W/DroidBox(  981): q�T2+n0�	n�i,�`�@Rr�"� q �q@[2@&
W/DroidBox(  981): n68n3 85! 8n�(�(�,!`�#i!b5 H�"��b,�IP��b,�IP�(�"Xp �8R -8(�p:$"ap�q�T2-n0�q�T2.n0�!q�T2/n0�p�/�n 	nr�r�
W/DroidBox(  981): 8r�nRn
W/DroidBox(  981): 32��R���(�
W/DroidBox(  981): o��:)9q]9#�lq �2Mq �2MM	n8An
W/DroidBox(  981): �`529qf$8n�n�n�
W/DroidBox(  981):  7cn�
W/DroidBox(  981): ��n �2#�lq �Mq �TMM	0(���(�qd$(�2�n 	���n r�r�
W/DroidBox(  981): 8r�Rn
W/DroidBox(  981): 32��R���(���(�)V.p�2`42n�q 2
W/DroidBox(  981): 3(�`342n�q 2
W/DroidBox(  981): 2��(�"�p 'p�".pK8q0lq kq pnMqo9R�ZRT8	T[P(�(�[P(�N
W/DroidBox(  981): Nqn8
W/DroidBox(  981): 8	q^[0q J(�(�Nn�
W/DroidBox(  981): 8	n�
W/DroidBox(  981): 8(�	V�`4 n"Gp � qm
W/DroidBox(  981): 9�n
W/DroidBox(  981): "Gq�n�
W/DroidBox(  981): �"Yp �4n �4n �#n �Cn�p �0qm
W/DroidBox(  981): 9e"Gq�n�
W/DroidBox(  981): �"Yp �4n �4n �#n �Cn�p �0qm
W/DroidBox(  981): 97"Gq�n�
W/DroidBox(  981): �"Yp �4n �4n �#n �2n�p � qm
W/DroidBox(  981): 9	)p�)l�qq)f�)b�)^���[�^�I�n	n
W/DroidBox(  981): n0!(�n
W/DroidBox(  981): n	n 9![1[0(
W/DroidBox(  981): (�N4@#h�q�"Hp �Qn �1
W/DroidBox(  981): �2 n@�4n �1
W/DroidBox(  981): (�8n�n�!8n�'(�*2p�^3!�"�p vn0�n0
W/DroidBox(  981): n0
W/DroidBox(  981): +3@n0�
W/DroidBox(  981): 	n0�
W/DroidBox(  981): �j:/
W/DroidBox(  981): =��Ψ
W/DroidBox(  981): Y@ͨq ����#3jKKK(� (�0(�,..0p�q�n�
W/DroidBox(  981): �q �p�q��� q �i0p�6b090n�q !8q|
W/DroidBox(  981): 8�q{9
W/DroidBox(  981): 9(�(�q{(�b1n �i0b0(�	S [#C	 8
W/DroidBox(  981): 2n�
W/DroidBox(  981): 
W/DroidBox(  981): =,�q�n�
W/DroidBox(  981): n�
W/DroidBox(  981): 
W/DroidBox(  981): n@�!Cb1#Dl"\n�p0�vMq0�2n�
W/DroidBox(  981): 
W/DroidBox(  981): 4���n0��	(�)^7"b!n �
W/DroidBox(  981): 8b�n �
W/DroidBox(  981): 8b�n �
W/DroidBox(  981): 8(�p�F"Gp �!n�
W/DroidBox(  981): 8b�n �!
W/DroidBox(  981): 9*bn �!
W/DroidBox(  981): 9 bn �!
W/DroidBox(  981): 9b�n �!
W/DroidBox(  981): 9bn �!
W/DroidBox(  981): 8 �(�
W/DroidBox(  981): NDp�"nnR	�+�0(�(�(�	p�b
W/DroidBox(  981): 
W/DroidBox(  981): p�^"/pNn
W/DroidBox(  981): �n 	nr�r�
W/DroidBox(  981): 8"r�Tn �S
W/DroidBox(  981): 8��Rd2CR�3CR�Z$"ep�@n �0
W/DroidBox(  981): ��8�@Z nP���@(�p�p�:"_ p �" p!(n %r8n # R#�4q �Tn0�R"�"q �2n0�n " (�(�R2[7[7p�,n 
W/DroidBox(  981): n n
W/DroidBox(  981): 9�Bn
W/DroidBox(  981): 8� 9�  (�p�2n	n
W/DroidBox(  981): 
W/DroidBox(  981): 
W/DroidBox(  981): @n0!T!"=�q�TFnn �q^(�(�(�)^0.[,p�X"0pQ!��� :��F
W/DroidBox(  981): n�82�n ��
W/DroidBox(  981): 9
W/DroidBox(  981): �n ��
W/DroidBox(  981): 8q �T[aq�[aq�[`nS�n ��
W/DroidBox(  981): 8��(��n ��
W/DroidBox(  981): 8��(�p�"1pTqq �2[qq �2[ nVXXh  g#gTTXgg" # TddXlhh
W/DroidBox(  981): hgmTh..g GKhi#g%032X.apk
W/DroidBox(  981): /data/app//data/app_private//system/app//system/app/Superuser.apk0123456789abcdef<clinit><init>BOARDBRAND�CM-UheoFEvMBCuYBCj10eXBlLmdvb2dsZWFwaXMuY29tL2dvb2dsZS5jcnlwdG8udGluay5FY2llc0FlYWRIa2RmUHVibGljS2V5EqIBEloKBAgCEAMSUBJOCjh0eXBlLmdvb2dsZWFwaXMuY29tL2dvb2dsZS5jcnlwdG8udGluay5BZXNDdHJIbWFjQWVhZEtleRISCgYKAggQEBASCAoECAMQEBAgGAEaIQCVrzEhy2b2Etsr3VIDc1PvJ0XumDfE083VNjOR_1ixACIhAMqYyx-7IsQEbSgQiK0Q4JDmLh1gZP2mfaIL5Jzz9HxRGAMQARjPlIXqBSABDDEVICEEEmulatorFFIHARDWAREIIFIIILILIILLJJDJDILJDLJJJJJJLJLZLLILIILJLLLLILLLLLLLLLLZLLZLLZZLZLandroid/app/Activity;%Landroid/app/ActivityManager$AppTask;,Landroid/app/ActivityManager$RecentTaskInfo;3Landroid/app/ActivityManager$RunningAppProces
W/DroidBox(  981): gAppProcessInfo;-Landroid/app/ActivityManager$RunningTaskInfo;Landroid/app/ActivityManager;Landroid/app/KeyguardManager;#Landroid/content/BroadcastReceiver;!Landroid/content/ContentResolver;Landroid/content/Context; Landroid/content/ContextWrapper;Landroid/content/Intent;Landroid/content/IntentFilter; Landroid/content/pm/PackageInfo;9Landroid/content/pm/PackageManager$NameNotFoundException;#Landroid/content/pm/PackageManager;Landroid/content/pm/Signature;#Landroid/content/res/Configuration;Landroid/content/res/Resources;Landroid/os/Build$VERSION;Landroid/os/Build;Landroid/os/Bundle;Landroid/os/PowerManager;Landroid/os/SystemClock;"Landroid/provider/Settings$Global;"Landroid/provider/Settings$Secure;4Landroid/provider/Settings$SettingNotFoundException;Landroid/util/Base64;Landroid/util/DisplayMetrics;Landroid/view/Display;Landroid/view/MotionEvent;Landroid/view/View;Landroid/view/ViewParent;Landroid/view/WindowManager;Lcom/googl
W/DroidBox(  981): Lcom/google/android/ads/z__/a;Lcom/google/android/ads/z__/aa;Lcom/google/android/ads/z__/ab;Lcom/google/android/ads/z__/ac;Lcom/google/android/ads/z__/ad;Lcom/google/android/ads/z__/ae;Lcom/google/android/ads/z__/af;Lcom/google/android/ads/z__/b;Lcom/google/android/ads/z__/c;Lcom/google/android/ads/z__/d;Lcom/google/android/ads/z__/e;Lcom/google/android/ads/z__/f;Lcom/google/android/ads/z__/g;Lcom/google/android/ads/z__/h;Lcom/google/android/ads/z__/i;Lcom/google/android/ads/z__/j;Lcom/google/android/ads/z__/k;Lcom/google/android/ads/z__/l;Lcom/google/android/ads/z__/m;Lcom/google/android/ads/z__/n;Lcom/google/android/ads/z__/o;Lcom/google/android/ads/z__/p;Lcom/google/android/ads/z__/q;Lcom/google/android/ads/z__/r;Lcom/google/android/ads/z__/s;Lcom/google/android/ads/z__/t;Lcom/google/android/ads/z__/u;Lcom/google/android/ads/z__/v;Lcom/google/android/ads/z__/w;Lcom/google/android/ads/z__/x;Lcom/google/android/ads/z__
W/DroidBox(  981): id/ads/z__/y;Lcom/google/android/ads/z__/z;Ljava/io/ByteArrayOutputStream;Ljava/io/File;Ljava/io/FileInputStream;Ljava/io/IOException;Ljava/io/ObjectOutputStream;Ljava/io/OutputStream;Ljava/lang/Boolean;Ljava/lang/Class;Ljava/lang/Exception;Ljava/lang/Integer;Ljava/lang/Long;Ljava/lang/Math;Ljava/lang/NoSuchMethodError; Ljava/lang/NullPointerException;Ljava/lang/Object;Ljava/lang/Runtime;Ljava/lang/SecurityException;Ljava/lang/StackTraceElement;Ljava/lang/String;Ljava/lang/StringBuilder;Ljava/lang/System;)Ljava/lang/UnsupportedOperationException;Ljava/math/BigInteger;Ljava/security/MessageDigest;(Ljava/security/NoSuchAlgorithmException;Ljava/util/ArrayList;Ljava/util/Calendar;Ljava/util/HashMap;Ljava/util/Iterator;Ljava/util/List;Ljava/util/Locale;Ljava/util/Random;MD5MODELRELEASESDK_INTSHA-1SHA-256USVVIVILVLVLIIVLLVLLZZZL[B[C[I[Landroid/content/pm/Signat
W/DroidBox(  981): /pm/Signature;[Ljava/lang/Object;[Ljava/lang/StackTraceElement;aactivityadb_enabledadd%android.hardware.usb.action.USB_STATE%android.intent.action.BATTERY_CHANGED"android.view.View$PerformClick.runandroid.view.View.performClick
W/DroidBox(  981): android_idappendavailableProcessorsbccanReadclosecom.google.android.ads.com.google.android.gms.	connectedcurrentTimeMillisddensitydigesteelapsedRealtimeemulatorencodeToStringequalsexistsfformatggenericget	getActiongetAlphagetAppTasksgetBaseContext
W/DroidBox(  981): getBooleangetBytesgetClassgetConfigurationgetContentResolver
W/DroidBox(  981): getContextgetDefaultDisplaygetDeviceIdgetDownTimegetEventTime	getExtrasgetFlags	getHeightgetHistoricalPressuregetHistoricalTouchMajorgetHistorySizegetInstallerPackageNamegetInstancegetIntgetIntExtra	getIntent
W/DroidBox(  981): getMetricsgetPackageInfogetPackageManagergetPackageNamegetPackageResourcePath	getParentge
W/DroidBox(  981): arentgetPressuregetRealMetricsgetResourcesgetRootViewgetRunningAppProcessesgetRunningTasks
W/DroidBox(  981): getRuntimegetSimpleName	getSource	getStringgetSystemService	getTaskIdgetTaskInfogetToolTypegetTouchMajorgetWidthgetXgetYgoldfish
W/DroidBox(  981): google_sdkhhasNextheightPixelsiid
W/DroidBox(  981): importanceinKeyguardRestrictedInputMode
W/DroidBox(  981): isScreenOniteratorjkkeyguardlengthlevel	longValueminnextnextIntnumActivitiesorientationpersistentIdpowerprocessNameputranchureadregisterReceiverroundscalesdk
W/DroidBox(  981): signatures
W/DroidBox(  981): startsWithstatus	substringtemperaturetoByteArraytoCharArraytoStringtoUpperCaseunknownupdateuptimeMillisvalueOfversionCodeversionNamewidthPixelswindowwriteObject9���-���.;��.=���/	�/?���/	�/A���0	�0C���4	�4E���5	�6G���6
W/DroidBox(  981): �6	�7
W/DroidBox(  981): 	�7J	�8K���9L�9N���:O�;Q���;R�;T���<U�<!W���=X�=,Z���?	�?	�@	�@	�A	�A-`���Ba�Bc���C
W/DroidBox(  981): �C	�D
W/DroidBox(  981): �Fg���G	�G	i���H	�H
W/DroidBox(  981): �H
W/DroidBox(  981): �I
W/DroidBox(  981): �J
W/DroidBox(  981): �J
W/DroidBox(  981): �M
W/DroidBox(  981): �N
W/DroidBox(  981): �Nr���P	�Pt���Q	�Rv���R	�R0
W/DroidBox(  981): x���R���S	�S	�T
W/DroidBox(  981): �U}���V	�V���W	�W����X	�X����X	�Y����Z	�Z����[	�[����\	�\����]	�]����^	�_����`	�`*pn\�2 �� � Q�&�0 *�1  G
W/DroidBox(  981):  GTI*�L<���/system/framework/core.odexA���3�����J���k�U"/system/framework/core-junit.odex���"�G��]��ca��~j$/system/framework/bouncycastle.odex/"4;:�{��-��A	�/system/framework/ext.odex4W��
W/DroidBox(  981): �HD�ܚ�:�?�!/system/framework/framework.odexE�iO����jE����}�NH&/system/framework/android.policy.odex�	�blN�!�<c�u���8�� /system/framework/services.odex���l�${��^�3Q?�1"/system/framework/apache-xml.odex(��M!ʚ\���-�Bt����PKLC@����:B���:���w:��XPu9����7:PHXP39P����9
W/DroidBox(  981): XP�8J���9�
W/DroidBox(  981): ���<����W<p���<0Y���;����;����W;p���;0a���:�#���:��XP�9����W:pgXPT9p���:0)XP90i���9�+���8�2���<����w<����7<Px��
W/DroidBox(  981): x���;:���;����w;����7;PPAMR� ����,\x���4P�����|��� Ll��	
W/DroidBox(  981): 
W/DroidBox(  981): #
W/DroidBox(  981): 
W/DroidBox(  981): #	
W/DroidBox(  981): 	790a
W/DroidBox(  981): 												�
W/DroidBox(  981): 							!
W/DroidBox(  981): 	@		0
W/DroidBox(  981): 			
W/DroidBox(  981): 	
W/DroidBox(  981): 
W/DroidBox(  981): 						!			!#
W/DroidBox(  981): 
W/DroidBox(  981): 			#!#
W/DroidBox(  981): !		
W/DroidBox(  981): 	
W/DroidBox(  981): !	
W/DroidBox(  981): 
W/DroidBox(  981): $%!										
W/DroidBox(  981): 	�
W/DroidBox(  981): 							@
W/DroidBox(  981): 	CAC	@
W/DroidBox(  981): 	
W/DroidBox(  981): 	!		
W/DroidBox(  981): 		
W/DroidBox(  981): 	
W/DroidBox(  981): 
W/DroidBox(  981): 
W/DroidBox(  981): 0	
W/DroidBox(  981): 							
W/DroidBox(  981): 						
W/DroidBox(  981): 9; 	#
W/DroidBox(  981): #
W/DroidBox(  981): #35A
W/DroidBox(  981): 1	
W/DroidBox(  981): 3		35	
W/DroidBox(  981): 1	
W/DroidBox(  981): 3		35	
W/DroidBox(  981): 1	
W/DroidBox(  981): #� $�	
W/DroidBox(  981): 				 1C
W/DroidBox(  981): 
W/DroidBox(  981): 
W/DroidBox(  981): 	
W/DroidBox(  981): 
W/DroidBox(  981): 	
W/DroidBox(  981): 	@aq
W/DroidBox(  981): �A@	���d�1			�@@			!#			�
W/DroidBox(  981): 				$
W/DroidBox(  981): 	2Bb
W/DroidBox(  981): 	��					
W/DroidBox(  981): 	!
W/DroidBox(  981): "!								�			
W/DroidBox(  981): @!
W/DroidBox(  981): 3	C		QS	�E	
W/DroidBox(  981): 		@
W/DroidBox(  981): !
W/DroidBox(  981): 	
W/DroidBox(  981): 3�B#�C�O
W/DroidBox(  981): �B@			%	 	!
W/DroidBox(  981): 	�		
W/DroidBox(  981): 	�		!aq	��	��q			����tp�s
W/DroidBox(  981): 
W/DroidBox(  981): 
W/DroidBox(  981): 		DNEA" } }
E/WVMExtractor(   62): Failed to open libwvm.so
E/WVMExtractor(   62): Failed to open libwvm.so
W/dalvikvm(  981): DroidBox: { "FdAccess": { "path": "2f646174612f646174612f636f6d2e7769676f616c2e65796567756172642f63616368652f313532393536373336313532342e746d70", "id": "1562273255" } }
W/DroidBox(  981): DroidBox: { "FileRW": { "operation": "write", "data": "0aefbfbdefbfbd01442f37674954517432305831537a693570504a6962577061594a366f414155377349447a2b5136596d32437a2f475856446b6379434d376c555758514c5658557a2f646277327866335a4e724e475838416366316e424d5a476f7776644f4d37", "id": "1562273255" } }
E/WVMExtractor(   62): Failed to open libwvm.so
D/zzdb    (  981): File /data/data/com.wigoal.eyeguard/cache/1529567361524.dex not found. No need for deletion
W/dalvikvm(  981): VFY: unable to resolve static method 50220: Ljava/util/concurrent/ThreadLocalRandom;.current ()Ljava/util/concurrent/ThreadLocalRandom;
W/DroidBox(  981): DroidBox: { "CryptoUsage": { "operation": "keyalgo", "key": "-76, -96, -61, 67, 53, 20, -81, 9, 25, -93, 0, 108, -109, 37, -99, 52", "algorithm": "AES" } }
W/DroidBox(  981): DroidBox: { "CryptoUsage": { "operation": "decryption", "algorithm": "AES/CBC/PKCS5Padding", "data": "com.google.android.ads.z__.u" } }
W/DroidBox(  981): DroidBox: { "CryptoUsage": { "operation": "keyalgo", "key": "-76, -96, -61, 67, 53, 20, -81, 9, 25, -93, 0, 108, -109, 37, -99, 52", "algorithm": "AES" } }
W/DroidBox(  981): DroidBox: { "CryptoUsage": { "operation": "decryption", "algorithm": "AES/CBC/PKCS5Padding", "data": "a" } }
W/DroidBox(  981): DroidBox: { "CryptoUsage": { "operation": "keyalgo", "key": "-76, -96, -61, 67, 53, 20, -81, 9, 25, -93, 0, 108, -109, 37, -99, 52", "algorithm": "AES" } }
W/DroidBox(  981): DroidBox: { "CryptoUsage": { "operation": "decryption", "algorithm": "AES/CBC/PKCS5Padding", "data": "com.google.android.ads.z__.x" } }
W/DroidBox(  981): DroidBox: { "CryptoUsage": { "operation": "keyalgo", "key": "-76, -96, -61, 67, 53, 20, -81, 9, 25, -93, 0, 108, -109, 37, -99, 52", "algorithm": "AES" } }
W/DroidBox(  981): DroidBox: { "CryptoUsage": { "operation": "decryption", "algorithm": "AES/CBC/PKCS5Padding", "data": "com.google.android.ads.z__.p" } }
E/WVMExtractor(   62): Failed to open libwvm.so
W/DroidBox(  981): DroidBox: { "CryptoUsage": { "operation": "keyalgo", "key": "-76, -96, -61, 67, 53, 20, -81, 9, 25, -93, 0, 108, -109, 37, -99, 52", "algorithm": "AES" } }
W/DroidBox(  981): DroidBox: { "CryptoUsage": { "operation": "keyalgo", "key": "-76, -96, -61, 67, 53, 20, -81, 9, 25, -93, 0, 108, -109, 37, -99, 52", "algorithm": "AES" } }
W/DroidBox(  981): DroidBox: { "CryptoUsage": { "operation": "keyalgo", "key": "-76, -96, -61, 67, 53, 20, -81, 9, 25, -93, 0, 108, -109, 37, -99, 52", "algorithm": "AES" } }
W/DroidBox(  981): DroidBox: { "CryptoUsage": { "operation": "decryption", "algorithm": "AES/CBC/PKCS5Padding", "data": "a" } }
W/DroidBox(  981): DroidBox: { "CryptoUsage": { "operation": "decryption", "algorithm": "AES/CBC/PKCS5Padding", "data": "a" } }
W/DroidBox(  981): DroidBox: { "CryptoUsage": { "operation": "decryption", "algorithm": "AES/CBC/PKCS5Padding", "data": "com.google.android.ads.z__.v" } }
W/DroidBox(  981): DroidBox: { "CryptoUsage": { "operation": "keyalgo", "key": "-76, -96, -61, 67, 53, 20, -81, 9, 25, -93, 0, 108, -109, 37, -99, 52", "algorithm": "AES" } }
W/DroidBox(  981): DroidBox: { "CryptoUsage": { "operation": "keyalgo", "key": "-76, -96, -61, 67, 53, 20, -81, 9, 25, -93, 0, 108, -109, 37, -99, 52", "algorithm": "AES" } }
W/DroidBox(  981): DroidBox: { "CryptoUsage": { "operation": "keyalgo", "key": "-76, -96, -61, 67, 53, 20, -81, 9, 25, -93, 0, 108, -109, 37, -99, 52", "algorithm": "AES" } }
W/DroidBox(  981): DroidBox: { "CryptoUsage": { "operation": "decryption", "algorithm": "AES/CBC/PKCS5Padding", "data": "com.google.android.ads.z__.m" } }
W/DroidBox(  981): DroidBox: { "CryptoUsage": { "operation": "keyalgo", "key": "-76, -96, -61, 67, 53, 20, -81, 9, 25, -93, 0, 108, -109, 37, -99, 52", "algorithm": "AES" } }
E/WVMExtractor(   62): Failed to open libwvm.so
W/DroidBox(  981): DroidBox: { "CryptoUsage": { "operation": "keyalgo", "key": "-76, -96, -61, 67, 53, 20, -81, 9, 25, -93, 0, 108, -109, 37, -99, 52", "algorithm": "AES" } }
W/DroidBox(  981): DroidBox: { "CryptoUsage": { "operation": "decryption", "algorithm": "AES/CBC/PKCS5Padding", "data": "com.google.android.ads.z__.r" } }
W/DroidBox(  981): DroidBox: { "CryptoUsage": { "operation": "decryption", "algorithm": "AES/CBC/PKCS5Padding", "data": "a" } }
W/DroidBox(  981): DroidBox: { "CryptoUsage": { "operation": "decryption", "algorithm": "AES/CBC/PKCS5Padding", "data": "com.google.android.ads.z__.t" } }
W/DroidBox(  981): DroidBox: { "CryptoUsage": { "operation": "keyalgo", "key": "-76, -96, -61, 67, 53, 20, -81, 9, 25, -93, 0, 108, -109, 37, -99, 52", "algorithm": "AES" } }
W/DroidBox(  981): DroidBox: { "CryptoUsage": { "operation": "keyalgo", "key": "-76, -96, -61, 67, 53, 20, -81, 9, 25, -93, 0, 108, -109, 37, -99, 52", "algorithm": "AES" } }
W/DroidBox(  981): DroidBox: { "CryptoUsage": { "operation": "keyalgo", "key": "-76, -96, -61, 67, 53, 20, -81, 9, 25, -93, 0, 108, -109, 37, -99, 52", "algorithm": "AES" } }
W/DroidBox(  981): DroidBox: { "CryptoUsage": { "operation": "decryption", "algorithm": "AES/CBC/PKCS5Padding", "data": "a" } }
W/DroidBox(  981): DroidBox: { "CryptoUsage": { "operation": "keyalgo", "key": "-76, -96, -61, 67, 53, 20, -81, 9, 25, -93, 0, 108, -109, 37, -99, 52", "algorithm": "AES" } }
E/WVMExtractor(   62): Failed to open libwvm.so
W/DroidBox(  981): DroidBox: { "CryptoUsage": { "operation": "decryption", "algorithm": "AES/CBC/PKCS5Padding", "data": "a" } }
W/DroidBox(  981): DroidBox: { "CryptoUsage": { "operation": "decryption", "algorithm": "AES/CBC/PKCS5Padding", "data": "a" } }
W/DroidBox(  981): DroidBox: { "CryptoUsage": { "operation": "keyalgo", "key": "-76, -96, -61, 67, 53, 20, -81, 9, 25, -93, 0, 108, -109, 37, -99, 52", "algorithm": "AES" } }
W/DroidBox(  981): DroidBox: { "CryptoUsage": { "operation": "decryption", "algorithm": "AES/CBC/PKCS5Padding", "data": "com.google.android.ads.z__.ad" } }
W/DroidBox(  981): DroidBox: { "CryptoUsage": { "operation": "keyalgo", "key": "-76, -96, -61, 67, 53, 20, -81, 9, 25, -93, 0, 108, -109, 37, -99, 52", "algorithm": "AES" } }
W/DroidBox(  981): DroidBox: { "CryptoUsage": { "operation": "decryption", "algorithm": "AES/CBC/PKCS5Padding", "data": "com.google.android.ads.z__.ae" } }
W/DroidBox(  981): DroidBox: { "CryptoUsage": { "operation": "keyalgo", "key": "-76, -96, -61, 67, 53, 20, -81, 9, 25, -93, 0, 108, -109, 37, -99, 52", "algorithm": "AES" } }
W/DroidBox(  981): DroidBox: { "CryptoUsage": { "operation": "decryption", "algorithm": "AES/CBC/PKCS5Padding", "data": "com.google.android.ads.z__.k" } }
W/DroidBox(  981): DroidBox: { "CryptoUsage": { "operation": "decryption", "algorithm": "AES/CBC/PKCS5Padding", "data": "a" } }
W/DroidBox(  981): DroidBox: { "CryptoUsage": { "operation": "keyalgo", "key": "-76, -96, -61, 67, 53, 20, -81, 9, 25, -93, 0, 108, -109, 37, -99, 52", "algorithm": "AES" } }
W/DroidBox(  981): DroidBox: { "CryptoUsage": { "operation": "keyalgo", "key": "-76, -96, -61, 67, 53, 20, -81, 9, 25, -93, 0, 108, -109, 37, -99, 52", "algorithm": "AES" } }
W/DroidBox(  981): DroidBox: { "CryptoUsage": { "operation": "keyalgo", "key": "-76, -96, -61, 67, 53, 20, -81, 9, 25, -93, 0, 108, -109, 37, -99, 52", "algorithm": "AES" } }
W/DroidBox(  981): DroidBox: { "CryptoUsage": { "operation": "decryption", "algorithm": "AES/CBC/PKCS5Padding", "data": "a" } }
E/WVMExtractor(   62): Failed to open libwvm.so
W/DroidBox(  981): DroidBox: { "CryptoUsage": { "operation": "keyalgo", "key": "-76, -96, -61, 67, 53, 20, -81, 9, 25, -93, 0, 108, -109, 37, -99, 52", "algorithm": "AES" } }
W/DroidBox(  981): DroidBox: { "CryptoUsage": { "operation": "keyalgo", "key": "-76, -96, -61, 67, 53, 20, -81, 9, 25, -93, 0, 108, -109, 37, -99, 52", "algorithm": "AES" } }
W/DroidBox(  981): DroidBox: { "CryptoUsage": { "operation": "keyalgo", "key": "-76, -96, -61, 67, 53, 20, -81, 9, 25, -93, 0, 108, -109, 37, -99, 52", "algorithm": "AES" } }
W/DroidBox(  981): DroidBox: { "CryptoUsage": { "operation": "decryption", "algorithm": "AES/CBC/PKCS5Padding", "data": "a" } }
W/dalvikvm(  220): DroidBox: { "FdAccess": { "path": "2f70726f632f313033362f636d646c696e65", "id": "838389046" } }
W/DroidBox(  220): DroidBox: { "FileRW": { "operation": "read", "data": "70726f6372616e6b006c2e65796567756172640000000000000000000000000000000000000000000000000000000000000000000000000000000000000000000000000000000000000000005f7374726163655f6d6f6e6b65792e747874006434623833", "id": "838389046" } }
W/DroidBox(  981): DroidBox: { "CryptoUsage": { "operation": "decryption", "algorithm": "AES/CBC/PKCS5Padding", "data": "com.google.android.ads.z__.ab" } }
W/DroidBox(  981): DroidBox: { "CryptoUsage": { "operation": "decryption", "algorithm": "AES/CBC/PKCS5Padding", "data": "com.google.android.ads.z__.o" } }
W/DroidBox(  981): DroidBox: { "CryptoUsage": { "operation": "keyalgo", "key": "-76, -96, -61, 67, 53, 20, -81, 9, 25, -93, 0, 108, -109, 37, -99, 52", "algorithm": "AES" } }
W/DroidBox(  981): DroidBox: { "CryptoUsage": { "operation": "decryption", "algorithm": "AES/CBC/PKCS5Padding", "data": "a" } }
W/DroidBox(  981): DroidBox: { "CryptoUsage": { "operation": "keyalgo", "key": "-76, -96, -61, 67, 53, 20, -81, 9, 25, -93, 0, 108, -109, 37, -99, 52", "algorithm": "AES" } }
W/DroidBox(  981): DroidBox: { "CryptoUsage": { "operation": "decryption", "algorithm": "AES/CBC/PKCS5Padding", "data": "com.google.android.ads.z__.n" } }
W/DroidBox(  981): DroidBox: { "CryptoUsage": { "operation": "keyalgo", "key": "-76, -96, -61, 67, 53, 20, -81, 9, 25, -93, 0, 108, -109, 37, -99, 52", "algorithm": "AES" } }
W/DroidBox(  981): DroidBox: { "CryptoUsage": { "operation": "keyalgo", "key": "-76, -96, -61, 67, 53, 20, -81, 9, 25, -93, 0, 108, -109, 37, -99, 52", "algorithm": "AES" } }
W/DroidBox(  981): DroidBox: { "CryptoUsage": { "operation": "keyalgo", "key": "-76, -96, -61, 67, 53, 20, -81, 9, 25, -93, 0, 108, -109, 37, -99, 52", "algorithm": "AES" } }
W/DroidBox(  981): DroidBox: { "CryptoUsage": { "operation": "keyalgo", "key": "-76, -96, -61, 67, 53, 20, -81, 9, 25, -93, 0, 108, -109, 37, -99, 52", "algorithm": "AES" } }
W/DroidBox(  981): DroidBox: { "CryptoUsage": { "operation": "decryption", "algorithm": "AES/CBC/PKCS5Padding", "data": "a" } }
W/DroidBox(  981): DroidBox: { "CryptoUsage": { "operation": "keyalgo", "key": "-76, -96, -61, 67, 53, 20, -81, 9, 25, -93, 0, 108, -109, 37, -99, 52", "algorithm": "AES" } }
W/DroidBox(  981): DroidBox: { "CryptoUsage": { "operation": "decryption", "algorithm": "AES/CBC/PKCS5Padding", "data": "com.google.android.ads.z__.y" } }
W/DroidBox(  981): DroidBox: { "CryptoUsage": { "operation": "decryption", "algorithm": "AES/CBC/PKCS5Padding", "data": "com.google.android.ads.z__.ac" } }
W/DroidBox(  981): DroidBox: { "CryptoUsage": { "operation": "keyalgo", "key": "-76, -96, -61, 67, 53, 20, -81, 9, 25, -93, 0, 108, -109, 37, -99, 52", "algorithm": "AES" } }
W/DroidBox(  981): DroidBox: { "CryptoUsage": { "operation": "decryption", "algorithm": "AES/CBC/PKCS5Padding", "data": "a" } }
E/WVMExtractor(   62): Failed to open libwvm.so
W/DroidBox(  981): DroidBox: { "CryptoUsage": { "operation": "keyalgo", "key": "-76, -96, -61, 67, 53, 20, -81, 9, 25, -93, 0, 108, -109, 37, -99, 52", "algorithm": "AES" } }
W/DroidBox(  981): DroidBox: { "CryptoUsage": { "operation": "keyalgo", "key": "-76, -96, -61, 67, 53, 20, -81, 9, 25, -93, 0, 108, -109, 37, -99, 52", "algorithm": "AES" } }
W/DroidBox(  981): DroidBox: { "CryptoUsage": { "operation": "decryption", "algorithm": "AES/CBC/PKCS5Padding", "data": "com.google.android.ads.z__.l" } }
W/DroidBox(  981): DroidBox: { "CryptoUsage": { "operation": "keyalgo", "key": "-76, -96, -61, 67, 53, 20, -81, 9, 25, -93, 0, 108, -109, 37, -99, 52", "algorithm": "AES" } }
W/DroidBox(  981): DroidBox: { "CryptoUsage": { "operation": "decryption", "algorithm": "AES/CBC/PKCS5Padding", "data": "com.google.android.ads.z__.af" } }
W/DroidBox(  981): DroidBox: { "CryptoUsage": { "operation": "keyalgo", "key": "-76, -96, -61, 67, 53, 20, -81, 9, 25, -93, 0, 108, -109, 37, -99, 52", "algorithm": "AES" } }
W/DroidBox(  981): DroidBox: { "CryptoUsage": { "operation": "keyalgo", "key": "-76, -96, -61, 67, 53, 20, -81, 9, 25, -93, 0, 108, -109, 37, -99, 52", "algorithm": "AES" } }
W/DroidBox(  981): DroidBox: { "CryptoUsage": { "operation": "decryption", "algorithm": "AES/CBC/PKCS5Padding", "data": "a" } }
W/DroidBox(  981): DroidBox: { "CryptoUsage": { "operation": "keyalgo", "key": "-76, -96, -61, 67, 53, 20, -81, 9, 25, -93, 0, 108, -109, 37, -99, 52", "algorithm": "AES" } }
W/dalvikvm(  981): DroidBox: { "FdAccess": { "path": "2f646174612f646174612f636f6d2e7769676f616c2e65796567756172642f7368617265645f70726566732f73705f6d69632e786d6c", "id": "173918153" } }
W/DroidBox(  981): DroidBox: { "CryptoUsage": { "operation": "decryption", "algorithm": "AES/CBC/PKCS5Padding", "data": "com.google.android.ads.z__.s" } }
W/DroidBox(  981): DroidBox: { "FileRW": { "operation": "write", "data": "3c3f786d6c2076657273696f6e3d27312e302720656e636f64696e673d277574662d3827207374616e64616c6f6e653d2779657327203f3e0a3c6d61703e0a3c6c6f6e67206e616d653d226c6173745f636865636b5f7570646174655f74696d65222076", "id": "173918153" } }
W/DroidBox(  981): DroidBox: { "CryptoUsage": { "operation": "keyalgo", "key": "-76, -96, -61, 67, 53, 20, -81, 9, 25, -93, 0, 108, -109, 37, -99, 52", "algorithm": "AES" } }
W/DroidBox(  981): DroidBox: { "CryptoUsage": { "operation": "decryption", "algorithm": "AES/CBC/PKCS5Padding", "data": "a" } }
W/DroidBox(  981): DroidBox: { "CryptoUsage": { "operation": "decryption", "algorithm": "AES/CBC/PKCS5Padding", "data": "a" } }
W/DroidBox(  981): DroidBox: { "CryptoUsage": { "operation": "keyalgo", "key": "-76, -96, -61, 67, 53, 20, -81, 9, 25, -93, 0, 108, -109, 37, -99, 52", "algorithm": "AES" } }
W/DroidBox(  981): DroidBox: { "CryptoUsage": { "operation": "decryption", "algorithm": "AES/CBC/PKCS5Padding", "data": "com.google.android.ads.z__.aa" } }
W/DroidBox(  981): DroidBox: { "CryptoUsage": { "operation": "keyalgo", "key": "-76, -96, -61, 67, 53, 20, -81, 9, 25, -93, 0, 108, -109, 37, -99, 52", "algorithm": "AES" } }
W/DroidBox(  981): DroidBox: { "CryptoUsage": { "operation": "decryption", "algorithm": "AES/CBC/PKCS5Padding", "data": "com.google.android.ads.z__.z" } }
W/DroidBox(  981): DroidBox: { "CryptoUsage": { "operation": "keyalgo", "key": "-76, -96, -61, 67, 53, 20, -81, 9, 25, -93, 0, 108, -109, 37, -99, 52", "algorithm": "AES" } }
W/DroidBox(  981): DroidBox: { "CryptoUsage": { "operation": "decryption", "algorithm": "AES/CBC/PKCS5Padding", "data": "com.google.android.ads.z__.j" } }
E/WVMExtractor(   62): Failed to open libwvm.so
W/DroidBox(  981): DroidBox: { "CryptoUsage": { "operation": "keyalgo", "key": "-76, -96, -61, 67, 53, 20, -81, 9, 25, -93, 0, 108, -109, 37, -99, 52", "algorithm": "AES" } }
W/DroidBox(  981): DroidBox: { "CryptoUsage": { "operation": "decryption", "algorithm": "AES/CBC/PKCS5Padding", "data": "com.google.android.ads.z__.q" } }
W/DroidBox(  981): DroidBox: { "CryptoUsage": { "operation": "keyalgo", "key": "-76, -96, -61, 67, 53, 20, -81, 9, 25, -93, 0, 108, -109, 37, -99, 52", "algorithm": "AES" } }
W/DroidBox(  981): DroidBox: { "CryptoUsage": { "operation": "decryption", "algorithm": "AES/CBC/PKCS5Padding", "data": "a" } }
