D/InputEventConsistencyVerifier(  989):   0: sent at 83022000000, KeyEvent { action=ACTION_UP, keyCode=KEYCODE_DPAD_UP, scanCode=0, metaState=0, flags=0x8, repeatCount=0, eventTime=83022, downTime=83022, deviceId=-1, source=0x101 }
D/InputEventConsistencyVerifier(  989):   -- recent events --
D/InputEventConsistencyVerifier(  989):   1: sent at 82382000000, (unhandled) KeyEvent { action=ACTION_DOWN, keyCode=KEYCODE_DPAD_DOWN, scanCode=0, metaState=0, flags=0x400, repeatCount=0, eventTime=82382, downTime=82382, deviceId=-1, source=0x101 }
D/InputEventConsistencyVerifier(  989):   2: sent at 82379000000, (unhandled) KeyEvent { action=ACTION_UP, keyCode=KEYCODE_DPAD_DOWN, scanCode=0, metaState=0, flags=0x400, repeatCount=0, eventTime=82379, downTime=82379, deviceId=-1, source=0x101 }
D/InputEventConsistencyVerifier(  989):   3: sent at 82379000000, KeyEvent { action=ACTION_DOWN, keyCode=KEYCODE_DPAD_DOWN, scanCode=0, metaState=0, flags=0x400, repeatCount=0, eventTime=82379, downTime=82379, deviceId=-1, source=0x101 }
D/InputEventConsistencyVerifier(  989):   4: sent at 82029000000, (unhandled) MotionEvent { action=ACTION_MOVE, id[0]=0, x[0]=-3.0, y[0]=3.0, toolType[0]=TOOL_TYPE_UNKNOWN, buttonState=0, metaState=0, flags=0x0, edgeFlags=0x0, pointerCount=1, historySize=9, eventTime=82029, downTime=-1, deviceId=0, source=0x10004 }
D/InputEventConsistencyVerifier(  989): KeyEvent: ACTION_UP but key was not down.
D/InputEventConsistencyVerifier(  989):   in android.widget.LinearLayout@b3ec8140
D/InputEventConsistencyVerifier(  989):   0: sent at 83084000000, KeyEvent { action=ACTION_UP, keyCode=KEYCODE_DPAD_RIGHT, scanCode=0, metaState=0, flags=0x8, repeatCount=0, eventTime=83084, downTime=83084, deviceId=-1, source=0x101 }
D/InputEventConsistencyVerifier(  989):   -- recent events --
D/InputEventConsistencyVerifier(  989):   1: sent at 83002000000, (unhandled) KeyEvent { action=ACTION_DOWN, keyCode=KEYCODE_DPAD_UP, scanCode=0, metaState=0, flags=0x8, repeatCount=0, eventTime=83002, downTime=83002, deviceId=-1, source=0x101 }
D/InputEventConsistencyVerifier(  989):   2: sent at 82927000000, (unhandled) KeyEvent { action=ACTION_UP, keyCode=KEYCODE_DPAD_RIGHT, scanCode=0, metaState=0, flags=0x8, repeatCount=0, eventTime=82927, downTime=82927, deviceId=-1, source=0x101 }
D/InputEventConsistencyVerifier(  989):   3: sent at 82922000000, (unhandled) KeyEvent { action=ACTION_DOWN, keyCode=KEYCODE_DPAD_RIGHT, scanCode=0, metaState=0, flags=0x8, repeatCount=0, eventTime=82922, downTime=82922, deviceId=-1, source=0x101 }
D/InputEventConsistencyVerifier(  989):   4: sent at 82885000000, (unhandled) KeyEvent { action=ACTION_UP, keyCode=KEYCODE_7, scanCode=0, metaState=0, flags=0x8, repeatCount=0, eventTime=82885, downTime=82885, deviceId=-1, source=0x101 }
D/InputEventConsistencyVerifier(  989):   5: sent at 82828000000, (unhandled) KeyEvent { action=ACTION_DOWN, keyCode=KEYCODE_7, scanCode=0, metaState=0, flags=0x8, repeatCount=0, eventTime=82828, downTime=82828, deviceId=-1, source=0x101 }
D/InputEventConsistencyVerifier(  989): KeyEvent: ACTION_UP but key was not down.
D/InputEventConsistencyVerifier(  989):   in android.widget.Button@b3e668d8
D/InputEventConsistencyVerifier(  989):   0: sent at 83103000000, KeyEvent { action=ACTION_UP, keyCode=KEYCODE_DPAD_LEFT, scanCode=0, metaState=0, flags=0x8, repeatCount=0, eventTime=83103, downTime=83103, deviceId=-1, source=0x101 }
D/InputEventConsistencyVerifier(  989):   -- recent events --
D/InputEventConsistencyVerifier(  989):   1: sent at 82031000000, (unhandled) KeyEvent { action=ACTION_DOWN, keyCode=KEYCODE_DPAD_RIGHT, scanCode=0, metaState=0, flags=0x8, repeatCount=0, eventTime=82031, downTime=82031, deviceId=-1, source=0x101 }
D/InputEventConsistencyVerifier(  989):   2: sent at 82382000000, (unhandled) KeyEvent { action=ACTION_UP, keyCode=KEYCODE_DPAD_DOWN, scanCode=0, metaState=0, flags=0x400, repeatCount=0, eventTime=82382, downTime=82382, deviceId=-1, source=0x101 }
D/InputEventConsistencyVerifier(  989):   3: sent at 82382000000, (unhandled) KeyEvent { action=ACTION_DOWN, keyCode=KEYCODE_DPAD_DOWN, scanCode=0, metaState=0, flags=0x400, repeatCount=0, eventTime=82382, downTime=82382, deviceId=-1, source=0x101 }
D/InputEventConsistencyVerifier(  989):   4: sent at 82382000000, (unhandled) KeyEvent { action=ACTION_UP, keyCode=KEYCODE_DPAD_DOWN, scanCode=0, metaState=0, flags=0x80000400, repeatCount=0, eventTime=82382, downTime=82382, deviceId=-1, source=0x101 }
I/Choreographer(  989): Skipped 32 frames!  The application may be doing too much work on its main thread.
I/ActivityManager(  222): START {act=android.intent.action.MAIN cat=[android.intent.category.LAUNCHER] flg=0x10200000 cmp=com.urbanairship.airmail/.MainListActivity u=0} from pid 968
E/WVMExtractor(   62): Failed to open libwvm.so
D/InputEventConsistencyVerifier(  989): KeyEvent: ACTION_UP but key was not down.
D/InputEventConsistencyVerifier(  989):   in com.android.internal.policy.impl.PhoneWindow$DecorView@b3e9c718
D/InputEventConsistencyVerifier(  989):   0: sent at 83400000000, KeyEvent { action=ACTION_UP, keyCode=KEYCODE_DPAD_RIGHT, scanCode=0, metaState=0, flags=0x400, repeatCount=0, eventTime=83400, downTime=83400, deviceId=-1, source=0x101 }
D/InputEventConsistencyVerifier(  989):   -- recent events --
D/InputEventConsistencyVerifier(  989):   1: sent at 83234000000, (unhandled) MotionEvent { action=ACTION_MOVE, id[0]=0, x[0]=4.0, y[0]=1.0, toolType[0]=TOOL_TYPE_UNKNOWN, buttonState=0, metaState=0, flags=0x0, edgeFlags=0x0, pointerCount=1, historySize=9, eventTime=83234, downTime=-1, deviceId=0, source=0x10004 }
D/InputEventConsistencyVerifier(  989):   2: sent at 83175000000, (unhandled) MotionEvent { action=ACTION_UP, id[0]=0, x[0]=369.0, y[0]=163.0, toolType[0]=TOOL_TYPE_UNKNOWN, buttonState=0, metaState=0, flags=0x0, edgeFlags=0x0, pointerCount=1, historySize=0, eventTime=83175, downTime=83152, deviceId=0, source=0x1002 }
D/InputEventConsistencyVerifier(  989):   3: sent at 83172000000, (unhandled) MotionEvent { action=ACTION_MOVE, id[0]=0, x[0]=360.0, y[0]=157.0, toolType[0]=TOOL_TYPE_UNKNOWN, buttonState=0, metaState=0, flags=0x0, edgeFlags=0x0, pointerCount=1, historySize=2, eventTime=83172, downTime=83152, deviceId=0, source=0x1002 }
D/InputEventConsistencyVerifier(  989):   4: sent at 83153000000, (unhandled) MotionEvent { action=ACTION_DOWN, id[0]=0, x[0]=334.0, y[0]=123.0, toolType[0]=TOOL_TYPE_UNKNOWN, buttonState=0, metaState=0, flags=0x0, edgeFlags=0x0, pointerCount=1, historySize=0, eventTime=83153, downTime=83152, deviceId=0, source=0x1002 }
D/InputEventConsistencyVerifier(  989):   5: sent at 83146000000, MotionEvent { action=ACTION_UP, id[0]=0, x[0]=182.0, y[0]=450.0, toolType[0]=TOOL_TYPE_UNKNOWN, buttonState=0, metaState=0, flags=0x0, edgeFlags=0x0, pointerCount=1, historySize=0, eventTime=83146, downTime=83129, deviceId=0, source=0x1002 }
D/InputEventConsistencyVerifier(  989): KeyEvent: ACTION_UP but key was not down.
D/InputEventConsistencyVerifier(  989):   in android.widget.LinearLayout@b3ec8140
D/InputEventConsistencyVerifier(  989):   0: sent at 83401000000, KeyEvent { action=ACTION_UP, keyCode=KEYCODE_DPAD_RIGHT, scanCode=0, metaState=0, flags=0x400, repeatCount=0, eventTime=83401, downTime=83401, deviceId=-1, source=0x101 }
D/InputEventConsistencyVerifier(  989):   -- recent events --
D/InputEventConsistencyVerifier(  989):   1: sent at 83103000000, (unhandled) KeyEvent { action=ACTION_UP, keyCode=KEYCODE_DPAD_LEFT, scanCode=0, metaState=0, flags=0x8, repeatCount=0, eventTime=83103, downTime=83103, deviceId=-1, source=0x101 }
D/InputEventConsistencyVerifier(  989):   2: sent at 83094000000, (unhandled) KeyEvent { action=ACTION_DOWN, keyCode=KEYCODE_DPAD_LEFT, scanCode=0, metaState=0, flags=0x8, repeatCount=0, eventTime=83094, downTime=83094, deviceId=-1, source=0x101 }
D/InputEventConsistencyVerifier(  989):   3: sent at 83084000000, (unhandled) KeyEvent { action=ACTION_UP, keyCode=KEYCODE_DPAD_RIGHT, scanCode=0, metaState=0, flags=0x80000008, repeatCount=0, eventTime=83084, downTime=83084, deviceId=-1, source=0x101 }
D/InputEventConsistencyVerifier(  989):   4: sent at 83002000000, (unhandled) KeyEvent { action=ACTION_DOWN, keyCode=KEYCODE_DPAD_UP, scanCode=0, metaState=0, flags=0x8, repeatCount=0, eventTime=83002, downTime=83002, deviceId=-1, source=0x101 }
D/InputEventConsistencyVerifier(  989):   5: sent at 82927000000, (unhandled) KeyEvent { action=ACTION_UP, keyCode=KEYCODE_DPAD_RIGHT, scanCode=0, metaState=0, flags=0x8, repeatCount=0, eventTime=82927, downTime=82927, deviceId=-1, source=0x101 }
I/InputDispatcher(  222): Dropped event because of pending overdue app switch.
W/InputManager(  222): Input event injection from pid 968 failed.
I/ActivityManager(  222): START {act=android.intent.action.MAIN cat=[android.intent.category.LAUNCHER] flg=0x10200000 cmp=com.urbanairship.airmail/.MainListActivity u=0} from pid 968
I/Choreographer(  989): Skipped 40 frames!  The application may be doing too much work on its main thread.
D/InputEventConsistencyVerifier(  989): KeyEvent: ACTION_UP but key was not down.
D/InputEventConsistencyVerifier(  989):   in android.widget.Button@b3e668d8
D/InputEventConsistencyVerifier(  989):   0: sent at 83579000000, KeyEvent { action=ACTION_UP, keyCode=KEYCODE_DPAD_LEFT, scanCode=0, metaState=0, flags=0x400, repeatCount=0, eventTime=83579, downTime=83579, deviceId=-1, source=0x101 }
D/InputEventConsistencyVerifier(  989):   -- recent events --
D/InputEventConsistencyVerifier(  989):   1: sent at 83103000000, (unhandled) KeyEvent { action=ACTION_UP, keyCode=KEYCODE_DPAD_LEFT, scanCode=0, metaState=0, flags=0x80000008, repeatCount=0, eventTime=83103, downTime=83103, deviceId=-1, source=0x101 }
D/InputEventConsistencyVerifier(  989):   2: sent at 82031000000, (unhandled) KeyEvent { action=ACTION_DOWN, keyCode=KEYCODE_DPAD_RIGHT, scanCode=0, metaState=0, flags=0x8, repeatCount=0, eventTime=82031, downTime=82031, deviceId=-1, source=0x101 }
D/InputEventConsistencyVerifier(  989):   3: sent at 82382000000, (unhandled) KeyEvent { action=ACTION_UP, keyCode=KEYCODE_DPAD_DOWN, scanCode=0, metaState=0, flags=0x400, repeatCount=0, eventTime=82382, downTime=82382, deviceId=-1, source=0x101 }
D/InputEventConsistencyVerifier(  989):   4: sent at 82382000000, (unhandled) KeyEvent { action=ACTION_DOWN, keyCode=KEYCODE_DPAD_DOWN, scanCode=0, metaState=0, flags=0x400, repeatCount=0, eventTime=82382, downTime=82382, deviceId=-1, source=0x101 }
D/InputEventConsistencyVerifier(  989):   5: sent at 82382000000, (unhandled) KeyEvent { action=ACTION_UP, keyCode=KEYCODE_DPAD_DOWN, scanCode=0, metaState=0, flags=0x80000400, repeatCount=0, eventTime=82382, downTime=82382, deviceId=-1, source=0x101 }
E/WVMExtractor(   62): Failed to open libwvm.so
W/DroidBox( 1036): DroidBox: { "ServiceStart": { "name": "com.android.music.MediaPlaybackService" } }
W/DroidBox( 1036): DroidBox: { "ServiceStart": { "name": "com.android.music.MediaPlaybackService" } }
E/WVMExtractor(   62): Failed to open libwvm.so
D/AirMail (  989): OS Version: 4.1.1
D/AirMail (  989): AMCP Version: 2.0.2
D/AirMail (  989): APID: b9faf0e3-16e5-4737-9bbf-19dbcfbe5e4b
D/AirMail (  989): Device Model: Full Android on Emulator
D/AirMail (  989): Device Type: eng
D/AirMail (  989): Network Type: mobile
D/InputEventConsistencyVerifier(  989): KeyEvent: ACTION_UP but key was not down.
D/InputEventConsistencyVerifier(  989):   in android.view.ViewRootImpl@b3dd1760
D/InputEventConsistencyVerifier(  989):   0: sent at 83931000000, KeyEvent { action=ACTION_UP, keyCode=KEYCODE_DPAD_CENTER, scanCode=0, metaState=0, flags=0x8, repeatCount=0, eventTime=83931, downTime=83931, deviceId=-1, source=0x101 }
I/Choreographer(  989): Skipped 127 frames!  The application may be doing too much work on its main thread.
I/Choreographer(  989): Skipped 78 frames!  The application may be doing too much work on its main thread.
I/ActivityManager(  222): START {act=android.intent.action.MAIN cat=[android.intent.category.HOME] flg=0x10200000 cmp=com.android.launcher/com.android.launcher2.Launcher u=0} from pid 222
E/WVMExtractor(   62): Failed to open libwvm.so
D/InputEventConsistencyVerifier(  989): KeyEvent: ACTION_UP but key was not down.
D/InputEventConsistencyVerifier(  989):   in com.android.internal.policy.impl.PhoneWindow$DecorView@b3e29540
D/InputEventConsistencyVerifier(  989):   0: sent at 84995000000, KeyEvent { action=ACTION_UP, keyCode=KEYCODE_DPAD_CENTER, scanCode=0, metaState=0, flags=0x8, repeatCount=0, eventTime=84995, downTime=84995, deviceId=-1, source=0x101 }
D/InputEventConsistencyVerifier(  989):   -- recent events --
D/InputEventConsistencyVerifier(  989):   1: sent at 84770000000, (unhandled) MotionEvent { action=ACTION_UP, id[0]=0, x[0]=130.0, y[0]=557.0, toolType[0]=TOOL_TYPE_UNKNOWN, buttonState=0, metaState=0, flags=0x0, edgeFlags=0x0, pointerCount=1, historySize=0, eventTime=84770, downTime=84765, deviceId=0, source=0x1002 }
D/InputEventConsistencyVerifier(  989):   2: sent at 84765000000, (unhandled) MotionEvent { action=ACTION_DOWN, id[0]=0, x[0]=123.0, y[0]=556.0, toolType[0]=TOOL_TYPE_UNKNOWN, buttonState=0, metaState=0, flags=0x0, edgeFlags=0x0, pointerCount=1, historySize=0, eventTime=84765, downTime=84765, deviceId=0, source=0x1002 }
D/InputEventConsistencyVerifier(  989):   3: sent at 84679000000, (unhandled) KeyEvent { action=ACTION_UP, keyCode=KEYCODE_DPAD_LEFT, scanCode=0, metaState=0, flags=0x8, repeatCount=0, eventTime=84679, downTime=84679, deviceId=-1, source=0x101 }
D/InputEventConsistencyVerifier(  989):   4: sent at 84569000000, (unhandled) KeyEvent { action=ACTION_DOWN, keyCode=KEYCODE_DPAD_LEFT, scanCode=0, metaState=0, flags=0x8, repeatCount=0, eventTime=84569, downTime=84569, deviceId=-1, source=0x101 }
D/InputEventConsistencyVerifier(  989):   5: sent at 84566000000, (unhandled) KeyEvent { action=ACTION_UP, keyCode=KEYCODE_DPAD_LEFT, scanCode=0, metaState=0, flags=0x8, repeatCount=0, eventTime=84566, downTime=84566, deviceId=-1, source=0x101 }
I/Choreographer(  989): Skipped 33 frames!  The application may be doing too much work on its main thread.
D/InputEventConsistencyVerifier(  989): KeyEvent: ACTION_UP but key was not down.
D/InputEventConsistencyVerifier(  989):   in com.android.internal.policy.impl.PhoneWindow$DecorView@b3e29540
D/InputEventConsistencyVerifier(  989):   0: sent at 85100000000, KeyEvent { action=ACTION_UP, keyCode=KEYCODE_DPAD_UP, scanCode=0, metaState=0, flags=0x8, repeatCount=0, eventTime=85100, downTime=85100, deviceId=-1, source=0x101 }
D/InputEventConsistencyVerifier(  989):   -- recent events --
D/InputEventConsistencyVerifier(  989):   1: sent at 85081000000, (unhandled) MotionEvent { action=ACTION_UP, id[0]=0, x[0]=268.0, y[0]=358.0, toolType[0]=TOOL_TYPE_UNKNOWN, buttonState=0, metaState=0, flags=0x0, edgeFlags=0x0, pointerCount=1, historySize=0, eventTime=85081, downTime=85075, deviceId=0, source=0x1002 }
D/InputEventConsistencyVerifier(  989):   2: sent at 85076000000, (unhandled) MotionEvent { action=ACTION_DOWN, id[0]=0, x[0]=274.0, y[0]=353.0, toolType[0]=TOOL_TYPE_UNKNOWN, buttonState=0, metaState=0, flags=0x0, edgeFlags=0x0, pointerCount=1, historySize=0, eventTime=85076, downTime=85075, deviceId=0, source=0x1002 }
D/InputEventConsistencyVerifier(  989):   3: sent at 85060000000, (unhandled) KeyEvent { action=ACTION_UP, keyCode=KEYCODE_DPAD_LEFT, scanCode=0, metaState=0, flags=0x8, repeatCount=0, eventTime=85060, downTime=85060, deviceId=-1, source=0x101 }
D/InputEventConsistencyVerifier(  989):   4: sent at 85042000000, (unhandled) KeyEvent { action=ACTION_DOWN, keyCode=KEYCODE_DPAD_LEFT, scanCode=0, metaState=0, flags=0x8, repeatCount=0, eventTime=85042, downTime=85042, deviceId=-1, source=0x101 }
D/InputEventConsistencyVerifier(  989):   5: sent at 85034000000, KeyEvent { action=ACTION_UP, keyCode=KEYCODE_DPAD_CENTER, scanCode=0, metaState=0, flags=0x8, repeatCount=0, eventTime=85034, downTime=85034, deviceId=-1, source=0x101 }
I/InputDispatcher(  222): Dropped event because of pending overdue app switch.
W/InputManager(  222): Input event injection from pid 968 failed.
W/InputMethodManagerService(  222): Window already focused, ignoring focus gain of: com.android.internal.view.IInputMethodClient$Stub$Proxy@b3f4d750 attribute=android.view.inputmethod.EditorInfo@b3fb6608
I/ActivityManager(  222): START {act=android.intent.action.VIEW dat=https://go.urbanairship.com/amcp-apps/ cmp=com.android.browser/.BrowserActivity (has extras) u=0} from pid 989
I/Choreographer(  989): Skipped 39 frames!  The application may be doing too much work on its main thread.
E/WVMExtractor(   62): Failed to open libwvm.so
I/ActivityManager(  222): START {act=android.intent.action.VIEW dat=https://go.urbanairship.com/amcp-apps/ cmp=com.android.browser/.BrowserActivity (has extras) u=0} from pid 989
E/WVMExtractor(   62): Failed to open libwvm.so
E/WVMExtractor(   62): Failed to open libwvm.so
D/InputEventConsistencyVerifier(  989): KeyEvent: ACTION_UP but key was not down.
D/InputEventConsistencyVerifier(  989):   in android.widget.TextView@b3df3c90
D/InputEventConsistencyVerifier(  989):   0: sent at 85919000000, KeyEvent { action=ACTION_UP, keyCode=KEYCODE_DPAD_DOWN, scanCode=0, metaState=0, flags=0x8, repeatCount=0, eventTime=85919, downTime=85919, deviceId=-1, source=0x101 }
D/InputEventConsistencyVerifier(  989):   -- recent events --
D/InputEventConsistencyVerifier(  989):   1: sent at 85655000000, MotionEvent { action=ACTION_UP, id[0]=0, x[0]=197.0, y[0]=103.0, toolType[0]=TOOL_TYPE_UNKNOWN, buttonState=0, metaState=0, flags=0x0, edgeFlags=0x0, pointerCount=1, historySize=0, eventTime=85655, downTime=85638, deviceId=0, source=0x1002 }
D/InputEventConsistencyVerifier(  989):   2: sent at 85639000000, MotionEvent { action=ACTION_DOWN, id[0]=0, x[0]=201.0, y[0]=92.0, toolType[0]=TOOL_TYPE_UNKNOWN, buttonState=0, metaState=0, flags=0x0, edgeFlags=0x0, pointerCount=1, historySize=0, eventTime=85639, downTime=85638, deviceId=0, source=0x1002 }
D/InputEventConsistencyVerifier(  989):   3: sent at 85306000000, MotionEvent { action=ACTION_UP, id[0]=0, x[0]=216.0, y[0]=94.0, toolType[0]=TOOL_TYPE_UNKNOWN, buttonState=0, metaState=0, flags=0x0, edgeFlags=0x0, pointerCount=1, historySize=0, eventTime=85306, downTime=85289, deviceId=0, source=0x1002 }
D/InputEventConsistencyVerifier(  989):   4: sent at 85289000000, MotionEvent { action=ACTION_DOWN, id[0]=0, x[0]=222.0, y[0]=99.0, toolType[0]=TOOL_TYPE_UNKNOWN, buttonState=0, metaState=0, flags=0x0, edgeFlags=0x0, pointerCount=1, historySize=0, eventTime=85289, downTime=85289, deviceId=0, source=0x1002 }
D/InputEventConsistencyVerifier(  989):   5: sent at 80868000000, (unhandled) KeyEvent { action=ACTION_UP, keyCode=KEYCODE_MENU, scanCode=0, metaState=0, flags=0x8, repeatCount=0, eventTime=80868, downTime=80868, deviceId=-1, source=0x101 }
D/InputEventConsistencyVerifier(  989): KeyEvent: ACTION_UP but key was not down.
D/InputEventConsistencyVerifier(  989):   in android.widget.ListView@b3de11a0
D/InputEventConsistencyVerifier(  989):   0: sent at 86033000000, KeyEvent { action=ACTION_UP, keyCode=KEYCODE_DPAD_RIGHT, scanCode=0, metaState=0, flags=0x8, repeatCount=0, eventTime=86033, downTime=86033, deviceId=-1, source=0x101 }
D/InputEventConsistencyVerifier(  989):   -- recent events --
D/InputEventConsistencyVerifier(  989):   1: sent at 85894000000, (unhandled) KeyEvent { action=ACTION_DOWN, keyCode=KEYCODE_DPAD_DOWN, scanCode=0, metaState=0, flags=0x8, repeatCount=0, eventTime=85894, downTime=85894, deviceId=-1, source=0x101 }
D/InputEventConsistencyVerifier(  989):   2: sent at 85869000000, (unhandled) KeyEvent { action=ACTION_UP, keyCode=KEYCODE_BUTTON_R2, scanCode=0, metaState=0, flags=0x8, repeatCount=0, eventTime=85869, downTime=85869, deviceId=-1, source=0x101 }
D/InputEventConsistencyVerifier(  989):   3: sent at 85803000000, (unhandled) KeyEvent { action=ACTION_DOWN, keyCode=KEYCODE_BUTTON_R2, scanCode=0, metaState=0, flags=0x8, repeatCount=0, eventTime=85803, downTime=85803, deviceId=-1, source=0x101 }
D/InputEventConsistencyVerifier(  989):   4: sent at 85713000000, (unhandled) KeyEvent { action=ACTION_UP, keyCode=KEYCODE_DPAD_DOWN, scanCode=0, metaState=0, flags=0x8, repeatCount=0, eventTime=85713, downTime=85713, deviceId=-1, source=0x101 }
D/InputEventConsistencyVerifier(  989):   5: sent at 85664000000, KeyEvent { action=ACTION_DOWN, keyCode=KEYCODE_DPAD_DOWN, scanCode=0, metaState=0, flags=0x8, repeatCount=0, eventTime=85664, downTime=85664, deviceId=-1, source=0x101 }
I/ActivityManager(  222): START {act=android.intent.action.MAIN cat=[android.intent.category.LAUNCHER] flg=0x10200000 cmp=com.urbanairship.airmail/.MainListActivity u=0} from pid 968
I/ActivityManager(  222): START {act=android.intent.action.MAIN cat=[android.intent.category.LAUNCHER] flg=0x10200000 cmp=com.urbanairship.airmail/.MainListActivity u=0} from pid 968
E/WVMExtractor(   62): Failed to open libwvm.so
E/WVMExtractor(   62): Failed to open libwvm.so
E/WVMExtractor(   62): Failed to open libwvm.so
E/WVMExtractor(   62): Failed to open libwvm.so
D/InputEventConsistencyVerifier(  989): KeyEvent: ACTION_UP but key was not down.
D/InputEventConsistencyVerifier(  989):   in android.widget.RelativeLayout@b3e0f4d0
D/InputEventConsistencyVerifier(  989):   0: sent at 86713000000, KeyEvent { action=ACTION_UP, keyCode=KEYCODE_DPAD_UP, scanCode=0, metaState=0, flags=0x400, repeatCount=0, eventTime=86713, downTime=86713, deviceId=-1, source=0x101 }
D/InputEventConsistencyVerifier(  989):   -- recent events --
D/InputEventConsistencyVerifier(  989):   1: sent at 86593000000, (unhandled) MotionEvent { action=ACTION_DOWN, id[0]=0, x[0]=404.0, y[0]=18.0, toolType[0]=TOOL_TYPE_UNKNOWN, buttonState=0, metaState=0, flags=0x0, edgeFlags=0x0, pointerCount=1, historySize=0, eventTime=86593, downTime=86593, deviceId=0, source=0x1002 }
D/InputEventConsistencyVerifier(  989):   2: sent at 86546000000, (unhandled) KeyEvent { action=ACTION_UP, keyCode=KEYCODE_V, scanCode=0, metaState=0, flags=0x8, repeatCount=0, eventTime=86546, downTime=86546, deviceId=-1, source=0x101 }
D/InputEventConsistencyVerifier(  989):   3: sent at 86497000000, (unhandled) KeyEvent { action=ACTION_DOWN, keyCode=KEYCODE_V, scanCode=0, metaState=0, flags=0x8, repeatCount=0, eventTime=86497, downTime=86497, deviceId=-1, source=0x101 }
D/InputEventConsistencyVerifier(  989):   4: sent at 86481000000, (unhandled) KeyEvent { action=ACTION_UP, keyCode=KEYCODE_DPAD_UP, scanCode=0, metaState=0, flags=0x8, repeatCount=0, eventTime=86481, downTime=86481, deviceId=-1, source=0x101 }
D/InputEventConsistencyVerifier(  989):   5: sent at 86459000000, (unhandled) KeyEvent { action=ACTION_DOWN, keyCode=KEYCODE_DPAD_UP, scanCode=0, metaState=0, flags=0x8, repeatCount=0, eventTime=86459, downTime=86459, deviceId=-1, source=0x101 }
E/WVMExtractor(   62): Failed to open libwvm.so
E/WVMExtractor(   62): Failed to open libwvm.so
E/WVMExtractor(   62): Failed to open libwvm.so
D/InputEventConsistencyVerifier(  989): KeyEvent: ACTION_UP but key was not down.
D/InputEventConsistencyVerifier(  989):   in android.widget.TextView@b3df3c90
D/InputEventConsistencyVerifier(  989):   0: sent at 87083000000, KeyEvent { action=ACTION_UP, keyCode=KEYCODE_DPAD_DOWN, scanCode=0, metaState=0, flags=0x400, repeatCount=0, eventTime=87083, downTime=87083, deviceId=-1, source=0x101 }
D/InputEventConsistencyVerifier(  989):   -- recent events --
D/InputEventConsistencyVerifier(  989):   1: sent at 85980000000, (unhandled) KeyEvent { action=ACTION_DOWN, keyCode=KEYCODE_DPAD_RIGHT, scanCode=0, metaState=0, flags=0x8, repeatCount=0, eventTime=85980, downTime=85980, deviceId=-1, source=0x101 }
D/InputEventConsistencyVerifier(  989):   2: sent at 85919000000, (unhandled) KeyEvent { action=ACTION_UP, keyCode=KEYCODE_DPAD_DOWN, scanCode=0, metaState=0, flags=0x80000008, repeatCount=0, eventTime=85919, downTime=85919, deviceId=-1, source=0x101 }
D/InputEventConsistencyVerifier(  989):   3: sent at 85655000000, MotionEvent { action=ACTION_UP, id[0]=0, x[0]=197.0, y[0]=103.0, toolType[0]=TOOL_TYPE_UNKNOWN, buttonState=0, metaState=0, flags=0x0, edgeFlags=0x0, pointerCount=1, historySize=0, eventTime=85655, downTime=85638, deviceId=0, source=0x1002 }
D/InputEventConsistencyVerifier(  989):   4: sent at 85639000000, MotionEvent { action=ACTION_DOWN, id[0]=0, x[0]=201.0, y[0]=92.0, toolType[0]=TOOL_TYPE_UNKNOWN, buttonState=0, metaState=0, flags=0x0, edgeFlags=0x0, pointerCount=1, historySize=0, eventTime=85639, downTime=85638, deviceId=0, source=0x1002 }
D/InputEventConsistencyVerifier(  989):   5: sent at 85306000000, MotionEvent { action=ACTION_UP, id[0]=0, x[0]=216.0, y[0]=94.0, toolType[0]=TOOL_TYPE_UNKNOWN, buttonState=0, metaState=0, flags=0x0, edgeFlags=0x0, pointerCount=1, historySize=0, eventTime=85306, downTime=85289, deviceId=0, source=0x1002 }
E/WVMExtractor(   62): Failed to open libwvm.so
E/WVMExtractor(   62): Failed to open libwvm.so
E/WVMExtractor(   62): Failed to open libwvm.so
E/WVMExtractor(   62): Failed to open libwvm.so
E/WVMExtractor(   62): Failed to open libwvm.so
D/InputEventConsistencyVerifier(  989): KeyEvent: ACTION_UP but key was not down.
D/InputEventConsistencyVerifier(  989):   in android.widget.ListView@b3de11a0
D/InputEventConsistencyVerifier(  989):   0: sent at 87087000000, KeyEvent { action=ACTION_UP, keyCode=KEYCODE_DPAD_UP, scanCode=0, metaState=0, flags=0x400, repeatCount=0, eventTime=87087, downTime=87087, deviceId=-1, source=0x101 }
D/InputEventConsistencyVerifier(  989):   -- recent events --
D/InputEventConsistencyVerifier(  989):   1: sent at 87083000000, (unhandled) KeyEvent { action=ACTION_DOWN, keyCode=KEYCODE_DPAD_DOWN, scanCode=0, metaState=0, flags=0x400, repeatCount=0, eventTime=87083, downTime=87083, deviceId=-1, source=0x101 }
D/InputEventConsistencyVerifier(  989):   2: sent at 86710000000, (unhandled) MotionEvent { action=ACTION_MOVE, id[0]=0, x[0]=-4.0, y[0]=-5.0, toolType[0]=TOOL_TYPE_UNKNOWN, buttonState=0, metaState=0, flags=0x0, edgeFlags=0x0, pointerCount=1, historySize=7, eventTime=86710, downTime=-1, deviceId=0, source=0x10004 }
D/InputEventConsistencyVerifier(  989):   3: sent at 86650000000, (unhandled) MotionEvent { action=ACTION_MOVE, id[0]=0, x[0]=3.0, y[0]=4.0, toolType[0]=TOOL_TYPE_UNKNOWN, buttonState=0, metaState=0, flags=0x0, edgeFlags=0x0, pointerCount=1, historySize=0, eventTime=86650, downTime=-1, deviceId=0, source=0x10004 }
D/InputEventConsistencyVerifier(  989):   4: sent at 86714000000, (unhandled) KeyEvent { action=ACTION_UP, keyCode=KEYCODE_DPAD_UP, scanCode=0, metaState=0, flags=0x400, repeatCount=0, eventTime=86714, downTime=86714, deviceId=-1, source=0x101 }
D/InputEventConsistencyVerifier(  989):   5: sent at 86714000000, (unhandled) KeyEvent { action=ACTION_DOWN, keyCode=KEYCODE_DPAD_UP, scanCode=0, metaState=0, flags=0x400, repeatCount=0, eventTime=86714, downTime=86714, deviceId=-1, source=0x101 }
E/WVMExtractor(   62): Failed to open libwvm.so
E/WVMExtractor(   62): Failed to open libwvm.so
E/WVMExtractor(   62): Failed to open libwvm.so
E/WVMExtractor(   62): Failed to open libwvm.so
E/WVMExtractor(   62): Failed to open libwvm.so
E/WVMExtractor(   62): Failed to open libwvm.so
I/ActivityManager(  222): START {act=android.intent.action.VIEW dat=https://go.urbanairship.com/amcp-apps/ cmp=com.android.browser/.BrowserActivity (has extras) u=0} from pid 989
I/Choreographer(  989): Skipped 73 frames!  The application may be doing too much work on its main thread.
D/InputEventConsistencyVerifier(  989): KeyEvent: ACTION_UP but key was not down.
D/InputEventConsistencyVerifier(  989):   in android.widget.LinearLayout@b3fdce40
D/InputEventConsistencyVerifier(  989):   0: sent at 89747000000, KeyEvent { action=ACTION_UP, keyCode=KEYCODE_DPAD_DOWN, scanCode=0, metaState=0, flags=0x400, repeatCount=0, eventTime=89747, downTime=89747, deviceId=-1, source=0x101 }
E/WVMExtractor(   62): Failed to open libwvm.so
D/InputEventConsistencyVerifier(  989): KeyEvent: ACTION_UP but key was not down.
D/InputEventConsistencyVerifier(  989):   in com.android.internal.policy.impl.PhoneWindow$DecorView@b3ea4ac8
D/InputEventConsistencyVerifier(  989):   0: sent at 90136000000, KeyEvent { action=ACTION_UP, keyCode=KEYCODE_DPAD_CENTER, scanCode=0, metaState=0, flags=0x8, repeatCount=0, eventTime=90136, downTime=90136, deviceId=-1, source=0x101 }
D/InputEventConsistencyVerifier(  989):   -- recent events --
D/InputEventConsistencyVerifier(  989):   1: sent at 90123000000, (unhandled) KeyEvent { action=ACTION_UP, keyCode=KEYCODE_META_RIGHT, scanCode=0, metaState=0, flags=0x8, repeatCount=0, eventTime=90123, downTime=90123, deviceId=-1, source=0x101 }
D/InputEventConsistencyVerifier(  989):   2: sent at 90104000000, (unhandled) KeyEvent { action=ACTION_DOWN, keyCode=KEYCODE_META_RIGHT, scanCode=0, metaState=0, flags=0x8, repeatCount=0, eventTime=90104, downTime=90104, deviceId=-1, source=0x101 }
D/InputEventConsistencyVerifier(  989):   3: sent at 90085000000, (unhandled) KeyEvent { action=ACTION_UP, keyCode=KEYCODE_MEDIA_PREVIOUS, scanCode=0, metaState=0, flags=0x8, repeatCount=0, eventTime=90085, downTime=90085, deviceId=-1, source=0x101 }
D/InputEventConsistencyVerifier(  989):   4: sent at 90027000000, (unhandled) KeyEvent { action=ACTION_DOWN, keyCode=KEYCODE_MEDIA_PREVIOUS, scanCode=0, metaState=0, flags=0x8, repeatCount=0, eventTime=90027, downTime=90027, deviceId=-1, source=0x101 }
D/InputEventConsistencyVerifier(  989):   5: sent at 90022000000, MotionEvent { action=ACTION_UP, id[0]=0, x[0]=0.0, y[0]=254.0, toolType[0]=TOOL_TYPE_UNKNOWN, buttonState=0, metaState=0, flags=0x0, edgeFlags=0x0, pointerCount=1, historySize=0, eventTime=90022, downTime=89988, deviceId=0, source=0x1002 }
I/Choreographer(  989): Skipped 34 frames!  The application may be doing too much work on its main thread.
E/WVMExtractor(   62): Failed to open libwvm.so
D/InputEventConsistencyVerifier(  989): KeyEvent: ACTION_UP but key was not down.
D/InputEventConsistencyVerifier(  989):   in com.android.internal.policy.impl.PhoneWindow$DecorView@b3ea4ac8
D/InputEventConsistencyVerifier(  989):   0: sent at 90294000000, KeyEvent { action=ACTION_UP, keyCode=KEYCODE_DPAD_CENTER, scanCode=0, metaState=0, flags=0x8, repeatCount=0, eventTime=90294, downTime=90294, deviceId=-1, source=0x101 }
D/InputEventConsistencyVerifier(  989):   -- recent events --
D/InputEventConsistencyVerifier(  989):   1: sent at 90280000000, (unhandled) KeyEvent { action=ACTION_UP, keyCode=KEYCODE_MEDIA_RECORD, scanCode=0, metaState=0, flags=0x8, repeatCount=0, eventTime=90280, downTime=90280, deviceId=-1, source=0x101 }
D/InputEventConsistencyVerifier(  989):   2: sent at 90216000000, (unhandled) KeyEvent { action=ACTION_DOWN, keyCode=KEYCODE_MEDIA_RECORD, scanCode=0, metaState=0, flags=0x8, repeatCount=0, eventTime=90216, downTime=90216, deviceId=-1, source=0x101 }
D/InputEventConsistencyVerifier(  989):   3: sent at 90212000000, (unhandled) MotionEvent { action=ACTION_UP, id[0]=0, x[0]=27.0, y[0]=302.0, toolType[0]=TOOL_TYPE_UNKNOWN, buttonState=0, metaState=0, flags=0x0, edgeFlags=0x0, pointerCount=1, historySize=0, eventTime=90212, downTime=90143, deviceId=0, source=0x1002 }
D/InputEventConsistencyVerifier(  989):   4: sent at 90211000000, (unhandled) MotionEvent { action=ACTION_MOVE, id[0]=0, x[0]=27.0, y[0]=309.0, toolType[0]=TOOL_TYPE_UNKNOWN, buttonState=0, metaState=0, flags=0x0, edgeFlags=0x0, pointerCount=1, historySize=6, eventTime=90211, downTime=90143, deviceId=0, source=0x1002 }
D/InputEventConsistencyVerifier(  989):   5: sent at 90150000000, (unhandled) MotionEvent { action=ACTION_MOVE, id[0]=0, x[0]=24.0, y[0]=338.0, toolType[0]=TOOL_TYPE_UNKNOWN, buttonState=0, metaState=0, flags=0x0, edgeFlags=0x0, pointerCount=1, historySize=1, eventTime=90150, downTime=90143, deviceId=0, source=0x1002 }
W/DroidBox( 1036): DroidBox: { "ServiceStart": { "name": "com.android.music.MediaPlaybackService" } }
W/DroidBox( 1036): DroidBox: { "ServiceStart": { "name": "com.android.music.MediaPlaybackService" } }
I/AudioService(  222):  AudioFocus  requestAudioFocus() from android.media.AudioManager@b3dcf470com.android.music.MediaPlaybackService$3@b3dcdca8
E/WVMExtractor(   62): Failed to open libwvm.so
I/ActivityManager(  222): START {act=android.intent.action.VIEW dat=https://go.urbanairship.com/amcp-apps/ cmp=com.android.browser/.BrowserActivity (has extras) u=0} from pid 989
I/ActivityManager(  222): START {act=android.intent.action.VIEW dat=https://go.urbanairship.com/amcp-apps/ cmp=com.android.browser/.BrowserActivity (has extras) u=0} from pid 989
I/ActivityManager(  222): START {act=android.intent.action.MAIN cat=[android.intent.category.HOME] flg=0x10200000 cmp=com.android.launcher/com.android.launcher2.Launcher u=0} from pid 222
I/Choreographer(  989): Skipped 54 frames!  The application may be doing too much work on its main thread.
I/AudioService(  222):   Remote Control   registerMediaButtonIntent() for PendingIntent{b40e1680: PendingIntentRecord{b42c5d90 com.android.music broadcastIntent}}
D/InputEventConsistencyVerifier(  989): KeyEvent: ACTION_UP but key was not down.
D/InputEventConsistencyVerifier(  989):   in com.android.internal.policy.impl.PhoneWindow$DecorView@b3ea4ac8
D/InputEventConsistencyVerifier(  989):   0: sent at 90765000000, KeyEvent { action=ACTION_UP, keyCode=KEYCODE_DPAD_RIGHT, scanCode=0, metaState=0, flags=0x400, repeatCount=0, eventTime=90765, downTime=90765, deviceId=-1, source=0x101 }
D/InputEventConsistencyVerifier(  989):   -- recent events --
D/InputEventConsistencyVerifier(  989):   1: sent at 90673000000, (unhandled) MotionEvent { action=ACTION_MOVE, id[0]=0, x[0]=4.0, y[0]=-3.0, toolType[0]=TOOL_TYPE_UNKNOWN, buttonState=0, metaState=0, flags=0x0, edgeFlags=0x0, pointerCount=1, historySize=9, eventTime=90673, downTime=-1, deviceId=0, source=0x10004 }
D/InputEventConsistencyVerifier(  989):   2: sent at 90687000000, (unhandled) MotionEvent { action=ACTION_UP, id[0]=0, x[0]=473.0, y[0]=308.0, toolType[0]=TOOL_TYPE_UNKNOWN, buttonState=0, metaState=0, flags=0x0, edgeFlags=0x0, pointerCount=1, historySize=0, eventTime=90687, downTime=90676, deviceId=0, source=0x1002 }
D/InputEventConsistencyVerifier(  989):   3: sent at 90685000000, (unhandled) MotionEvent { action=ACTION_MOVE, id[0]=0, x[0]=472.0, y[0]=301.0, toolType[0]=TOOL_TYPE_UNKNOWN, buttonState=0, metaState=0, flags=0x0, edgeFlags=0x0, pointerCount=1, historySize=2, eventTime=90685, downTime=90676, deviceId=0, source=0x1002 }
D/InputEventConsistencyVerifier(  989):   4: sent at 90677000000, (unhandled) MotionEvent { action=ACTION_DOWN, id[0]=0, x[0]=460.0, y[0]=293.0, toolType[0]=TOOL_TYPE_UNKNOWN, buttonState=0, metaState=0, flags=0x0, edgeFlags=0x0, pointerCount=1, historySize=0, eventTime=90677, downTime=90676, deviceId=0, source=0x1002 }
D/InputEventConsistencyVerifier(  989):   5: sent at 90574000000, (unhandled) KeyEvent { action=ACTION_UP, keyCode=KEYCODE_DPAD_CENTER, scanCode=0, metaState=0, flags=0x8, repeatCount=0, eventTime=90574, downTime=90574, deviceId=-1, source=0x101 }
E/WVMExtractor(   62): Failed to open libwvm.so
I/ActivityManager(  222): START {act=android.intent.action.VIEW dat=https://go.urbanairship.com/amcp-apps/ cmp=com.android.browser/.BrowserActivity (has extras) u=0} from pid 989
D/InputEventConsistencyVerifier(  989): KeyEvent: ACTION_UP but key was not down.
D/InputEventConsistencyVerifier(  989):   in com.android.internal.policy.impl.PhoneWindow$DecorView@b3ea4ac8
D/InputEventConsistencyVerifier(  989):   0: sent at 91042000000, KeyEvent { action=ACTION_UP, keyCode=KEYCODE_DPAD_DOWN, scanCode=0, metaState=0, flags=0x8, repeatCount=0, eventTime=91042, downTime=91042, deviceId=-1, source=0x101 }
D/InputEventConsistencyVerifier(  989):   -- recent events --
D/InputEventConsistencyVerifier(  989):   1: sent at 90928000000, MotionEvent { action=ACTION_UP, id[0]=0, x[0]=309.0, y[0]=425.0, toolType[0]=TOOL_TYPE_UNKNOWN, buttonState=0, metaState=0, flags=0x0, edgeFlags=0x0, pointerCount=1, historySize=0, eventTime=90928, downTime=90923, deviceId=0, source=0x1002 }
D/InputEventConsistencyVerifier(  989):   2: sent at 90924000000, MotionEvent { action=ACTION_DOWN, id[0]=0, x[0]=305.0, y[0]=412.0, toolType[0]=TOOL_TYPE_UNKNOWN, buttonState=0, metaState=0, flags=0x0, edgeFlags=0x0, pointerCount=1, historySize=0, eventTime=90924, downTime=90923, deviceId=0, source=0x1002 }
D/InputEventConsistencyVerifier(  989):   3: sent at 90897000000, MotionEvent { action=ACTION_UP, id[0]=0, x[0]=189.0, y[0]=461.0, toolType[0]=TOOL_TYPE_UNKNOWN, buttonState=0, metaState=0, flags=0x0, edgeFlags=0x0, pointerCount=1, historySize=0, eventTime=90897, downTime=90864, deviceId=0, source=0x1002 }
D/InputEventConsistencyVerifier(  989):   4: sent at 90895000000, MotionEvent { action=ACTION_MOVE, id[0]=0, x[0]=185.0, y[0]=460.0, toolType[0]=TOOL_TYPE_UNKNOWN, buttonState=0, metaState=0, flags=0x0, edgeFlags=0x0, pointerCount=1, historySize=4, eventTime=90895, downTime=90864, deviceId=0, source=0x1002 }
D/InputEventConsistencyVerifier(  989):   5: sent at 90865000000, MotionEvent { action=ACTION_DOWN, id[0]=0, x[0]=156.0, y[0]=445.0, toolType[0]=TOOL_TYPE_UNKNOWN, buttonState=0, metaState=0, flags=0x0, edgeFlags=0x0, pointerCount=1, historySize=0, eventTime=90865, downTime=90864, deviceId=0, source=0x1002 }
I/Choreographer(  989): Skipped 30 frames!  The application may be doing too much work on its main thread.
I/InputDispatcher(  222): Dropped event because of pending overdue app switch.
W/InputManager(  222): Input event injection from pid 968 failed.
D/InputEventConsistencyVerifier(  989): KeyEvent: ACTION_UP but key was not down.
D/InputEventConsistencyVerifier(  989):   in android.view.ViewRootImpl@b3dcfa48
D/InputEventConsistencyVerifier(  989):   0: sent at 91195000000, KeyEvent { action=ACTION_UP, keyCode=KEYCODE_DPAD_CENTER, scanCode=0, metaState=0, flags=0x8, repeatCount=0, eventTime=91195, downTime=91195, deviceId=-1, source=0x101 }
D/InputEventConsistencyVerifier(  989):   -- recent events --
D/InputEventConsistencyVerifier(  989):   1: sent at 91160000000, KeyEvent { action=ACTION_UP, keyCode=KEYCODE_MEDIA_PLAY, scanCode=0, metaState=0, flags=0x8, repeatCount=0, eventTime=91160, downTime=91160, deviceId=-1, source=0x101 }
D/InputEventConsistencyVerifier(  989):   2: sent at 91117000000, KeyEvent { action=ACTION_DOWN, keyCode=KEYCODE_MEDIA_PLAY, scanCode=0, metaState=0, flags=0x8, repeatCount=0, eventTime=91117, downTime=91117, deviceId=-1, source=0x101 }
D/InputEventConsistencyVerifier(  989):   3: sent at 91112000000, MotionEvent { action=ACTION_UP, id[0]=0, x[0]=436.0, y[0]=517.0, toolType[0]=TOOL_TYPE_UNKNOWN, buttonState=0, metaState=0, flags=0x0, edgeFlags=0x0, pointerCount=1, historySize=0, eventTime=91112, downTime=91098, deviceId=0, source=0x1002 }
D/InputEventConsistencyVerifier(  989):   4: sent at 91098000000, MotionEvent { action=ACTION_DOWN, id[0]=0, x[0]=449.0, y[0]=517.0, toolType[0]=TOOL_TYPE_UNKNOWN, buttonState=0, metaState=0, flags=0x0, edgeFlags=0x0, pointerCount=1, historySize=0, eventTime=91098, downTime=91098, deviceId=0, source=0x1002 }
D/InputEventConsistencyVerifier(  989):   5: sent at 91042000000, KeyEvent { action=ACTION_UP, keyCode=KEYCODE_DPAD_DOWN, scanCode=0, metaState=0, flags=0x8, repeatCount=0, eventTime=91042, downTime=91042, deviceId=-1, source=0x101 }
D/InputEventConsistencyVerifier(  989): KeyEvent: ACTION_UP but key was not down.
D/InputEventConsistencyVerifier(  989):   in com.android.internal.policy.impl.PhoneWindow$DecorView@b3ea4ac8
D/InputEventConsistencyVerifier(  989):   0: sent at 91223000000, KeyEvent { action=ACTION_UP, keyCode=KEYCODE_DPAD_UP, scanCode=0, metaState=0, flags=0x8, repeatCount=0, eventTime=91223, downTime=91223, deviceId=-1, source=0x101 }
D/InputEventConsistencyVerifier(  989):   -- recent events --
D/InputEventConsistencyVerifier(  989):   1: sent at 91195000000, (unhandled) KeyEvent { action=ACTION_UP, keyCode=KEYCODE_DPAD_CENTER, scanCode=0, metaState=0, flags=0x80000008, repeatCount=0, eventTime=91195, downTime=91195, deviceId=-1, source=0x101 }
D/InputEventConsistencyVerifier(  989):   2: sent at 91160000000, (unhandled) KeyEvent { action=ACTION_UP, keyCode=KEYCODE_MEDIA_PLAY, scanCode=0, metaState=0, flags=0x8, repeatCount=0, eventTime=91160, downTime=91160, deviceId=-1, source=0x101 }
D/InputEventConsistencyVerifier(  989):   3: sent at 91117000000, (unhandled) KeyEvent { action=ACTION_DOWN, keyCode=KEYCODE_MEDIA_PLAY, scanCode=0, metaState=0, flags=0x8, repeatCount=0, eventTime=91117, downTime=91117, deviceId=-1, source=0x101 }
D/InputEventConsistencyVerifier(  989):   4: sent at 91112000000, (unhandled) MotionEvent { action=ACTION_UP, id[0]=0, x[0]=436.0, y[0]=517.0, toolType[0]=TOOL_TYPE_UNKNOWN, buttonState=0, metaState=0, flags=0x0, edgeFlags=0x0, pointerCount=1, historySize=0, eventTime=91112, downTime=91098, deviceId=0, source=0x1002 }
D/InputEventConsistencyVerifier(  989):   5: sent at 91098000000, (unhandled) MotionEvent { action=ACTION_DOWN, id[0]=0, x[0]=449.0, y[0]=517.0, toolType[0]=TOOL_TYPE_UNKNOWN, buttonState=0, metaState=0, flags=0x0, edgeFlags=0x0, pointerCount=1, historySize=0, eventTime=91098, downTime=91098, deviceId=0, source=0x1002 }
E/WVMExtractor(   62): Failed to open libwvm.so
I/Choreographer(  989): Skipped 39 frames!  The application may be doing too much work on its main thread.
E/WVMExtractor(   62): Failed to open libwvm.so
D/InputEventConsistencyVerifier(  989): KeyEvent: ACTION_UP but key was not down.
D/InputEventConsistencyVerifier(  989):   in com.android.internal.policy.impl.PhoneWindow$DecorView@b3ea4ac8
D/InputEventConsistencyVerifier(  989):   0: sent at 91472000000, KeyEvent { action=ACTION_UP, keyCode=KEYCODE_DPAD_LEFT, scanCode=0, metaState=0, flags=0x8, repeatCount=0, eventTime=91472, downTime=91472, deviceId=-1, source=0x101 }
D/InputEventConsistencyVerifier(  989):   -- recent events --
D/InputEventConsistencyVerifier(  989):   1: sent at 91463000000, (unhandled) KeyEvent { action=ACTION_UP, keyCode=KEYCODE_NUM_LOCK, scanCode=0, metaState=0, flags=0x8, repeatCount=0, eventTime=91463, downTime=91463, deviceId=-1, source=0x101 }
D/InputEventConsistencyVerifier(  989):   2: sent at 91450000000, (unhandled) KeyEvent { action=ACTION_DOWN, keyCode=KEYCODE_NUM_LOCK, scanCode=0, metaState=0, flags=0x8, repeatCount=0, eventTime=91450, downTime=91450, deviceId=-1, source=0x101 }
D/InputEventConsistencyVerifier(  989):   3: sent at 91433000000, (unhandled) KeyEvent { action=ACTION_UP, keyCode=KEYCODE_MENU, scanCode=0, metaState=0, flags=0x8, repeatCount=0, eventTime=91433, downTime=91433, deviceId=-1, source=0x101 }
D/InputEventConsistencyVerifier(  989):   4: sent at 91415000000, (unhandled) KeyEvent { action=ACTION_DOWN, keyCode=KEYCODE_MENU, scanCode=0, metaState=0, flags=0x8, repeatCount=0, eventTime=91415, downTime=91415, deviceId=-1, source=0x101 }
D/InputEventConsistencyVerifier(  989):   5: sent at 91389000000, MotionEvent { action=ACTION_UP, id[0]=0, x[0]=425.12668, y[0]=621.238, toolType[0]=TOOL_TYPE_UNKNOWN, buttonState=0, metaState=0, flags=0x0, edgeFlags=0x0, pointerCount=1, historySize=0, eventTime=91389, downTime=91264, deviceId=0, source=0x1002 }
W/DroidBox( 1036): DroidBox: { "ServiceStart": { "name": "com.android.music.MediaPlaybackService" } }
W/DroidBox( 1036): DroidBox: { "ServiceStart": { "name": "com.android.music.MediaPlaybackService" } }
I/AudioService(  222):  AudioFocus  requestAudioFocus() from android.media.AudioManager@b3dcf470com.android.music.MediaPlaybackService$3@b3dcdca8
D/AirMail (  989): OS Version: 4.1.1
D/AirMail (  989): AMCP Version: 2.0.2
D/AirMail (  989): APID: b9faf0e3-16e5-4737-9bbf-19dbcfbe5e4b
D/AirMail (  989): Device Model: Full Android on Emulator
D/AirMail (  989): Device Type: eng
D/AirMail (  989): Network Type: mobile
I/AudioService(  222):   Remote Control   registerMediaButtonIntent() for PendingIntent{b408b7d0: PendingIntentRecord{b42c5d90 com.android.music broadcastIntent}}
I/Choreographer(  989): Skipped 72 frames!  The application may be doing too much work on its main thread.
E/WVMExtractor(   62): Failed to open libwvm.so
D/InputEventConsistencyVerifier(  989): KeyEvent: ACTION_UP but key was not down.
D/InputEventConsistencyVerifier(  989):   in com.android.internal.policy.impl.PhoneWindow$DecorView@b3e33e80
D/InputEventConsistencyVerifier(  989):   0: sent at 91840000000, KeyEvent { action=ACTION_UP, keyCode=KEYCODE_DPAD_LEFT, scanCode=0, metaState=0, flags=0x8, repeatCount=0, eventTime=91840, downTime=91840, deviceId=-1, source=0x101 }
D/InputEventConsistencyVerifier(  989):   -- recent events --
D/InputEventConsistencyVerifier(  989):   1: sent at 91679000000, (unhandled) KeyEvent { action=ACTION_UP, keyCode=KEYCODE_DPAD_UP, scanCode=0, metaState=0, flags=0x8, repeatCount=0, eventTime=91679, downTime=91679, deviceId=-1, source=0x101 }
D/InputEventConsistencyVerifier(  989):   2: sent at 91546000000, (unhandled) KeyEvent { action=ACTION_DOWN, keyCode=KEYCODE_DPAD_UP, scanCode=0, metaState=0, flags=0x8, repeatCount=0, eventTime=91546, downTime=91546, deviceId=-1, source=0x101 }
E/WVMExtractor(   62): Failed to open libwvm.so
W/dalvikvm(  968): DroidBox: { "FdAccess": { "path": "2f6465762f696e7075742f6576656e7430", "id": "191311297" } }
W/DroidBox(  968): DroidBox: { "FileRW": { "operation": "write", "data": "efbfbd060000efbfbdefbfbd0c000500000000000000", "id": "191311297" } }
I/Choreographer(  989): Skipped 147 frames!  The application may be doing too much work on its main thread.
D/InputEventConsistencyVerifier(  989): KeyEvent: ACTION_UP but key was not down.
D/InputEventConsistencyVerifier(  989):   in com.android.internal.policy.impl.PhoneWindow$DecorView@b3e33e80
D/InputEventConsistencyVerifier(  989):   0: sent at 92344000000, KeyEvent { action=ACTION_UP, keyCode=KEYCODE_DPAD_UP, scanCode=0, metaState=0, flags=0x400, repeatCount=0, eventTime=92344, downTime=92344, deviceId=-1, source=0x101 }
D/InputEventConsistencyVerifier(  989):   -- recent events --
D/InputEventConsistencyVerifier(  989):   1: sent at 92197000000, (unhandled) MotionEvent { action=ACTION_MOVE, id[0]=0, x[0]=1.0, y[0]=-4.0, toolType[0]=TOOL_TYPE_UNKNOWN, buttonState=0, metaState=0, flags=0x0, edgeFlags=0x0, pointerCount=1, historySize=9, eventTime=92197, downTime=-1, deviceId=0, source=0x10004 }
D/InputEventConsistencyVerifier(  989):   2: sent at 92256000000, (unhandled) MotionEvent { action=ACTION_UP, id[0]=0, x[0]=401.0, y[0]=289.0, toolType[0]=TOOL_TYPE_UNKNOWN, buttonState=0, metaState=0, flags=0x0, edgeFlags=0x0, pointerCount=1, historySize=0, eventTime=92256, downTime=92225, deviceId=0, source=0x1002 }
D/InputEventConsistencyVerifier(  989):   3: sent at 92254000000, (unhandled) MotionEvent { action=ACTION_MOVE, id[0]=0, x[0]=403.0, y[0]=272.0, toolType[0]=TOOL_TYPE_UNKNOWN, buttonState=0, metaState=0, flags=0x0, edgeFlags=0x0, pointerCount=1, historySize=5, eventTime=92254, downTime=92225, deviceId=0, source=0x1002 }
D/InputEventConsistencyVerifier(  989):   4: sent at 92226000000, (unhandled) MotionEvent { action=ACTION_DOWN, id[0]=0, x[0]=418.0, y[0]=194.0, toolType[0]=TOOL_TYPE_UNKNOWN, buttonState=0, metaState=0, flags=0x0, edgeFlags=0x0, pointerCount=1, historySize=0, eventTime=92226, downTime=92225, deviceId=0, source=0x1002 }
D/InputEventConsistencyVerifier(  989):   5: sent at 92012000000, KeyEvent { action=ACTION_UP, keyCode=KEYCODE_DPAD_CENTER, scanCode=0, metaState=0, flags=0x8, repeatCount=0, eventTime=92012, downTime=92012, deviceId=-1, source=0x101 }
D/InputEventConsistencyVerifier(  989): KeyEvent: ACTION_UP but key was not down.
D/InputEventConsistencyVerifier(  989):   in com.android.internal.policy.impl.PhoneWindow$DecorView@b3e33e80
D/InputEventConsistencyVerifier(  989):   0: sent at 92413000000, KeyEvent { action=ACTION_UP, keyCode=KEYCODE_DPAD_DOWN, scanCode=0, metaState=0, flags=0x400, repeatCount=0, eventTime=92413, downTime=92413, deviceId=-1, source=0x101 }
D/InputEventConsistencyVerifier(  989):   -- recent events --
D/InputEventConsistencyVerifier(  989):   1: sent at 92306000000, (unhandled) MotionEvent { action=ACTION_MOVE, id[0]=0, x[0]=0.0, y[0]=4.0, toolType[0]=TOOL_TYPE_UNKNOWN, buttonState=0, metaState=0, flags=0x0, edgeFlags=0x0, pointerCount=1, historySize=0, eventTime=92306, downTime=-1, deviceId=0, source=0x10004 }
D/InputEventConsistencyVerifier(  989):   2: sent at 92397000000, (unhandled) MotionEvent { action=ACTION_UP, id[0]=0, x[0]=306.0, y[0]=550.0, toolType[0]=TOOL_TYPE_UNKNOWN, buttonState=0, metaState=0, flags=0x0, edgeFlags=0x0, pointerCount=1, historySize=0, eventTime=92397, downTime=92393, deviceId=0, source=0x1002 }
D/InputEventConsistencyVerifier(  989):   3: sent at 92393000000, (unhandled) MotionEvent { action=ACTION_DOWN, id[0]=0, x[0]=307.0, y[0]=557.0, toolType[0]=TOOL_TYPE_UNKNOWN, buttonState=0, metaState=0, flags=0x0, edgeFlags=0x0, pointerCount=1, historySize=0, eventTime=92393, downTime=92393, deviceId=0, source=0x1002 }
D/InputEventConsistencyVerifier(  989):   4: sent at 92346000000, (unhandled) KeyEvent { action=ACTION_UP, keyCode=KEYCODE_DPAD_UP, scanCode=0, metaState=0, flags=0x400, repeatCount=0, eventTime=92346, downTime=92346, deviceId=-1, source=0x101 }
D/InputEventConsistencyVerifier(  989):   5: sent at 92346000000, (unhandled) KeyEvent { action=ACTION_DOWN, keyCode=KEYCODE_DPAD_UP, scanCode=0, metaState=0, flags=0x400, repeatCount=0, eventTime=92346, downTime=92346, deviceId=-1, source=0x101 }
I/ActivityManager(  222): START {act=android.intent.action.MAIN cat=[android.intent.category.HOME] flg=0x10200000 cmp=com.android.launcher/com.android.launcher2.Launcher u=0} from pid 222
W/InputMethodManagerService(  222): Window already focused, ignoring focus gain of: com.android.internal.view.IInputMethodClient$Stub$Proxy@b3e51ed0 attribute=null
E/WVMExtractor(   62): Failed to open libwvm.so
