D/InputEventConsistencyVerifier(  597): KeyEvent: ACTION_UP but key was not down.
D/InputEventConsistencyVerifier(  597):   in com.android.internal.policy.impl.PhoneWindow$DecorView@b40c2168
D/InputEventConsistencyVerifier(  597):   0: sent at 85916000000, KeyEvent { action=ACTION_UP, keyCode=KEYCODE_DPAD_RIGHT, scanCode=0, metaState=0, flags=0x8, repeatCount=0, eventTime=85916, downTime=85916, deviceId=-1, source=0x101 }
W/dalvikvm( 1009): DroidBox: { "FdAccess": { "path": "2f6465762f696e7075742f6576656e7430", "id": "1356018377" } }
W/DroidBox( 1009): DroidBox: { "FileRW": { "operation": "write", "data": "efbfbd060000efbfbdefbfbd0c000500000000000000", "id": "1356018377" } }
I/qtaguid (  221): Failed write_ctrl(s 1 10050) res=-1 errno=1
W/NetworkManagementSocketTagger(  221): setKernelCountSet(10050, 1) failed with errno -1
I/ActivityManager(  221): START {act=android.search.action.GLOBAL_SEARCH flg=0x10000000 cmp=com.android.quicksearchbox/.SearchActivity bnds=[5,43][475,103] (has extras) u=0} from pid 597
I/Choreographer(  597): Skipped 82 frames!  The application may be doing too much work on its main thread.
E/Trace   ( 1027): error opening trace file: No such file or directory (2)
W/DroidBox( 1027): DroidBox: { "DexClassLoader": { "path": "/data/app/org.sharksoft.appmanager-1.apk" } }
E/WVMExtractor(   62): Failed to open libwvm.so
I/Choreographer(  597): Skipped 59 frames!  The application may be doing too much work on its main thread.
W/RecognitionManagerService(  221): no available voice recognition services found
I/ActivityManager(  221): No longer want com.android.provision (pid 550): hidden #16
I/Choreographer(  597): Skipped 33 frames!  The application may be doing too much work on its main thread.
W/BackupManagerService(  221): dataChanged but no participant pkg='com.android.providers.settings' uid=10011
E/MetadataRetrieverClient(   62): failed to extract an album art
E/WVMExtractor(   62): Failed to open libwvm.so
W/Ads     ( 1027): loadAd called while the ad is already loading.
I/ContactsDatabaseHelper(  534): Locale change completed in 7386ms
I/ContactsDatabaseHelper(  534): Switching to locale en_US
E/WVMExtractor(   62): Failed to open libwvm.so
I/dalvikvm-heap( 1027): Grow heap (frag case) to 9.395MB for 589840-byte allocation
E/WVMExtractor(   62): Failed to open libwvm.so
I/Ads     ( 1027): To get test ads on this device, call adRequest.addTestDevice("ABBDC85B595ACEB18C35129025F2284D");
E/WVMExtractor(   62): Failed to open libwvm.so
I/Ads     ( 1027): adRequestUrlHtml: <html><head><script src="http://www.gstatic.com/afma/sdk-core-v40.js"></script><script>AFMA_buildAdURL({"preqs":0,"u_sd":1.5,"slotname":"a14de6a5cd81722","u_w":320,"msid":"org.sharksoft.appmanager","cap":"m,a","js":"afma-sdk-a-v4.1.0","isu":"ABBDC85B595ACEB18C35129025F2284D","format":"320x50_mb","net":"ed","app_name":"12.android.org.sharksoft.appmanager","hl":"en","u_h":533,"u_audio":1,"u_so":"p"});</script></head><body></body></html>
W/webview_proxy( 1027): java.lang.Throwable: Warning: A WebView method was called on thread 'AsyncTask #2'. All WebView methods must be called on the UI thread. Future versions of WebView may not support use on other threads.
W/webview_proxy( 1027): 	at android.webkit.WebView.checkThread(WebView.java:1796)
W/webview_proxy( 1027): 	at android.webkit.WebView.loadDataWithBaseURL(WebView.java:841)
W/webview_proxy( 1027): 	at c.a(Unknown Source)
W/webview_proxy( 1027): 	at c.doInBackground(Unknown Source)
W/webview_proxy( 1027): 	at android.os.AsyncTask$2.call(AsyncTask.java:287)
W/webview_proxy( 1027): 	at java.util.concurrent.FutureTask$Sync.innerRun(FutureTask.java:305)
W/webview_proxy( 1027): 	at java.util.concurrent.FutureTask.run(FutureTask.java:137)
W/webview_proxy( 1027): 	at java.util.concurrent.ThreadPoolExecutor.runWorker(ThreadPoolExecutor.java:1076)
W/webview_proxy( 1027): 	at java.util.concurrent.ThreadPoolExecutor$Worker.run(ThreadPoolExecutor.java:569)
W/webview_proxy( 1027): 	at java.lang.Thread.run(Thread.java:856)
E/WVMExtractor(   62): Failed to open libwvm.so
W/dalvikvm(  221): DroidBox: { "FdAccess": { "path": "2f70726f632f3937372f636d646c696e65", "id": "732614898" } }
W/DroidBox(  221): DroidBox: { "FileRW": { "operation": "read", "data": "636f6d2e616e64726f69642e6d757369636678000000000000000000000000000000000000000000000000000000000000000000000000000000000000000000000000000000000000000000702f6f72672e736861726b736f66742e6170706d616e6167", "id": "732614898" } }
W/dalvikvm(  221): DroidBox: { "FdAccess": { "path": "2f70726f632f3939312f636d646c696e65", "id": "1098410060" } }
W/DroidBox(  221): DroidBox: { "FileRW": { "operation": "read", "data": "636f6d2e73766f782e7069636f000000000000000000000000000000000000000000000000000000000000000000000000000000000000000000000000000000000000000000000000000000702f6f72672e736861726b736f66742e6170706d616e6167", "id": "1098410060" } }
W/dalvikvm(  221): DroidBox: { "FdAccess": { "path": "2f70726f632f313030392f636d646c696e65", "id": "1400353802" } }
W/DroidBox(  221): DroidBox: { "FileRW": { "operation": "read", "data": "636f6d2e616e64726f69642e636f6d6d616e64732e6d6f6e6b6579000000000000000000000000000000000000000000000000000000000000000000000000000000000000000000000000000000000000000000000000000000000000000000616e6167", "id": "1400353802" } }
W/dalvikvm(  221): DroidBox: { "FdAccess": { "path": "2f70726f632f313031302f636d646c696e65", "id": "1100661264" } }
W/DroidBox(  221): DroidBox: { "FileRW": { "operation": "read", "data": "6c6f676361740044726f6964426f783a570064616c76696b766d3a570041637469766974794d616e616765723a490000000000000000000000000000000000000000000000000000000000000000000000000000000000000000000000000000616e6167", "id": "1100661264" } }
W/dalvikvm(  221): DroidBox: { "FdAccess": { "path": "2f70726f632f313031322f636d646c696e65", "id": "92915575" } }
W/DroidBox(  221): DroidBox: { "FileRW": { "operation": "read", "data": "2f73797374656d2f62696e2f7368002d63007368202e2f7364636172642f65786563757465537472616365496e2e7368000000000000000000000000000000000000000000000000000000000000000000000000000000000000000000000000616e6167", "id": "92915575" } }
W/dalvikvm(  221): DroidBox: { "FdAccess": { "path": "2f70726f632f313031342f636d646c696e65", "id": "510923979" } }
W/DroidBox(  221): DroidBox: { "FileRW": { "operation": "read", "data": "7368002e2f7364636172642f65786563757465537472616365496e2e736800786563757465537472616365496e2e7368000000000000000000000000000000000000000000000000000000000000000000000000000000000000000000000000616e6167", "id": "510923979" } }
W/dalvikvm(  221): DroidBox: { "FdAccess": { "path": "2f70726f632f313031352f636d646c696e65", "id": "934003403" } }
W/DroidBox(  221): DroidBox: { "FileRW": { "operation": "read", "data": "737472616365002d70003630002d66002d747446002d6f002f7364636172642f6f72672e736861726b736f66742e6170706d616e616765722e61706b5f7374726163655f6d6f6e6b65792e747874000000000000000000000000000000000000616e6167", "id": "934003403" } }
W/dalvikvm(  221): DroidBox: { "FdAccess": { "path": "2f70726f632f313032372f636d646c696e65", "id": "955226948" } }
W/DroidBox(  221): DroidBox: { "FileRW": { "operation": "read", "data": "6f72672e736861726b736f66742e6170706d616e61676572000000000000000000000000000000000000000000000000000000000000000000000000000000000000000000000000000000007874000000000000000000000000000000000000616e6167", "id": "955226948" } }
W/dalvikvm(  221): DroidBox: { "FdAccess": { "path": "2f70726f632f313035332f636d646c696e65", "id": "183837469" } }
W/DroidBox(  221): DroidBox: { "FileRW": { "operation": "read", "data": "6f72672e736861726b736f66742e6170706d616e61676572000000000000000000000000000000000000000000000000000000000000000000000000000000000000000000000000000000007874000000000000000000000000000000000000616e6167", "id": "183837469" } }
I/ContactsDatabaseHelper(  534): Locale change completed in 2090ms
I/ContactsProvider(  534): Upgrading aggregation algorithm
I/ContactAggregator(  534): Marked all visible contacts for aggregation: 0 raw contacts, 7 ms
W/dalvikvm(  534): DroidBox: { "FdAccess": { "path": "2f646174612f646174612f636f6d2e616e64726f69642e70726f7669646572732e636f6e74616374732f7368617265645f70726566732f636f6d2e616e64726f69642e70726f7669646572732e636f6e74616374735f707265666572656e6365732e786d6c", "id": "550396148" } }
W/DroidBox(  534): DroidBox: { "FileRW": { "operation": "write", "data": "3c3f786d6c2076657273696f6e3d27312e302720656e636f64696e673d277574662d3827207374616e64616c6f6e653d2779657327203f3e0a3c6d61703e0a3c737472696e67206e616d653d226c6f63616c65223e656e5f55533c2f737472696e673e0a", "id": "550396148" } }
I/InputDispatcher(  221): Application is not responding: AppWindowToken{b420fbf8 token=Token{b40f43c8 ActivityRecord{b3da5450 org.sharksoft.appmanager/.AppManager}}}.  It has been 5123.1ms since event, 5001.7ms since wait started.  Reason: Waiting because no window has focus but there is a focused application that may eventually add a window when it finishes starting up.
I/WindowManager(  221): Input event dispatching timed out sending to application AppWindowToken{b420fbf8 token=Token{b40f43c8 ActivityRecord{b3da5450 org.sharksoft.appmanager/.AppManager}}}
I/Process (  221): Sending signal. PID: 1027 SIG: 3
I/ContactsProvider(  534): Aggregation algorithm upgraded for 0 raw contacts in 528ms
I/ContactsFTS(  534): Rebuild contact search index in 142ms, 0 contacts
I/Process (  221): Sending signal. PID: 221 SIG: 3
I/Process (  221): Sending signal. PID: 393 SIG: 3
I/Process (  221): Sending signal. PID: 468 SIG: 3
W/dalvikvm(  221): DroidBox: { "FdAccess": { "path": "2f70726f632f312f636d646c696e65", "id": "441625158" } }
W/DroidBox(  221): DroidBox: { "FileRW": { "operation": "read", "data": "2f696e69740000000000000000000000000000000000000000000000000000000000000000000000000000000000000000000000000000000000000000000000000000000000000000000000000000000000000000000000000000000000000000000000", "id": "441625158" } }
W/dalvikvm(  221): DroidBox: { "FdAccess": { "path": "2f70726f632f322f636d646c696e65", "id": "1912482233" } }
W/DroidBox(  221): DroidBox: { "FileRW": { "operation": "read", "data": "2f696e69740000000000000000000000000000000000000000000000000000000000000000000000000000000000000000000000000000000000000000000000000000000000000000000000000000000000000000000000000000000000000000000000", "id": "1912482233" } }
W/dalvikvm(  221): DroidBox: { "FdAccess": { "path": "2f70726f632f332f636d646c696e65", "id": "526950250" } }
W/DroidBox(  221): DroidBox: { "FileRW": { "operation": "read", "data": "2f696e69740000000000000000000000000000000000000000000000000000000000000000000000000000000000000000000000000000000000000000000000000000000000000000000000000000000000000000000000000000000000000000000000", "id": "526950250" } }
W/dalvikvm(  221): DroidBox: { "FdAccess": { "path": "2f70726f632f342f636d646c696e65", "id": "1203258085" } }
W/DroidBox(  221): DroidBox: { "FileRW": { "operation": "read", "data": "2f696e69740000000000000000000000000000000000000000000000000000000000000000000000000000000000000000000000000000000000000000000000000000000000000000000000000000000000000000000000000000000000000000000000", "id": "1203258085" } }
W/dalvikvm(  221): DroidBox: { "FdAccess": { "path": "2f70726f632f352f636d646c696e65", "id": "296641210" } }
W/DroidBox(  221): DroidBox: { "FileRW": { "operation": "read", "data": "2f696e69740000000000000000000000000000000000000000000000000000000000000000000000000000000000000000000000000000000000000000000000000000000000000000000000000000000000000000000000000000000000000000000000", "id": "296641210" } }
W/dalvikvm(  221): DroidBox: { "FdAccess": { "path": "2f70726f632f362f636d646c696e65", "id": "740012416" } }
W/DroidBox(  221): DroidBox: { "FileRW": { "operation": "read", "data": "2f696e69740000000000000000000000000000000000000000000000000000000000000000000000000000000000000000000000000000000000000000000000000000000000000000000000000000000000000000000000000000000000000000000000", "id": "740012416" } }
W/dalvikvm(  221): DroidBox: { "FdAccess": { "path": "2f70726f632f372f636d646c696e65", "id": "1639634348" } }
W/DroidBox(  221): DroidBox: { "FileRW": { "operation": "read", "data": "2f696e69740000000000000000000000000000000000000000000000000000000000000000000000000000000000000000000000000000000000000000000000000000000000000000000000000000000000000000000000000000000000000000000000", "id": "1639634348" } }
W/dalvikvm(  221): DroidBox: { "FdAccess": { "path": "2f70726f632f382f636d646c696e65", "id": "2007490254" } }
W/DroidBox(  221): DroidBox: { "FileRW": { "operation": "read", "data": "2f696e69740000000000000000000000000000000000000000000000000000000000000000000000000000000000000000000000000000000000000000000000000000000000000000000000000000000000000000000000000000000000000000000000", "id": "2007490254" } }
W/dalvikvm(  221): DroidBox: { "FdAccess": { "path": "2f70726f632f392f636d646c696e65", "id": "172006751" } }
W/DroidBox(  221): DroidBox: { "FileRW": { "operation": "read", "data": "2f696e69740000000000000000000000000000000000000000000000000000000000000000000000000000000000000000000000000000000000000000000000000000000000000000000000000000000000000000000000000000000000000000000000", "id": "172006751" } }
W/dalvikvm(  221): DroidBox: { "FdAccess": { "path": "2f70726f632f31302f636d646c696e65", "id": "532921365" } }
W/DroidBox(  221): DroidBox: { "FileRW": { "operation": "read", "data": "2f696e69740000000000000000000000000000000000000000000000000000000000000000000000000000000000000000000000000000000000000000000000000000000000000000000000000000000000000000000000000000000000000000000000", "id": "532921365" } }
W/dalvikvm(  221): DroidBox: { "FdAccess": { "path": "2f70726f632f31312f636d646c696e65", "id": "576105128" } }
W/DroidBox(  221): DroidBox: { "FileRW": { "operation": "read", "data": "2f696e69740000000000000000000000000000000000000000000000000000000000000000000000000000000000000000000000000000000000000000000000000000000000000000000000000000000000000000000000000000000000000000000000", "id": "576105128" } }
W/dalvikvm(  221): DroidBox: { "FdAccess": { "path": "2f70726f632f31322f636d646c696e65", "id": "1533333198" } }
W/DroidBox(  221): DroidBox: { "FileRW": { "operation": "read", "data": "2f696e69740000000000000000000000000000000000000000000000000000000000000000000000000000000000000000000000000000000000000000000000000000000000000000000000000000000000000000000000000000000000000000000000", "id": "1533333198" } }
W/dalvikvm(  221): DroidBox: { "FdAccess": { "path": "2f70726f632f31332f636d646c696e65", "id": "1049758632" } }
W/DroidBox(  221): DroidBox: { "FileRW": { "operation": "read", "data": "2f696e69740000000000000000000000000000000000000000000000000000000000000000000000000000000000000000000000000000000000000000000000000000000000000000000000000000000000000000000000000000000000000000000000", "id": "1049758632" } }
W/dalvikvm(  221): DroidBox: { "FdAccess": { "path": "2f70726f632f31342f636d646c696e65", "id": "122962219" } }
W/DroidBox(  221): DroidBox: { "FileRW": { "operation": "read", "data": "2f696e69740000000000000000000000000000000000000000000000000000000000000000000000000000000000000000000000000000000000000000000000000000000000000000000000000000000000000000000000000000000000000000000000", "id": "122962219" } }
W/dalvikvm(  221): DroidBox: { "FdAccess": { "path": "2f70726f632f32352f636d646c696e65", "id": "1095191715" } }
W/DroidBox(  221): DroidBox: { "FileRW": { "operation": "read", "data": "2f696e69740000000000000000000000000000000000000000000000000000000000000000000000000000000000000000000000000000000000000000000000000000000000000000000000000000000000000000000000000000000000000000000000", "id": "1095191715" } }
W/dalvikvm(  221): DroidBox: { "FdAccess": { "path": "2f70726f632f32362f636d646c696e65", "id": "534700500" } }
W/DroidBox(  221): DroidBox: { "FileRW": { "operation": "read", "data": "2f696e69740000000000000000000000000000000000000000000000000000000000000000000000000000000000000000000000000000000000000000000000000000000000000000000000000000000000000000000000000000000000000000000000", "id": "534700500" } }
W/dalvikvm(  221): DroidBox: { "FdAccess": { "path": "2f70726f632f32372f636d646c696e65", "id": "212342225" } }
W/DroidBox(  221): DroidBox: { "FileRW": { "operation": "read", "data": "2f696e69740000000000000000000000000000000000000000000000000000000000000000000000000000000000000000000000000000000000000000000000000000000000000000000000000000000000000000000000000000000000000000000000", "id": "212342225" } }
W/dalvikvm(  221): DroidBox: { "FdAccess": { "path": "2f70726f632f32382f636d646c696e65", "id": "1313254532" } }
W/DroidBox(  221): DroidBox: { "FileRW": { "operation": "read", "data": "2f696e69740000000000000000000000000000000000000000000000000000000000000000000000000000000000000000000000000000000000000000000000000000000000000000000000000000000000000000000000000000000000000000000000", "id": "1313254532" } }
W/dalvikvm(  221): DroidBox: { "FdAccess": { "path": "2f70726f632f32392f636d646c696e65", "id": "321199799" } }
W/DroidBox(  221): DroidBox: { "FileRW": { "operation": "read", "data": "2f696e69740000000000000000000000000000000000000000000000000000000000000000000000000000000000000000000000000000000000000000000000000000000000000000000000000000000000000000000000000000000000000000000000", "id": "321199799" } }
W/dalvikvm(  221): DroidBox: { "FdAccess": { "path": "2f70726f632f33302f636d646c696e65", "id": "1166401681" } }
W/DroidBox(  221): DroidBox: { "FileRW": { "operation": "read", "data": "2f696e69740000000000000000000000000000000000000000000000000000000000000000000000000000000000000000000000000000000000000000000000000000000000000000000000000000000000000000000000000000000000000000000000", "id": "1166401681" } }
W/dalvikvm(  221): DroidBox: { "FdAccess": { "path": "2f70726f632f33312f636d646c696e65", "id": "1904148708" } }
W/DroidBox(  221): DroidBox: { "FileRW": { "operation": "read", "data": "2f7362696e2f756576656e7464000000000000000000000000000000000000000000000000000000000000000000000000000000000000000000000000000000000000000000000000000000000000000000000000000000000000000000000000000000", "id": "1904148708" } }
W/dalvikvm(  221): DroidBox: { "FdAccess": { "path": "2f70726f632f33332f636d646c696e65", "id": "771805949" } }
W/DroidBox(  221): DroidBox: { "FileRW": { "operation": "read", "data": "2f7362696e2f756576656e7464000000000000000000000000000000000000000000000000000000000000000000000000000000000000000000000000000000000000000000000000000000000000000000000000000000000000000000000000000000", "id": "771805949" } }
W/dalvikvm(  221): DroidBox: { "FdAccess": { "path": "2f70726f632f33342f636d646c696e65", "id": "1130001882" } }
W/DroidBox(  221): DroidBox: { "FileRW": { "operation": "read", "data": "2f7362696e2f756576656e7464000000000000000000000000000000000000000000000000000000000000000000000000000000000000000000000000000000000000000000000000000000000000000000000000000000000000000000000000000000", "id": "1130001882" } }
W/dalvikvm(  221): DroidBox: { "FdAccess": { "path": "2f70726f632f33382f636d646c696e65", "id": "1713579317" } }
W/DroidBox(  221): DroidBox: { "FileRW": { "operation": "read", "data": "2f7362696e2f756576656e7464000000000000000000000000000000000000000000000000000000000000000000000000000000000000000000000000000000000000000000000000000000000000000000000000000000000000000000000000000000", "id": "1713579317" } }
W/dalvikvm(  221): DroidBox: { "FdAccess": { "path": "2f70726f632f34302f636d646c696e65", "id": "1997646467" } }
W/DroidBox(  221): DroidBox: { "FileRW": { "operation": "read", "data": "2f7362696e2f756576656e7464000000000000000000000000000000000000000000000000000000000000000000000000000000000000000000000000000000000000000000000000000000000000000000000000000000000000000000000000000000", "id": "1997646467" } }
W/dalvikvm(  221): DroidBox: { "FdAccess": { "path": "2f70726f632f34312f636d646c696e65", "id": "1074968920" } }
W/DroidBox(  221): DroidBox: { "FileRW": { "operation": "read", "data": "2f7362696e2f756576656e7464000000000000000000000000000000000000000000000000000000000000000000000000000000000000000000000000000000000000000000000000000000000000000000000000000000000000000000000000000000", "id": "1074968920" } }
W/dalvikvm(  221): DroidBox: { "FdAccess": { "path": "2f70726f632f34342f636d646c696e65", "id": "1678081724" } }
W/DroidBox(  221): DroidBox: { "FileRW": { "operation": "read", "data": "2f7362696e2f756576656e7464000000000000000000000000000000000000000000000000000000000000000000000000000000000000000000000000000000000000000000000000000000000000000000000000000000000000000000000000000000", "id": "1678081724" } }
W/dalvikvm(  221): DroidBox: { "FdAccess": { "path": "2f70726f632f34362f636d646c696e65", "id": "1559890652" } }
W/DroidBox(  221): DroidBox: { "FileRW": { "operation": "read", "data": "2f7362696e2f756576656e7464000000000000000000000000000000000000000000000000000000000000000000000000000000000000000000000000000000000000000000000000000000000000000000000000000000000000000000000000000000", "id": "1559890652" } }
W/dalvikvm(  221): DroidBox: { "FdAccess": { "path": "2f70726f632f34372f636d646c696e65", "id": "1933069068" } }
W/DroidBox(  221): DroidBox: { "FileRW": { "operation": "read", "data": "2f7362696e2f756576656e7464000000000000000000000000000000000000000000000000000000000000000000000000000000000000000000000000000000000000000000000000000000000000000000000000000000000000000000000000000000", "id": "1933069068" } }
W/dalvikvm(  221): DroidBox: { "FdAccess": { "path": "2f70726f632f34382f636d646c696e65", "id": "565840495" } }
W/DroidBox(  221): DroidBox: { "FileRW": { "operation": "read", "data": "2f73797374656d2f62696e2f71656d75640000000000000000000000000000000000000000000000000000000000000000000000000000000000000000000000000000000000000000000000000000000000000000000000000000000000000000000000", "id": "565840495" } }
W/dalvikvm(  221): DroidBox: { "FdAccess": { "path": "2f70726f632f35332f636d646c696e65", "id": "374962846" } }
W/DroidBox(  221): DroidBox: { "FileRW": { "operation": "read", "data": "2f73797374656d2f62696e2f736572766963656d616e616765720000000000000000000000000000000000000000000000000000000000000000000000000000000000000000000000000000000000000000000000000000000000000000000000000000", "id": "374962846" } }
W/dalvikvm(  221): DroidBox: { "FdAccess": { "path": "2f70726f632f35342f636d646c696e65", "id": "1792327075" } }
W/DroidBox(  221): DroidBox: { "FileRW": { "operation": "read", "data": "2f73797374656d2f62696e2f766f6c640063656d616e616765720000000000000000000000000000000000000000000000000000000000000000000000000000000000000000000000000000000000000000000000000000000000000000000000000000", "id": "1792327075" } }
W/dalvikvm(  221): DroidBox: { "FdAccess": { "path": "2f70726f632f35362f636d646c696e65", "id": "213810018" } }
W/DroidBox(  221): DroidBox: { "FileRW": { "operation": "read", "data": "2f73797374656d2f62696e2f6e6574640063656d616e616765720000000000000000000000000000000000000000000000000000000000000000000000000000000000000000000000000000000000000000000000000000000000000000000000000000", "id": "213810018" } }
W/dalvikvm(  221): DroidBox: { "FdAccess": { "path": "2f70726f632f35372f636d646c696e65", "id": "2139273097" } }
W/DroidBox(  221): DroidBox: { "FileRW": { "operation": "read", "data": "2f73797374656d2f62696e2f64656275676765726400616765720000000000000000000000000000000000000000000000000000000000000000000000000000000000000000000000000000000000000000000000000000000000000000000000000000", "id": "2139273097" } }
W/dalvikvm(  221): DroidBox: { "FdAccess": { "path": "2f70726f632f35382f636d646c696e65", "id": "280862887" } }
W/DroidBox(  221): DroidBox: { "FileRW": { "operation": "read", "data": "2f73797374656d2f62696e2f72696c64006765726400616765720000000000000000000000000000000000000000000000000000000000000000000000000000000000000000000000000000000000000000000000000000000000000000000000000000", "id": "280862887" } }
W/dalvikvm(  221): DroidBox: { "FdAccess": { "path": "2f70726f632f35392f636d646c696e65", "id": "1763560449" } }
W/DroidBox(  221): DroidBox: { "FileRW": { "operation": "read", "data": "2f73797374656d2f62696e2f73757266616365666c696e6765720000000000000000000000000000000000000000000000000000000000000000000000000000000000000000000000000000000000000000000000000000000000000000000000000000", "id": "1763560449" } }
W/dalvikvm(  221): DroidBox: { "FdAccess": { "path": "2f70726f632f36302f636d646c696e65", "id": "1553823602" } }
W/DroidBox(  221): DroidBox: { "FileRW": { "operation": "read", "data": "7a79676f7465002f62696e2f6170705f70726f63657373002d587a79676f7465002f73797374656d2f62696e002d2d7a79676f7465002d2d73746172742d73797374656d2d73657276657200000000000000000000000000000000000000000000000000", "id": "1553823602" } }
W/dalvikvm(  221): DroidBox: { "FdAccess": { "path": "2f70726f632f36312f636d646c696e65", "id": "123234036" } }
W/DroidBox(  221): DroidBox: { "FileRW": { "operation": "read", "data": "2f73797374656d2f62696e2f64726d7365727665720073002d587a79676f7465002f73797374656d2f62696e002d2d7a79676f7465002d2d73746172742d73797374656d2d73657276657200000000000000000000000000000000000000000000000000", "id": "123234036" } }
W/dalvikvm(  221): DroidBox: { "FdAccess": { "path": "2f70726f632f36322f636d646c696e65", "id": "860784428" } }
W/DroidBox(  221): DroidBox: { "FileRW": { "operation": "read", "data": "2f73797374656d2f62696e2f6d65646961736572766572002d587a79676f7465002f73797374656d2f62696e002d2d7a79676f7465002d2d73746172742d73797374656d2d73657276657200000000000000000000000000000000000000000000000000", "id": "860784428" } }
W/dalvikvm(  221): DroidBox: { "FdAccess": { "path": "2f70726f632f36332f636d646c696e65", "id": "2009210019" } }
W/DroidBox(  221): DroidBox: { "FileRW": { "operation": "read", "data": "2f73797374656d2f62696e2f646275732d6461656d6f6e002d2d73797374656d002d2d6e6f666f726b00696e002d2d7a79676f7465002d2d73746172742d73797374656d2d73657276657200000000000000000000000000000000000000000000000000", "id": "2009210019" } }
W/dalvikvm(  221): DroidBox: { "FdAccess": { "path": "2f70726f632f36342f636d646c696e65", "id": "1405259027" } }
W/DroidBox(  221): DroidBox: { "FileRW": { "operation": "read", "data": "2f73797374656d2f62696e2f696e7374616c6c64006f6e002d2d73797374656d002d2d6e6f666f726b00696e002d2d7a79676f7465002d2d73746172742d73797374656d2d73657276657200000000000000000000000000000000000000000000000000", "id": "1405259027" } }
W/dalvikvm(  221): DroidBox: { "FdAccess": { "path": "2f70726f632f36352f636d646c696e65", "id": "1765837097" } }
W/DroidBox(  221): DroidBox: { "FileRW": { "operation": "read", "data": "2f73797374656d2f62696e2f6b657973746f7265002f646174612f6d6973632f6b657973746f72650000696e002d2d7a79676f7465002d2d73746172742d73797374656d2d73657276657200000000000000000000000000000000000000000000000000", "id": "1765837097" } }
W/dalvikvm(  221): DroidBox: { "FdAccess": { "path": "2f70726f632f36362f636d646c696e65", "id": "643604175" } }
W/DroidBox(  221): DroidBox: { "FileRW": { "operation": "read", "data": "2f73797374656d2f62696e2f73680073746f7265002f646174612f6d6973632f6b657973746f72650000696e002d2d7a79676f7465002d2d73746172742d73797374656d2d73657276657200000000000000000000000000000000000000000000000000", "id": "643604175" } }
W/dalvikvm(  221): DroidBox: { "FdAccess": { "path": "2f70726f632f36372f636d646c696e65", "id": "1096591593" } }
W/DroidBox(  221): DroidBox: { "FileRW": { "operation": "read", "data": "2f7362696e2f61646264002f73680073746f7265002f646174612f6d6973632f6b657973746f72650000696e002d2d7a79676f7465002d2d73746172742d73797374656d2d73657276657200000000000000000000000000000000000000000000000000", "id": "1096591593" } }
W/dalvikvm(  221): DroidBox: { "FdAccess": { "path": "2f70726f632f3232312f636d646c696e65", "id": "272194514" } }
W/DroidBox(  221): DroidBox: { "FileRW": { "operation": "read", "data": "73797374656d5f736572766572000000000000000000000000000000000000000000000000000000000000000000000000000000000000000000000000000000000000000000000000000000000000000000000000000000000000000000000000000000", "id": "272194514" } }
W/dalvikvm(  221): DroidBox: { "FdAccess": { "path": "2f70726f632f3331332f636d646c696e65", "id": "1660106903" } }
W/DroidBox(  221): DroidBox: { "FileRW": { "operation": "read", "data": "73797374656d5f736572766572000000000000000000000000000000000000000000000000000000000000000000000000000000000000000000000000000000000000000000000000000000000000000000000000000000000000000000000000000000", "id": "1660106903" } }
W/dalvikvm(  221): DroidBox: { "FdAccess": { "path": "2f70726f632f3339332f636d646c696e65", "id": "936336780" } }
W/DroidBox(  221): DroidBox: { "FileRW": { "operation": "read", "data": "636f6d2e616e64726f69642e73797374656d75690000000000000000000000000000000000000000000000000000000000000000000000000000000000000000000000000000000000000000000000000000000000000000000000000000000000000000", "id": "936336780" } }
W/dalvikvm(  221): DroidBox: { "FdAccess": { "path": "2f70726f632f3435312f636d646c696e65", "id": "780019995" } }
W/DroidBox(  221): DroidBox: { "FileRW": { "operation": "read", "data": "636f6d2e616e64726f69642e696e7075746d6574686f642e6c6174696e0000000000000000000000000000000000000000000000000000000000000000000000000000000000000000000000000000000000000000000000000000000000000000000000", "id": "780019995" } }
W/dalvikvm(  221): DroidBox: { "FdAccess": { "path": "2f70726f632f3436382f636d646c696e65", "id": "1854534684" } }
W/DroidBox(  221): DroidBox: { "FileRW": { "operation": "read", "data": "636f6d2e616e64726f69642e70686f6e650000000000000000000000000000000000000000000000000000000000000000000000000000000000000000000000000000000000000000000000000000000000000000000000000000000000000000000000", "id": "1854534684" } }
W/dalvikvm(  221): DroidBox: { "FdAccess": { "path": "2f70726f632f3438372f636d646c696e65", "id": "98904206" } }
W/DroidBox(  221): DroidBox: { "FileRW": { "operation": "read", "data": "636f6d2e616e64726f69642e73657474696e67730000000000000000000000000000000000000000000000000000000000000000000000000000000000000000000000000000000000000000000000000000000000000000000000000000000000000000", "id": "98904206" } }
W/dalvikvm(  221): DroidBox: { "FdAccess": { "path": "2f70726f632f3532312f636d646c696e65", "id": "125253626" } }
W/DroidBox(  221): DroidBox: { "FileRW": { "operation": "read", "data": "636f6d2e616e64726f69642e736d7370757368000000000000000000000000000000000000000000000000000000000000000000000000000000000000000000000000000000000000000000000000000000000000000000000000000000000000000000", "id": "125253626" } }
W/dalvikvm(  221): DroidBox: { "FdAccess": { "path": "2f70726f632f3533342f636d646c696e65", "id": "1928757683" } }
W/DroidBox(  221): DroidBox: { "FileRW": { "operation": "read", "data": "616e64726f69642e70726f636573732e61636f726500000000000000000000000000000000000000000000000000000000000000000000000000000000000000000000000000000000000000000000000000000000000000000000000000000000000000", "id": "1928757683" } }
W/dalvikvm(  221): DroidBox: { "FdAccess": { "path": "2f70726f632f3537322f636d646c696e65", "id": "1384881772" } }
W/DroidBox(  221): DroidBox: { "FileRW": { "operation": "read", "data": "636f6d2e616e64726f69642e63616c656e6461720000000000000000000000000000000000000000000000000000000000000000000000000000000000000000000000000000000000000000000000000000000000000000000000000000000000000000", "id": "1384881772" } }
W/dalvikvm(  221): DroidBox: { "FdAccess": { "path": "2f70726f632f3539372f636d646c696e65", "id": "2095505524" } }
W/DroidBox(  221): DroidBox: { "FileRW": { "operation": "read", "data": "636f6d2e616e64726f69642e6c61756e636865720000000000000000000000000000000000000000000000000000000000000000000000000000000000000000000000000000000000000000000000000000000000000000000000000000000000000000", "id": "2095505524" } }
W/dalvikvm(  221): DroidBox: { "FdAccess": { "path": "2f70726f632f3631332f636d646c696e65", "id": "1138429796" } }
W/DroidBox(  221): DroidBox: { "FileRW": { "operation": "read", "data": "636f6d2e616e64726f69642e6465736b636c6f636b00000000000000000000000000000000000000000000000000000000000000000000000000000000000000000000000000000000000000000000000000000000000000000000000000000000000000", "id": "1138429796" } }
W/dalvikvm(  221): DroidBox: { "FdAccess": { "path": "2f70726f632f3634312f636d646c696e65", "id": "986352440" } }
W/DroidBox(  221): DroidBox: { "FileRW": { "operation": "read", "data": "636f6d2e616e64726f69642e70726f7669646572732e63616c656e64617200000000000000000000000000000000000000000000000000000000000000000000000000000000000000000000000000000000000000000000000000000000000000000000", "id": "986352440" } }
W/dalvikvm(  221): DroidBox: { "FdAccess": { "path": "2f70726f632f3637302f636d646c696e65", "id": "1673811799" } }
W/DroidBox(  221): DroidBox: { "FileRW": { "operation": "read", "data": "636f6d2e616e64726f69642e636f6e74616374730000000000000000000000000000000000000000000000000000000000000000000000000000000000000000000000000000000000000000000000000000000000000000000000000000000000000000", "id": "1673811799" } }
W/dalvikvm(  221): DroidBox: { "FdAccess": { "path": "2f70726f632f3735352f636d646c696e65", "id": "194670182" } }
W/DroidBox(  221): DroidBox: { "FileRW": { "operation": "read", "data": "616e64726f69642e70726f636573732e6d6564696100000000000000000000000000000000000000000000000000000000000000000000000000000000000000000000000000000000000000000000000000000000000000000000000000000000000000", "id": "194670182" } }
W/dalvikvm(  221): DroidBox: { "FdAccess": { "path": "2f70726f632f3739342f636d646c696e65", "id": "152638256" } }
W/DroidBox(  221): DroidBox: { "FileRW": { "operation": "read", "data": "636f6d2e616e64726f69642e656d61696c0000000000000000000000000000000000000000000000000000000000000000000000000000000000000000000000000000000000000000000000000000000000000000000000000000000000000000000000", "id": "152638256" } }
W/dalvikvm(  221): DroidBox: { "FdAccess": { "path": "2f70726f632f3832332f636d646c696e65", "id": "1448350229" } }
W/DroidBox(  221): DroidBox: { "FileRW": { "operation": "read", "data": "636f6d2e616e64726f69642e65786368616e67650000000000000000000000000000000000000000000000000000000000000000000000000000000000000000000000000000000000000000000000000000000000000000000000000000000000000000", "id": "1448350229" } }
W/dalvikvm(  221): DroidBox: { "FdAccess": { "path": "2f70726f632f3835372f636d646c696e65", "id": "1810583015" } }
W/DroidBox(  221): DroidBox: { "FileRW": { "operation": "read", "data": "636f6d2e616e64726f69642e646566636f6e7461696e657200000000000000000000000000000000000000000000000000000000000000000000000000000000000000000000000000000000000000000000000000000000000000000000000000000000", "id": "1810583015" } }
W/dalvikvm(  221): DroidBox: { "FdAccess": { "path": "2f70726f632f3838312f636d646c696e65", "id": "248330519" } }
W/DroidBox(  221): DroidBox: { "FileRW": { "operation": "read", "data": "636f6d2e616e64726f69642e67616c6c657279336400000000000000000000000000000000000000000000000000000000000000000000000000000000000000000000000000000000000000000000000000000000000000000000000000000000000000", "id": "248330519" } }
W/dalvikvm(  221): DroidBox: { "FdAccess": { "path": "2f70726f632f3930352f636d646c696e65", "id": "191079534" } }
W/DroidBox(  221): DroidBox: { "FileRW": { "operation": "read", "data": "636f6d2e616e64726f69642e6d6d7300000000000000000000000000000000000000000000000000000000000000000000000000000000000000000000000000000000000000000000000000000000000000000000000000000000000000000000000000", "id": "191079534" } }
W/dalvikvm(  221): DroidBox: { "FdAccess": { "path": "2f70726f632f3933302f636d646c696e65", "id": "663919861" } }
W/DroidBox(  221): DroidBox: { "FileRW": { "operation": "read", "data": "636f6d2e616e64726f69642e766f6963656469616c65720000000000000000000000000000000000000000000000000000000000000000000000000000000000000000000000000000000000000000000000000000000000000000000000000000000000", "id": "663919861" } }
W/dalvikvm(  221): DroidBox: { "FdAccess": { "path": "2f70726f632f3935362f636d646c696e65", "id": "1003063084" } }
W/DroidBox(  221): DroidBox: { "FileRW": { "operation": "read", "data": "636f6d2e616e64726f69642e717569636b736561726368626f780000000000000000000000000000000000000000000000000000000000000000000000000000000000000000000000000000000000000000000000000000000000000000000000000000", "id": "1003063084" } }
W/dalvikvm(  221): DroidBox: { "FdAccess": { "path": "2f70726f632f3937372f636d646c696e65", "id": "395030590" } }
W/DroidBox(  221): DroidBox: { "FileRW": { "operation": "read", "data": "636f6d2e616e64726f69642e6d757369636678000000000000000000000000000000000000000000000000000000000000000000000000000000000000000000000000000000000000000000000000000000000000000000000000000000000000000000", "id": "395030590" } }
W/dalvikvm(  221): DroidBox: { "FdAccess": { "path": "2f70726f632f3939312f636d646c696e65", "id": "1786908199" } }
W/DroidBox(  221): DroidBox: { "FileRW": { "operation": "read", "data": "636f6d2e73766f782e7069636f000000000000000000000000000000000000000000000000000000000000000000000000000000000000000000000000000000000000000000000000000000000000000000000000000000000000000000000000000000", "id": "1786908199" } }
W/dalvikvm(  221): DroidBox: { "FdAccess": { "path": "2f70726f632f313030392f636d646c696e65", "id": "1157971081" } }
W/DroidBox(  221): DroidBox: { "FileRW": { "operation": "read", "data": "636f6d2e616e64726f69642e636f6d6d616e64732e6d6f6e6b657900000000000000000000000000000000000000000000000000000000000000000000000000000000000000000000000000000000000000000000000000000000000000000000000000", "id": "1157971081" } }
W/dalvikvm(  221): DroidBox: { "FdAccess": { "path": "2f70726f632f313031302f636d646c696e65", "id": "1509129070" } }
W/DroidBox(  221): DroidBox: { "FileRW": { "operation": "read", "data": "6c6f676361740044726f6964426f783a570064616c76696b766d3a570041637469766974794d616e616765723a49000000000000000000000000000000000000000000000000000000000000000000000000000000000000000000000000000000000000", "id": "1509129070" } }
W/dalvikvm(  221): DroidBox: { "FdAccess": { "path": "2f70726f632f313031322f636d646c696e65", "id": "1624465423" } }
W/DroidBox(  221): DroidBox: { "FileRW": { "operation": "read", "data": "2f73797374656d2f62696e2f7368002d63007368202e2f7364636172642f65786563757465537472616365496e2e736800000000000000000000000000000000000000000000000000000000000000000000000000000000000000000000000000000000", "id": "1624465423" } }
W/dalvikvm(  221): DroidBox: { "FdAccess": { "path": "2f70726f632f313031342f636d646c696e65", "id": "499872363" } }
W/DroidBox(  221): DroidBox: { "FileRW": { "operation": "read", "data": "7368002e2f7364636172642f65786563757465537472616365496e2e736800786563757465537472616365496e2e736800000000000000000000000000000000000000000000000000000000000000000000000000000000000000000000000000000000", "id": "499872363" } }
W/dalvikvm(  221): DroidBox: { "FdAccess": { "path": "2f70726f632f313031352f636d646c696e65", "id": "194815910" } }
W/DroidBox(  221): DroidBox: { "FileRW": { "operation": "read", "data": "737472616365002d70003630002d66002d747446002d6f002f7364636172642f6f72672e736861726b736f66742e6170706d616e616765722e61706b5f7374726163655f6d6f6e6b65792e74787400000000000000000000000000000000000000000000", "id": "194815910" } }
W/dalvikvm(  221): DroidBox: { "FdAccess": { "path": "2f70726f632f313032372f636d646c696e65", "id": "1413451220" } }
W/DroidBox(  221): DroidBox: { "FileRW": { "operation": "read", "data": "6f72672e736861726b736f66742e6170706d616e6167657200000000000000000000000000000000000000000000000000000000000000000000000000000000000000000000000000000000787400000000000000000000000000000000000000000000", "id": "1413451220" } }
W/dalvikvm(  221): DroidBox: { "FdAccess": { "path": "2f70726f632f313035332f636d646c696e65", "id": "425121425" } }
W/DroidBox(  221): DroidBox: { "FileRW": { "operation": "read", "data": "6f72672e736861726b736f66742e6170706d616e6167657200000000000000000000000000000000000000000000000000000000000000000000000000000000000000000000000000000000787400000000000000000000000000000000000000000000", "id": "425121425" } }
D/PackageManager(  221): generateServicesMap(android.accounts.AccountAuthenticator): 2 services unchanged
I/InputReader(  221): Reconfiguring input devices.  changes=0x00000010
D/PackageManager(  221): generateServicesMap(android.content.SyncAdapter): 4 services unchanged
I/AccountTypeManager(  670): Loaded meta-data for 1 account types, 0 accounts in 7ms(wall) 0ms(cpu)
W/dalvikvm(  881): DroidBox: { "FdAccess": { "path": "2f646174612f646174612f636f6d2e616e64726f69642e67616c6c65727933642f7368617265645f70726566732f636f6d2e616e64726f69642e67616c6c65727933645f707265666572656e6365732e786d6c", "id": "2034350892" } }
W/DroidBox(  881): DroidBox: { "FileRW": { "operation": "write", "data": "3c3f786d6c2076657273696f6e3d27312e302720656e636f64696e673d277574662d3827207374616e64616c6f6e653d2779657327203f3e0a3c6d61703e0a3c696e74206e616d653d227061636b616765732d76657273696f6e222076616c75653d2238", "id": "2034350892" } }
E/WVMExtractor(   62): Failed to open libwvm.so
I/Process (  221): Sending signal. PID: 534 SIG: 3
I/Process (  221): Sending signal. PID: 670 SIG: 3
I/Process (  221): Sending signal. PID: 881 SIG: 3
I/Process (  221): Sending signal. PID: 930 SIG: 3
W/ActivityManager(  221): Launch timeout has expired, giving up wake lock!
E/ActivityManager(  221): ANR in org.sharksoft.appmanager (org.sharksoft.appmanager/.AppManager)
E/ActivityManager(  221): Reason: keyDispatchingTimedOut
E/ActivityManager(  221): Load: 8.13 / 2.31 / 0.79
E/ActivityManager(  221): CPU usage from 10549ms to 783ms ago:
E/ActivityManager(  221):   17% 221/system_server: 14% user + 3% kernel / faults: 3502 minor
E/ActivityManager(  221):   10% 534/android.process.acore: 10% user + 0.5% kernel / faults: 298 minor
E/ActivityManager(  221):   7.2% 62/mediaserver: 2.7% user + 4.5% kernel / faults: 8 minor
E/ActivityManager(  221):   7% 597/com.android.launcher: 6.3% user + 0.7% kernel / faults: 2265 minor
E/ActivityManager(  221):   5% 59/surfaceflinger: 3.4% user + 1.5% kernel / faults: 359 minor
E/ActivityManager(  221):   2.1% 26/mtdblock1: 0% user + 2.1% kernel
E/ActivityManager(  221):   0.7% 67/adbd: 0% user + 0.7% kernel / faults: 672 minor
E/ActivityManager(  221):   1.5% 755/android.process.media: 0.9% user + 0.6% kernel / faults: 253 minor
E/ActivityManager(  221):   1.1% 25/mtdblock0: 0% user + 1.1% kernel
E/ActivityManager(  221):   0.3% 60/zygote: 0% user + 0.3% kernel / faults: 208 minor
E/ActivityManager(  221):   0.1% 11/kworker/0:1: 0% user + 0.1% kernel
E/ActivityManager(  221):   0.1% 487/com.android.settings: 0.1% user + 0% kernel
E/ActivityManager(  221):   0.1% 881/com.android.gallery3d: 0.1% user + 0% kernel / faults: 58 minor
E/ActivityManager(  221):   0.1% 930/com.android.voicedialer: 0.1% user + 0% kernel / faults: 17 minor
E/ActivityManager(  221):   0.3% 956/com.android.quicksearchbox: 0.3% user + 0% kernel / faults: 6 minor
E/ActivityManager(  221):   0.2% 468/com.android.phone: 0.2% user + 0% kernel / faults: 20 minor
E/ActivityManager(  221):   0.2% 670/com.android.contacts: 0.2% user + 0% kernel / faults: 1 minor
E/ActivityManager(  221):   0.2% 857/com.android.defcontainer: 0.2% user + 0% kernel / faults: 8 minor
E/ActivityManager(  221):   0% 30/kworker/u:1: 0% user + 0% kernel
E/ActivityManager(  221):   0.1% 40/jbd2/mtdblock1-: 0% user + 0.1% kernel
E/ActivityManager(  221):   0.1% 393/com.android.systemui: 0% user + 0.1% kernel / faults: 5 minor
E/ActivityManager(  221):   0.1% 794/com.android.email: 0% user + 0.1% kernel / faults: 12 minor
E/ActivityManager(  221):  +0% 977/com.android.musicfx: 0% user + 0% kernel
E/ActivityManager(  221):  +0% 991/com.svox.pico: 0% user + 0% kernel
E/ActivityManager(  221):  +0% 1009/com.android.commands.monkey: 0% user + 0% kernel
E/ActivityManager(  221):  +0% 1010/logcat: 0% user + 0% kernel
E/ActivityManager(  221):  +0% 1012/sh: 0% user + 0% kernel
E/ActivityManager(  221):  +0% 1014/sh: 0% user + 0% kernel
E/ActivityManager(  221):  +0% 1015/strace: 0% user + 0% kernel
E/ActivityManager(  221):  +0% 1027/org.sharksoft.appmanager: 0% user + 0% kernel
E/ActivityManager(  221):  +0% 1053/org.sharksoft.appmanager: 0% user + 0% kernel
E/ActivityManager(  221): 100% TOTAL: 65% user + 34% kernel
E/ActivityManager(  221): CPU usage from 3193ms to 3755ms later:
E/ActivityManager(  221):   32% 1015/strace: 13% user + 19% kernel
E/ActivityManager(  221):   32% 221/system_server: 22% user + 10% kernel / faults: 889 minor
E/ActivityManager(  221):     8.6% 310/InputDispatcher: 3.4% user + 5.1% kernel
E/ActivityManager(  221):     6.8% 234/er.ServerThread: 6.8% user + 0% kernel
E/ActivityManager(  221):     6.8% 296/PackageMonitor: 3.4% user + 3.4% kernel
E/ActivityManager(  221):     5.1% 305/WindowManager: 5.1% user + 0% kernel
E/ActivityManager(  221):     3.4% 235/ActivityManager: 0% user + 3.4% kernel
E/ActivityManager(  221):     1.7% 238/PackageManager: 1.7% user + 0% kernel
E/ActivityManager(  221):     1.7% 770/Binder_B: 1.7% user + 0% kernel
E/ActivityManager(  221):   2.6% 534/android.process.acore: 1.9% user + 0.6% kernel / faults: 4 minor
E/ActivityManager(  221):     2.6% 592/ContactsProvide: 1.9% user + 0.6% kernel
E/ActivityManager(  221):   1.5% 59/surfaceflinger: 1.5% user + 0% kernel / faults: 375 minor
E/ActivityManager(  221):     1.5% 83/SurfaceFlinger: 1.5% user + 0% kernel
E/ActivityManager(  221):   5% 62/mediaserver: 1.6% user + 3.3% kernel / faults: 1 minor
E/ActivityManager(  221):     5% 62/mediaserver: 1.6% user + 3.3% kernel
E/ActivityManager(  221):   0.7% 26/mtdblock1: 0% user + 0.7% kernel
E/ActivityManager(  221):   3.2% 1027/org.sharksoft.appmanager: 0% user + 3.2% kernel / faults: 18 minor
E/ActivityManager(  221):     3.2% 1032/Signal Catcher: 0% user + 3.2% kernel
E/ActivityManager(  221):   3.2% 1053/org.sharksoft.appmanager: 0% user + 3.2% kernel
E/ActivityManager(  221):   1.7% 67/adbd: 0% user + 1.7% kernel / faults: 28 minor
E/ActivityManager(  221):     1.7% 240/adbd: 0% user + 1.7% kernel
E/ActivityManager(  221):   0.7% 670/com.android.contacts: 0.7% user + 0% kernel
E/ActivityManager(  221):     0.7% 729/AccountChangeLi: 0.7% user + 0% kernel
E/ActivityManager(  221):   0.8% 881/com.android.gallery3d: 0.8% user + 0% kernel / faults: 16 minor
E/ActivityManager(  221):     0.8% 881/droid.gallery3d: 0.8% user + 0% kernel
E/ActivityManager(  221):   0.8% 930/com.android.voicedialer: 0% user + 0.8% kernel / faults: 5 minor
E/ActivityManager(  221):     0.8% 930/oid.voicedialer: 0% user + 0.8% kernel
E/ActivityManager(  221): 100% TOTAL: 50% user + 50% kernel
W/InputManager(  221): Input event injection from pid 1009 timed out.
W/dalvikvm(  221): DroidBox: { "FdAccess": { "path": "2f646174612f616e722f7472616365732e747874", "id": "208452810" } }
W/DroidBox(  221): DroidBox: { "FileRW": { "operation": "read", "data": "0a0a2d2d2d2d2d207069642032323120617420323032342d30362d31312031313a35303a3539202d2d2d2d2d0a436d64206c696e653a2073797374656d5f7365727665720a0a44414c56494b20544852454144533a0a286d7574657865733a20746c6c3d", "id": "208452810" } }
W/ActivityManager(  221): Activity idle timeout for ActivityRecord{b3da5450 org.sharksoft.appmanager/.AppManager}
I/dalvikvm-heap(  221): Grow heap (frag case) to 12.272MB for 349536-byte allocation
I/dalvikvm-heap(  221): Grow heap (frag case) to 12.730MB for 393236-byte allocation
W/dalvikvm(  221): DroidBox: { "FdAccess": { "path": "2f70726f632f313035392f636d646c696e65", "id": "322376376" } }
W/DroidBox(  221): DroidBox: { "FileRW": { "operation": "read", "data": "70726f6372616e6b00736f66742e6170706d616e61676572000000000000000000000000000000000000000000000000000000000000000000000000000000000000000000000000000000007874000000000000000000000000000000000000616e6167", "id": "322376376" } }
W/dalvikvm(  221): DroidBox: { "FdAccess": { "path": "2f70726f632f313036312f636d646c696e65", "id": "750508524" } }
W/DroidBox(  221): DroidBox: { "FileRW": { "operation": "read", "data": "6f72672e736861726b736f66742e6170706d616e61676572000000000000000000000000000000000000000000000000000000000000000000000000000000000000000000000000000000007874000000000000000000000000000000000000616e6167", "id": "750508524" } }
E/WVMExtractor(   62): Failed to open libwvm.so
I/Choreographer(  597): Skipped 98 frames!  The application may be doing too much work on its main thread.
E/WVMExtractor(   62): Failed to open libwvm.so
E/WVMExtractor(   62): Failed to open libwvm.so
E/WVMExtractor(   62): Failed to open libwvm.so
E/WVMExtractor(   62): Failed to open libwvm.so
E/WVMExtractor(   62): Failed to open libwvm.so
E/WVMExtractor(   62): Failed to open libwvm.so
E/WVMExtractor(   62): Failed to open libwvm.so
E/WVMExtractor(   62): Failed to open libwvm.so
E/WVMExtractor(   62): Failed to open libwvm.so
E/WVMExtractor(   62): Failed to open libwvm.so
E/WVMExtractor(   62): Failed to open libwvm.so
E/WVMExtractor(   62): Failed to open libwvm.so
E/WVMExtractor(   62): Failed to open libwvm.so
E/WVMExtractor(   62): Failed to open libwvm.so
E/WVMExtractor(   62): Failed to open libwvm.so
E/WVMExtractor(   62): Failed to open libwvm.so
W/dalvikvm( 1009): DroidBox: { "FdAccess": { "path": "706970653a5b353035355d", "id": "1885609726" } }
W/DroidBox( 1009): DroidBox: { "FileRW": { "operation": "read", "data": "20205049442020202020205673732020202020205273732020202020205073732020202020205573732020636d646c696e650a202035393720202036303432384b20202036303332384b20202032373232344b20202032313835324b2020636f6d2e616e", "id": "1885609726" } }
W/dalvikvm( 1009): DroidBox: { "FdAccess": { "path": "706970653a5b353035355d", "id": "2018153876" } }
W/DroidBox( 1009): DroidBox: { "FileRW": { "operation": "read", "data": "00000000000000000000000000000000000000000000000000000000000000000000000000000000000000000000000000000000000000000000000000000000000000000000000000000000000000000000000000000000000000000000000000000000", "id": "2018153876" } }
E/WVMExtractor(   62): Failed to open libwvm.so
E/WVMExtractor(   62): Failed to open libwvm.so
E/WVMExtractor(   62): Failed to open libwvm.so
E/WVMExtractor(   62): Failed to open libwvm.so
