E/WVMExtractor(   62): Failed to open libwvm.so
E/WVMExtractor(   62): Failed to open libwvm.so
E/WVMExtractor(   62): Failed to open libwvm.so
E/WVMExtractor(   62): Failed to open libwvm.so
E/WVMExtractor(   62): Failed to open libwvm.so
E/WVMExtractor(   62): Failed to open libwvm.so
E/WVMExtractor(   62): Failed to open libwvm.so
E/WVMExtractor(   62): Failed to open libwvm.so
E/WVMExtractor(   62): Failed to open libwvm.so
E/WVMExtractor(   62): Failed to open libwvm.so
W/dalvikvm(  221): DroidBox: { "FdAccess": { "path": "2f70726f632f313036362f636d646c696e65", "id": "691336914" } }
W/DroidBox(  221): DroidBox: { "FileRW": { "operation": "read", "data": "6f72672e736861726b736f66742e6170706d616e61676572000000000000000000000000000000000000000000000000000000000000000000000000000000000000000000000000000000007874000000000000000000000000000000000000616e6167", "id": "691336914" } }
E/WVMExtractor(   62): Failed to open libwvm.so
E/WVMExtractor(   62): Failed to open libwvm.so
E/WVMExtractor(   62): Failed to open libwvm.so
E/WVMExtractor(   62): Failed to open libwvm.so
E/WVMExtractor(   62): Failed to open libwvm.so
E/WVMExtractor(   62): Failed to open libwvm.so
W/dalvikvm( 1009): DroidBox: { "FdAccess": { "path": "706970653a5b353236395d", "id": "1651101366" } }
W/DroidBox( 1009): DroidBox: { "FileRW": { "operation": "read", "data": "0a0a2d2d2d2d2d207069642032323120617420323032342d30362d31312031313a35303a3539202d2d2d2d2d0a436d64206c696e653a2073797374656d5f7365727665720a0a44414c56494b20544852454144533a0a286d7574657865733a20746c6c3d", "id": "1651101366" } }
W/dalvikvm( 1009): DroidBox: { "FdAccess": { "path": "706970653a5b353236395d", "id": "1874675075" } }
W/DroidBox( 1009): DroidBox: { "FileRW": { "operation": "read", "data": "7374656d2f6c69622f6c69627574696c732e736f2028616e64726f69643a3a5468726561643a3a5f7468726561644c6f6f7028766f69642a292b313134290a20202330362020706320303030343437663320202f73797374656d2f6c69622f6c6962616e", "id": "1874675075" } }
E/WVMExtractor(   62): Failed to open libwvm.so
E/WVMExtractor(   62): Failed to open libwvm.so
E/WVMExtractor(   62): Failed to open libwvm.so
W/dalvikvm( 1009): DroidBox: { "FdAccess": { "path": "706970653a5b353236395d", "id": "1858826536" } }
W/DroidBox( 1009): DroidBox: { "FileRW": { "operation": "read", "data": "69643d3630204e41544956450a20207c2067726f75703d226d61696e222073436f756e743d31206473436f756e743d30206f626a3d307862336536656638382073656c663d307862383538373233300a20207c207379735469643d353532206e6963653d", "id": "1858826536" } }
E/WVMExtractor(   62): Failed to open libwvm.so
E/WVMExtractor(   62): Failed to open libwvm.so
W/dalvikvm( 1009): DroidBox: { "FdAccess": { "path": "706970653a5b353236395d", "id": "1600488940" } }
W/DroidBox( 1009): DroidBox: { "FileRW": { "operation": "read", "data": "2020706320303030313439616420202f73797374656d2f6c69622f6c69627574696c732e736f2028616e64726f69643a3a4c6f6f7065723a3a706f6c6c4f6e636528696e742c20696e742a2c20696e742a2c20766f69642a2a292b313034290a20202330", "id": "1600488940" } }
E/WVMExtractor(   62): Failed to open libwvm.so
W/dalvikvm( 1009): DroidBox: { "FdAccess": { "path": "706970653a5b353236395d", "id": "1419269754" } }
W/DroidBox( 1009): DroidBox: { "FileRW": { "operation": "read", "data": "300a20202330302020706320303030306461343020202f73797374656d2f6c69622f6c6962632e736f202865706f6c6c5f776169742b3132290a20202330312020706320303030313437353120202f73797374656d2f6c69622f6c69627574696c732e73", "id": "1419269754" } }
E/WVMExtractor(   62): Failed to open libwvm.so
E/WVMExtractor(   62): Failed to open libwvm.so
W/dalvikvm( 1009): DroidBox: { "FdAccess": { "path": "706970653a5b353236395d", "id": "120971240" } }
W/DroidBox( 1009): DroidBox: { "FileRW": { "operation": "read", "data": "2e48616e646c65725468726561642e72756e2848616e646c65725468726561642e6a6176613a3630290a0a22576966695761746368646f6753746174654d616368696e6522207072696f3d35207469643d3432204e41544956450a20207c2067726f7570", "id": "120971240" } }
E/WVMExtractor(   62): Failed to open libwvm.so
W/dalvikvm( 1009): DroidBox: { "FdAccess": { "path": "706970653a5b353236395d", "id": "1874194989" } }
W/DroidBox( 1009): DroidBox: { "FileRW": { "operation": "read", "data": "3235313420202f73797374656d2f6c69622f6c6962632e736f2028707468726561645f6372656174652b313732290a2020617420616e64726f69642e6f732e4d65737361676551756575652e6e6174697665506f6c6c4f6e6365284e6174697665204d65", "id": "1874194989" } }
E/WVMExtractor(   62): Failed to open libwvm.so
W/dalvikvm( 1009): DroidBox: { "FdAccess": { "path": "706970653a5b353236395d", "id": "1261246724" } }
W/DroidBox( 1009): DroidBox: { "FileRW": { "operation": "read", "data": "643a3a5f5f76615f6c697374292b343230290a20202331302020706320303030363339663920202f73797374656d2f6c69622f6c696264766d2e736f202864766d43616c6c4d6574686f64285468726561642a2c204d6574686f6420636f6e73742a2c20", "id": "1261246724" } }
E/WVMExtractor(   62): Failed to open libwvm.so
W/dalvikvm( 1009): DroidBox: { "FdAccess": { "path": "706970653a5b353236395d", "id": "701657387" } }
W/DroidBox( 1009): DroidBox: { "FileRW": { "operation": "read", "data": "303030373436666420202f73797374656d2f6c69622f6c6962616e64726f69645f72756e74696d652e736f0a20202330352020706320303030316630623020202f73797374656d2f6c69622f6c696264766d2e736f202864766d506c6174666f726d496e", "id": "701657387" } }
E/WVMExtractor(   62): Failed to open libwvm.so
E/WVMExtractor(   62): Failed to open libwvm.so
E/WVMExtractor(   62): Failed to open libwvm.so
W/dalvikvm( 1009): DroidBox: { "FdAccess": { "path": "706970653a5b353236395d", "id": "1380560784" } }
W/DroidBox( 1009): DroidBox: { "FileRW": { "operation": "read", "data": "3020202f73797374656d2f6c69622f6c6962632e736f20285f5f7468726561645f656e7472792b3438290a20202331332020706320303030313235313420202f73797374656d2f6c69622f6c6962632e736f2028707468726561645f6372656174652b31", "id": "1380560784" } }
W/dalvikvm( 1009): DroidBox: { "FdAccess": { "path": "706970653a5b353236395d", "id": "1614695748" } }
W/DroidBox( 1009): DroidBox: { "FileRW": { "operation": "read", "data": "626a6563742a2c204a56616c75652a2c202e2e2e292b3230290a20202331312020706320303030353834623920202f73797374656d2f6c69622f6c696264766d2e736f0a20202331322020706320303030313264623020202f73797374656d2f6c69622f", "id": "1614695748" } }
E/WVMExtractor(   62): Failed to open libwvm.so
E/WVMExtractor(   62): Failed to open libwvm.so
E/WVMExtractor(   62): Failed to open libwvm.so
W/dalvikvm( 1009): DroidBox: { "FdAccess": { "path": "706970653a5b353236395d", "id": "1726687011" } }
W/DroidBox( 1009): DroidBox: { "FileRW": { "operation": "read", "data": "5f6372656174652b313732290a202061742064616c76696b2e73797374656d2e4e617469766553746172742e72756e284e6174697665204d6574686f64290a0a2242696e6465725f3122207072696f3d35207469643d38204e41544956450a20207c2067", "id": "1726687011" } }
E/WVMExtractor(   62): Failed to open libwvm.so
E/WVMExtractor(   62): Failed to open libwvm.so
E/WVMExtractor(   62): Failed to open libwvm.so
W/dalvikvm( 1009): DroidBox: { "FdAccess": { "path": "706970653a5b353236395d", "id": "228641489" } }
W/DroidBox( 1009): DroidBox: { "FileRW": { "operation": "read", "data": "7469643d3130204e41544956450a20207c2067726f75703d226d61696e222073436f756e743d31206473436f756e743d30206f626a3d307862336536666362302073656c663d307862383366343665380a20207c207379735469643d343339206e696365", "id": "228641489" } }
E/WVMExtractor(   62): Failed to open libwvm.so
I/dalvikvm-heap( 1027): Grow heap (frag case) to 12.308MB for 2359312-byte allocation
E/WVMExtractor(   62): Failed to open libwvm.so
W/dalvikvm( 1009): DroidBox: { "FdAccess": { "path": "706970653a5b353236395d", "id": "286356022" } }
W/DroidBox( 1009): DroidBox: { "FileRW": { "operation": "read", "data": "7270726574506f727461626c65285468726561642a292b31323238290a20202331322020706320303030326531653420202f73797374656d2f6c69622f6c696264766d2e736f202864766d496e74657270726574285468726561642a2c204d6574686f64", "id": "286356022" } }
W/dalvikvm( 1009): DroidBox: { "FdAccess": { "path": "706970653a5b353236395d", "id": "980719819" } }
W/DroidBox( 1009): DroidBox: { "FileRW": { "operation": "read", "data": "6e742e546872656164506f6f6c4578656375746f722e6765745461736b28546872656164506f6f6c4578656375746f722e6a6176613a31303039290a20206174206a6176612e7574696c2e636f6e63757272656e742e546872656164506f6f6c45786563", "id": "980719819" } }
E/WVMExtractor(   62): Failed to open libwvm.so
E/WVMExtractor(   62): Failed to open libwvm.so
W/dalvikvm( 1009): DroidBox: { "FdAccess": { "path": "706970653a5b353236395d", "id": "1082542932" } }
W/DroidBox( 1009): DroidBox: { "FileRW": { "operation": "read", "data": "6d2e736f202864766d496e74657270726574506f727461626c65285468726561642a292b31323238290a20202330382020706320303030326531653420202f73797374656d2f6c69622f6c696264766d2e736f202864766d496e74657270726574285468", "id": "1082542932" } }
E/WVMExtractor(   62): Failed to open libwvm.so
E/WVMExtractor(   62): Failed to open libwvm.so
W/dalvikvm( 1009): DroidBox: { "FdAccess": { "path": "706970653a5b353236395d", "id": "240158858" } }
W/DroidBox( 1009): DroidBox: { "FileRW": { "operation": "read", "data": "792b3438290a20202330362020706320303030313235313420202f73797374656d2f6c69622f6c6962632e736f2028707468726561645f6372656174652b313732290a202061742064616c76696b2e73797374656d2e4e617469766553746172742e7275", "id": "240158858" } }
W/BackupManagerService(  221): dataChanged but no participant pkg='com.android.providers.settings' uid=1001
E/WVMExtractor(   62): Failed to open libwvm.so
W/dalvikvm( 1009): DroidBox: { "FdAccess": { "path": "706970653a5b353236395d", "id": "536472938" } }
W/DroidBox( 1009): DroidBox: { "FileRW": { "operation": "read", "data": "6f6e6e656374696f6e2e6a6176613a343933290a2020617420616e64726f69642e64617461626173652e73716c6974652e53514c69746553657373696f6e2e707265706172652853514c69746553657373696f6e2e6a6176613a353838290a2020617420", "id": "536472938" } }
E/WVMExtractor(   62): Failed to open libwvm.so
E/WVMExtractor(   62): Failed to open libwvm.so
W/dalvikvm( 1009): DroidBox: { "FdAccess": { "path": "706970653a5b353236395d", "id": "341899424" } }
W/DroidBox( 1009): DroidBox: { "FileRW": { "operation": "read", "data": "68616e646c653d2d313230343436383430380a20207c207363686564737461743d282030203230303030303030203420292075746d3d302073746d3d3020636f72653d300a20202330302020706320303030306437323820202f73797374656d2f6c6962", "id": "341899424" } }
E/WVMExtractor(   62): Failed to open libwvm.so
E/WVMExtractor(   62): Failed to open libwvm.so
W/dalvikvm( 1009): DroidBox: { "FdAccess": { "path": "706970653a5b353236395d", "id": "682766979" } }
W/DroidBox( 1009): DroidBox: { "FileRW": { "operation": "read", "data": "303232290a20206174206a6176612e7574696c2e636f6e63757272656e742e4c696e6b6564426c6f636b696e6751756575652e74616b65284c696e6b6564426c6f636b696e6751756575652e6a6176613a343133290a20206174206a6176612e7574696c", "id": "682766979" } }
W/dalvikvm( 1009): DroidBox: { "FdAccess": { "path": "706970653a5b353236395d", "id": "315621058" } }
W/DroidBox( 1009): DroidBox: { "FileRW": { "operation": "read", "data": "3a313335290a2020617420616e64726f69642e6170702e4c6f63616c41637469766974794d616e616765722e73746172744163746976697479284c6f63616c41637469766974794d616e616765722e6a6176613a333437290a2020617420616e64726f69", "id": "315621058" } }
E/WVMExtractor(   62): Failed to open libwvm.so
E/WVMExtractor(   62): Failed to open libwvm.so
W/dalvikvm( 1009): DroidBox: { "FdAccess": { "path": "706970653a5b353236395d", "id": "2076323967" } }
W/DroidBox( 1009): DroidBox: { "FileRW": { "operation": "read", "data": "20202f73797374656d2f6c69622f6c6962632e736f2028707468726561645f6372656174652b313732290a202061742064616c76696b2e73797374656d2e4e617469766553746172742e72756e284e6174697665204d6574686f64290a0a2242696e6465", "id": "2076323967" } }
E/WVMExtractor(   62): Failed to open libwvm.so
W/dalvikvm( 1027): DroidBox: { "FdAccess": { "path": "2f70726f632f6d656d696e666f", "id": "4636417" } }
W/DroidBox( 1027): DroidBox: { "FileRW": { "operation": "read", "data": "4d656d546f74616c3a202020202020202020373438393634206b420a4d656d467265653a20202020202020202020343339363230206b420a427566666572733a20202020202020202020202035353932206b420a4361636865643a202020202020202020", "id": "4636417" } }
W/dalvikvm( 1009): DroidBox: { "FdAccess": { "path": "706970653a5b353236395d", "id": "1508521002" } }
W/DroidBox( 1009): DroidBox: { "FileRW": { "operation": "read", "data": "363920202f73797374656d2f6c69622f6c696262696e6465722e736f0a20202330352020706320303030313066306620202f73797374656d2f6c69622f6c69627574696c732e736f2028616e64726f69643a3a5468726561643a3a5f7468726561644c6f", "id": "1508521002" } }
W/dalvikvm( 1027): DroidBox: { "FdAccess": { "path": "2f70726f632f6d656d696e666f", "id": "1810148603" } }
W/DroidBox( 1027): DroidBox: { "FileRW": { "operation": "read", "data": "4d656d546f74616c3a202020202020202020373438393634206b420a4d656d467265653a20202020202020202020343339323438206b420a427566666572733a20202020202020202020202035353932206b420a4361636865643a202020202020202020", "id": "1810148603" } }
W/dalvikvm( 1027): DroidBox: { "FdAccess": { "path": "2f70726f632f6d656d696e666f", "id": "1834956903" } }
W/DroidBox( 1027): DroidBox: { "FileRW": { "operation": "read", "data": "4d656d546f74616c3a202020202020202020373438393634206b420a4d656d467265653a20202020202020202020343339313234206b420a427566666572733a20202020202020202020202035353932206b420a4361636865643a202020202020202020", "id": "1834956903" } }
I/Choreographer( 1027): Skipped 198 frames!  The application may be doing too much work on its main thread.
E/WVMExtractor(   62): Failed to open libwvm.so
W/dalvikvm( 1009): DroidBox: { "FdAccess": { "path": "706970653a5b353236395d", "id": "1070289836" } }
W/DroidBox( 1009): DroidBox: { "FileRW": { "operation": "read", "data": "574149540a20207c2067726f75703d2273797374656d222073436f756e743d31206473436f756e743d30206f626a3d307862336438636631382073656c663d307862383435363234380a20207c207379735469643d393339206e6963653d302073636865", "id": "1070289836" } }
W/dalvikvm(  221): DroidBox: { "FdAccess": { "path": "2f70726f632f313036392f636d646c696e65", "id": "2132673379" } }
W/DroidBox(  221): DroidBox: { "FileRW": { "operation": "read", "data": "6f72672e736861726b736f66742e6170706d616e61676572000000000000000000000000000000000000000000000000000000000000000000000000000000000000000000000000000000007874000000000000000000000000000000000000616e6167", "id": "2132673379" } }
V/PhoneStatusBar(  393): setLightsOn(true)
W/dalvikvm( 1009): DroidBox: { "FdAccess": { "path": "706970653a5b353236395d", "id": "922396236" } }
W/DroidBox( 1009): DroidBox: { "FileRW": { "operation": "read", "data": "2073746d3d3020636f72653d300a20202330302020706320303030306463373020202f73797374656d2f6c69622f6c6962632e736f20285f5f66757465785f73797363616c6c332b38290a20202330312020706320303030313264663420202f73797374", "id": "922396236" } }
E/WVMExtractor(   62): Failed to open libwvm.so
I/Choreographer( 1027): Skipped 327 frames!  The application may be doing too much work on its main thread.
D/gralloc_goldfish( 1027): Emulator without GPU emulation detected.
E/WVMExtractor(   62): Failed to open libwvm.so
I/ActivityManager(  221): Displayed org.sharksoft.appmanager/.AppManager: +44s745ms
I/Choreographer( 1027): Skipped 41 frames!  The application may be doing too much work on its main thread.
I/qtaguid (  221): Failed write_ctrl(s 0 10019) res=-1 errno=1
W/NetworkManagementSocketTagger(  221): setKernelCountSet(10019, 0) failed with errno -1
W/Ads     ( 1027): Invalid admob request error: Non google play services version of AdMob Android SDK is deprecated. Please update your SDK to the most recent SDK version to get the latest features and bug fixes. The latest SDK can be downloaded from http://goo.gl/r2TRzC .
W/Ads     ( 1027): No AdResponse found, <message: /log>
W/Ads     ( 1027): No AdResponse found, <message: /log>
W/Ads     ( 1027): No AdResponse found, <message: /jsLoaded>
W/dalvikvm(  221): DroidBox: { "FdAccess": { "path": "706970653a5b353332325d", "id": "766625186" } }
W/DroidBox(  221): DroidBox: { "FileRW": { "operation": "write", "data": "4170706c69636174696f6e73204d656d6f727920557361676520286b42293a0a557074696d653a20313238373534205265616c74696d653a203132383735340a0a546f74616c205053532062792070726f636573733a0a202020203237333837206b423a", "id": "766625186" } }
W/dalvikvm( 1009): DroidBox: { "FdAccess": { "path": "706970653a5b353332325d", "id": "166792510" } }
W/DroidBox( 1009): DroidBox: { "FileRW": { "operation": "read", "data": "4170706c69636174696f6e73204d656d6f727920557361676520286b42293a0a557074696d653a20313238373534205265616c74696d653a203132383735340a0a546f74616c205053532062792070726f636573733a0a202020203237333837206b423a", "id": "166792510" } }
D/webviewglue( 1027): nativeDestroy view: 0xb85b6080
I/Ads     ( 1027): onFailedToReceiveAd(Invalid Google Ad request.)
E/WVMExtractor(   62): Failed to open libwvm.so
W/dalvikvm( 1009): DroidBox: { "FdAccess": { "path": "706970653a5b353332325d", "id": "1605998632" } }
W/DroidBox( 1009): DroidBox: { "FileRW": { "operation": "read", "data": "00000000000000000000000000000000000000000000000000000000000000000000000000000000000000000000000000000000000000000000000000000000000000000000000000000000000000000000000000000000000000000000000000000000", "id": "1605998632" } }
W/BackupManagerService(  221): dataChanged but no participant pkg='com.android.providers.settings' uid=10011
I/AndroidRuntime( 1009): VM exiting with result code 7.
E/MetadataRetrieverClient(   62): failed to extract an album art
E/WVMExtractor(   62): Failed to open libwvm.so
E/WVMExtractor(   62): Failed to open libwvm.so
E/WVMExtractor(   62): Failed to open libwvm.so
E/WVMExtractor(   62): Failed to open libwvm.so
E/WVMExtractor(   62): Failed to open libwvm.so
E/WVMExtractor(   62): Failed to open libwvm.so
E/WVMExtractor(   62): Failed to open libwvm.so
E/WVMExtractor(   62): Failed to open libwvm.so
E/WVMExtractor(   62): Failed to open libwvm.so
E/WVMExtractor(   62): Failed to open libwvm.so
E/WVMExtractor(   62): Failed to open libwvm.so
E/WVMExtractor(   62): Failed to open libwvm.so
W/dalvikvm(  221): DroidBox: { "FdAccess": { "path": "2f70726f632f3232312f6e65742f78745f717461677569642f69666163655f737461745f616c6c", "id": "539283182" } }
W/DroidBox(  221): DroidBox: { "FileRW": { "operation": "read", "data": "6c6f20312030203020302030203336333620353120333633362035310a65746830203120302030203020302035353433333420313631382032343034363220313339350a0000000000000000000000000000000000000000000000000000000000000000", "id": "539283182" } }
W/dalvikvm(  221): DroidBox: { "FdAccess": { "path": "2f70726f632f3232312f6e65742f78745f717461677569642f69666163655f737461745f616c6c", "id": "1982304204" } }
W/DroidBox(  221): DroidBox: { "FileRW": { "operation": "read", "data": "313339350a3220313339350a313339350a3220313339350a350a350a350a350a350a313339350a39350a313339350a39350a313339350a350a350a350a350a350a39350a0000000000000000000000000000000000000000000000000000000000000000", "id": "1982304204" } }
W/ThrottleService(  221): unable to find stats for iface rmnet0
E/ThrottleService(  221): Error reading data file
E/WVMExtractor(   62): Failed to open libwvm.so
E/WVMExtractor(   62): Failed to open libwvm.so
E/WVMExtractor(   62): Failed to open libwvm.so
E/WVMExtractor(   62): Failed to open libwvm.so
E/WVMExtractor(   62): Failed to open libwvm.so
E/WVMExtractor(   62): Failed to open libwvm.so
E/WVMExtractor(   62): Failed to open libwvm.so
E/WVMExtractor(   62): Failed to open libwvm.so
E/WVMExtractor(   62): Failed to open libwvm.so
E/WVMExtractor(   62): Failed to open libwvm.so
E/WVMExtractor(   62): Failed to open libwvm.so
E/WVMExtractor(   62): Failed to open libwvm.so
E/WVMExtractor(   62): Failed to open libwvm.so
E/WVMExtractor(   62): Failed to open libwvm.so
E/WVMExtractor(   62): Failed to open libwvm.so
E/WVMExtractor(   62): Failed to open libwvm.so
E/WVMExtractor(   62): Failed to open libwvm.so
E/WVMExtractor(   62): Failed to open libwvm.so
E/WVMExtractor(   62): Failed to open libwvm.so
E/WVMExtractor(   62): Failed to open libwvm.so
E/WVMExtractor(   62): Failed to open libwvm.so
E/WVMExtractor(   62): Failed to open libwvm.so
E/WVMExtractor(   62): Failed to open libwvm.so
E/WVMExtractor(   62): Failed to open libwvm.so
E/WVMExtractor(   62): Failed to open libwvm.so
E/WVMExtractor(   62): Failed to open libwvm.so
E/WVMExtractor(   62): Failed to open libwvm.so
E/WVMExtractor(   62): Failed to open libwvm.so
E/WVMExtractor(   62): Failed to open libwvm.so
E/WVMExtractor(   62): Failed to open libwvm.so
E/WVMExtractor(   62): Failed to open libwvm.so
E/WVMExtractor(   62): Failed to open libwvm.so
E/WVMExtractor(   62): Failed to open libwvm.so
E/WVMExtractor(   62): Failed to open libwvm.so
E/WVMExtractor(   62): Failed to open libwvm.so
E/WVMExtractor(   62): Failed to open libwvm.so
E/WVMExtractor(   62): Failed to open libwvm.so
E/WVMExtractor(   62): Failed to open libwvm.so
E/WVMExtractor(   62): Failed to open libwvm.so
E/WVMExtractor(   62): Failed to open libwvm.so
E/WVMExtractor(   62): Failed to open libwvm.so
E/WVMExtractor(   62): Failed to open libwvm.so
E/WVMExtractor(   62): Failed to open libwvm.so
E/WVMExtractor(   62): Failed to open libwvm.so
E/WVMExtractor(   62): Failed to open libwvm.so
E/WVMExtractor(   62): Failed to open libwvm.so
E/WVMExtractor(   62): Failed to open libwvm.so
E/WVMExtractor(   62): Failed to open libwvm.so
E/WVMExtractor(   62): Failed to open libwvm.so
E/WVMExtractor(   62): Failed to open libwvm.so
E/WVMExtractor(   62): Failed to open libwvm.so
E/WVMExtractor(   62): Failed to open libwvm.so
E/WVMExtractor(   62): Failed to open libwvm.so
E/WVMExtractor(   62): Failed to open libwvm.so
E/WVMExtractor(   62): Failed to open libwvm.so
E/WVMExtractor(   62): Failed to open libwvm.so
E/WVMExtractor(   62): Failed to open libwvm.so
E/WVMExtractor(   62): Failed to open libwvm.so
E/WVMExtractor(   62): Failed to open libwvm.so
E/WVMExtractor(   62): Failed to open libwvm.so
E/WVMExtractor(   62): Failed to open libwvm.so
E/WVMExtractor(   62): Failed to open libwvm.so
E/WVMExtractor(   62): Failed to open libwvm.so
W/BackupManagerService(  221): dataChanged but no participant pkg='com.android.providers.settings' uid=10011
E/WVMExtractor(   62): Failed to open libwvm.so
E/MetadataRetrieverClient(   62): failed to extract an album art
E/WVMExtractor(   62): Failed to open libwvm.so
E/WVMExtractor(   62): Failed to open libwvm.so
E/WVMExtractor(   62): Failed to open libwvm.so
E/WVMExtractor(   62): Failed to open libwvm.so
E/WVMExtractor(   62): Failed to open libwvm.so
E/WVMExtractor(   62): Failed to open libwvm.so
E/WVMExtractor(   62): Failed to open libwvm.so
E/WVMExtractor(   62): Failed to open libwvm.so
E/WVMExtractor(   62): Failed to open libwvm.so
E/WVMExtractor(   62): Failed to open libwvm.so
E/WVMExtractor(   62): Failed to open libwvm.so
E/WVMExtractor(   62): Failed to open libwvm.so
E/WVMExtractor(   62): Failed to open libwvm.so
E/WVMExtractor(   62): Failed to open libwvm.so
E/WVMExtractor(   62): Failed to open libwvm.so
E/WVMExtractor(   62): Failed to open libwvm.so
E/WVMExtractor(   62): Failed to open libwvm.so
E/WVMExtractor(   62): Failed to open libwvm.so
E/WVMExtractor(   62): Failed to open libwvm.so
E/WVMExtractor(   62): Failed to open libwvm.so
E/WVMExtractor(   62): Failed to open libwvm.so
E/WVMExtractor(   62): Failed to open libwvm.so
E/WVMExtractor(   62): Failed to open libwvm.so
E/WVMExtractor(   62): Failed to open libwvm.so
E/WVMExtractor(   62): Failed to open libwvm.so
E/WVMExtractor(   62): Failed to open libwvm.so
E/WVMExtractor(   62): Failed to open libwvm.so
E/WVMExtractor(   62): Failed to open libwvm.so
E/WVMExtractor(   62): Failed to open libwvm.so
E/WVMExtractor(   62): Failed to open libwvm.so
E/WVMExtractor(   62): Failed to open libwvm.so
E/WVMExtractor(   62): Failed to open libwvm.so
E/WVMExtractor(   62): Failed to open libwvm.so
E/WVMExtractor(   62): Failed to open libwvm.so
E/WVMExtractor(   62): Failed to open libwvm.so
E/WVMExtractor(   62): Failed to open libwvm.so
E/WVMExtractor(   62): Failed to open libwvm.so
E/WVMExtractor(   62): Failed to open libwvm.so
E/MetadataRetrieverClient(   62): failed to extract an album art
E/WVMExtractor(   62): Failed to open libwvm.so
E/MetadataRetrieverClient(   62): failed to extract an album art
I/ActivityManager(  221): No longer want com.android.contacts (pid 670): hidden #16
W/dalvikvm(  221): DroidBox: { "FdAccess": { "path": "2f70726f632f313037332f636d646c696e65", "id": "39048050" } }
W/DroidBox(  221): DroidBox: { "FileRW": { "operation": "read", "data": "6f72672e736861726b736f66742e6170706d616e61676572000000000000000000000000000000000000000000000000000000000000000000000000000000000000000000000000000000007874000000000000000000000000000000000000616e6167", "id": "39048050" } }
W/dalvikvm(  221): DroidBox: { "FdAccess": { "path": "2f70726f632f313037362f636d646c696e65", "id": "1259528880" } }
W/DroidBox(  221): DroidBox: { "FileRW": { "operation": "read", "data": "6f72672e736861726b736f66742e6170706d616e61676572000000000000000000000000000000000000000000000000000000000000000000000000000000000000000000000000000000007874000000000000000000000000000000000000616e6167", "id": "1259528880" } }
W/dalvikvm(  221): DroidBox: { "FdAccess": { "path": "2f70726f632f313037392f636d646c696e65", "id": "1798099760" } }
W/DroidBox(  221): DroidBox: { "FileRW": { "operation": "read", "data": "6f72672e736861726b736f66742e6170706d616e61676572000000000000000000000000000000000000000000000000000000000000000000000000000000000000000000000000000000007874000000000000000000000000000000000000616e6167", "id": "1798099760" } }
W/dalvikvm(  221): DroidBox: { "FdAccess": { "path": "2f70726f632f313038322f636d646c696e65", "id": "710787147" } }
W/DroidBox(  221): DroidBox: { "FileRW": { "operation": "read", "data": "6f72672e736861726b736f66742e6170706d616e61676572000000000000000000000000000000000000000000000000000000000000000000000000000000000000000000000000000000007874000000000000000000000000000000000000616e6167", "id": "710787147" } }
W/dalvikvm(  221): DroidBox: { "FdAccess": { "path": "2f70726f632f313038352f636d646c696e65", "id": "1207588287" } }
W/DroidBox(  221): DroidBox: { "FileRW": { "operation": "read", "data": "6f72672e736861726b736f66742e6170706d616e61676572000000000000000000000000000000000000000000000000000000000000000000000000000000000000000000000000000000007874000000000000000000000000000000000000616e6167", "id": "1207588287" } }
W/dalvikvm(  221): DroidBox: { "FdAccess": { "path": "2f70726f632f313038382f636d646c696e65", "id": "616094743" } }
W/DroidBox(  221): DroidBox: { "FileRW": { "operation": "read", "data": "6f72672e736861726b736f66742e6170706d616e61676572000000000000000000000000000000000000000000000000000000000000000000000000000000000000000000000000000000007874000000000000000000000000000000000000616e6167", "id": "616094743" } }
W/dalvikvm(  221): DroidBox: { "FdAccess": { "path": "2f70726f632f313039312f636d646c696e65", "id": "1794156027" } }
W/DroidBox(  221): DroidBox: { "FileRW": { "operation": "read", "data": "6f72672e736861726b736f66742e6170706d616e61676572000000000000000000000000000000000000000000000000000000000000000000000000000000000000000000000000000000007874000000000000000000000000000000000000616e6167", "id": "1794156027" } }
W/dalvikvm(  221): DroidBox: { "FdAccess": { "path": "2f70726f632f313039342f636d646c696e65", "id": "1841944203" } }
W/DroidBox(  221): DroidBox: { "FileRW": { "operation": "read", "data": "6f72672e736861726b736f66742e6170706d616e61676572000000000000000000000000000000000000000000000000000000000000000000000000000000000000000000000000000000007874000000000000000000000000000000000000616e6167", "id": "1841944203" } }
W/dalvikvm(  221): DroidBox: { "FdAccess": { "path": "2f70726f632f313039372f636d646c696e65", "id": "445988863" } }
W/DroidBox(  221): DroidBox: { "FileRW": { "operation": "read", "data": "6f72672e736861726b736f66742e6170706d616e61676572000000000000000000000000000000000000000000000000000000000000000000000000000000000000000000000000000000007874000000000000000000000000000000000000616e6167", "id": "445988863" } }
W/dalvikvm(  221): DroidBox: { "FdAccess": { "path": "2f70726f632f313130302f636d646c696e65", "id": "1359948605" } }
W/DroidBox(  221): DroidBox: { "FileRW": { "operation": "read", "data": "6f72672e736861726b736f66742e6170706d616e61676572000000000000000000000000000000000000000000000000000000000000000000000000000000000000000000000000000000007874000000000000000000000000000000000000616e6167", "id": "1359948605" } }
W/dalvikvm(  221): DroidBox: { "FdAccess": { "path": "2f70726f632f313130332f636d646c696e65", "id": "562167864" } }
W/DroidBox(  221): DroidBox: { "FileRW": { "operation": "read", "data": "6f72672e736861726b736f66742e6170706d616e61676572000000000000000000000000000000000000000000000000000000000000000000000000000000000000000000000000000000007874000000000000000000000000000000000000616e6167", "id": "562167864" } }
W/dalvikvm(  221): DroidBox: { "FdAccess": { "path": "2f70726f632f313130352f636d646c696e65", "id": "1055847493" } }
W/DroidBox(  221): DroidBox: { "FileRW": { "operation": "read", "data": "6f72672e736861726b736f66742e6170706d616e61676572000000000000000000000000000000000000000000000000000000000000000000000000000000000000000000000000000000007874000000000000000000000000000000000000616e6167", "id": "1055847493" } }
W/dalvikvm(  221): DroidBox: { "FdAccess": { "path": "2f70726f632f313130372f636d646c696e65", "id": "1606765485" } }
W/DroidBox(  221): DroidBox: { "FileRW": { "operation": "read", "data": "6f72672e736861726b736f66742e6170706d616e61676572000000000000000000000000000000000000000000000000000000000000000000000000000000000000000000000000000000007874000000000000000000000000000000000000616e6167", "id": "1606765485" } }
W/dalvikvm(  221): DroidBox: { "FdAccess": { "path": "2f70726f632f313130392f636d646c696e65", "id": "1752580564" } }
W/DroidBox(  221): DroidBox: { "FileRW": { "operation": "read", "data": "6f72672e736861726b736f66742e6170706d616e61676572000000000000000000000000000000000000000000000000000000000000000000000000000000000000000000000000000000007874000000000000000000000000000000000000616e6167", "id": "1752580564" } }
W/dalvikvm(  221): DroidBox: { "FdAccess": { "path": "2f70726f632f313131312f636d646c696e65", "id": "899173248" } }
W/DroidBox(  221): DroidBox: { "FileRW": { "operation": "read", "data": "6f72672e736861726b736f66742e6170706d616e61676572000000000000000000000000000000000000000000000000000000000000000000000000000000000000000000000000000000007874000000000000000000000000000000000000616e6167", "id": "899173248" } }
W/dalvikvm(  221): DroidBox: { "FdAccess": { "path": "2f70726f632f313131332f636d646c696e65", "id": "573048201" } }
W/DroidBox(  221): DroidBox: { "FileRW": { "operation": "read", "data": "6f72672e736861726b736f66742e6170706d616e61676572000000000000000000000000000000000000000000000000000000000000000000000000000000000000000000000000000000007874000000000000000000000000000000000000616e6167", "id": "573048201" } }
W/dalvikvm(  221): DroidBox: { "FdAccess": { "path": "2f70726f632f313131352f636d646c696e65", "id": "519987122" } }
W/DroidBox(  221): DroidBox: { "FileRW": { "operation": "read", "data": "6f72672e736861726b736f66742e6170706d616e61676572000000000000000000000000000000000000000000000000000000000000000000000000000000000000000000000000000000007874000000000000000000000000000000000000616e6167", "id": "519987122" } }
W/dalvikvm(  221): DroidBox: { "FdAccess": { "path": "2f70726f632f313131372f636d646c696e65", "id": "1960372996" } }
W/DroidBox(  221): DroidBox: { "FileRW": { "operation": "read", "data": "6f72672e736861726b736f66742e6170706d616e61676572000000000000000000000000000000000000000000000000000000000000000000000000000000000000000000000000000000007874000000000000000000000000000000000000616e6167", "id": "1960372996" } }
W/dalvikvm(  221): DroidBox: { "FdAccess": { "path": "2f70726f632f313131392f636d646c696e65", "id": "184267633" } }
W/DroidBox(  221): DroidBox: { "FileRW": { "operation": "read", "data": "6f72672e736861726b736f66742e6170706d616e61676572000000000000000000000000000000000000000000000000000000000000000000000000000000000000000000000000000000007874000000000000000000000000000000000000616e6167", "id": "184267633" } }
W/dalvikvm(  221): DroidBox: { "FdAccess": { "path": "2f70726f632f313132312f636d646c696e65", "id": "618915922" } }
W/DroidBox(  221): DroidBox: { "FileRW": { "operation": "read", "data": "6f72672e736861726b736f66742e6170706d616e61676572000000000000000000000000000000000000000000000000000000000000000000000000000000000000000000000000000000007874000000000000000000000000000000000000616e6167", "id": "618915922" } }
W/dalvikvm(  221): DroidBox: { "FdAccess": { "path": "2f70726f632f313132332f636d646c696e65", "id": "1944838671" } }
W/DroidBox(  221): DroidBox: { "FileRW": { "operation": "read", "data": "6f72672e736861726b736f66742e6170706d616e61676572000000000000000000000000000000000000000000000000000000000000000000000000000000000000000000000000000000007874000000000000000000000000000000000000616e6167", "id": "1944838671" } }
W/dalvikvm(  221): DroidBox: { "FdAccess": { "path": "2f70726f632f313132352f636d646c696e65", "id": "1674757827" } }
W/DroidBox(  221): DroidBox: { "FileRW": { "operation": "read", "data": "6f72672e736861726b736f66742e6170706d616e61676572000000000000000000000000000000000000000000000000000000000000000000000000000000000000000000000000000000007874000000000000000000000000000000000000616e6167", "id": "1674757827" } }
W/dalvikvm(  221): DroidBox: { "FdAccess": { "path": "2f70726f632f313132372f636d646c696e65", "id": "140410714" } }
W/DroidBox(  221): DroidBox: { "FileRW": { "operation": "read", "data": "6f72672e736861726b736f66742e6170706d616e61676572000000000000000000000000000000000000000000000000000000000000000000000000000000000000000000000000000000007874000000000000000000000000000000000000616e6167", "id": "140410714" } }
W/dalvikvm(  221): DroidBox: { "FdAccess": { "path": "2f70726f632f313132392f636d646c696e65", "id": "813681899" } }
W/DroidBox(  221): DroidBox: { "FileRW": { "operation": "read", "data": "6f72672e736861726b736f66742e6170706d616e61676572000000000000000000000000000000000000000000000000000000000000000000000000000000000000000000000000000000007874000000000000000000000000000000000000616e6167", "id": "813681899" } }
W/dalvikvm(  221): DroidBox: { "FdAccess": { "path": "2f70726f632f313133312f636d646c696e65", "id": "940739100" } }
W/DroidBox(  221): DroidBox: { "FileRW": { "operation": "read", "data": "6f72672e736861726b736f66742e6170706d616e61676572000000000000000000000000000000000000000000000000000000000000000000000000000000000000000000000000000000007874000000000000000000000000000000000000616e6167", "id": "940739100" } }
W/dalvikvm(  221): DroidBox: { "FdAccess": { "path": "2f70726f632f313133332f636d646c696e65", "id": "730792285" } }
W/DroidBox(  221): DroidBox: { "FileRW": { "operation": "read", "data": "6f72672e736861726b736f66742e6170706d616e61676572000000000000000000000000000000000000000000000000000000000000000000000000000000000000000000000000000000007874000000000000000000000000000000000000616e6167", "id": "730792285" } }
W/dalvikvm(  221): DroidBox: { "FdAccess": { "path": "2f70726f632f313133352f636d646c696e65", "id": "1784142865" } }
W/DroidBox(  221): DroidBox: { "FileRW": { "operation": "read", "data": "6f72672e736861726b736f66742e6170706d616e61676572000000000000000000000000000000000000000000000000000000000000000000000000000000000000000000000000000000007874000000000000000000000000000000000000616e6167", "id": "1784142865" } }
W/dalvikvm(  221): DroidBox: { "FdAccess": { "path": "2f70726f632f313133372f636d646c696e65", "id": "1332696098" } }
W/DroidBox(  221): DroidBox: { "FileRW": { "operation": "read", "data": "6f72672e736861726b736f66742e6170706d616e61676572000000000000000000000000000000000000000000000000000000000000000000000000000000000000000000000000000000007874000000000000000000000000000000000000616e6167", "id": "1332696098" } }
W/dalvikvm(  221): DroidBox: { "FdAccess": { "path": "2f70726f632f313133392f636d646c696e65", "id": "2055521206" } }
W/DroidBox(  221): DroidBox: { "FileRW": { "operation": "read", "data": "6f72672e736861726b736f66742e6170706d616e61676572000000000000000000000000000000000000000000000000000000000000000000000000000000000000000000000000000000007874000000000000000000000000000000000000616e6167", "id": "2055521206" } }
W/dalvikvm(  221): DroidBox: { "FdAccess": { "path": "2f70726f632f313134312f636d646c696e65", "id": "1246931960" } }
W/DroidBox(  221): DroidBox: { "FileRW": { "operation": "read", "data": "6f72672e736861726b736f66742e6170706d616e61676572000000000000000000000000000000000000000000000000000000000000000000000000000000000000000000000000000000007874000000000000000000000000000000000000616e6167", "id": "1246931960" } }
W/dalvikvm(  221): DroidBox: { "FdAccess": { "path": "2f70726f632f313134332f636d646c696e65", "id": "812737110" } }
W/DroidBox(  221): DroidBox: { "FileRW": { "operation": "read", "data": "6f72672e736861726b736f66742e6170706d616e61676572000000000000000000000000000000000000000000000000000000000000000000000000000000000000000000000000000000007874000000000000000000000000000000000000616e6167", "id": "812737110" } }
W/dalvikvm(  221): DroidBox: { "FdAccess": { "path": "2f70726f632f313134352f636d646c696e65", "id": "730658917" } }
W/DroidBox(  221): DroidBox: { "FileRW": { "operation": "read", "data": "6f72672e736861726b736f66742e6170706d616e61676572000000000000000000000000000000000000000000000000000000000000000000000000000000000000000000000000000000007874000000000000000000000000000000000000616e6167", "id": "730658917" } }
W/dalvikvm(  221): DroidBox: { "FdAccess": { "path": "2f70726f632f313134372f636d646c696e65", "id": "290499855" } }
W/DroidBox(  221): DroidBox: { "FileRW": { "operation": "read", "data": "6f72672e736861726b736f66742e6170706d616e61676572000000000000000000000000000000000000000000000000000000000000000000000000000000000000000000000000000000007874000000000000000000000000000000000000616e6167", "id": "290499855" } }
W/dalvikvm(  221): DroidBox: { "FdAccess": { "path": "2f70726f632f313134392f636d646c696e65", "id": "1030419076" } }
W/DroidBox(  221): DroidBox: { "FileRW": { "operation": "read", "data": "6f72672e736861726b736f66742e6170706d616e61676572000000000000000000000000000000000000000000000000000000000000000000000000000000000000000000000000000000007874000000000000000000000000000000000000616e6167", "id": "1030419076" } }
W/dalvikvm(  221): DroidBox: { "FdAccess": { "path": "2f70726f632f313135312f636d646c696e65", "id": "1618121657" } }
W/DroidBox(  221): DroidBox: { "FileRW": { "operation": "read", "data": "6f72672e736861726b736f66742e6170706d616e61676572000000000000000000000000000000000000000000000000000000000000000000000000000000000000000000000000000000007874000000000000000000000000000000000000616e6167", "id": "1618121657" } }
W/dalvikvm(  221): DroidBox: { "FdAccess": { "path": "2f70726f632f313135332f636d646c696e65", "id": "1215048984" } }
W/DroidBox(  221): DroidBox: { "FileRW": { "operation": "read", "data": "6f72672e736861726b736f66742e6170706d616e61676572000000000000000000000000000000000000000000000000000000000000000000000000000000000000000000000000000000007874000000000000000000000000000000000000616e6167", "id": "1215048984" } }
W/dalvikvm(  221): DroidBox: { "FdAccess": { "path": "2f70726f632f313135352f636d646c696e65", "id": "357307508" } }
W/DroidBox(  221): DroidBox: { "FileRW": { "operation": "read", "data": "6f72672e736861726b736f66742e6170706d616e61676572000000000000000000000000000000000000000000000000000000000000000000000000000000000000000000000000000000007874000000000000000000000000000000000000616e6167", "id": "357307508" } }
W/dalvikvm(  221): DroidBox: { "FdAccess": { "path": "2f70726f632f313135372f636d646c696e65", "id": "273490597" } }
W/DroidBox(  221): DroidBox: { "FileRW": { "operation": "read", "data": "6f72672e736861726b736f66742e6170706d616e61676572000000000000000000000000000000000000000000000000000000000000000000000000000000000000000000000000000000007874000000000000000000000000000000000000616e6167", "id": "273490597" } }
W/dalvikvm(  221): DroidBox: { "FdAccess": { "path": "2f70726f632f313135392f636d646c696e65", "id": "1519869086" } }
W/DroidBox(  221): DroidBox: { "FileRW": { "operation": "read", "data": "6f72672e736861726b736f66742e6170706d616e61676572000000000000000000000000000000000000000000000000000000000000000000000000000000000000000000000000000000007874000000000000000000000000000000000000616e6167", "id": "1519869086" } }
W/dalvikvm(  221): DroidBox: { "FdAccess": { "path": "2f70726f632f313136312f636d646c696e65", "id": "1704581464" } }
W/DroidBox(  221): DroidBox: { "FileRW": { "operation": "read", "data": "6f72672e736861726b736f66742e6170706d616e61676572000000000000000000000000000000000000000000000000000000000000000000000000000000000000000000000000000000007874000000000000000000000000000000000000616e6167", "id": "1704581464" } }
W/dalvikvm(  221): DroidBox: { "FdAccess": { "path": "2f70726f632f313136332f636d646c696e65", "id": "549907938" } }
W/DroidBox(  221): DroidBox: { "FileRW": { "operation": "read", "data": "6f72672e736861726b736f66742e6170706d616e61676572000000000000000000000000000000000000000000000000000000000000000000000000000000000000000000000000000000007874000000000000000000000000000000000000616e6167", "id": "549907938" } }
W/dalvikvm(  221): DroidBox: { "FdAccess": { "path": "2f70726f632f313136352f636d646c696e65", "id": "1356255125" } }
W/DroidBox(  221): DroidBox: { "FileRW": { "operation": "read", "data": "6f72672e736861726b736f66742e6170706d616e61676572000000000000000000000000000000000000000000000000000000000000000000000000000000000000000000000000000000007874000000000000000000000000000000000000616e6167", "id": "1356255125" } }
W/dalvikvm(  221): DroidBox: { "FdAccess": { "path": "2f70726f632f313136372f636d646c696e65", "id": "103177805" } }
W/DroidBox(  221): DroidBox: { "FileRW": { "operation": "read", "data": "6f72672e736861726b736f66742e6170706d616e61676572000000000000000000000000000000000000000000000000000000000000000000000000000000000000000000000000000000007874000000000000000000000000000000000000616e6167", "id": "103177805" } }
W/dalvikvm(  221): DroidBox: { "FdAccess": { "path": "2f70726f632f313136392f636d646c696e65", "id": "1049728003" } }
W/DroidBox(  221): DroidBox: { "FileRW": { "operation": "read", "data": "6f72672e736861726b736f66742e6170706d616e61676572000000000000000000000000000000000000000000000000000000000000000000000000000000000000000000000000000000007874000000000000000000000000000000000000616e6167", "id": "1049728003" } }
W/dalvikvm(  221): DroidBox: { "FdAccess": { "path": "2f70726f632f313137312f636d646c696e65", "id": "1715654297" } }
W/DroidBox(  221): DroidBox: { "FileRW": { "operation": "read", "data": "6f72672e736861726b736f66742e6170706d616e61676572000000000000000000000000000000000000000000000000000000000000000000000000000000000000000000000000000000007874000000000000000000000000000000000000616e6167", "id": "1715654297" } }
W/dalvikvm(  221): DroidBox: { "FdAccess": { "path": "2f70726f632f313137332f636d646c696e65", "id": "1055355121" } }
W/DroidBox(  221): DroidBox: { "FileRW": { "operation": "read", "data": "6f72672e736861726b736f66742e6170706d616e61676572000000000000000000000000000000000000000000000000000000000000000000000000000000000000000000000000000000007874000000000000000000000000000000000000616e6167", "id": "1055355121" } }
W/dalvikvm(  221): DroidBox: { "FdAccess": { "path": "2f70726f632f313137352f636d646c696e65", "id": "206726663" } }
W/DroidBox(  221): DroidBox: { "FileRW": { "operation": "read", "data": "6f72672e736861726b736f66742e6170706d616e61676572000000000000000000000000000000000000000000000000000000000000000000000000000000000000000000000000000000007874000000000000000000000000000000000000616e6167", "id": "206726663" } }
W/dalvikvm(  221): DroidBox: { "FdAccess": { "path": "2f70726f632f313137372f636d646c696e65", "id": "413939922" } }
W/DroidBox(  221): DroidBox: { "FileRW": { "operation": "read", "data": "6f72672e736861726b736f66742e6170706d616e61676572000000000000000000000000000000000000000000000000000000000000000000000000000000000000000000000000000000007874000000000000000000000000000000000000616e6167", "id": "413939922" } }
W/dalvikvm(  221): DroidBox: { "FdAccess": { "path": "2f70726f632f313137392f636d646c696e65", "id": "1337932087" } }
W/DroidBox(  221): DroidBox: { "FileRW": { "operation": "read", "data": "6f72672e736861726b736f66742e6170706d616e61676572000000000000000000000000000000000000000000000000000000000000000000000000000000000000000000000000000000007874000000000000000000000000000000000000616e6167", "id": "1337932087" } }
W/dalvikvm(  221): DroidBox: { "FdAccess": { "path": "2f70726f632f313138312f636d646c696e65", "id": "473516522" } }
W/DroidBox(  221): DroidBox: { "FileRW": { "operation": "read", "data": "6f72672e736861726b736f66742e6170706d616e61676572000000000000000000000000000000000000000000000000000000000000000000000000000000000000000000000000000000007874000000000000000000000000000000000000616e6167", "id": "473516522" } }
W/dalvikvm(  221): DroidBox: { "FdAccess": { "path": "2f70726f632f313138332f636d646c696e65", "id": "517856285" } }
W/DroidBox(  221): DroidBox: { "FileRW": { "operation": "read", "data": "6f72672e736861726b736f66742e6170706d616e61676572000000000000000000000000000000000000000000000000000000000000000000000000000000000000000000000000000000007874000000000000000000000000000000000000616e6167", "id": "517856285" } }
W/dalvikvm(  221): DroidBox: { "FdAccess": { "path": "2f70726f632f313138352f636d646c696e65", "id": "1545251937" } }
W/DroidBox(  221): DroidBox: { "FileRW": { "operation": "read", "data": "6f72672e736861726b736f66742e6170706d616e61676572000000000000000000000000000000000000000000000000000000000000000000000000000000000000000000000000000000007874000000000000000000000000000000000000616e6167", "id": "1545251937" } }
W/dalvikvm(  221): DroidBox: { "FdAccess": { "path": "2f70726f632f313138372f636d646c696e65", "id": "24625524" } }
W/DroidBox(  221): DroidBox: { "FileRW": { "operation": "read", "data": "6f72672e736861726b736f66742e6170706d616e61676572000000000000000000000000000000000000000000000000000000000000000000000000000000000000000000000000000000007874000000000000000000000000000000000000616e6167", "id": "24625524" } }
W/dalvikvm(  221): DroidBox: { "FdAccess": { "path": "2f70726f632f313138392f636d646c696e65", "id": "1961274964" } }
W/DroidBox(  221): DroidBox: { "FileRW": { "operation": "read", "data": "6f72672e736861726b736f66742e6170706d616e61676572000000000000000000000000000000000000000000000000000000000000000000000000000000000000000000000000000000007874000000000000000000000000000000000000616e6167", "id": "1961274964" } }
W/dalvikvm(  221): DroidBox: { "FdAccess": { "path": "2f70726f632f313139312f636d646c696e65", "id": "1720457072" } }
W/DroidBox(  221): DroidBox: { "FileRW": { "operation": "read", "data": "6f72672e736861726b736f66742e6170706d616e61676572000000000000000000000000000000000000000000000000000000000000000000000000000000000000000000000000000000007874000000000000000000000000000000000000616e6167", "id": "1720457072" } }
W/dalvikvm(  221): DroidBox: { "FdAccess": { "path": "2f70726f632f313139332f636d646c696e65", "id": "1959394605" } }
W/DroidBox(  221): DroidBox: { "FileRW": { "operation": "read", "data": "6f72672e736861726b736f66742e6170706d616e61676572000000000000000000000000000000000000000000000000000000000000000000000000000000000000000000000000000000007874000000000000000000000000000000000000616e6167", "id": "1959394605" } }
W/dalvikvm(  221): DroidBox: { "FdAccess": { "path": "2f70726f632f313139352f636d646c696e65", "id": "967845672" } }
W/DroidBox(  221): DroidBox: { "FileRW": { "operation": "read", "data": "6f72672e736861726b736f66742e6170706d616e61676572000000000000000000000000000000000000000000000000000000000000000000000000000000000000000000000000000000007874000000000000000000000000000000000000616e6167", "id": "967845672" } }
W/dalvikvm(  221): DroidBox: { "FdAccess": { "path": "2f70726f632f313139372f636d646c696e65", "id": "187462943" } }
W/DroidBox(  221): DroidBox: { "FileRW": { "operation": "read", "data": "6f72672e736861726b736f66742e6170706d616e61676572000000000000000000000000000000000000000000000000000000000000000000000000000000000000000000000000000000007874000000000000000000000000000000000000616e6167", "id": "187462943" } }
W/dalvikvm(  221): DroidBox: { "FdAccess": { "path": "2f70726f632f313139392f636d646c696e65", "id": "794098251" } }
W/DroidBox(  221): DroidBox: { "FileRW": { "operation": "read", "data": "6f72672e736861726b736f66742e6170706d616e61676572000000000000000000000000000000000000000000000000000000000000000000000000000000000000000000000000000000007874000000000000000000000000000000000000616e6167", "id": "794098251" } }
W/dalvikvm(  221): DroidBox: { "FdAccess": { "path": "2f70726f632f313230312f636d646c696e65", "id": "1785497923" } }
W/DroidBox(  221): DroidBox: { "FileRW": { "operation": "read", "data": "6f72672e736861726b736f66742e6170706d616e61676572000000000000000000000000000000000000000000000000000000000000000000000000000000000000000000000000000000007874000000000000000000000000000000000000616e6167", "id": "1785497923" } }
W/dalvikvm(  221): DroidBox: { "FdAccess": { "path": "2f70726f632f313230332f636d646c696e65", "id": "988861988" } }
W/DroidBox(  221): DroidBox: { "FileRW": { "operation": "read", "data": "6f72672e736861726b736f66742e6170706d616e61676572000000000000000000000000000000000000000000000000000000000000000000000000000000000000000000000000000000007874000000000000000000000000000000000000616e6167", "id": "988861988" } }
W/dalvikvm(  221): DroidBox: { "FdAccess": { "path": "2f70726f632f313230352f636d646c696e65", "id": "997738942" } }
