I/InputDispatcher(  222): Dropped event because of pending overdue app switch.
W/InputManager(  222): Input event injection from pid 968 failed.
I/ActivityManager(  222): START {act=android.intent.action.MAIN cat=[android.intent.category.LAUNCHER] flg=0x10200000 cmp=com.urbanairship.airmail/.MainListActivity u=0} from pid 968
E/WVMExtractor(   62): Failed to open libwvm.so
W/BackupManagerService(  222): dataChanged but no participant pkg='com.android.providers.settings' uid=10011
E/WVMExtractor(   62): Failed to open libwvm.so
E/MetadataRetrieverClient(   62): failed to extract an album art
W/dalvikvm(  989): DroidBox: { "FdAccess": { "path": "2f646174612f646174612f636f6d2e757262616e616972736869702e6169726d61696c2f7368617265645f70726566732f4e6f74696669636174696f6e2043656e7465722e786d6c", "id": "1200697720" } }
W/DroidBox(  989): DroidBox: { "FileRW": { "operation": "write", "data": "3c3f786d6c2076657273696f6e3d27312e302720656e636f64696e673d277574662d3827207374616e64616c6f6e653d2779657327203f3e0a3c6d61703e0a3c737472696e67206e616d653d2241504944223e62396661663065332d313665352d343733", "id": "1200697720" } }
D/AirMail (  989): Refreshing relier list. Enabled: false
E/WVMExtractor(   62): Failed to open libwvm.so
I/Choreographer(  989): Skipped 34 frames!  The application may be doing too much work on its main thread.
E/WVMExtractor(   62): Failed to open libwvm.so
W/dalvikvm(  989): DroidBox: { "FdAccess": { "path": "2f646174612f646174612f636f6d2e757262616e616972736869702e6169726d61696c2f7368617265645f70726566732f4e6f74696669636174696f6e2043656e7465722e786d6c", "id": "2064081690" } }
W/DroidBox(  989): DroidBox: { "FileRW": { "operation": "write", "data": "3c3f786d6c2076657273696f6e3d27312e302720656e636f64696e673d277574662d3827207374616e64616c6f6e653d2779657327203f3e0a3c6d61703e0a3c737472696e67206e616d653d2241504944223e62396661663065332d313665352d343733", "id": "2064081690" } }
D/AirMail (  989): Refreshing relier list. Enabled: true
E/WVMExtractor(   62): Failed to open libwvm.so
W/dalvikvm(  989): DroidBox: { "FdAccess": { "path": "2f646174612f646174612f636f6d2e757262616e616972736869702e6169726d61696c2f7368617265645f70726566732f4e6f74696669636174696f6e2043656e7465722e786d6c", "id": "1494125984" } }
W/DroidBox(  989): DroidBox: { "FileRW": { "operation": "write", "data": "3c3f786d6c2076657273696f6e3d27312e302720656e636f64696e673d277574662d3827207374616e64616c6f6e653d2779657327203f3e0a3c6d61703e0a3c737472696e67206e616d653d2241504944223e62396661663065332d313665352d343733", "id": "1494125984" } }
D/AirMail (  989): Refreshing relier list. Enabled: false
I/Choreographer(  989): Skipped 36 frames!  The application may be doing too much work on its main thread.
E/WVMExtractor(   62): Failed to open libwvm.so
E/WVMExtractor(   62): Failed to open libwvm.so
E/WVMExtractor(   62): Failed to open libwvm.so
E/WVMExtractor(   62): Failed to open libwvm.so
E/WVMExtractor(   62): Failed to open libwvm.so
E/WVMExtractor(   62): Failed to open libwvm.so
I/Choreographer(  989): Skipped 48 frames!  The application may be doing too much work on its main thread.
E/WVMExtractor(   62): Failed to open libwvm.so
I/ActivityManager(  222): START {act=android.intent.action.CALL_BUTTON flg=0x10000000 cmp=com.android.contacts/.activities.DialtactsActivity u=0} from pid 989
D/InputEventConsistencyVerifier(  989): KeyEvent: ACTION_UP but key was not down.
D/InputEventConsistencyVerifier(  989):   in com.android.internal.policy.impl.PhoneWindow$DecorView@b3ea5b40
D/InputEventConsistencyVerifier(  989):   0: sent at 95483000000, KeyEvent { action=ACTION_UP, keyCode=KEYCODE_DPAD_RIGHT, scanCode=0, metaState=0, flags=0x8, repeatCount=0, eventTime=95483, downTime=95483, deviceId=-1, source=0x101 }
D/InputEventConsistencyVerifier(  989):   -- recent events --
D/InputEventConsistencyVerifier(  989):   1: sent at 95303000000, (unhandled) KeyEvent { action=ACTION_UP, keyCode=KEYCODE_CALL, scanCode=0, metaState=0, flags=0x8, repeatCount=0, eventTime=95303, downTime=95303, deviceId=-1, source=0x101 }
D/InputEventConsistencyVerifier(  989):   2: sent at 95285000000, (unhandled) KeyEvent { action=ACTION_DOWN, keyCode=KEYCODE_CALL, scanCode=0, metaState=0, flags=0x8, repeatCount=0, eventTime=95285, downTime=95285, deviceId=-1, source=0x101 }
D/InputEventConsistencyVerifier(  989):   3: sent at 95172000000, (unhandled) KeyEvent { action=ACTION_UP, keyCode=KEYCODE_DPAD_CENTER, scanCode=0, metaState=0, flags=0x8, repeatCount=0, eventTime=95172, downTime=95172, deviceId=-1, source=0x101 }
D/InputEventConsistencyVerifier(  989):   4: sent at 95094000000, (unhandled) KeyEvent { action=ACTION_DOWN, keyCode=KEYCODE_DPAD_CENTER, scanCode=0, metaState=0, flags=0x8, repeatCount=0, eventTime=95094, downTime=95094, deviceId=-1, source=0x101 }
E/WVMExtractor(   62): Failed to open libwvm.so
I/Choreographer(  989): Skipped 103 frames!  The application may be doing too much work on its main thread.
D/InputEventConsistencyVerifier(  989): KeyEvent: ACTION_UP but key was not down.
D/InputEventConsistencyVerifier(  989):   in com.android.internal.policy.impl.PhoneWindow$DecorView@b3ea5b40
D/InputEventConsistencyVerifier(  989):   0: sent at 95714000000, KeyEvent { action=ACTION_UP, keyCode=KEYCODE_DPAD_DOWN, scanCode=0, metaState=0, flags=0x400, repeatCount=0, eventTime=95714, downTime=95714, deviceId=-1, source=0x101 }
D/InputEventConsistencyVerifier(  989):   -- recent events --
D/InputEventConsistencyVerifier(  989):   1: sent at 95584000000, (unhandled) MotionEvent { action=ACTION_MOVE, id[0]=0, x[0]=2.0, y[0]=3.0, toolType[0]=TOOL_TYPE_UNKNOWN, buttonState=0, metaState=0, flags=0x0, edgeFlags=0x0, pointerCount=1, historySize=9, eventTime=95584, downTime=-1, deviceId=0, source=0x10004 }
D/InputEventConsistencyVerifier(  989):   2: sent at 95591000000, (unhandled) MotionEvent { action=ACTION_UP, id[0]=0, x[0]=470.0, y[0]=530.0, toolType[0]=TOOL_TYPE_UNKNOWN, buttonState=0, metaState=0, flags=0x0, edgeFlags=0x0, pointerCount=1, historySize=0, eventTime=95591, downTime=95587, deviceId=0, source=0x1002 }
D/InputEventConsistencyVerifier(  989):   3: sent at 95587000000, (unhandled) MotionEvent { action=ACTION_DOWN, id[0]=0, x[0]=458.0, y[0]=524.0, toolType[0]=TOOL_TYPE_UNKNOWN, buttonState=0, metaState=0, flags=0x0, edgeFlags=0x0, pointerCount=1, historySize=0, eventTime=95587, downTime=95587, deviceId=0, source=0x1002 }
D/InputEventConsistencyVerifier(  989):   4: sent at 95507000000, (unhandled) KeyEvent { action=ACTION_UP, keyCode=KEYCODE_DPAD_DOWN, scanCode=0, metaState=0, flags=0x8, repeatCount=0, eventTime=95507, downTime=95507, deviceId=-1, source=0x101 }
D/InputEventConsistencyVerifier(  989):   5: sent at 95491000000, KeyEvent { action=ACTION_DOWN, keyCode=KEYCODE_DPAD_DOWN, scanCode=0, metaState=0, flags=0x8, repeatCount=0, eventTime=95491, downTime=95491, deviceId=-1, source=0x101 }
D/InputEventConsistencyVerifier(  989): KeyEvent: ACTION_UP but key was not down.
D/InputEventConsistencyVerifier(  989):   in android.widget.LinearLayout@b3e59988
D/InputEventConsistencyVerifier(  989):   0: sent at 95714000000, KeyEvent { action=ACTION_UP, keyCode=KEYCODE_DPAD_DOWN, scanCode=0, metaState=0, flags=0x400, repeatCount=0, eventTime=95714, downTime=95714, deviceId=-1, source=0x101 }
D/InputEventConsistencyVerifier(  989):   -- recent events --
D/InputEventConsistencyVerifier(  989):   1: sent at 95587000000, (unhandled) MotionEvent { action=ACTION_DOWN, id[0]=0, x[0]=453.0, y[0]=2.0, toolType[0]=TOOL_TYPE_UNKNOWN, buttonState=0, metaState=0, flags=0x0, edgeFlags=0x0, pointerCount=1, historySize=0, eventTime=95587, downTime=95587, deviceId=0, source=0x1002 }
E/WVMExtractor(   62): Failed to open libwvm.so
D/InputEventConsistencyVerifier(  989): KeyEvent: ACTION_UP but key was not down.
D/InputEventConsistencyVerifier(  989):   in android.widget.RelativeLayout@b3e0f4d0
D/InputEventConsistencyVerifier(  989):   0: sent at 95204000000, KeyEvent { action=ACTION_UP, keyCode=KEYCODE_DPAD_UP, scanCode=0, metaState=0, flags=0x400, repeatCount=0, eventTime=95204, downTime=95204, deviceId=-1, source=0x101 }
D/InputEventConsistencyVerifier(  989):   -- recent events --
D/InputEventConsistencyVerifier(  989):   1: sent at 94923000000, (unhandled) KeyEvent { action=ACTION_UP, keyCode=KEYCODE_MENU, scanCode=0, metaState=0, flags=0x8, repeatCount=0, eventTime=94923, downTime=94923, deviceId=-1, source=0x101 }
D/InputEventConsistencyVerifier(  989):   2: sent at 94910000000, (unhandled) KeyEvent { action=ACTION_DOWN, keyCode=KEYCODE_MENU, scanCode=0, metaState=0, flags=0x8, repeatCount=0, eventTime=94910, downTime=94910, deviceId=-1, source=0x101 }
D/InputEventConsistencyVerifier(  989):   3: sent at 94884000000, (unhandled) KeyEvent { action=ACTION_UP, keyCode=KEYCODE_DPAD_LEFT, scanCode=0, metaState=0, flags=0x8, repeatCount=0, eventTime=94884, downTime=94884, deviceId=-1, source=0x101 }
D/InputEventConsistencyVerifier(  989):   4: sent at 94861000000, (unhandled) KeyEvent { action=ACTION_DOWN, keyCode=KEYCODE_DPAD_LEFT, scanCode=0, metaState=0, flags=0x8, repeatCount=0, eventTime=94861, downTime=94861, deviceId=-1, source=0x101 }
D/InputEventConsistencyVerifier(  989):   5: sent at 94834000000, (unhandled) KeyEvent { action=ACTION_UP, keyCode=KEYCODE_O, scanCode=0, metaState=0, flags=0x8, repeatCount=0, eventTime=94834, downTime=94834, deviceId=-1, source=0x101 }
W/dalvikvm(  222): DroidBox: { "FdAccess": { "path": "2f70726f632f313033362f636d646c696e65", "id": "1578280201" } }
W/DroidBox(  222): DroidBox: { "FileRW": { "operation": "read", "data": "636f6d2e616e64726f69642e6d757369630000000000000000000000000000000000000000000000000000000000000000000000000000000000000000000000000000000000000000000000000000000000000000000000000000000000000000000000", "id": "1578280201" } }
D/InputEventConsistencyVerifier(  360): TouchEvent: ACTION_DOWN but pointers are already down.  Probably missing ACTION_UP from previous gesture.
D/InputEventConsistencyVerifier(  360):   in android.view.ScaleGestureDetector@b3e8fd88
D/InputEventConsistencyVerifier(  360):   0: sent at 96586000000, MotionEvent { action=ACTION_DOWN, id[0]=0, x[0]=78.0, y[0]=13.0, toolType[0]=TOOL_TYPE_UNKNOWN, buttonState=0, metaState=0, flags=0x0, edgeFlags=0x0, pointerCount=1, historySize=0, eventTime=96586, downTime=96585, deviceId=0, source=0x1002 }
D/InputEventConsistencyVerifier(  360):   -- recent events --
D/InputEventConsistencyVerifier(  360):   1: sent at 77392000000, MotionEvent { action=ACTION_DOWN, id[0]=0, x[0]=280.0, y[0]=321.0, toolType[0]=TOOL_TYPE_UNKNOWN, buttonState=0, metaState=0, flags=0x0, edgeFlags=0x0, pointerCount=1, historySize=0, eventTime=77392, downTime=77391, deviceId=0, source=0x1002 }
D/InputEventConsistencyVerifier(  360):   2: sent at 77375000000, MotionEvent { action=ACTION_UP, id[0]=0, x[0]=376.0, y[0]=48.0, toolType[0]=TOOL_TYPE_UNKNOWN, buttonState=0, metaState=0, flags=0x0, edgeFlags=0x0, pointerCount=1, historySize=0, eventTime=77375, downTime=77322, deviceId=0, source=0x1002 }
D/InputEventConsistencyVerifier(  360):   3: sent at 77371000000, MotionEvent { action=ACTION_POINTER_UP(1), id[0]=0, x[0]=358.0, y[0]=39.0, toolType[0]=TOOL_TYPE_UNKNOWN, id[1]=1, x[1]=456.0, y[1]=43.0, toolType[1]=TOOL_TYPE_UNKNOWN, buttonState=0, metaState=0, flags=0x0, edgeFlags=0x0, pointerCount=2, historySize=0, eventTime=77371, downTime=77322, deviceId=0, source=0x1002 }
D/InputEventConsistencyVerifier(  360):   4: sent at 77338000000, MotionEvent { action=ACTION_MOVE, id[0]=0, x[0]=346.0, y[0]=38.0, toolType[0]=TOOL_TYPE_UNKNOWN, id[1]=1, x[1]=451.0, y[1]=45.0, toolType[1]=TOOL_TYPE_UNKNOWN, buttonState=0, metaState=0, flags=0x0, edgeFlags=0x0, pointerCount=2, historySize=0, eventTime=77338, downTime=77322, deviceId=0, source=0x1002 }
D/InputEventConsistencyVerifier(  360):   5: sent at 77331000000, MotionEvent { action=ACTION_POINTER_DOWN(1), id[0]=0, x[0]=344.0, y[0]=31.0, toolType[0]=TOOL_TYPE_UNKNOWN, id[1]=1, x[1]=437.0, y[1]=46.0, toolType[1]=TOOL_TYPE_UNKNOWN, buttonState=0, metaState=0, flags=0x0, edgeFlags=0x0, pointerCount=2, historySize=0, eventTime=77331, downTime=77322, deviceId=0, source=0x1002 }
D/InputEventConsistencyVerifier(  989): KeyEvent: ACTION_UP but key was not down.
D/InputEventConsistencyVerifier(  989):   in android.widget.Button@b3dd1468
D/InputEventConsistencyVerifier(  989):   0: sent at 96348000000, KeyEvent { action=ACTION_UP, keyCode=KEYCODE_DPAD_RIGHT, scanCode=0, metaState=0, flags=0x8, repeatCount=0, eventTime=96348, downTime=96348, deviceId=-1, source=0x101 }
W/dalvikvm(  360): DroidBox: { "FdAccess": { "path": "2f70726f632f6d656d696e666f", "id": "191939842" } }
W/DroidBox(  360): DroidBox: { "FileRW": { "operation": "read", "data": "4d656d546f74616c3a202020202020202020373438393634206b420a4d656d467265653a20202020202020202020343432313038206b420a427566666572733a20202020202020202020202035343630206b420a4361636865643a202020202020202020", "id": "191939842" } }
W/dalvikvm(  360): DroidBox: { "FdAccess": { "path": "2f70726f632f6d656d696e666f", "id": "1487894867" } }
W/DroidBox(  360): DroidBox: { "FileRW": { "operation": "read", "data": "4d656d546f74616c3a202020202020202020373438393634206b420a4d656d467265653a20202020202020202020343432313038206b420a427566666572733a20202020202020202020202035343630206b420a4361636865643a202020202020202020", "id": "1487894867" } }
D/InputEventConsistencyVerifier(  360): KeyEvent: ACTION_UP but key was not down.
D/InputEventConsistencyVerifier(  360):   in com.android.systemui.statusbar.phone.StatusBarWindowView@b3df03b8
D/InputEventConsistencyVerifier(  360):   0: sent at 96714000000, KeyEvent { action=ACTION_UP, keyCode=KEYCODE_DPAD_DOWN, scanCode=0, metaState=0, flags=0x8, repeatCount=0, eventTime=96714, downTime=96714, deviceId=-1, source=0x101 }
D/InputEventConsistencyVerifier(  360):   -- recent events --
D/InputEventConsistencyVerifier(  360):   1: sent at 96590000000, MotionEvent { action=ACTION_UP, id[0]=0, x[0]=86.0, y[0]=5.0, toolType[0]=TOOL_TYPE_UNKNOWN, buttonState=0, metaState=0, flags=0x0, edgeFlags=0x0, pointerCount=1, historySize=0, eventTime=96590, downTime=96585, deviceId=0, source=0x1002 }
D/InputEventConsistencyVerifier(  360):   2: sent at 96586000000, MotionEvent { action=ACTION_DOWN, id[0]=0, x[0]=78.0, y[0]=13.0, toolType[0]=TOOL_TYPE_UNKNOWN, buttonState=0, metaState=0, flags=0x0, edgeFlags=0x0, pointerCount=1, historySize=0, eventTime=96586, downTime=96585, deviceId=0, source=0x1002 }
D/InputEventConsistencyVerifier(  360):   3: sent at 78009000000, (unhandled) KeyEvent { action=ACTION_UP, keyCode=KEYCODE_DPAD_LEFT, scanCode=0, metaState=0, flags=0x400, repeatCount=0, eventTime=78009, downTime=78009, deviceId=-1, source=0x101 }
D/InputEventConsistencyVerifier(  360):   4: sent at 78009000000, (unhandled) KeyEvent { action=ACTION_DOWN, keyCode=KEYCODE_DPAD_LEFT, scanCode=0, metaState=0, flags=0x400, repeatCount=0, eventTime=78009, downTime=78009, deviceId=-1, source=0x101 }
D/InputEventConsistencyVerifier(  360):   5: sent at 78009000000, (unhandled) KeyEvent { action=ACTION_UP, keyCode=KEYCODE_DPAD_LEFT, scanCode=0, metaState=0, flags=0x400, repeatCount=0, eventTime=78009, downTime=78009, deviceId=-1, source=0x101 }
V/PhoneStatusBar(  360): setLightsOn(true)
D/PhoneStatusBar(  360): disable: < expand icons alerts TICKER* system_info back home recent clock >
W/dalvikvm(  360): DroidBox: { "FdAccess": { "path": "2f70726f632f6d656d696e666f", "id": "1209197327" } }
W/DroidBox(  360): DroidBox: { "FileRW": { "operation": "read", "data": "4d656d546f74616c3a202020202020202020373438393634206b420a4d656d467265653a20202020202020202020343432313038206b420a427566666572733a20202020202020202020202035343630206b420a4361636865643a202020202020202020", "id": "1209197327" } }
I/Choreographer(  989): Skipped 85 frames!  The application may be doing too much work on its main thread.
I/Choreographer(  360): Skipped 51 frames!  The application may be doing too much work on its main thread.
D/InputEventConsistencyVerifier(  360): KeyEvent: ACTION_UP but key was not down.
D/InputEventConsistencyVerifier(  360):   in com.android.systemui.statusbar.phone.StatusBarWindowView@b3df03b8
D/InputEventConsistencyVerifier(  360):   0: sent at 97062000000, KeyEvent { action=ACTION_UP, keyCode=KEYCODE_DPAD_DOWN, scanCode=0, metaState=0, flags=0x28, repeatCount=0, eventTime=97062, downTime=96824, deviceId=-1, source=0x101 }
D/InputEventConsistencyVerifier(  360):   -- recent events --
D/InputEventConsistencyVerifier(  360):   1: sent at 96821000000, (unhandled) KeyEvent { action=ACTION_UP, keyCode=KEYCODE_EISU, scanCode=0, metaState=0, flags=0x8, repeatCount=0, eventTime=96821, downTime=96821, deviceId=-1, source=0x101 }
D/InputEventConsistencyVerifier(  360):   2: sent at 96738000000, (unhandled) KeyEvent { action=ACTION_DOWN, keyCode=KEYCODE_EISU, scanCode=0, metaState=0, flags=0x8, repeatCount=0, eventTime=96738, downTime=96738, deviceId=-1, source=0x101 }
D/InputEventConsistencyVerifier(  360):   3: sent at 96714000000, (unhandled) KeyEvent { action=ACTION_UP, keyCode=KEYCODE_DPAD_DOWN, scanCode=0, metaState=0, flags=0x80000008, repeatCount=0, eventTime=96714, downTime=96714, deviceId=-1, source=0x101 }
D/InputEventConsistencyVerifier(  360):   4: sent at 96590000000, MotionEvent { action=ACTION_UP, id[0]=0, x[0]=86.0, y[0]=5.0, toolType[0]=TOOL_TYPE_UNKNOWN, buttonState=0, metaState=0, flags=0x0, edgeFlags=0x0, pointerCount=1, historySize=0, eventTime=96590, downTime=96585, deviceId=0, source=0x1002 }
D/InputEventConsistencyVerifier(  360):   5: sent at 96586000000, MotionEvent { action=ACTION_DOWN, id[0]=0, x[0]=78.0, y[0]=13.0, toolType[0]=TOOL_TYPE_UNKNOWN, buttonState=0, metaState=0, flags=0x0, edgeFlags=0x0, pointerCount=1, historySize=0, eventTime=96586, downTime=96585, deviceId=0, source=0x1002 }
V/PhoneStatusBar(  360): setLightsOn(true)
D/PhoneStatusBar(  360): disable: < expand icons alerts ticker* system_info back home recent clock >
W/InputMethodManagerService(  222): Window already focused, ignoring focus gain of: com.android.internal.view.IInputMethodClient$Stub$Proxy@b4071250 attribute=null
D/InputEventConsistencyVerifier(  989): KeyEvent: ACTION_UP but key was not down.
D/InputEventConsistencyVerifier(  989):   in android.view.ViewRootImpl@b3dcf528
D/InputEventConsistencyVerifier(  989):   0: sent at 97101000000, KeyEvent { action=ACTION_UP, keyCode=KEYCODE_DPAD_DOWN, scanCode=0, metaState=0, flags=0x8, repeatCount=0, eventTime=97101, downTime=97101, deviceId=-1, source=0x101 }
D/InputEventConsistencyVerifier(  989):   -- recent events --
D/InputEventConsistencyVerifier(  989):   1: sent at 95205000000, KeyEvent { action=ACTION_UP, keyCode=KEYCODE_DPAD_UP, scanCode=0, metaState=0, flags=0x400, repeatCount=0, eventTime=95205, downTime=95205, deviceId=-1, source=0x101 }
D/InputEventConsistencyVerifier(  989):   2: sent at 95205000000, KeyEvent { action=ACTION_DOWN, keyCode=KEYCODE_DPAD_UP, scanCode=0, metaState=0, flags=0x400, repeatCount=0, eventTime=95205, downTime=95205, deviceId=-1, source=0x101 }
D/InputEventConsistencyVerifier(  989):   3: sent at 95205000000, KeyEvent { action=ACTION_UP, keyCode=KEYCODE_DPAD_UP, scanCode=0, metaState=0, flags=0x400, repeatCount=0, eventTime=95205, downTime=95205, deviceId=-1, source=0x101 }
D/InputEventConsistencyVerifier(  989):   4: sent at 95205000000, KeyEvent { action=ACTION_DOWN, keyCode=KEYCODE_DPAD_UP, scanCode=0, metaState=0, flags=0x400, repeatCount=0, eventTime=95205, downTime=95205, deviceId=-1, source=0x101 }
D/InputEventConsistencyVerifier(  989):   5: sent at 95204000000, KeyEvent { action=ACTION_UP, keyCode=KEYCODE_DPAD_UP, scanCode=0, metaState=0, flags=0x400, repeatCount=0, eventTime=95204, downTime=95204, deviceId=-1, source=0x101 }
D/ExchangeService(  801): Received deviceId from Email app: androidc1412937439
D/ExchangeService(  801): Reconciling accounts...
E/WVMExtractor(   62): Failed to open libwvm.so
I/ActivityManager(  222): No longer want com.android.provision (pid 509): hidden #16
E/WVMExtractor(   62): Failed to open libwvm.so
E/WVMExtractor(   62): Failed to open libwvm.so
D/InputEventConsistencyVerifier(  989): KeyEvent: ACTION_UP but key was not down.
D/InputEventConsistencyVerifier(  989):   in android.widget.RelativeLayout@b3e0f4d0
D/InputEventConsistencyVerifier(  989):   0: sent at 97806000000, KeyEvent { action=ACTION_UP, keyCode=KEYCODE_DPAD_UP, scanCode=0, metaState=0, flags=0x400, repeatCount=0, eventTime=97806, downTime=97806, deviceId=-1, source=0x101 }
D/InputEventConsistencyVerifier(  989):   -- recent events --
D/InputEventConsistencyVerifier(  989):   1: sent at 97368000000, (unhandled) MotionEvent { action=ACTION_DOWN, id[0]=0, x[0]=1.0, y[0]=18.0, toolType[0]=TOOL_TYPE_UNKNOWN, buttonState=0, metaState=0, flags=0x0, edgeFlags=0x0, pointerCount=1, historySize=0, eventTime=97368, downTime=97367, deviceId=0, source=0x1002 }
D/InputEventConsistencyVerifier(  989):   2: sent at 97304000000, (unhandled) KeyEvent { action=ACTION_UP, keyCode=KEYCODE_DPAD_DOWN, scanCode=0, metaState=0, flags=0x8, repeatCount=0, eventTime=97304, downTime=97304, deviceId=-1, source=0x101 }
D/InputEventConsistencyVerifier(  989):   3: sent at 97258000000, (unhandled) KeyEvent { action=ACTION_DOWN, keyCode=KEYCODE_DPAD_DOWN, scanCode=0, metaState=0, flags=0x8, repeatCount=0, eventTime=97258, downTime=97258, deviceId=-1, source=0x101 }
D/InputEventConsistencyVerifier(  989):   4: sent at 97243000000, (unhandled) KeyEvent { action=ACTION_UP, keyCode=KEYCODE_DPAD_RIGHT, scanCode=0, metaState=0, flags=0x8, repeatCount=0, eventTime=97243, downTime=97243, deviceId=-1, source=0x101 }
D/InputEventConsistencyVerifier(  989):   5: sent at 97104000000, (unhandled) KeyEvent { action=ACTION_DOWN, keyCode=KEYCODE_DPAD_RIGHT, scanCode=0, metaState=0, flags=0x8, repeatCount=0, eventTime=97104, downTime=97104, deviceId=-1, source=0x101 }
E/WVMExtractor(   62): Failed to open libwvm.so
E/WVMExtractor(   62): Failed to open libwvm.so
W/dalvikvm(  989): DroidBox: { "FdAccess": { "path": "2f646174612f646174612f636f6d2e757262616e616972736869702e6169726d61696c2f7368617265645f70726566732f4e6f74696669636174696f6e2043656e7465722e786d6c", "id": "45221689" } }
W/DroidBox(  989): DroidBox: { "FileRW": { "operation": "write", "data": "3c3f786d6c2076657273696f6e3d27312e302720656e636f64696e673d277574662d3827207374616e64616c6f6e653d2779657327203f3e0a3c6d61703e0a3c737472696e67206e616d653d2241504944223e62396661663065332d313665352d343733", "id": "45221689" } }
E/WVMExtractor(   62): Failed to open libwvm.so
D/AirMail (  989): Refreshing relier list. Enabled: true
E/WVMExtractor(   62): Failed to open libwvm.so
W/dalvikvm(  989): DroidBox: { "FdAccess": { "path": "2f646174612f646174612f636f6d2e757262616e616972736869702e6169726d61696c2f7368617265645f70726566732f4e6f74696669636174696f6e2043656e7465722e786d6c", "id": "1794565807" } }
W/DroidBox(  989): DroidBox: { "FileRW": { "operation": "write", "data": "3c3f786d6c2076657273696f6e3d27312e302720656e636f64696e673d277574662d3827207374616e64616c6f6e653d2779657327203f3e0a3c6d61703e0a3c737472696e67206e616d653d2241504944223e62396661663065332d313665352d343733", "id": "1794565807" } }
D/AirMail (  989): Refreshing relier list. Enabled: false
E/WVMExtractor(   62): Failed to open libwvm.so
E/WVMExtractor(   62): Failed to open libwvm.so
E/WVMExtractor(   62): Failed to open libwvm.so
W/BackupManagerService(  222): dataChanged but no participant pkg='com.android.providers.settings' uid=1001
I/Choreographer(  989): Skipped 53 frames!  The application may be doing too much work on its main thread.
D/InputEventConsistencyVerifier(  989): KeyEvent: ACTION_UP but key was not down.
D/InputEventConsistencyVerifier(  989):   in com.android.internal.policy.impl.PhoneWindow$DecorView@b3e48318
D/InputEventConsistencyVerifier(  989):   0: sent at 100146000000, KeyEvent { action=ACTION_UP, keyCode=KEYCODE_DPAD_LEFT, scanCode=0, metaState=0, flags=0x400, repeatCount=0, eventTime=100146, downTime=100146, deviceId=-1, source=0x101 }
D/InputEventConsistencyVerifier(  989):   -- recent events --
D/InputEventConsistencyVerifier(  989):   1: sent at 100028000000, (unhandled) MotionEvent { action=ACTION_MOVE, id[0]=0, x[0]=-4.0, y[0]=0.0, toolType[0]=TOOL_TYPE_UNKNOWN, buttonState=0, metaState=0, flags=0x0, edgeFlags=0x0, pointerCount=1, historySize=9, eventTime=100028, downTime=-1, deviceId=0, source=0x10004 }
D/InputEventConsistencyVerifier(  989):   2: sent at 100007000000, (unhandled) MotionEvent { action=ACTION_UP, id[0]=0, x[0]=70.0, y[0]=-142.0, toolType[0]=TOOL_TYPE_UNKNOWN, buttonState=0, metaState=0, flags=0x0, edgeFlags=0x0, pointerCount=1, historySize=0, eventTime=100007, downTime=100001, deviceId=0, source=0x1002 }
D/InputEventConsistencyVerifier(  989):   3: sent at 100002000000, MotionEvent { action=ACTION_DOWN, id[0]=0, x[0]=89.0, y[0]=-147.0, toolType[0]=TOOL_TYPE_UNKNOWN, buttonState=0, metaState=0, flags=0x0, edgeFlags=0x0, pointerCount=1, historySize=0, eventTime=100002, downTime=100001, deviceId=0, source=0x1002 }
D/InputEventConsistencyVerifier(  989):   4: sent at 99918000000, (unhandled) KeyEvent { action=ACTION_UP, keyCode=KEYCODE_DPAD_LEFT, scanCode=0, metaState=0, flags=0x8, repeatCount=0, eventTime=99918, downTime=99918, deviceId=-1, source=0x101 }
D/InputEventConsistencyVerifier(  989):   5: sent at 99915000000, (unhandled) KeyEvent { action=ACTION_DOWN, keyCode=KEYCODE_DPAD_LEFT, scanCode=0, metaState=0, flags=0x8, repeatCount=0, eventTime=99915, downTime=99915, deviceId=-1, source=0x101 }
D/InputEventConsistencyVerifier(  989): KeyEvent: ACTION_UP but key was not down.
D/InputEventConsistencyVerifier(  989):   in com.android.internal.policy.impl.PhoneWindow$DecorView@b3e48318
D/InputEventConsistencyVerifier(  989):   0: sent at 100316000000, KeyEvent { action=ACTION_UP, keyCode=KEYCODE_DPAD_CENTER, scanCode=0, metaState=0, flags=0x8, repeatCount=0, eventTime=100316, downTime=100316, deviceId=-1, source=0x101 }
D/InputEventConsistencyVerifier(  989):   -- recent events --
D/InputEventConsistencyVerifier(  989):   1: sent at 100273000000, (unhandled) MotionEvent { action=ACTION_UP, id[0]=0, x[0]=427.0, y[0]=-413.0, toolType[0]=TOOL_TYPE_UNKNOWN, buttonState=0, metaState=0, flags=0x0, edgeFlags=0x0, pointerCount=1, historySize=0, eventTime=100273, downTime=100258, deviceId=0, source=0x1002 }
D/InputEventConsistencyVerifier(  989):   2: sent at 100258000000, MotionEvent { action=ACTION_DOWN, id[0]=0, x[0]=423.0, y[0]=-411.0, toolType[0]=TOOL_TYPE_UNKNOWN, buttonState=0, metaState=0, flags=0x0, edgeFlags=0x0, pointerCount=1, historySize=0, eventTime=100258, downTime=100258, deviceId=0, source=0x1002 }
D/InputEventConsistencyVerifier(  989):   3: sent at 100157000000, (unhandled) KeyEvent { action=ACTION_UP, keyCode=KEYCODE_DPAD_UP, scanCode=0, metaState=0, flags=0x8, repeatCount=0, eventTime=100157, downTime=100157, deviceId=-1, source=0x101 }
D/InputEventConsistencyVerifier(  989):   4: sent at 100029000000, (unhandled) KeyEvent { action=ACTION_DOWN, keyCode=KEYCODE_DPAD_UP, scanCode=0, metaState=0, flags=0x8, repeatCount=0, eventTime=100029, downTime=100029, deviceId=-1, source=0x101 }
D/InputEventConsistencyVerifier(  989):   5: sent at 100147000000, (unhandled) KeyEvent { action=ACTION_UP, keyCode=KEYCODE_DPAD_LEFT, scanCode=0, metaState=0, flags=0x400, repeatCount=0, eventTime=100147, downTime=100147, deviceId=-1, source=0x101 }
W/dalvikvm(  360): DroidBox: { "FdAccess": { "path": "2f70726f632f6d656d696e666f", "id": "503483554" } }
W/DroidBox(  360): DroidBox: { "FileRW": { "operation": "read", "data": "4d656d546f74616c3a202020202020202020373438393634206b420a4d656d467265653a20202020202020202020343433353434206b420a427566666572733a20202020202020202020202035343736206b420a4361636865643a202020202020202020", "id": "503483554" } }
D/InputEventConsistencyVerifier(  360): KeyEvent: ACTION_UP but key was not down.
D/InputEventConsistencyVerifier(  360):   in com.android.systemui.statusbar.phone.StatusBarWindowView@b3df03b8
D/InputEventConsistencyVerifier(  360):   0: sent at 100547000000, KeyEvent { action=ACTION_UP, keyCode=KEYCODE_DPAD_LEFT, scanCode=0, metaState=0, flags=0x8, repeatCount=0, eventTime=100547, downTime=100547, deviceId=-1, source=0x101 }
D/InputEventConsistencyVerifier(  360):   -- recent events --
D/InputEventConsistencyVerifier(  360):   1: sent at 100393000000, MotionEvent { action=ACTION_UP, id[0]=0, x[0]=436.0, y[0]=19.0, toolType[0]=TOOL_TYPE_UNKNOWN, buttonState=0, metaState=0, flags=0x0, edgeFlags=0x0, pointerCount=1, historySize=0, eventTime=100393, downTime=100386, deviceId=0, source=0x1002 }
D/InputEventConsistencyVerifier(  360):   2: sent at 100386000000, MotionEvent { action=ACTION_DOWN, id[0]=0, x[0]=437.0, y[0]=19.0, toolType[0]=TOOL_TYPE_UNKNOWN, buttonState=0, metaState=0, flags=0x0, edgeFlags=0x0, pointerCount=1, historySize=0, eventTime=100386, downTime=100386, deviceId=0, source=0x1002 }
D/InputEventConsistencyVerifier(  360):   3: sent at 97062000000, (unhandled) KeyEvent { action=ACTION_UP, keyCode=KEYCODE_DPAD_DOWN, scanCode=0, metaState=0, flags=0x80000028, repeatCount=0, eventTime=97062, downTime=96824, deviceId=-1, source=0x101 }
D/InputEventConsistencyVerifier(  360):   4: sent at 96821000000, (unhandled) KeyEvent { action=ACTION_UP, keyCode=KEYCODE_EISU, scanCode=0, metaState=0, flags=0x8, repeatCount=0, eventTime=96821, downTime=96821, deviceId=-1, source=0x101 }
D/InputEventConsistencyVerifier(  360):   5: sent at 96738000000, (unhandled) KeyEvent { action=ACTION_DOWN, keyCode=KEYCODE_EISU, scanCode=0, metaState=0, flags=0x8, repeatCount=0, eventTime=96738, downTime=96738, deviceId=-1, source=0x101 }
I/Choreographer(  360): Skipped 37 frames!  The application may be doing too much work on its main thread.
I/Choreographer(  989): Skipped 49 frames!  The application may be doing too much work on its main thread.
D/InputEventConsistencyVerifier(  360): TouchEvent: ACTION_DOWN but pointers are already down.  Probably missing ACTION_UP from previous gesture.
D/InputEventConsistencyVerifier(  360):   in android.view.ScaleGestureDetector@b3e8fd88
D/InputEventConsistencyVerifier(  360):   0: sent at 100765000000, MotionEvent { action=ACTION_DOWN, id[0]=0, x[0]=442.0, y[0]=618.0, toolType[0]=TOOL_TYPE_UNKNOWN, buttonState=0, metaState=0, flags=0x0, edgeFlags=0x0, pointerCount=1, historySize=0, eventTime=100765, downTime=100765, deviceId=0, source=0x1002 }
D/InputEventConsistencyVerifier(  360):   -- recent events --
D/InputEventConsistencyVerifier(  360):   1: sent at 100701000000, MotionEvent { action=ACTION_DOWN, id[0]=0, x[0]=402.0, y[0]=181.0, toolType[0]=TOOL_TYPE_UNKNOWN, buttonState=0, metaState=0, flags=0x0, edgeFlags=0x0, pointerCount=1, historySize=0, eventTime=100701, downTime=100701, deviceId=0, source=0x1002 }
D/InputEventConsistencyVerifier(  360):   2: sent at 100393000000, MotionEvent { action=ACTION_UP, id[0]=0, x[0]=436.0, y[0]=19.0, toolType[0]=TOOL_TYPE_UNKNOWN, buttonState=0, metaState=0, flags=0x0, edgeFlags=0x0, pointerCount=1, historySize=0, eventTime=100393, downTime=100386, deviceId=0, source=0x1002 }
D/InputEventConsistencyVerifier(  360):   3: sent at 100386000000, MotionEvent { action=ACTION_DOWN, id[0]=0, x[0]=437.0, y[0]=19.0, toolType[0]=TOOL_TYPE_UNKNOWN, buttonState=0, metaState=0, flags=0x0, edgeFlags=0x0, pointerCount=1, historySize=0, eventTime=100386, downTime=100386, deviceId=0, source=0x1002 }
D/InputEventConsistencyVerifier(  360):   4: sent at 96590000000, MotionEvent { action=ACTION_UP, id[0]=0, x[0]=86.0, y[0]=5.0, toolType[0]=TOOL_TYPE_UNKNOWN, buttonState=0, metaState=0, flags=0x0, edgeFlags=0x0, pointerCount=1, historySize=0, eventTime=96590, downTime=96585, deviceId=0, source=0x1002 }
D/InputEventConsistencyVerifier(  360):   5: sent at 96586000000, MotionEvent { action=ACTION_DOWN, id[0]=0, x[0]=78.0, y[0]=13.0, toolType[0]=TOOL_TYPE_UNKNOWN, buttonState=0, metaState=0, flags=0x80000000, edgeFlags=0x0, pointerCount=1, historySize=0, eventTime=96586, downTime=96585, deviceId=0, source=0x1002 }
I/ActivityManager(  222): START {act=android.intent.action.MAIN cat=[android.intent.category.LAUNCHER] flg=0x10000000 cmp=com.android.calendar/.AllInOneActivity sel={act=android.intent.action.MAIN cat=[android.intent.category.APP_CALENDAR]} u=0} from pid 222
D/InputEventConsistencyVerifier(  360): KeyEvent: ACTION_UP but key was not down.
D/InputEventConsistencyVerifier(  360):   in android.view.ViewRootImpl@b3e81ba8
D/InputEventConsistencyVerifier(  360):   0: sent at 100933000000, KeyEvent { action=ACTION_UP, keyCode=KEYCODE_CALENDAR, scanCode=0, metaState=0, flags=0x8, repeatCount=0, eventTime=100933, downTime=100933, deviceId=-1, source=0x101 }
D/InputEventConsistencyVerifier(  360):   -- recent events --
D/InputEventConsistencyVerifier(  360):   1: sent at 100834000000, KeyEvent { action=ACTION_UP, keyCode=KEYCODE_NUMPAD_MULTIPLY, scanCode=0, metaState=0, flags=0x8, repeatCount=0, eventTime=100834, downTime=100834, deviceId=-1, source=0x101 }
D/InputEventConsistencyVerifier(  360):   2: sent at 100799000000, KeyEvent { action=ACTION_DOWN, keyCode=KEYCODE_NUMPAD_MULTIPLY, scanCode=0, metaState=0, flags=0x8, repeatCount=0, eventTime=100799, downTime=100799, deviceId=-1, source=0x101 }
D/InputEventConsistencyVerifier(  360):   3: sent at 100769000000, MotionEvent { action=ACTION_UP, id[0]=0, x[0]=454.0, y[0]=618.0, toolType[0]=TOOL_TYPE_UNKNOWN, buttonState=0, metaState=0, flags=0x0, edgeFlags=0x0, pointerCount=1, historySize=0, eventTime=100769, downTime=100765, deviceId=0, source=0x1002 }
D/InputEventConsistencyVerifier(  360):   4: sent at 100765000000, MotionEvent { action=ACTION_DOWN, id[0]=0, x[0]=442.0, y[0]=618.0, toolType[0]=TOOL_TYPE_UNKNOWN, buttonState=0, metaState=0, flags=0x0, edgeFlags=0x0, pointerCount=1, historySize=0, eventTime=100765, downTime=100765, deviceId=0, source=0x1002 }
D/InputEventConsistencyVerifier(  360):   5: sent at 100707000000, MotionEvent { action=ACTION_UP, id[0]=0, x[0]=385.0, y[0]=166.0, toolType[0]=TOOL_TYPE_UNKNOWN, buttonState=0, metaState=0, flags=0x0, edgeFlags=0x0, pointerCount=1, historySize=0, eventTime=100707, downTime=100701, deviceId=0, source=0x1002 }
V/PhoneStatusBar(  360): setLightsOn(true)
D/PhoneStatusBar(  360): disable: < expand icons alerts TICKER* system_info back home recent clock >
I/Choreographer(  360): Skipped 75 frames!  The application may be doing too much work on its main thread.
W/dalvikvm(  360): DroidBox: { "FdAccess": { "path": "2f70726f632f6d656d696e666f", "id": "389894386" } }
W/DroidBox(  360): DroidBox: { "FileRW": { "operation": "read", "data": "4d656d546f74616c3a202020202020202020373438393634206b420a4d656d467265653a20202020202020202020343434343132206b420a427566666572733a20202020202020202020202035343736206b420a4361636865643a202020202020202020", "id": "389894386" } }
D/InputEventConsistencyVerifier(  360): TouchEvent: ACTION_DOWN but pointers are already down.  Probably missing ACTION_UP from previous gesture.
D/InputEventConsistencyVerifier(  360):   in android.view.ScaleGestureDetector@b3e8fd88
D/InputEventConsistencyVerifier(  360):   0: sent at 101057000000, MotionEvent { action=ACTION_DOWN, id[0]=0, x[0]=389.0, y[0]=212.0, toolType[0]=TOOL_TYPE_UNKNOWN, buttonState=0, metaState=0, flags=0x0, edgeFlags=0x0, pointerCount=1, historySize=0, eventTime=101057, downTime=101057, deviceId=0, source=0x1002 }
D/InputEventConsistencyVerifier(  360):   -- recent events --
D/InputEventConsistencyVerifier(  360):   1: sent at 100765000000, MotionEvent { action=ACTION_DOWN, id[0]=0, x[0]=442.0, y[0]=618.0, toolType[0]=TOOL_TYPE_UNKNOWN, buttonState=0, metaState=0, flags=0x80000000, edgeFlags=0x0, pointerCount=1, historySize=0, eventTime=100765, downTime=100765, deviceId=0, source=0x1002 }
D/InputEventConsistencyVerifier(  360):   2: sent at 100701000000, MotionEvent { action=ACTION_DOWN, id[0]=0, x[0]=402.0, y[0]=181.0, toolType[0]=TOOL_TYPE_UNKNOWN, buttonState=0, metaState=0, flags=0x0, edgeFlags=0x0, pointerCount=1, historySize=0, eventTime=100701, downTime=100701, deviceId=0, source=0x1002 }
D/InputEventConsistencyVerifier(  360):   3: sent at 100393000000, MotionEvent { action=ACTION_UP, id[0]=0, x[0]=436.0, y[0]=19.0, toolType[0]=TOOL_TYPE_UNKNOWN, buttonState=0, metaState=0, flags=0x0, edgeFlags=0x0, pointerCount=1, historySize=0, eventTime=100393, downTime=100386, deviceId=0, source=0x1002 }
D/InputEventConsistencyVerifier(  360):   4: sent at 100386000000, MotionEvent { action=ACTION_DOWN, id[0]=0, x[0]=437.0, y[0]=19.0, toolType[0]=TOOL_TYPE_UNKNOWN, buttonState=0, metaState=0, flags=0x0, edgeFlags=0x0, pointerCount=1, historySize=0, eventTime=100386, downTime=100386, deviceId=0, source=0x1002 }
D/InputEventConsistencyVerifier(  360):   5: sent at 96590000000, MotionEvent { action=ACTION_UP, id[0]=0, x[0]=86.0, y[0]=5.0, toolType[0]=TOOL_TYPE_UNKNOWN, buttonState=0, metaState=0, flags=0x0, edgeFlags=0x0, pointerCount=1, historySize=0, eventTime=96590, downTime=96585, deviceId=0, source=0x1002 }
D/InputEventConsistencyVerifier(  360): KeyEvent: ACTION_UP but key was not down.
D/InputEventConsistencyVerifier(  360):   in com.android.systemui.statusbar.phone.StatusBarWindowView@b3df03b8
D/InputEventConsistencyVerifier(  360):   0: sent at 101262000000, KeyEvent { action=ACTION_UP, keyCode=KEYCODE_DPAD_UP, scanCode=0, metaState=0, flags=0x8, repeatCount=0, eventTime=101262, downTime=101262, deviceId=-1, source=0x101 }
D/InputEventConsistencyVerifier(  360):   -- recent events --
D/InputEventConsistencyVerifier(  360):   1: sent at 101160000000, MotionEvent { action=ACTION_UP, id[0]=0, x[0]=388.0, y[0]=202.0, toolType[0]=TOOL_TYPE_UNKNOWN, buttonState=0, metaState=0, flags=0x0, edgeFlags=0x0, pointerCount=1, historySize=0, eventTime=101160, downTime=101057, deviceId=0, source=0x1002 }
D/InputEventConsistencyVerifier(  360):   2: sent at 101057000000, MotionEvent { action=ACTION_DOWN, id[0]=0, x[0]=389.0, y[0]=212.0, toolType[0]=TOOL_TYPE_UNKNOWN, buttonState=0, metaState=0, flags=0x0, edgeFlags=0x0, pointerCount=1, historySize=0, eventTime=101057, downTime=101057, deviceId=0, source=0x1002 }
D/InputEventConsistencyVerifier(  360):   3: sent at 101027000000, (unhandled) KeyEvent { action=ACTION_UP, keyCode=KEYCODE_DPAD_CENTER, scanCode=0, metaState=0, flags=0x8, repeatCount=0, eventTime=101027, downTime=101027, deviceId=-1, source=0x101 }
D/InputEventConsistencyVerifier(  360):   4: sent at 101027000000, (unhandled) KeyEvent { action=ACTION_UP, keyCode=KEYCODE_BUTTON_3, scanCode=0, metaState=0, flags=0x8, repeatCount=0, eventTime=101027, downTime=101027, deviceId=-1, source=0x101 }
D/InputEventConsistencyVerifier(  360):   5: sent at 100966000000, (unhandled) KeyEvent { action=ACTION_DOWN, keyCode=KEYCODE_DPAD_CENTER, scanCode=0, metaState=0, flags=0x8, repeatCount=0, eventTime=100966, downTime=100966, deviceId=-1, source=0x101 }
I/Choreographer(  360): Skipped 42 frames!  The application may be doing too much work on its main thread.
V/PhoneStatusBar(  360): setLightsOn(true)
D/PhoneStatusBar(  360): disable: < expand icons alerts ticker* system_info back home recent clock >
I/ActivityManager(  222): START {act=android.intent.action.MAIN cat=[android.intent.category.LAUNCHER] flg=0x10200000 cmp=com.urbanairship.airmail/.MainListActivity u=0} from pid 968
E/WVMExtractor(   62): Failed to open libwvm.so
D/InputEventConsistencyVerifier(  989): KeyEvent: ACTION_UP but key was not down.
D/InputEventConsistencyVerifier(  989):   in com.android.internal.policy.impl.PhoneWindow$DecorView@b3e48318
D/InputEventConsistencyVerifier(  989):   0: sent at 101413000000, KeyEvent { action=ACTION_UP, keyCode=KEYCODE_DPAD_DOWN, scanCode=0, metaState=0, flags=0x8, repeatCount=0, eventTime=101413, downTime=101413, deviceId=-1, source=0x101 }
D/InputEventConsistencyVerifier(  989):   -- recent events --
D/InputEventConsistencyVerifier(  989):   1: sent at 101381000000, (unhandled) MotionEvent { action=ACTION_UP, id[0]=0, x[0]=362.0, y[0]=-132.0, toolType[0]=TOOL_TYPE_UNKNOWN, buttonState=0, metaState=0, flags=0x0, edgeFlags=0x0, pointerCount=1, historySize=0, eventTime=101381, downTime=101367, deviceId=0, source=0x1002 }
D/InputEventConsistencyVerifier(  989):   2: sent at 101368000000, MotionEvent { action=ACTION_DOWN, id[0]=0, x[0]=383.0, y[0]=-128.0, toolType[0]=TOOL_TYPE_UNKNOWN, buttonState=0, metaState=0, flags=0x0, edgeFlags=0x0, pointerCount=1, historySize=0, eventTime=101368, downTime=101367, deviceId=0, source=0x1002 }
D/InputEventConsistencyVerifier(  989):   3: sent at 101332000000, (unhandled) KeyEvent { action=ACTION_UP, keyCode=KEYCODE_DPAD_UP, scanCode=0, metaState=0, flags=0x8, repeatCount=0, eventTime=101332, downTime=101332, deviceId=-1, source=0x101 }
D/InputEventConsistencyVerifier(  989):   4: sent at 101319000000, (unhandled) KeyEvent { action=ACTION_DOWN, keyCode=KEYCODE_DPAD_UP, scanCode=0, metaState=0, flags=0x8, repeatCount=0, eventTime=101319, downTime=101319, deviceId=-1, source=0x101 }
D/InputEventConsistencyVerifier(  989):   5: sent at 101313000000, (unhandled) KeyEvent { action=ACTION_UP, keyCode=KEYCODE_DPAD_DOWN, scanCode=0, metaState=0, flags=0x8, repeatCount=0, eventTime=101313, downTime=101313, deviceId=-1, source=0x101 }
I/Choreographer(  989): Skipped 43 frames!  The application may be doing too much work on its main thread.
E/WVMExtractor(   62): Failed to open libwvm.so
D/InputEventConsistencyVerifier(  989): TrackballEvent: Trackball is down but pressure is not greater than 0.
D/InputEventConsistencyVerifier(  989):   in android.view.ViewRootImpl@b3e9ba18
D/InputEventConsistencyVerifier(  989):   0: sent at 101673000000, MotionEvent { action=ACTION_DOWN, id[0]=0, x[0]=0.0, y[0]=0.0, toolType[0]=TOOL_TYPE_UNKNOWN, buttonState=0, metaState=0, flags=0x0, edgeFlags=0x0, pointerCount=1, historySize=0, eventTime=101673, downTime=101619, deviceId=0, source=0x10004 }
D/InputEventConsistencyVerifier(  989):   -- recent events --
D/InputEventConsistencyVerifier(  989):   1: sent at 101747000000, KeyEvent { action=ACTION_UP, keyCode=KEYCODE_DPAD_DOWN, scanCode=0, metaState=0, flags=0x400, repeatCount=0, eventTime=101747, downTime=101747, deviceId=-1, source=0x101 }
D/InputEventConsistencyVerifier(  989):   2: sent at 101747000000, KeyEvent { action=ACTION_DOWN, keyCode=KEYCODE_DPAD_DOWN, scanCode=0, metaState=0, flags=0x400, repeatCount=0, eventTime=101747, downTime=101747, deviceId=-1, source=0x101 }
D/InputEventConsistencyVerifier(  989):   3: sent at 101744000000, KeyEvent { action=ACTION_UP, keyCode=KEYCODE_DPAD_DOWN, scanCode=0, metaState=0, flags=0x400, repeatCount=0, eventTime=101744, downTime=101744, deviceId=-1, source=0x101 }
D/InputEventConsistencyVerifier(  989):   4: sent at 101744000000, KeyEvent { action=ACTION_DOWN, keyCode=KEYCODE_DPAD_DOWN, scanCode=0, metaState=0, flags=0x400, repeatCount=0, eventTime=101744, downTime=101744, deviceId=-1, source=0x101 }
D/InputEventConsistencyVerifier(  989):   5: sent at 101655000000, MotionEvent { action=ACTION_MOVE, id[0]=0, x[0]=-2.0, y[0]=2.0, toolType[0]=TOOL_TYPE_UNKNOWN, buttonState=0, metaState=0, flags=0x0, edgeFlags=0x0, pointerCount=1, historySize=9, eventTime=101655, downTime=-1, deviceId=0, source=0x10004 }
E/WVMExtractor(   62): Failed to open libwvm.so
D/InputEventConsistencyVerifier(  989): KeyEvent: ACTION_UP but key was not down.
D/InputEventConsistencyVerifier(  989):   in android.view.ViewRootImpl@b3e6d3a8
D/InputEventConsistencyVerifier(  989):   0: sent at 101787000000, KeyEvent { action=ACTION_UP, keyCode=KEYCODE_MENU, scanCode=0, metaState=0, flags=0x8, repeatCount=0, eventTime=101787, downTime=101787, deviceId=-1, source=0x101 }
I/Choreographer(  989): Skipped 91 frames!  The application may be doing too much work on its main thread.
I/Choreographer(  989): Skipped 64 frames!  The application may be doing too much work on its main thread.
D/InputEventConsistencyVerifier(  989): KeyEvent: ACTION_UP but key was not down.
D/InputEventConsistencyVerifier(  989):   in com.android.internal.policy.impl.PhoneWindow$DecorView@b3dd2550
D/InputEventConsistencyVerifier(  989):   0: sent at 102655000000, KeyEvent { action=ACTION_UP, keyCode=KEYCODE_DPAD_DOWN, scanCode=0, metaState=0, flags=0x8, repeatCount=0, eventTime=102655, downTime=102655, deviceId=-1, source=0x101 }
D/InputEventConsistencyVerifier(  989):   -- recent events --
D/InputEventConsistencyVerifier(  989):   1: sent at 102450000000, (unhandled) KeyEvent { action=ACTION_UP, keyCode=KEYCODE_MENU, scanCode=0, metaState=0, flags=0x8, repeatCount=0, eventTime=102450, downTime=102450, deviceId=-1, source=0x101 }
D/InputEventConsistencyVerifier(  989):   2: sent at 102075000000, (unhandled) KeyEvent { action=ACTION_DOWN, keyCode=KEYCODE_MENU, scanCode=0, metaState=0, flags=0x8, repeatCount=0, eventTime=102075, downTime=102075, deviceId=-1, source=0x101 }
D/InputEventConsistencyVerifier(  989):   3: sent at 102073000000, (unhandled) MotionEvent { action=ACTION_MOVE, id[0]=0, x[0]=-1.0, y[0]=1.0, toolType[0]=TOOL_TYPE_UNKNOWN, buttonState=0, metaState=0, flags=0x0, edgeFlags=0x0, pointerCount=1, historySize=1, eventTime=102073, downTime=-1, deviceId=0, source=0x10004 }
D/InputEventConsistencyVerifier(  989):   4: sent at 102047000000, (unhandled) MotionEvent { action=ACTION_MOVE, id[0]=0, x[0]=-1.0, y[0]=0.0, toolType[0]=TOOL_TYPE_UNKNOWN, buttonState=0, metaState=0, flags=0x0, edgeFlags=0x0, pointerCount=1, historySize=7, eventTime=102047, downTime=-1, deviceId=0, source=0x10004 }
D/InputEventConsistencyVerifier(  989):   5: sent at 101963000000, (unhandled) KeyEvent { action=ACTION_UP, keyCode=KEYCODE_ALT_LEFT, scanCode=0, metaState=0, flags=0x8, repeatCount=0, eventTime=101963, downTime=101963, deviceId=-1, source=0x101 }
D/InputEventConsistencyVerifier(  989): KeyEvent: ACTION_UP but key was not down.
D/InputEventConsistencyVerifier(  989):   in android.widget.LinearLayout@b3ed9fc8
D/InputEventConsistencyVerifier(  989):   0: sent at 102714000000, KeyEvent { action=ACTION_UP, keyCode=KEYCODE_DPAD_DOWN, scanCode=0, metaState=0, flags=0x400, repeatCount=0, eventTime=102714, downTime=102714, deviceId=-1, source=0x101 }
E/WVMExtractor(   62): Failed to open libwvm.so
D/InputEventConsistencyVerifier(  989): KeyEvent: ACTION_UP but key was not down.
D/InputEventConsistencyVerifier(  989):   in android.widget.FrameLayout@b3e91f38
D/InputEventConsistencyVerifier(  989):   0: sent at 102985000000, KeyEvent { action=ACTION_UP, keyCode=KEYCODE_DPAD_UP, scanCode=0, metaState=0, flags=0x400, repeatCount=0, eventTime=102985, downTime=102985, deviceId=-1, source=0x101 }
D/InputEventConsistencyVerifier(  989):   -- recent events --
D/InputEventConsistencyVerifier(  989):   1: sent at 102714000000, (unhandled) KeyEvent { action=ACTION_DOWN, keyCode=KEYCODE_DPAD_DOWN, scanCode=0, metaState=0, flags=0x400, repeatCount=0, eventTime=102714, downTime=102714, deviceId=-1, source=0x101 }
D/InputEventConsistencyVerifier(  989):   2: sent at 102699000000, (unhandled) KeyEvent { action=ACTION_UP, keyCode=KEYCODE_DPAD_DOWN, scanCode=0, metaState=0, flags=0x400, repeatCount=0, eventTime=102699, downTime=102699, deviceId=-1, source=0x101 }
D/InputEventConsistencyVerifier(  989):   3: sent at 102699000000, KeyEvent { action=ACTION_DOWN, keyCode=KEYCODE_DPAD_DOWN, scanCode=0, metaState=0, flags=0x400, repeatCount=0, eventTime=102699, downTime=102699, deviceId=-1, source=0x101 }
D/InputEventConsistencyVerifier(  989):   4: sent at 102672000000, (unhandled) MotionEvent { action=ACTION_MOVE, id[0]=0, x[0]=3.0, y[0]=4.0, toolType[0]=TOOL_TYPE_UNKNOWN, buttonState=0, metaState=0, flags=0x0, edgeFlags=0x0, pointerCount=1, historySize=0, eventTime=102672, downTime=-1, deviceId=0, source=0x10004 }
D/InputEventConsistencyVerifier(  989):   5: sent at 102655000000, (unhandled) KeyEvent { action=ACTION_UP, keyCode=KEYCODE_DPAD_DOWN, scanCode=0, metaState=0, flags=0x80000008, repeatCount=0, eventTime=102655, downTime=102655, deviceId=-1, source=0x101 }
D/InputEventConsistencyVerifier(  989): KeyEvent: ACTION_UP but key was not down.
D/InputEventConsistencyVerifier(  989):   in android.widget.LinearLayout@b3ed9fc8
D/InputEventConsistencyVerifier(  989):   0: sent at 103121000000, KeyEvent { action=ACTION_UP, keyCode=KEYCODE_DPAD_LEFT, scanCode=0, metaState=0, flags=0x400, repeatCount=0, eventTime=103121, downTime=103121, deviceId=-1, source=0x101 }
D/InputEventConsistencyVerifier(  989):   -- recent events --
D/InputEventConsistencyVerifier(  989):   1: sent at 102985000000, (unhandled) KeyEvent { action=ACTION_DOWN, keyCode=KEYCODE_DPAD_UP, scanCode=0, metaState=0, flags=0x400, repeatCount=0, eventTime=102985, downTime=102985, deviceId=-1, source=0x101 }
D/InputEventConsistencyVerifier(  989):   2: sent at 102974000000, (unhandled) MotionEvent { action=ACTION_MOVE, id[0]=0, x[0]=-4.0, y[0]=-4.0, toolType[0]=TOOL_TYPE_UNKNOWN, buttonState=0, metaState=0, flags=0x0, edgeFlags=0x0, pointerCount=1, historySize=2, eventTime=102974, downTime=-1, deviceId=0, source=0x10004 }
D/InputEventConsistencyVerifier(  989):   3: sent at 102922000000, (unhandled) KeyEvent { action=ACTION_UP, keyCode=KEYCODE_MENU, scanCode=0, metaState=0, flags=0x8, repeatCount=0, eventTime=102922, downTime=102922, deviceId=-1, source=0x101 }
D/InputEventConsistencyVerifier(  989):   4: sent at 102878000000, (unhandled) KeyEvent { action=ACTION_DOWN, keyCode=KEYCODE_MENU, scanCode=0, metaState=0, flags=0x8, repeatCount=0, eventTime=102878, downTime=102878, deviceId=-1, source=0x101 }
D/InputEventConsistencyVerifier(  989):   5: sent at 102906000000, (unhandled) KeyEvent { action=ACTION_UP, keyCode=KEYCODE_DPAD_DOWN, scanCode=0, metaState=0, flags=0x400, repeatCount=0, eventTime=102906, downTime=102906, deviceId=-1, source=0x101 }
I/ActivityManager(  222): START {act=android.intent.action.VIEW dat=https://go.urbanairship.com/amcp-apps/ cmp=com.android.browser/.BrowserActivity (has extras) u=0} from pid 989
E/WVMExtractor(   62): Failed to open libwvm.so
