D/InputEventConsistencyVerifier(  356):   5: sent at 136604000000, (unhandled) KeyEvent { action=ACTION_DOWN, keyCode=KEYCODE_DPAD_DOWN, scanCode=0, metaState=0, flags=0x400, repeatCount=0, eventTime=136604, downTime=136604, deviceId=-1, source=0x101 }
D/InputEventConsistencyVerifier(  356): KeyEvent: ACTION_UP but key was not down.
D/InputEventConsistencyVerifier(  356):   in android.widget.FrameLayout@b3dfd790
D/InputEventConsistencyVerifier(  356):   0: sent at 136697000000, KeyEvent { action=ACTION_UP, keyCode=KEYCODE_DPAD_DOWN, scanCode=0, metaState=0, flags=0x8, repeatCount=0, eventTime=136697, downTime=136697, deviceId=-1, source=0x101 }
D/InputEventConsistencyVerifier(  356):   -- recent events --
D/InputEventConsistencyVerifier(  356):   1: sent at 136604000000, (unhandled) KeyEvent { action=ACTION_UP, keyCode=KEYCODE_DPAD_DOWN, scanCode=0, metaState=0, flags=0x80000400, repeatCount=0, eventTime=136604, downTime=136604, deviceId=-1, source=0x101 }
D/InputEventConsistencyVerifier(  356):   2: sent at 129023000000, (unhandled) KeyEvent { action=ACTION_UP, keyCode=KEYCODE_MENU, scanCode=0, metaState=0, flags=0x8, repeatCount=0, eventTime=129023, downTime=129023, deviceId=-1, source=0x101 }
D/InputEventConsistencyVerifier(  356):   3: sent at 129006000000, (unhandled) KeyEvent { action=ACTION_DOWN, keyCode=KEYCODE_MENU, scanCode=0, metaState=0, flags=0x8, repeatCount=0, eventTime=129006, downTime=129006, deviceId=-1, source=0x101 }
D/InputEventConsistencyVerifier(  356):   4: sent at 128979000000, (unhandled) KeyEvent { action=ACTION_UP, keyCode=KEYCODE_MENU, scanCode=0, metaState=0, flags=0x8, repeatCount=0, eventTime=128979, downTime=128979, deviceId=-1, source=0x101 }
D/InputEventConsistencyVerifier(  356):   5: sent at 128839000000, (unhandled) KeyEvent { action=ACTION_DOWN, keyCode=KEYCODE_MENU, scanCode=0, metaState=0, flags=0x8, repeatCount=0, eventTime=128839, downTime=128839, deviceId=-1, source=0x101 }
W/dalvikvm(  356): DroidBox: { "FdAccess": { "path": "2f70726f632f6d656d696e666f", "id": "1918007098" } }
W/DroidBox(  356): DroidBox: { "FileRW": { "operation": "read", "data": "4d656d546f74616c3a202020202020202020373438393634206b420a4d656d467265653a20202020202020202020343433313532206b420a427566666572733a20202020202020202020202035343638206b420a4361636865643a202020202020202020", "id": "1918007098" } }
D/PhoneStatusBar(  356): disable: < expand icons alerts ticker* system_info back home recent clock >
W/InputMethodManagerService(  222): Window already focused, ignoring focus gain of: com.android.internal.view.IInputMethodClient$Stub$Proxy@b419b048 attribute=null
D/InputEventConsistencyVerifier(  356): TouchEvent: ACTION_DOWN but pointers are already down.  Probably missing ACTION_UP from previous gesture.
D/InputEventConsistencyVerifier(  356):   in android.view.ScaleGestureDetector@b3e8ce48
D/InputEventConsistencyVerifier(  356):   0: sent at 136845000000, MotionEvent { action=ACTION_DOWN, id[0]=0, x[0]=396.0, y[0]=22.0, toolType[0]=TOOL_TYPE_UNKNOWN, buttonState=0, metaState=0, flags=0x0, edgeFlags=0x0, pointerCount=1, historySize=0, eventTime=136845, downTime=136845, deviceId=0, source=0x1002 }
D/InputEventConsistencyVerifier(  356):   -- recent events --
D/InputEventConsistencyVerifier(  356):   1: sent at 136649000000, MotionEvent { action=ACTION_DOWN, id[0]=0, x[0]=188.0, y[0]=386.0, toolType[0]=TOOL_TYPE_UNKNOWN, buttonState=0, metaState=0, flags=0x80000000, edgeFlags=0x0, pointerCount=1, historySize=0, eventTime=136649, downTime=136649, deviceId=0, source=0x1002 }
D/InputEventConsistencyVerifier(  356):   2: sent at 136576000000, MotionEvent { action=ACTION_DOWN, id[0]=0, x[0]=459.0, y[0]=550.0, toolType[0]=TOOL_TYPE_UNKNOWN, buttonState=0, metaState=0, flags=0x80000000, edgeFlags=0x0, pointerCount=1, historySize=0, eventTime=136576, downTime=136576, deviceId=0, source=0x1002 }
D/InputEventConsistencyVerifier(  356):   3: sent at 136450000000, MotionEvent { action=ACTION_DOWN, id[0]=0, x[0]=343.0, y[0]=172.0, toolType[0]=TOOL_TYPE_UNKNOWN, buttonState=0, metaState=0, flags=0x0, edgeFlags=0x0, pointerCount=1, historySize=0, eventTime=136450, downTime=136449, deviceId=0, source=0x1002 }
D/InputEventConsistencyVerifier(  356):   4: sent at 136266000000, MotionEvent { action=ACTION_UP, id[0]=0, x[0]=320.0, y[0]=30.0, toolType[0]=TOOL_TYPE_UNKNOWN, buttonState=0, metaState=0, flags=0x0, edgeFlags=0x0, pointerCount=1, historySize=0, eventTime=136266, downTime=136250, deviceId=0, source=0x1002 }
D/InputEventConsistencyVerifier(  356):   5: sent at 136261000000, MotionEvent { action=ACTION_DOWN, id[0]=0, x[0]=316.0, y[0]=29.0, toolType[0]=TOOL_TYPE_UNKNOWN, buttonState=0, metaState=0, flags=0x80000000, edgeFlags=0x0, pointerCount=1, historySize=0, eventTime=136261, downTime=136250, deviceId=0, source=0x1002 }
W/dalvikvm(  356): DroidBox: { "FdAccess": { "path": "2f70726f632f6d656d696e666f", "id": "2138426892" } }
W/DroidBox(  356): DroidBox: { "FileRW": { "operation": "read", "data": "4d656d546f74616c3a202020202020202020373438393634206b420a4d656d467265653a20202020202020202020343434303238206b420a427566666572733a20202020202020202020202035343638206b420a4361636865643a202020202020202020", "id": "2138426892" } }
W/dalvikvm(  356): DroidBox: { "FdAccess": { "path": "2f70726f632f6d656d696e666f", "id": "1801638300" } }
W/DroidBox(  356): DroidBox: { "FileRW": { "operation": "read", "data": "4d656d546f74616c3a202020202020202020373438393634206b420a4d656d467265653a20202020202020202020343434303238206b420a427566666572733a20202020202020202020202035343638206b420a4361636865643a202020202020202020", "id": "1801638300" } }
W/dalvikvm(  356): DroidBox: { "FdAccess": { "path": "2f70726f632f6d656d696e666f", "id": "1338253144" } }
W/DroidBox(  356): DroidBox: { "FileRW": { "operation": "read", "data": "4d656d546f74616c3a202020202020202020373438393634206b420a4d656d467265653a20202020202020202020343434303230206b420a427566666572733a20202020202020202020202035343638206b420a4361636865643a202020202020202020", "id": "1338253144" } }
D/PhoneStatusBar(  356): disable: < expand icons alerts TICKER* system_info back home recent clock >
D/InputEventConsistencyVerifier(  356): KeyEvent: ACTION_UP but key was not down.
D/InputEventConsistencyVerifier(  356):   in com.android.systemui.statusbar.phone.PhoneStatusBarView@b3def228
D/InputEventConsistencyVerifier(  356):   0: sent at 137335000000, KeyEvent { action=ACTION_UP, keyCode=KEYCODE_NUMPAD_2, scanCode=0, metaState=0, flags=0x8, repeatCount=0, eventTime=137335, downTime=137335, deviceId=-1, source=0x101 }
D/InputEventConsistencyVerifier(  356):   -- recent events --
D/InputEventConsistencyVerifier(  356):   1: sent at 137024000000, (unhandled) KeyEvent { action=ACTION_UP, keyCode=KEYCODE_DPAD_UP, scanCode=0, metaState=0, flags=0x8, repeatCount=0, eventTime=137024, downTime=137024, deviceId=-1, source=0x101 }
D/InputEventConsistencyVerifier(  356):   2: sent at 137010000000, (unhandled) KeyEvent { action=ACTION_DOWN, keyCode=KEYCODE_DPAD_UP, scanCode=0, metaState=0, flags=0x8, repeatCount=0, eventTime=137010, downTime=137010, deviceId=-1, source=0x101 }
D/InputEventConsistencyVerifier(  356):   3: sent at 137007000000, (unhandled) KeyEvent { action=ACTION_UP, keyCode=KEYCODE_DPAD_UP, scanCode=0, metaState=0, flags=0x8, repeatCount=0, eventTime=137007, downTime=137007, deviceId=-1, source=0x101 }
D/InputEventConsistencyVerifier(  356):   4: sent at 137003000000, (unhandled) KeyEvent { action=ACTION_DOWN, keyCode=KEYCODE_DPAD_UP, scanCode=0, metaState=0, flags=0x8, repeatCount=0, eventTime=137003, downTime=137003, deviceId=-1, source=0x101 }
D/InputEventConsistencyVerifier(  356):   5: sent at 136964000000, (unhandled) KeyEvent { action=ACTION_UP, keyCode=KEYCODE_L, scanCode=0, metaState=0, flags=0x8, repeatCount=0, eventTime=136964, downTime=136964, deviceId=-1, source=0x101 }
I/Choreographer(  356): Skipped 58 frames!  The application may be doing too much work on its main thread.
W/dalvikvm(  356): DroidBox: { "FdAccess": { "path": "2f70726f632f6d656d696e666f", "id": "1990532815" } }
W/DroidBox(  356): DroidBox: { "FileRW": { "operation": "read", "data": "4d656d546f74616c3a202020202020202020373438393634206b420a4d656d467265653a20202020202020202020343432353430206b420a427566666572733a20202020202020202020202035343638206b420a4361636865643a202020202020202020", "id": "1990532815" } }
D/InputEventConsistencyVerifier(  356): KeyEvent: ACTION_UP but key was not down.
D/InputEventConsistencyVerifier(  356):   in com.android.systemui.statusbar.phone.StatusBarWindowView@b3ded290
D/InputEventConsistencyVerifier(  356):   0: sent at 137335000000, KeyEvent { action=ACTION_UP, keyCode=KEYCODE_DPAD_DOWN, scanCode=0, metaState=0, flags=0x8, repeatCount=0, eventTime=137335, downTime=137335, deviceId=-1, source=0x101 }
D/InputEventConsistencyVerifier(  356):   -- recent events --
D/InputEventConsistencyVerifier(  356):   1: sent at 137335000000, (unhandled) KeyEvent { action=ACTION_UP, keyCode=KEYCODE_NUMPAD_2, scanCode=0, metaState=0, flags=0x8, repeatCount=0, eventTime=137335, downTime=137335, deviceId=-1, source=0x101 }
D/InputEventConsistencyVerifier(  356):   2: sent at 137169000000, (unhandled) KeyEvent { action=ACTION_DOWN, keyCode=KEYCODE_NUMPAD_2, scanCode=0, metaState=0, flags=0x8, repeatCount=0, eventTime=137169, downTime=137169, deviceId=-1, source=0x101 }
D/InputEventConsistencyVerifier(  356):   3: sent at 137157000000, MotionEvent { action=ACTION_UP, id[0]=0, x[0]=248.0, y[0]=706.0, toolType[0]=TOOL_TYPE_UNKNOWN, buttonState=0, metaState=0, flags=0x0, edgeFlags=0x0, pointerCount=1, historySize=0, eventTime=137157, downTime=137109, deviceId=0, source=0x1002 }
D/InputEventConsistencyVerifier(  356):   4: sent at 137149000000, MotionEvent { action=ACTION_MOVE, id[0]=0, x[0]=244.0, y[0]=704.0, toolType[0]=TOOL_TYPE_UNKNOWN, buttonState=0, metaState=0, flags=0x0, edgeFlags=0x0, pointerCount=1, historySize=8, eventTime=137149, downTime=137109, deviceId=0, source=0x1002 }
D/InputEventConsistencyVerifier(  356):   5: sent at 137110000000, MotionEvent { action=ACTION_DOWN, id[0]=0, x[0]=227.0, y[0]=649.0, toolType[0]=TOOL_TYPE_UNKNOWN, buttonState=0, metaState=0, flags=0x0, edgeFlags=0x0, pointerCount=1, historySize=0, eventTime=137110, downTime=137109, deviceId=0, source=0x1002 }
D/PhoneStatusBar(  356): disable: < expand icons alerts ticker* system_info back home recent clock >
D/InputEventConsistencyVerifier(  356): TouchEvent: ACTION_DOWN but pointers are already down.  Probably missing ACTION_UP from previous gesture.
D/InputEventConsistencyVerifier(  356):   in android.view.ScaleGestureDetector@b3e8ce48
D/InputEventConsistencyVerifier(  356):   0: sent at 137896000000, MotionEvent { action=ACTION_DOWN, id[0]=0, x[0]=266.0, y[0]=26.0, toolType[0]=TOOL_TYPE_UNKNOWN, buttonState=0, metaState=0, flags=0x0, edgeFlags=0x0, pointerCount=1, historySize=0, eventTime=137896, downTime=137895, deviceId=0, source=0x1002 }
D/InputEventConsistencyVerifier(  356):   -- recent events --
D/InputEventConsistencyVerifier(  356):   1: sent at 137110000000, MotionEvent { action=ACTION_DOWN, id[0]=0, x[0]=227.0, y[0]=649.0, toolType[0]=TOOL_TYPE_UNKNOWN, buttonState=0, metaState=0, flags=0x0, edgeFlags=0x0, pointerCount=1, historySize=0, eventTime=137110, downTime=137109, deviceId=0, source=0x1002 }
D/InputEventConsistencyVerifier(  356):   2: sent at 136851000000, MotionEvent { action=ACTION_UP, id[0]=0, x[0]=401.0, y[0]=37.0, toolType[0]=TOOL_TYPE_UNKNOWN, buttonState=0, metaState=0, flags=0x0, edgeFlags=0x0, pointerCount=1, historySize=0, eventTime=136851, downTime=136845, deviceId=0, source=0x1002 }
D/InputEventConsistencyVerifier(  356):   3: sent at 136845000000, MotionEvent { action=ACTION_DOWN, id[0]=0, x[0]=396.0, y[0]=22.0, toolType[0]=TOOL_TYPE_UNKNOWN, buttonState=0, metaState=0, flags=0x80000000, edgeFlags=0x0, pointerCount=1, historySize=0, eventTime=136845, downTime=136845, deviceId=0, source=0x1002 }
D/InputEventConsistencyVerifier(  356):   4: sent at 136649000000, MotionEvent { action=ACTION_DOWN, id[0]=0, x[0]=188.0, y[0]=386.0, toolType[0]=TOOL_TYPE_UNKNOWN, buttonState=0, metaState=0, flags=0x80000000, edgeFlags=0x0, pointerCount=1, historySize=0, eventTime=136649, downTime=136649, deviceId=0, source=0x1002 }
D/InputEventConsistencyVerifier(  356):   5: sent at 136576000000, MotionEvent { action=ACTION_DOWN, id[0]=0, x[0]=459.0, y[0]=550.0, toolType[0]=TOOL_TYPE_UNKNOWN, buttonState=0, metaState=0, flags=0x80000000, edgeFlags=0x0, pointerCount=1, historySize=0, eventTime=136576, downTime=136576, deviceId=0, source=0x1002 }
W/DroidBox( 1029): DroidBox: { "ServiceStart": { "name": "com.android.music.MediaPlaybackService" } }
W/DroidBox( 1029): DroidBox: { "ServiceStart": { "name": "com.android.music.MediaPlaybackService" } }
W/dalvikvm(  356): DroidBox: { "FdAccess": { "path": "2f70726f632f6d656d696e666f", "id": "1317623847" } }
W/DroidBox(  356): DroidBox: { "FileRW": { "operation": "read", "data": "4d656d546f74616c3a202020202020202020373438393634206b420a4d656d467265653a20202020202020202020343432393132206b420a427566666572733a20202020202020202020202035343638206b420a4361636865643a202020202020202020", "id": "1317623847" } }
I/Choreographer(  356): Skipped 34 frames!  The application may be doing too much work on its main thread.
I/AudioService(  222):  AudioFocus  requestAudioFocus() from android.media.AudioManager@b3dcc5a0com.android.music.MediaPlaybackService$3@b3dcadd8
D/InputEventConsistencyVerifier(  356): KeyEvent: ACTION_UP but key was not down.
D/InputEventConsistencyVerifier(  356):   in com.android.systemui.statusbar.phone.StatusBarWindowView@b3ded290
D/InputEventConsistencyVerifier(  356):   0: sent at 138062000000, KeyEvent { action=ACTION_UP, keyCode=KEYCODE_DPAD_DOWN, scanCode=0, metaState=0, flags=0x8, repeatCount=0, eventTime=138062, downTime=138062, deviceId=-1, source=0x101 }
D/InputEventConsistencyVerifier(  356):   -- recent events --
D/InputEventConsistencyVerifier(  356):   1: sent at 138036000000, MotionEvent { action=ACTION_UP, id[0]=0, x[0]=421.0, y[0]=279.0, toolType[0]=TOOL_TYPE_UNKNOWN, buttonState=0, metaState=0, flags=0x0, edgeFlags=0x0, pointerCount=1, historySize=0, eventTime=138036, downTime=138032, deviceId=0, source=0x1002 }
D/InputEventConsistencyVerifier(  356):   2: sent at 138032000000, MotionEvent { action=ACTION_DOWN, id[0]=0, x[0]=421.0, y[0]=290.0, toolType[0]=TOOL_TYPE_UNKNOWN, buttonState=0, metaState=0, flags=0x0, edgeFlags=0x0, pointerCount=1, historySize=0, eventTime=138032, downTime=138032, deviceId=0, source=0x1002 }
D/InputEventConsistencyVerifier(  356):   3: sent at 137964000000, (unhandled) KeyEvent { action=ACTION_UP, keyCode=KEYCODE_MEDIA_PLAY_PAUSE, scanCode=0, metaState=0, flags=0x8, repeatCount=0, eventTime=137964, downTime=137964, deviceId=-1, source=0x101 }
D/InputEventConsistencyVerifier(  356):   4: sent at 137934000000, (unhandled) KeyEvent { action=ACTION_DOWN, keyCode=KEYCODE_MEDIA_PLAY_PAUSE, scanCode=0, metaState=0, flags=0x8, repeatCount=0, eventTime=137934, downTime=137934, deviceId=-1, source=0x101 }
D/InputEventConsistencyVerifier(  356):   5: sent at 137900000000, MotionEvent { action=ACTION_UP, id[0]=0, x[0]=259.0, y[0]=24.0, toolType[0]=TOOL_TYPE_UNKNOWN, buttonState=0, metaState=0, flags=0x0, edgeFlags=0x0, pointerCount=1, historySize=0, eventTime=137900, downTime=137895, deviceId=0, source=0x1002 }
D/PhoneStatusBar(  356): disable: < expand icons alerts TICKER* system_info back home recent clock >
I/AudioService(  222):   Remote Control   registerMediaButtonIntent() for PendingIntent{b407d510: PendingIntentRecord{b3f35c18 com.android.music broadcastIntent}}
D/InputEventConsistencyVerifier(  356): TouchEvent: ACTION_DOWN but pointers are already down.  Probably missing ACTION_UP from previous gesture.
D/InputEventConsistencyVerifier(  356):   in android.view.ScaleGestureDetector@b3e8ce48
D/InputEventConsistencyVerifier(  356):   0: sent at 138161000000, MotionEvent { action=ACTION_DOWN, id[0]=0, x[0]=222.0, y[0]=616.0, toolType[0]=TOOL_TYPE_UNKNOWN, buttonState=0, metaState=0, flags=0x0, edgeFlags=0x0, pointerCount=1, historySize=0, eventTime=138161, downTime=138161, deviceId=0, source=0x1002 }
D/InputEventConsistencyVerifier(  356):   -- recent events --
D/InputEventConsistencyVerifier(  356):   1: sent at 138032000000, MotionEvent { action=ACTION_DOWN, id[0]=0, x[0]=421.0, y[0]=290.0, toolType[0]=TOOL_TYPE_UNKNOWN, buttonState=0, metaState=0, flags=0x0, edgeFlags=0x0, pointerCount=1, historySize=0, eventTime=138032, downTime=138032, deviceId=0, source=0x1002 }
D/InputEventConsistencyVerifier(  356):   2: sent at 137900000000, MotionEvent { action=ACTION_UP, id[0]=0, x[0]=259.0, y[0]=24.0, toolType[0]=TOOL_TYPE_UNKNOWN, buttonState=0, metaState=0, flags=0x0, edgeFlags=0x0, pointerCount=1, historySize=0, eventTime=137900, downTime=137895, deviceId=0, source=0x1002 }
D/InputEventConsistencyVerifier(  356):   3: sent at 137896000000, MotionEvent { action=ACTION_DOWN, id[0]=0, x[0]=266.0, y[0]=26.0, toolType[0]=TOOL_TYPE_UNKNOWN, buttonState=0, metaState=0, flags=0x80000000, edgeFlags=0x0, pointerCount=1, historySize=0, eventTime=137896, downTime=137895, deviceId=0, source=0x1002 }
D/InputEventConsistencyVerifier(  356):   4: sent at 137110000000, MotionEvent { action=ACTION_DOWN, id[0]=0, x[0]=227.0, y[0]=649.0, toolType[0]=TOOL_TYPE_UNKNOWN, buttonState=0, metaState=0, flags=0x0, edgeFlags=0x0, pointerCount=1, historySize=0, eventTime=137110, downTime=137109, deviceId=0, source=0x1002 }
D/InputEventConsistencyVerifier(  356):   5: sent at 136851000000, MotionEvent { action=ACTION_UP, id[0]=0, x[0]=401.0, y[0]=37.0, toolType[0]=TOOL_TYPE_UNKNOWN, buttonState=0, metaState=0, flags=0x0, edgeFlags=0x0, pointerCount=1, historySize=0, eventTime=136851, downTime=136845, deviceId=0, source=0x1002 }
D/InputEventConsistencyVerifier(  356): TouchEvent: ACTION_DOWN but pointers are already down.  Probably missing ACTION_UP from previous gesture.
D/InputEventConsistencyVerifier(  356):   in android.view.ScaleGestureDetector@b3e8ce48
D/InputEventConsistencyVerifier(  356):   0: sent at 138178000000, MotionEvent { action=ACTION_DOWN, id[0]=0, x[0]=33.0, y[0]=368.0, toolType[0]=TOOL_TYPE_UNKNOWN, buttonState=0, metaState=0, flags=0x0, edgeFlags=0x0, pointerCount=1, historySize=0, eventTime=138178, downTime=138177, deviceId=0, source=0x1002 }
D/InputEventConsistencyVerifier(  356):   -- recent events --
D/InputEventConsistencyVerifier(  356):   1: sent at 138161000000, MotionEvent { action=ACTION_DOWN, id[0]=0, x[0]=222.0, y[0]=616.0, toolType[0]=TOOL_TYPE_UNKNOWN, buttonState=0, metaState=0, flags=0x80000000, edgeFlags=0x0, pointerCount=1, historySize=0, eventTime=138161, downTime=138161, deviceId=0, source=0x1002 }
D/InputEventConsistencyVerifier(  356):   2: sent at 138032000000, MotionEvent { action=ACTION_DOWN, id[0]=0, x[0]=421.0, y[0]=290.0, toolType[0]=TOOL_TYPE_UNKNOWN, buttonState=0, metaState=0, flags=0x0, edgeFlags=0x0, pointerCount=1, historySize=0, eventTime=138032, downTime=138032, deviceId=0, source=0x1002 }
D/InputEventConsistencyVerifier(  356):   3: sent at 137900000000, MotionEvent { action=ACTION_UP, id[0]=0, x[0]=259.0, y[0]=24.0, toolType[0]=TOOL_TYPE_UNKNOWN, buttonState=0, metaState=0, flags=0x0, edgeFlags=0x0, pointerCount=1, historySize=0, eventTime=137900, downTime=137895, deviceId=0, source=0x1002 }
D/InputEventConsistencyVerifier(  356):   4: sent at 137896000000, MotionEvent { action=ACTION_DOWN, id[0]=0, x[0]=266.0, y[0]=26.0, toolType[0]=TOOL_TYPE_UNKNOWN, buttonState=0, metaState=0, flags=0x80000000, edgeFlags=0x0, pointerCount=1, historySize=0, eventTime=137896, downTime=137895, deviceId=0, source=0x1002 }
D/InputEventConsistencyVerifier(  356):   5: sent at 137110000000, MotionEvent { action=ACTION_DOWN, id[0]=0, x[0]=227.0, y[0]=649.0, toolType[0]=TOOL_TYPE_UNKNOWN, buttonState=0, metaState=0, flags=0x0, edgeFlags=0x0, pointerCount=1, historySize=0, eventTime=137110, downTime=137109, deviceId=0, source=0x1002 }
D/InputEventConsistencyVerifier(  356): TouchEvent: ACTION_DOWN but pointers are already down.  Probably missing ACTION_UP from previous gesture.
D/InputEventConsistencyVerifier(  356):   in android.view.ScaleGestureDetector@b3e8ce48
D/InputEventConsistencyVerifier(  356):   0: sent at 138248000000, MotionEvent { action=ACTION_DOWN, id[0]=0, x[0]=184.0, y[0]=333.0, toolType[0]=TOOL_TYPE_UNKNOWN, buttonState=0, metaState=0, flags=0x0, edgeFlags=0x0, pointerCount=1, historySize=0, eventTime=138248, downTime=138247, deviceId=0, source=0x1002 }
D/InputEventConsistencyVerifier(  356):   -- recent events --
D/InputEventConsistencyVerifier(  356):   1: sent at 138178000000, MotionEvent { action=ACTION_DOWN, id[0]=0, x[0]=33.0, y[0]=368.0, toolType[0]=TOOL_TYPE_UNKNOWN, buttonState=0, metaState=0, flags=0x80000000, edgeFlags=0x0, pointerCount=1, historySize=0, eventTime=138178, downTime=138177, deviceId=0, source=0x1002 }
D/InputEventConsistencyVerifier(  356):   2: sent at 138161000000, MotionEvent { action=ACTION_DOWN, id[0]=0, x[0]=222.0, y[0]=616.0, toolType[0]=TOOL_TYPE_UNKNOWN, buttonState=0, metaState=0, flags=0x80000000, edgeFlags=0x0, pointerCount=1, historySize=0, eventTime=138161, downTime=138161, deviceId=0, source=0x1002 }
D/InputEventConsistencyVerifier(  356):   3: sent at 138032000000, MotionEvent { action=ACTION_DOWN, id[0]=0, x[0]=421.0, y[0]=290.0, toolType[0]=TOOL_TYPE_UNKNOWN, buttonState=0, metaState=0, flags=0x0, edgeFlags=0x0, pointerCount=1, historySize=0, eventTime=138032, downTime=138032, deviceId=0, source=0x1002 }
D/InputEventConsistencyVerifier(  356):   4: sent at 137900000000, MotionEvent { action=ACTION_UP, id[0]=0, x[0]=259.0, y[0]=24.0, toolType[0]=TOOL_TYPE_UNKNOWN, buttonState=0, metaState=0, flags=0x0, edgeFlags=0x0, pointerCount=1, historySize=0, eventTime=137900, downTime=137895, deviceId=0, source=0x1002 }
D/InputEventConsistencyVerifier(  356):   5: sent at 137896000000, MotionEvent { action=ACTION_DOWN, id[0]=0, x[0]=266.0, y[0]=26.0, toolType[0]=TOOL_TYPE_UNKNOWN, buttonState=0, metaState=0, flags=0x80000000, edgeFlags=0x0, pointerCount=1, historySize=0, eventTime=137896, downTime=137895, deviceId=0, source=0x1002 }
D/InputEventConsistencyVerifier(  356): TouchEvent: ACTION_DOWN but pointers are already down.  Probably missing ACTION_UP from previous gesture.
D/InputEventConsistencyVerifier(  356):   in android.view.ScaleGestureDetector@b3e8ce48
D/InputEventConsistencyVerifier(  356):   0: sent at 138269000000, MotionEvent { action=ACTION_DOWN, id[0]=0, x[0]=137.0, y[0]=326.0, toolType[0]=TOOL_TYPE_UNKNOWN, buttonState=0, metaState=0, flags=0x0, edgeFlags=0x0, pointerCount=1, historySize=0, eventTime=138269, downTime=138269, deviceId=0, source=0x1002 }
D/InputEventConsistencyVerifier(  356):   -- recent events --
D/InputEventConsistencyVerifier(  356):   1: sent at 138248000000, MotionEvent { action=ACTION_DOWN, id[0]=0, x[0]=184.0, y[0]=333.0, toolType[0]=TOOL_TYPE_UNKNOWN, buttonState=0, metaState=0, flags=0x80000000, edgeFlags=0x0, pointerCount=1, historySize=0, eventTime=138248, downTime=138247, deviceId=0, source=0x1002 }
D/InputEventConsistencyVerifier(  356):   2: sent at 138178000000, MotionEvent { action=ACTION_DOWN, id[0]=0, x[0]=33.0, y[0]=368.0, toolType[0]=TOOL_TYPE_UNKNOWN, buttonState=0, metaState=0, flags=0x80000000, edgeFlags=0x0, pointerCount=1, historySize=0, eventTime=138178, downTime=138177, deviceId=0, source=0x1002 }
D/InputEventConsistencyVerifier(  356):   3: sent at 138161000000, MotionEvent { action=ACTION_DOWN, id[0]=0, x[0]=222.0, y[0]=616.0, toolType[0]=TOOL_TYPE_UNKNOWN, buttonState=0, metaState=0, flags=0x80000000, edgeFlags=0x0, pointerCount=1, historySize=0, eventTime=138161, downTime=138161, deviceId=0, source=0x1002 }
D/InputEventConsistencyVerifier(  356):   4: sent at 138032000000, MotionEvent { action=ACTION_DOWN, id[0]=0, x[0]=421.0, y[0]=290.0, toolType[0]=TOOL_TYPE_UNKNOWN, buttonState=0, metaState=0, flags=0x0, edgeFlags=0x0, pointerCount=1, historySize=0, eventTime=138032, downTime=138032, deviceId=0, source=0x1002 }
D/InputEventConsistencyVerifier(  356):   5: sent at 137900000000, MotionEvent { action=ACTION_UP, id[0]=0, x[0]=259.0, y[0]=24.0, toolType[0]=TOOL_TYPE_UNKNOWN, buttonState=0, metaState=0, flags=0x0, edgeFlags=0x0, pointerCount=1, historySize=0, eventTime=137900, downTime=137895, deviceId=0, source=0x1002 }
I/Choreographer(  955): Skipped 137 frames!  The application may be doing too much work on its main thread.
D/InputEventConsistencyVerifier(  356): KeyEvent: ACTION_UP but key was not down.
D/InputEventConsistencyVerifier(  356):   in com.android.systemui.statusbar.phone.StatusBarWindowView@b3ded290
D/InputEventConsistencyVerifier(  356):   0: sent at 138401000000, KeyEvent { action=ACTION_UP, keyCode=KEYCODE_DPAD_UP, scanCode=0, metaState=0, flags=0x8, repeatCount=0, eventTime=138401, downTime=138401, deviceId=-1, source=0x101 }
D/InputEventConsistencyVerifier(  356):   -- recent events --
D/InputEventConsistencyVerifier(  356):   1: sent at 138284000000, MotionEvent { action=ACTION_UP, id[0]=0, x[0]=128.0, y[0]=341.0, toolType[0]=TOOL_TYPE_UNKNOWN, buttonState=0, metaState=0, flags=0x0, edgeFlags=0x0, pointerCount=1, historySize=0, eventTime=138284, downTime=138269, deviceId=0, source=0x1002 }
D/InputEventConsistencyVerifier(  356):   2: sent at 138269000000, MotionEvent { action=ACTION_DOWN, id[0]=0, x[0]=137.0, y[0]=326.0, toolType[0]=TOOL_TYPE_UNKNOWN, buttonState=0, metaState=0, flags=0x0, edgeFlags=0x0, pointerCount=1, historySize=0, eventTime=138269, downTime=138269, deviceId=0, source=0x1002 }
D/InputEventConsistencyVerifier(  356):   3: sent at 138264000000, MotionEvent { action=ACTION_UP, id[0]=0, x[0]=209.0, y[0]=358.0, toolType[0]=TOOL_TYPE_UNKNOWN, buttonState=0, metaState=0, flags=0x0, edgeFlags=0x0, pointerCount=1, historySize=0, eventTime=138264, downTime=138247, deviceId=0, source=0x1002 }
D/InputEventConsistencyVerifier(  356):   4: sent at 138262000000, MotionEvent { action=ACTION_MOVE, id[0]=0, x[0]=194.0, y[0]=355.0, toolType[0]=TOOL_TYPE_UNKNOWN, buttonState=0, metaState=0, flags=0x0, edgeFlags=0x0, pointerCount=1, historySize=0, eventTime=138262, downTime=138247, deviceId=0, source=0x1002 }
D/InputEventConsistencyVerifier(  356):   5: sent at 138248000000, MotionEvent { action=ACTION_DOWN, id[0]=0, x[0]=184.0, y[0]=333.0, toolType[0]=TOOL_TYPE_UNKNOWN, buttonState=0, metaState=0, flags=0x0, edgeFlags=0x0, pointerCount=1, historySize=0, eventTime=138248, downTime=138247, deviceId=0, source=0x1002 }
I/Choreographer(  356): Skipped 122 frames!  The application may be doing too much work on its main thread.
D/InputEventConsistencyVerifier(  356): KeyEvent: ACTION_UP but key was not down.
D/InputEventConsistencyVerifier(  356):   in com.android.systemui.statusbar.phone.StatusBarWindowView@b3ded290
D/InputEventConsistencyVerifier(  356):   0: sent at 138544000000, KeyEvent { action=ACTION_UP, keyCode=KEYCODE_DPAD_UP, scanCode=0, metaState=0, flags=0x8, repeatCount=0, eventTime=138544, downTime=138544, deviceId=-1, source=0x101 }
D/InputEventConsistencyVerifier(  356):   -- recent events --
D/InputEventConsistencyVerifier(  356):   1: sent at 138504000000, (unhandled) MotionEvent { action=ACTION_MOVE, id[0]=0, x[0]=1.0, y[0]=1.0, toolType[0]=TOOL_TYPE_UNKNOWN, buttonState=0, metaState=0, flags=0x0, edgeFlags=0x0, pointerCount=1, historySize=9, eventTime=138504, downTime=-1, deviceId=0, source=0x10004 }
D/InputEventConsistencyVerifier(  356):   2: sent at 138401000000, (unhandled) KeyEvent { action=ACTION_UP, keyCode=KEYCODE_DPAD_UP, scanCode=0, metaState=0, flags=0x80000008, repeatCount=0, eventTime=138401, downTime=138401, deviceId=-1, source=0x101 }
D/InputEventConsistencyVerifier(  356):   3: sent at 138284000000, MotionEvent { action=ACTION_UP, id[0]=0, x[0]=128.0, y[0]=341.0, toolType[0]=TOOL_TYPE_UNKNOWN, buttonState=0, metaState=0, flags=0x0, edgeFlags=0x0, pointerCount=1, historySize=0, eventTime=138284, downTime=138269, deviceId=0, source=0x1002 }
D/InputEventConsistencyVerifier(  356):   4: sent at 138269000000, MotionEvent { action=ACTION_DOWN, id[0]=0, x[0]=137.0, y[0]=326.0, toolType[0]=TOOL_TYPE_UNKNOWN, buttonState=0, metaState=0, flags=0x0, edgeFlags=0x0, pointerCount=1, historySize=0, eventTime=138269, downTime=138269, deviceId=0, source=0x1002 }
D/InputEventConsistencyVerifier(  356):   5: sent at 138264000000, MotionEvent { action=ACTION_UP, id[0]=0, x[0]=209.0, y[0]=358.0, toolType[0]=TOOL_TYPE_UNKNOWN, buttonState=0, metaState=0, flags=0x0, edgeFlags=0x0, pointerCount=1, historySize=0, eventTime=138264, downTime=138247, deviceId=0, source=0x1002 }
W/dalvikvm(  356): DroidBox: { "FdAccess": { "path": "2f70726f632f6d656d696e666f", "id": "1425467129" } }
W/DroidBox(  356): DroidBox: { "FileRW": { "operation": "read", "data": "4d656d546f74616c3a202020202020202020373438393634206b420a4d656d467265653a20202020202020202020343433373830206b420a427566666572733a20202020202020202020202035343638206b420a4361636865643a202020202020202020", "id": "1425467129" } }
D/InputEventConsistencyVerifier(  955): TrackballEvent: Trackball is down but pressure is not greater than 0.
D/InputEventConsistencyVerifier(  955):   in android.view.ViewRootImpl@b415fec8
D/InputEventConsistencyVerifier(  955):   0: sent at 138724000000, MotionEvent { action=ACTION_DOWN, id[0]=0, x[0]=0.0, y[0]=0.0, toolType[0]=TOOL_TYPE_UNKNOWN, buttonState=0, metaState=0, flags=0x0, edgeFlags=0x0, pointerCount=1, historySize=0, eventTime=138724, downTime=138673, deviceId=0, source=0x10004 }
D/InputEventConsistencyVerifier(  955):   -- recent events --
D/InputEventConsistencyVerifier(  955):   1: sent at 138781000000, KeyEvent { action=ACTION_UP, keyCode=KEYCODE_DPAD_DOWN, scanCode=0, metaState=0, flags=0x400, repeatCount=0, eventTime=138781, downTime=138781, deviceId=-1, source=0x101 }
D/InputEventConsistencyVerifier(  955):   2: sent at 138781000000, KeyEvent { action=ACTION_DOWN, keyCode=KEYCODE_DPAD_DOWN, scanCode=0, metaState=0, flags=0x400, repeatCount=0, eventTime=138781, downTime=138781, deviceId=-1, source=0x101 }
D/InputEventConsistencyVerifier(  955):   3: sent at 138780000000, KeyEvent { action=ACTION_UP, keyCode=KEYCODE_DPAD_DOWN, scanCode=0, metaState=0, flags=0x400, repeatCount=0, eventTime=138780, downTime=138780, deviceId=-1, source=0x101 }
D/InputEventConsistencyVerifier(  955):   4: sent at 138780000000, KeyEvent { action=ACTION_DOWN, keyCode=KEYCODE_DPAD_DOWN, scanCode=0, metaState=0, flags=0x400, repeatCount=0, eventTime=138780, downTime=138780, deviceId=-1, source=0x101 }
D/InputEventConsistencyVerifier(  955):   5: sent at 138749000000, KeyEvent { action=ACTION_UP, keyCode=KEYCODE_DPAD_DOWN, scanCode=0, metaState=0, flags=0x400, repeatCount=0, eventTime=138749, downTime=138749, deviceId=-1, source=0x101 }
I/Choreographer(  356): Skipped 38 frames!  The application may be doing too much work on its main thread.
D/PhoneStatusBar(  356): disable: < expand icons alerts ticker* system_info back home recent clock >
I/Choreographer(  955): Skipped 114 frames!  The application may be doing too much work on its main thread.
I/Choreographer(  955): Skipped 142 frames!  The application may be doing too much work on its main thread.
D/InputEventConsistencyVerifier(  356): TouchEvent: ACTION_DOWN but pointers are already down.  Probably missing ACTION_UP from previous gesture.
D/InputEventConsistencyVerifier(  356):   in android.view.ScaleGestureDetector@b3e8ce48
D/InputEventConsistencyVerifier(  356):   0: sent at 139698000000, MotionEvent { action=ACTION_DOWN, id[0]=0, x[0]=72.0, y[0]=27.0, toolType[0]=TOOL_TYPE_UNKNOWN, buttonState=0, metaState=0, flags=0x0, edgeFlags=0x0, pointerCount=1, historySize=0, eventTime=139698, downTime=139698, deviceId=0, source=0x1002 }
D/InputEventConsistencyVerifier(  356):   -- recent events --
D/InputEventConsistencyVerifier(  356):   1: sent at 138269000000, MotionEvent { action=ACTION_DOWN, id[0]=0, x[0]=137.0, y[0]=326.0, toolType[0]=TOOL_TYPE_UNKNOWN, buttonState=0, metaState=0, flags=0x80000000, edgeFlags=0x0, pointerCount=1, historySize=0, eventTime=138269, downTime=138269, deviceId=0, source=0x1002 }
D/InputEventConsistencyVerifier(  356):   2: sent at 138248000000, MotionEvent { action=ACTION_DOWN, id[0]=0, x[0]=184.0, y[0]=333.0, toolType[0]=TOOL_TYPE_UNKNOWN, buttonState=0, metaState=0, flags=0x80000000, edgeFlags=0x0, pointerCount=1, historySize=0, eventTime=138248, downTime=138247, deviceId=0, source=0x1002 }
D/InputEventConsistencyVerifier(  356):   3: sent at 138178000000, MotionEvent { action=ACTION_DOWN, id[0]=0, x[0]=33.0, y[0]=368.0, toolType[0]=TOOL_TYPE_UNKNOWN, buttonState=0, metaState=0, flags=0x80000000, edgeFlags=0x0, pointerCount=1, historySize=0, eventTime=138178, downTime=138177, deviceId=0, source=0x1002 }
D/InputEventConsistencyVerifier(  356):   4: sent at 138161000000, MotionEvent { action=ACTION_DOWN, id[0]=0, x[0]=222.0, y[0]=616.0, toolType[0]=TOOL_TYPE_UNKNOWN, buttonState=0, metaState=0, flags=0x80000000, edgeFlags=0x0, pointerCount=1, historySize=0, eventTime=138161, downTime=138161, deviceId=0, source=0x1002 }
D/InputEventConsistencyVerifier(  356):   5: sent at 138032000000, MotionEvent { action=ACTION_DOWN, id[0]=0, x[0]=421.0, y[0]=290.0, toolType[0]=TOOL_TYPE_UNKNOWN, buttonState=0, metaState=0, flags=0x0, edgeFlags=0x0, pointerCount=1, historySize=0, eventTime=138032, downTime=138032, deviceId=0, source=0x1002 }
I/Choreographer(  356): Skipped 61 frames!  The application may be doing too much work on its main thread.
W/InputManager(  222): Input event injection from pid 918 failed.
I/Choreographer(  955): Skipped 58 frames!  The application may be doing too much work on its main thread.
D/InputEventConsistencyVerifier(  356): KeyEvent: ACTION_UP but key was not down.
D/InputEventConsistencyVerifier(  356):   in com.android.systemui.statusbar.phone.StatusBarWindowView@b3ded290
D/InputEventConsistencyVerifier(  356):   0: sent at 140094000000, KeyEvent { action=ACTION_UP, keyCode=KEYCODE_DPAD_LEFT, scanCode=0, metaState=0, flags=0x8, repeatCount=0, eventTime=140094, downTime=140094, deviceId=-1, source=0x101 }
D/InputEventConsistencyVerifier(  356):   -- recent events --
D/InputEventConsistencyVerifier(  356):   1: sent at 139714000000, MotionEvent { action=ACTION_UP, id[0]=0, x[0]=81.0, y[0]=10.0, toolType[0]=TOOL_TYPE_UNKNOWN, buttonState=0, metaState=0, flags=0x0, edgeFlags=0x0, pointerCount=1, historySize=0, eventTime=139714, downTime=139698, deviceId=0, source=0x1002 }
D/InputEventConsistencyVerifier(  356):   2: sent at 139698000000, MotionEvent { action=ACTION_DOWN, id[0]=0, x[0]=72.0, y[0]=27.0, toolType[0]=TOOL_TYPE_UNKNOWN, buttonState=0, metaState=0, flags=0x0, edgeFlags=0x0, pointerCount=1, historySize=0, eventTime=139698, downTime=139698, deviceId=0, source=0x1002 }
D/InputEventConsistencyVerifier(  356):   3: sent at 138833000000, (unhandled) KeyEvent { action=ACTION_UP, keyCode=KEYCODE_DPAD_UP, scanCode=0, metaState=0, flags=0x400, repeatCount=0, eventTime=138833, downTime=138833, deviceId=-1, source=0x101 }
D/InputEventConsistencyVerifier(  356):   4: sent at 138833000000, (unhandled) KeyEvent { action=ACTION_DOWN, keyCode=KEYCODE_DPAD_UP, scanCode=0, metaState=0, flags=0x400, repeatCount=0, eventTime=138833, downTime=138833, deviceId=-1, source=0x101 }
D/InputEventConsistencyVerifier(  356):   5: sent at 138698000000, (unhandled) MotionEvent { action=ACTION_MOVE, id[0]=0, x[0]=-1.0, y[0]=-1.0, toolType[0]=TOOL_TYPE_UNKNOWN, buttonState=0, metaState=0, flags=0x0, edgeFlags=0x0, pointerCount=1, historySize=6, eventTime=138698, downTime=-1, deviceId=0, source=0x10004 }
W/dalvikvm(  356): DroidBox: { "FdAccess": { "path": "2f70726f632f6d656d696e666f", "id": "969812187" } }
W/DroidBox(  356): DroidBox: { "FileRW": { "operation": "read", "data": "4d656d546f74616c3a202020202020202020373438393634206b420a4d656d467265653a20202020202020202020343433373830206b420a427566666572733a20202020202020202020202035343638206b420a4361636865643a202020202020202020", "id": "969812187" } }
I/Choreographer(  356): Skipped 49 frames!  The application may be doing too much work on its main thread.
W/dalvikvm(  356): DroidBox: { "FdAccess": { "path": "2f70726f632f6d656d696e666f", "id": "1071950999" } }
W/DroidBox(  356): DroidBox: { "FileRW": { "operation": "read", "data": "4d656d546f74616c3a202020202020202020373438393634206b420a4d656d467265653a20202020202020202020343433373830206b420a427566666572733a20202020202020202020202035343638206b420a4361636865643a202020202020202020", "id": "1071950999" } }
W/InputMethodManagerService(  222): Window already focused, ignoring focus gain of: com.android.internal.view.IInputMethodClient$Stub$Proxy@b40af268 attribute=android.view.inputmethod.EditorInfo@b40af280
I/Choreographer(  955): Skipped 37 frames!  The application may be doing too much work on its main thread.
I/Choreographer(  356): Skipped 40 frames!  The application may be doing too much work on its main thread.
W/dalvikvm(  356): DroidBox: { "FdAccess": { "path": "2f70726f632f6d656d696e666f", "id": "1700075914" } }
W/DroidBox(  356): DroidBox: { "FileRW": { "operation": "read", "data": "4d656d546f74616c3a202020202020202020373438393634206b420a4d656d467265653a20202020202020202020343434313532206b420a427566666572733a20202020202020202020202035343638206b420a4361636865643a202020202020202020", "id": "1700075914" } }
D/PhoneStatusBar(  356): disable: < expand icons alerts TICKER* system_info back home recent clock >
D/InputEventConsistencyVerifier(  356): TouchEvent: ACTION_DOWN but pointers are already down.  Probably missing ACTION_UP from previous gesture.
D/InputEventConsistencyVerifier(  356):   in android.view.ScaleGestureDetector@b3e8ce48
D/InputEventConsistencyVerifier(  356):   0: sent at 140428000000, MotionEvent { action=ACTION_DOWN, id[0]=0, x[0]=237.0, y[0]=293.0, toolType[0]=TOOL_TYPE_UNKNOWN, buttonState=0, metaState=0, flags=0x0, edgeFlags=0x0, pointerCount=1, historySize=0, eventTime=140428, downTime=140428, deviceId=0, source=0x1002 }
D/InputEventConsistencyVerifier(  356):   -- recent events --
D/InputEventConsistencyVerifier(  356):   1: sent at 140384000000, MotionEvent { action=ACTION_DOWN, id[0]=0, x[0]=230.0, y[0]=235.0, toolType[0]=TOOL_TYPE_UNKNOWN, buttonState=0, metaState=0, flags=0x0, edgeFlags=0x0, pointerCount=1, historySize=0, eventTime=140384, downTime=140382, deviceId=0, source=0x1002 }
D/InputEventConsistencyVerifier(  356):   2: sent at 140235000000, MotionEvent { action=ACTION_UP, id[0]=0, x[0]=157.0, y[0]=0.0, toolType[0]=TOOL_TYPE_UNKNOWN, buttonState=0, metaState=0, flags=0x0, edgeFlags=0x0, pointerCount=1, historySize=0, eventTime=140235, downTime=140170, deviceId=0, source=0x1002 }
D/InputEventConsistencyVerifier(  356):   3: sent at 140232000000, MotionEvent { action=ACTION_POINTER_UP(1), id[0]=0, x[0]=147.0, y[0]=0.0, toolType[0]=TOOL_TYPE_UNKNOWN, id[1]=1, x[1]=137.0, y[1]=0.0, toolType[1]=TOOL_TYPE_UNKNOWN, buttonState=0, metaState=0, flags=0x0, edgeFlags=0x0, pointerCount=2, historySize=0, eventTime=140232, downTime=140170, deviceId=0, source=0x1002 }
D/InputEventConsistencyVerifier(  356):   4: sent at 140228000000, MotionEvent { action=ACTION_MOVE, id[0]=0, x[0]=146.0, y[0]=0.0, toolType[0]=TOOL_TYPE_UNKNOWN, id[1]=1, x[1]=134.0, y[1]=0.0, toolType[1]=TOOL_TYPE_UNKNOWN, buttonState=0, metaState=0, flags=0x0, edgeFlags=0x0, pointerCount=2, historySize=2, eventTime=140228, downTime=140170, deviceId=0, source=0x1002 }
D/InputEventConsistencyVerifier(  356):   5: sent at 140199000000, MotionEvent { action=ACTION_MOVE, id[0]=0, x[0]=119.0, y[0]=0.0, toolType[0]=TOOL_TYPE_UNKNOWN, id[1]=1, x[1]=128.5, y[1]=1.0, toolType[1]=TOOL_TYPE_UNKNOWN, buttonState=0, metaState=0, flags=0x0, edgeFlags=0x0, pointerCount=2, historySize=4, eventTime=140199, downTime=140170, deviceId=0, source=0x1002 }
D/PhoneStatusBar(  356): disable: < expand icons alerts ticker* system_info back home recent clock >
W/InputMethodManagerService(  222): Window already focused, ignoring focus gain of: com.android.internal.view.IInputMethodClient$Stub$Proxy@b4165e58 attribute=android.view.inputmethod.EditorInfo@b4165e70
D/InputEventConsistencyVerifier(  955): KeyEvent: ACTION_UP but key was not down.
D/InputEventConsistencyVerifier(  955):   in android.widget.LinearLayout@b3dbd668
D/InputEventConsistencyVerifier(  955):   0: sent at 140530000000, KeyEvent { action=ACTION_UP, keyCode=KEYCODE_DVR, scanCode=0, metaState=0, flags=0x8, repeatCount=0, eventTime=140530, downTime=140530, deviceId=-1, source=0x101 }
D/InputEventConsistencyVerifier(  955):   -- recent events --
D/InputEventConsistencyVerifier(  955):   1: sent at 136897000000, (unhandled) KeyEvent { action=ACTION_UP, keyCode=KEYCODE_MENU, scanCode=0, metaState=0, flags=0x8, repeatCount=0, eventTime=136897, downTime=136897, deviceId=-1, source=0x101 }
D/InputEventConsistencyVerifier(  955):   2: sent at 136857000000, (unhandled) KeyEvent { action=ACTION_DOWN, keyCode=KEYCODE_MENU, scanCode=0, metaState=0, flags=0x8, repeatCount=0, eventTime=136857, downTime=136857, deviceId=-1, source=0x101 }
D/InputEventConsistencyVerifier(  955):   3: sent at 136778000000, (unhandled) KeyEvent { action=ACTION_UP, keyCode=KEYCODE_DPAD_UP, scanCode=0, metaState=0, flags=0x8, repeatCount=0, eventTime=136778, downTime=136778, deviceId=-1, source=0x101 }
D/InputEventConsistencyVerifier(  955):   4: sent at 136770000000, (unhandled) KeyEvent { action=ACTION_DOWN, keyCode=KEYCODE_DPAD_UP, scanCode=0, metaState=0, flags=0x8, repeatCount=0, eventTime=136770, downTime=136770, deviceId=-1, source=0x101 }
D/InputEventConsistencyVerifier(  955):   5: sent at 136241000000, (unhandled) MotionEvent { action=ACTION_DOWN, id[0]=0, x[0]=48.0, y[0]=430.0, toolType[0]=TOOL_TYPE_UNKNOWN, buttonState=0, metaState=0, flags=0x0, edgeFlags=0x0, pointerCount=1, historySize=0, eventTime=136241, downTime=136230, deviceId=0, source=0x1002 }
D/InputEventConsistencyVerifier(  955): KeyEvent: ACTION_UP but key was not down.
D/InputEventConsistencyVerifier(  955):   in android.view.ViewRootImpl@b4138bb0
D/InputEventConsistencyVerifier(  955):   0: sent at 140561000000, KeyEvent { action=ACTION_UP, keyCode=KEYCODE_LANGUAGE_SWITCH, scanCode=0, metaState=0, flags=0x8, repeatCount=0, eventTime=140561, downTime=140561, deviceId=-1, source=0x101 }
D/InputEventConsistencyVerifier(  955):   -- recent events --
D/InputEventConsistencyVerifier(  955):   1: sent at 140530000000, KeyEvent { action=ACTION_UP, keyCode=KEYCODE_DVR, scanCode=0, metaState=0, flags=0x8, repeatCount=0, eventTime=140530, downTime=140530, deviceId=-1, source=0x101 }
D/InputEventConsistencyVerifier(  955):   2: sent at 140485000000, KeyEvent { action=ACTION_DOWN, keyCode=KEYCODE_DVR, scanCode=0, metaState=0, flags=0x8, repeatCount=0, eventTime=140485, downTime=140485, deviceId=-1, source=0x101 }
D/InputEventConsistencyVerifier(  955):   3: sent at 136897000000, KeyEvent { action=ACTION_UP, keyCode=KEYCODE_MENU, scanCode=0, metaState=0, flags=0x8, repeatCount=0, eventTime=136897, downTime=136897, deviceId=-1, source=0x101 }
D/InputEventConsistencyVerifier(  955):   4: sent at 136857000000, KeyEvent { action=ACTION_DOWN, keyCode=KEYCODE_MENU, scanCode=0, metaState=0, flags=0x8, repeatCount=0, eventTime=136857, downTime=136857, deviceId=-1, source=0x101 }
D/InputEventConsistencyVerifier(  955):   5: sent at 136778000000, KeyEvent { action=ACTION_UP, keyCode=KEYCODE_DPAD_UP, scanCode=0, metaState=0, flags=0x8, repeatCount=0, eventTime=136778, downTime=136778, deviceId=-1, source=0x101 }
D/InputEventConsistencyVerifier(  955): KeyEvent: ACTION_DOWN but key is already down and this event is not a key repeat.
D/InputEventConsistencyVerifier(  955):   in android.widget.LinearLayout@b3dbd668
D/InputEventConsistencyVerifier(  955):   0: sent at 140636000000, KeyEvent { action=ACTION_DOWN, keyCode=KEYCODE_DPAD_CENTER, scanCode=0, metaState=0, flags=0x8, repeatCount=0, eventTime=140636, downTime=140636, deviceId=-1, source=0x101 }
D/InputEventConsistencyVerifier(  955):   -- recent events --
D/InputEventConsistencyVerifier(  955):   1: sent at 140676000000, (unhandled) KeyEvent { action=ACTION_MULTIPLE, keyCode=KEYCODE_DPAD_LEFT, scanCode=0, metaState=0, flags=0x400, repeatCount=4, eventTime=140676, downTime=140676, deviceId=-1, source=0x101 }
D/InputEventConsistencyVerifier(  955):   2: sent at 140671000000, (unhandled) KeyEvent { action=ACTION_UP, keyCode=KEYCODE_DPAD_LEFT, scanCode=0, metaState=0, flags=0x400, repeatCount=0, eventTime=140671, downTime=140671, deviceId=-1, source=0x101 }
D/InputEventConsistencyVerifier(  955):   3: sent at 140671000000, (unhandled) KeyEvent { action=ACTION_DOWN, keyCode=KEYCODE_DPAD_LEFT, scanCode=0, metaState=0, flags=0x400, repeatCount=0, eventTime=140671, downTime=140671, deviceId=-1, source=0x101 }
D/InputEventConsistencyVerifier(  955):   4: sent at 140671000000, (unhandled) KeyEvent { action=ACTION_UP, keyCode=KEYCODE_DPAD_LEFT, scanCode=0, metaState=0, flags=0x400, repeatCount=0, eventTime=140671, downTime=140671, deviceId=-1, source=0x101 }
D/InputEventConsistencyVerifier(  955):   5: sent at 140671000000, (unhandled) KeyEvent { action=ACTION_DOWN, keyCode=KEYCODE_DPAD_LEFT, scanCode=0, metaState=0, flags=0x400, repeatCount=0, eventTime=140671, downTime=140671, deviceId=-1, source=0x101 }
I/Choreographer(  955): Skipped 36 frames!  The application may be doing too much work on its main thread.
D/InputEventConsistencyVerifier(  955): TrackballEvent: Trackball is down but pressure is not greater than 0.
D/InputEventConsistencyVerifier(  955):   in android.view.ViewRootImpl@b3dce350
D/InputEventConsistencyVerifier(  955):   0: sent at 141410000000, MotionEvent { action=ACTION_DOWN, id[0]=0, x[0]=0.0, y[0]=0.0, toolType[0]=TOOL_TYPE_UNKNOWN, buttonState=0, metaState=0, flags=0x0, edgeFlags=0x0, pointerCount=1, historySize=0, eventTime=141410, downTime=141392, deviceId=0, source=0x10004 }
D/InputEventConsistencyVerifier(  955):   -- recent events --
D/InputEventConsistencyVerifier(  955):   1: sent at 141518000000, KeyEvent { action=ACTION_UP, keyCode=KEYCODE_DPAD_LEFT, scanCode=0, metaState=0, flags=0x400, repeatCount=0, eventTime=141518, downTime=141518, deviceId=-1, source=0x101 }
D/InputEventConsistencyVerifier(  955):   2: sent at 141518000000, KeyEvent { action=ACTION_DOWN, keyCode=KEYCODE_DPAD_LEFT, scanCode=0, metaState=0, flags=0x400, repeatCount=0, eventTime=141518, downTime=141518, deviceId=-1, source=0x101 }
D/InputEventConsistencyVerifier(  955):   3: sent at 141516000000, KeyEvent { action=ACTION_UP, keyCode=KEYCODE_DPAD_LEFT, scanCode=0, metaState=0, flags=0x400, repeatCount=0, eventTime=141516, downTime=141516, deviceId=-1, source=0x101 }
D/InputEventConsistencyVerifier(  955):   4: sent at 141516000000, KeyEvent { action=ACTION_DOWN, keyCode=KEYCODE_DPAD_LEFT, scanCode=0, metaState=0, flags=0x400, repeatCount=0, eventTime=141516, downTime=141516, deviceId=-1, source=0x101 }
D/InputEventConsistencyVerifier(  955):   5: sent at 141408000000, MotionEvent { action=ACTION_MOVE, id[0]=0, x[0]=-2.0, y[0]=0.0, toolType[0]=TOOL_TYPE_UNKNOWN, buttonState=0, metaState=0, flags=0x0, edgeFlags=0x0, pointerCount=1, historySize=9, eventTime=141408, downTime=-1, deviceId=0, source=0x10004 }
W/InputManager(  222): Input event injection from pid 918 failed.
W/InputManager(  222): Input event injection from pid 918 failed.
I/Choreographer(  955): Skipped 120 frames!  The application may be doing too much work on its main thread.
W/InputMethodManagerService(  222): Window already focused, ignoring focus gain of: com.android.internal.view.IInputMethodClient$Stub$Proxy@b410a108 attribute=null
D/InputEventConsistencyVerifier(  955): KeyEvent: ACTION_UP but key was not down.
D/InputEventConsistencyVerifier(  955):   in com.android.internal.policy.impl.PhoneWindow$DecorView@b3dbbf28
D/InputEventConsistencyVerifier(  955):   0: sent at 142310000000, KeyEvent { action=ACTION_UP, keyCode=KEYCODE_DPAD_DOWN, scanCode=0, metaState=0, flags=0x400, repeatCount=0, eventTime=142310, downTime=142310, deviceId=-1, source=0x101 }
D/InputEventConsistencyVerifier(  955):   -- recent events --
D/InputEventConsistencyVerifier(  955):   1: sent at 142076000000, (unhandled) MotionEvent { action=ACTION_MOVE, id[0]=0, x[0]=-1.0, y[0]=2.0, toolType[0]=TOOL_TYPE_UNKNOWN, buttonState=0, metaState=0, flags=0x0, edgeFlags=0x0, pointerCount=1, historySize=9, eventTime=142076, downTime=-1, deviceId=0, source=0x10004 }
D/InputEventConsistencyVerifier(  955):   2: sent at 142042000000, (unhandled) MotionEvent { action=ACTION_UP, id[0]=0, x[0]=169.0, y[0]=236.0, toolType[0]=TOOL_TYPE_UNKNOWN, buttonState=0, metaState=0, flags=0x0, edgeFlags=0x0, pointerCount=1, historySize=0, eventTime=142042, downTime=142017, deviceId=0, source=0x1002 }
D/InputEventConsistencyVerifier(  955):   3: sent at 142041000000, (unhandled) MotionEvent { action=ACTION_MOVE, id[0]=0, x[0]=177.0, y[0]=234.0, toolType[0]=TOOL_TYPE_UNKNOWN, buttonState=0, metaState=0, flags=0x0, edgeFlags=0x0, pointerCount=1, historySize=2, eventTime=142041, downTime=142017, deviceId=0, source=0x1002 }
D/InputEventConsistencyVerifier(  955):   4: sent at 142018000000, (unhandled) MotionEvent { action=ACTION_DOWN, id[0]=0, x[0]=197.0, y[0]=223.0, toolType[0]=TOOL_TYPE_UNKNOWN, buttonState=0, metaState=0, flags=0x0, edgeFlags=0x0, pointerCount=1, historySize=0, eventTime=142018, downTime=142017, deviceId=0, source=0x1002 }
D/InputEventConsistencyVerifier(  955):   5: sent at 141066000000, (unhandled) KeyEvent { action=ACTION_UP, keyCode=KEYCODE_DPAD_DOWN, scanCode=0, metaState=0, flags=0x400, repeatCount=0, eventTime=141066, downTime=141066, deviceId=-1, source=0x101 }
D/InputEventConsistencyVerifier(  955): KeyEvent: ACTION_UP but key was not down.
D/InputEventConsistencyVerifier(  955):   in com.android.internal.policy.impl.PhoneWindow$DecorView@b3dbbf28
