W/DroidBox(  981): DroidBox: { "CryptoUsage": { "operation": "decryption", "algorithm": "AES/CBC/PKCS5Padding", "data": "a" } }
W/DroidBox(  981): DroidBox: { "CryptoUsage": { "operation": "decryption", "algorithm": "AES/CBC/PKCS5Padding", "data": "com.google.android.ads.z__.w" } }
W/DroidBox(  981): DroidBox: { "CryptoUsage": { "operation": "keyalgo", "key": "-76, -96, -61, 67, 53, 20, -81, 9, 25, -93, 0, 108, -109, 37, -99, 52", "algorithm": "AES" } }
W/DroidBox(  981): DroidBox: { "CryptoUsage": { "operation": "decryption", "algorithm": "AES/CBC/PKCS5Padding", "data": "a" } }
W/DroidBox(  981): DroidBox: { "CryptoUsage": { "operation": "decryption", "algorithm": "AES/CBC/PKCS5Padding", "data": "a" } }
E/WVMExtractor(   62): Failed to open libwvm.so
W/DroidBox(  981): DroidBox: { "CryptoUsage": { "operation": "decryption", "algorithm": "AES/CBC/PKCS5Padding", "data": "a" } }
W/DroidBox(  981): DroidBox: { "CryptoUsage": { "operation": "decryption", "algorithm": "AES/CBC/PKCS5Padding", "data": "a" } }
E/WVMExtractor(   62): Failed to open libwvm.so
W/DroidBox(  981): DroidBox: { "CryptoUsage": { "operation": "decryption", "algorithm": "AES/CBC/PKCS5Padding", "data": "a" } }
E/WVMExtractor(   62): Failed to open libwvm.so
W/dalvikvm(  981): VFY: unable to resolve static method 28: Landroid/provider/Settings$Global;.getInt (Landroid/content/ContentResolver;Ljava/lang/String;)I
E/WVMExtractor(   62): Failed to open libwvm.so
W/dalvikvm(  963): DroidBox: { "FdAccess": { "path": "706970653a5b353132305d", "id": "884161567" } }
W/DroidBox(  963): DroidBox: { "FileRW": { "operation": "read", "data": "20205049442020202020205673732020202020205273732020202020205073732020202020205573732020636d646c696e650a202035343120202036303932384b20202036303833324b20202032363136334b20202032313331324b2020636f6d2e616e", "id": "884161567" } }
W/dalvikvm(  963): DroidBox: { "FdAccess": { "path": "706970653a5b353132305d", "id": "483075038" } }
W/DroidBox(  963): DroidBox: { "FileRW": { "operation": "read", "data": "00000000000000000000000000000000000000000000000000000000000000000000000000000000000000000000000000000000000000000000000000000000000000000000000000000000000000000000000000000000000000000000000000000000", "id": "483075038" } }
E/WVMExtractor(   62): Failed to open libwvm.so
I/tag     (  981): Intent { cmp=com.wigoal.eyeguard/com.ad.s.dv.js (has extras) }进入了onStartCommandtruecom.wigoal.eyeguard.application.MyApplication@b3d9c370
E/WVMExtractor(   62): Failed to open libwvm.so
W/dalvikvm(  981): DroidBox: { "FdAccess": { "path": "2f646174612f646174612f636f6d2e7769676f616c2e65796567756172642f7368617265645f70726566732f73705f6d69632e786d6c", "id": "1039871266" } }
W/dalvikvm(  981): DroidBox: { "FdAccess": { "path": "2f70726f632f6d656d696e666f", "id": "91073134" } }
W/DroidBox(  981): DroidBox: { "FileRW": { "operation": "read", "data": "4d656d546f74616c3a202020202020202020373438393634206b420a4d656d467265653a20202020202020202020343239333434206b420a427566666572733a20202020202020202020202035373132206b420a4361636865643a202020202020202020", "id": "91073134" } }
E/WVMExtractor(   62): Failed to open libwvm.so
W/DroidBox(  981): DroidBox: { "FileRW": { "operation": "write", "data": "3c3f786d6c2076657273696f6e3d27312e302720656e636f64696e673d277574662d3827207374616e64616c6f6e653d2779657327203f3e0a3c6d61703e0a3c626f6f6c65616e206e616d653d226865617274626561745f6f6b222076616c75653d2266", "id": "1039871266" } }
I/Choreographer(  981): Skipped 1672 frames!  The application may be doing too much work on its main thread.
I/tag     (  981): parame:{androidId=25a0d0c0761b3b48, NetState=1, times=1718098207284, UID=, subid=181204}
I/tag     (  981): ===============
E/WVMExtractor(   62): Failed to open libwvm.so
W/DroidBox(  981): DroidBox: { "CryptoUsage": { "operation": "keyalgo", "key": "99, 111, 109, 46, 97, 110, 100, 114", "algorithm": "DES" } }
W/DroidBox(  981): DroidBox: { "CryptoUsage": { "operation": "encryption", "algorithm": "DES", "data": "{"androidId":"25a0d0c0761b3b48","NetState":"1","times":"1718098207284","UID":"","subid":"181204"}" } }
E/WVMExtractor(   62): Failed to open libwvm.so
E/WVMExtractor(   62): Failed to open libwvm.so
W/dalvikvm(  981): DroidBox: { "FdAccess": { "path": "2f646174612f646174612f636f6d2e7769676f616c2e65796567756172642f7368617265645f70726566732f73705f6d69632e786d6c", "id": "650098904" } }
W/DroidBox(  981): DroidBox: { "FileRW": { "operation": "write", "data": "3c3f786d6c2076657273696f6e3d27312e302720656e636f64696e673d277574662d3827207374616e64616c6f6e653d2779657327203f3e0a3c6d61703e0a3c626f6f6c65616e206e616d653d226865617274626561745f6f6b222076616c75653d2266", "id": "650098904" } }
W/dalvikvm(  981): DroidBox: { "FdAccess": { "path": "2f6465762f7572616e646f6d", "id": "380997058" } }
W/DroidBox(  981): DroidBox: { "FileRW": { "operation": "read", "data": "efbfbdefbfbd412039efbfbdefbfbd6cefbfbdefbfbdefbfbd5e4eefbfbd4defbfbd44efbfbd56", "id": "380997058" } }
W/dalvikvm(  981): DroidBox: { "FdAccess": { "path": "2f646174612f646174612f636f6d2e7769676f616c2e65796567756172642f7368617265645f70726566732f73705f6d69632e786d6c", "id": "2005783580" } }
W/DroidBox(  981): DroidBox: { "FileRW": { "operation": "write", "data": "3c3f786d6c2076657273696f6e3d27312e302720656e636f64696e673d277574662d3827207374616e64616c6f6e653d2779657327203f3e0a3c6d61703e0a3c626f6f6c65616e206e616d653d226865617274626561745f6f6b222076616c75653d2266", "id": "2005783580" } }
E/WVMExtractor(   62): Failed to open libwvm.so
I/ActivityManager(  220): START {cmp=com.wigoal.eyeguard/.MainActivity u=0} from pid 981
W/WindowManager(  220): Failure taking screenshot for (246x410) to layer 21015
E/WVMExtractor(   62): Failed to open libwvm.so
I/Choreographer(  981): Skipped 165 frames!  The application may be doing too much work on its main thread.
W/BackupManagerService(  220): dataChanged but no participant pkg='com.android.providers.settings' uid=1001
W/ActivityManager(  220): Activity pause timeout for ActivityRecord{b3f2f7f0 com.wigoal.eyeguard/.activity.SplashActivity}
D/gralloc_goldfish(  981): Emulator without GPU emulation detected.
I/ActivityManager(  220): Displayed com.wigoal.eyeguard/.activity.SplashActivity: +20s95ms
W/InputMethodManagerService(  220): Focus gain on non-focused client com.android.internal.view.IInputMethodClient$Stub$Proxy@b4233d68 (uid=10050 pid=981)
W/DroidBox(  981): DroidBox: { "OpenNet": { "desthost": "102.132.97.18", "destport": "443", "fd": "48" } }
I/qtaguid (  220): Failed write_ctrl(s 0 10019) res=-1 errno=1
W/NetworkManagementSocketTagger(  220): setKernelCountSet(10019, 0) failed with errno -1
W/dalvikvm(  981): VFY: unable to resolve virtual method 23694: Landroid/view/Window;.setNavigationBarColor (I)V
W/GooglePlayServicesUtil(  981): Google Play Store is missing.
W/dalvikvm(  981): VFY: unable to resolve static method 2381: Landroid/provider/Settings;.canDrawOverlays (Landroid/content/Context;)Z
W/DroidBox(  981): DroidBox: { "OpenNet": { "desthost": "35.167.75.20", "destport": "9082", "fd": "49" } }
W/dalvikvm(  981): VFY: unable to resolve virtual method 893: Landroid/content/Context;.getSystemService (Ljava/lang/Class;)Ljava/lang/Object;
W/dalvikvm(  981): VFY: unable to resolve interface method 23666: Landroid/view/Window$Callback;.onPointerCaptureChanged (Z)V
W/dalvikvm(  981): VFY: unable to resolve interface method 23668: Landroid/view/Window$Callback;.onProvideKeyboardShortcuts (Ljava/util/List;Landroid/view/Menu;I)V
W/dalvikvm(  981): VFY: unable to find class referenced in signature (Landroid/view/SearchEvent;)
W/dalvikvm(  981): VFY: unable to resolve interface method 23670: Landroid/view/Window$Callback;.onSearchRequested (Landroid/view/SearchEvent;)Z
W/dalvikvm(  981): VFY: unable to resolve interface method 23674: Landroid/view/Window$Callback;.onWindowStartingActionMode (Landroid/view/ActionMode$Callback;I)Landroid/view/ActionMode;
W/DroidBox(  981): DroidBox: { "SendNet": { "operation": "send", "data": "504f5354202f2f6f76732f637573746f6d65722f686561727442656174322e646f20485454502f312e310d0a436f6e74656e742d547970653a20746578742f706c61696e0d0a557365722d4167656e743a2044616c76696b2f312e362e3020284c696e75", "desthost": "35.167.75.20", "destport": "9082" , "fd": "49"} }
W/dalvikvm(  981): VFY: unable to resolve virtual method 1150: Landroid/content/res/TypedArray;.getChangingConfigurations ()I
W/dalvikvm(  981): VFY: unable to resolve virtual method 1172: Landroid/content/res/TypedArray;.getType (I)I
W/dalvikvm(  981): VFY: unable to resolve virtual method 860: Landroid/content/Context;.createDeviceProtectedStorageContext ()Landroid/content/Context;
W/dalvikvm(  981): VFY: unable to resolve virtual method 868: Landroid/content/Context;.getCodeCacheDir ()Ljava/io/File;
W/dalvikvm(  981): VFY: unable to resolve virtual method 869: Landroid/content/Context;.getColor (I)I
W/DroidBox(  981): DroidBox: { "RecvNet": { "srchost": "35.167.75.20", "data": "485454502f312e3120323030204f4b0d0a5365727665723a206f70656e72657374792f312e31372e382e320d0a446174653a205475652c203131204a756e20323032342031323a33303a313020474d540d0a436f6e74656e742d547970653a2074657874", "srcport": "9082", "fd": "49" } }
W/dalvikvm(  981): VFY: unable to resolve virtual method 870: Landroid/content/Context;.getColorStateList (I)Landroid/content/res/ColorStateList;
W/dalvikvm(  981): VFY: unable to resolve virtual method 872: Landroid/content/Context;.getDataDir ()Ljava/io/File;
W/dalvikvm(  981): VFY: unable to resolve virtual method 875: Landroid/content/Context;.getDrawable (I)Landroid/graphics/drawable/Drawable;
W/DroidBox(  981): DroidBox: { "RecvNet": { "srchost": "35.167.75.20", "data": "756e6b65640d0a436f6e6e656374696f6e3a206b6565702d616c6976650d0a0d0a32630d0a487134714438763042364c347267644d575659726d657a45736f327438733732746d6645697961755865453d0d0a300d0a0d0a742d547970653a2074657874", "srcport": "9082", "fd": "49" } }
W/dalvikvm(  981): VFY: unable to resolve virtual method 877: Landroid/content/Context;.getExternalCacheDirs ()[Ljava/io/File;
W/dalvikvm(  981): VFY: unable to resolve virtual method 879: Landroid/content/Context;.getExternalFilesDirs (Ljava/lang/String;)[Ljava/io/File;
W/dalvikvm(  981): VFY: unable to resolve virtual method 884: Landroid/content/Context;.getNoBackupFilesDir ()Ljava/io/File;
W/dalvikvm(  981): VFY: unable to resolve virtual method 886: Landroid/content/Context;.getObbDirs ()[Ljava/io/File;
W/dalvikvm(  981): VFY: unable to resolve virtual method 893: Landroid/content/Context;.getSystemService (Ljava/lang/Class;)Ljava/lang/Object;
W/dalvikvm(  981): VFY: unable to resolve virtual method 895: Landroid/content/Context;.getSystemServiceName (Ljava/lang/Class;)Ljava/lang/String;
W/dalvikvm(  981): VFY: unable to resolve virtual method 898: Landroid/content/Context;.isDeviceProtectedStorage ()Z
W/dalvikvm(  981): VFY: unable to resolve virtual method 913: Landroid/content/Context;.startForegroundService (Landroid/content/Intent;)Landroid/content/ComponentName;
W/dalvikvm(  963): DroidBox: { "FdAccess": { "path": "706970653a5b353433325d", "id": "174840026" } }
W/DroidBox(  963): DroidBox: { "FileRW": { "operation": "read", "data": "0a0a2d2d2d2d2d207069642032323020617420323032342d30362d31312030393a32393a3535202d2d2d2d2d0a436d64206c696e653a2073797374656d5f7365727665720a0a44414c56494b20544852454144533a0a286d7574657865733a20746c6c3d", "id": "174840026" } }
E/WVMExtractor(   62): Failed to open libwvm.so
E/MetadataRetrieverClient(   62): failed to extract an album art
E/WVMExtractor(   62): Failed to open libwvm.so
W/dalvikvm(  963): DroidBox: { "FdAccess": { "path": "706970653a5b353433325d", "id": "2034522302" } }
W/DroidBox(  963): DroidBox: { "FileRW": { "operation": "read", "data": "20202330372020706320303030313264623020202f73797374656d2f6c69622f6c6962632e736f20285f5f7468726561645f656e7472792b3438290a20202330382020706320303030313235313420202f73797374656d2f6c69622f6c6962632e736f20", "id": "2034522302" } }
W/dalvikvm(  963): DroidBox: { "FdAccess": { "path": "706970653a5b353433325d", "id": "1307261146" } }
W/DroidBox(  963): DroidBox: { "FileRW": { "operation": "read", "data": "544956450a20207c2067726f75703d226d61696e222073436f756e743d31206473436f756e743d30206f626a3d307862336635356535302073656c663d307862383664643630380a20207c207379735469643d343433206e6963653d302073636865643d", "id": "1307261146" } }
W/dalvikvm(  981): VFY: unable to resolve virtual method 23154: Landroid/view/View;.addKeyboardNavigationClusters (Ljava/util/Collection;I)V
W/dalvikvm(  981): Link of class 'Landroid/support/v4/view/ViewCompat$OnUnhandledKeyEventListenerWrapper;' failed
E/dalvikvm(  981): Could not find class 'android.support.v4.view.ViewCompat$OnUnhandledKeyEventListenerWrapper', referenced from method android.support.v4.view.ViewCompat.addOnUnhandledKeyEventListener
W/dalvikvm(  981): VFY: unable to resolve new-instance 2011 (Landroid/support/v4/view/ViewCompat$OnUnhandledKeyEventListenerWrapper;) in Landroid/support/v4/view/ViewCompat;
E/MetadataRetrieverClient(   62): failed to extract an album art
W/dalvikvm(  981): VFY: unable to resolve virtual method 23163: Landroid/view/View;.cancelDragAndDrop ()V
E/dalvikvm(  981): Could not find class 'android.view.WindowInsets', referenced from method android.support.v4.view.ViewCompat.dispatchApplyWindowInsets
W/dalvikvm(  981): VFY: unable to resolve check-cast 2881 (Landroid/view/WindowInsets;) in Landroid/support/v4/view/ViewCompat;
I/ActivityManager(  220): No longer want com.android.contacts (pid 642): hidden #16
W/dalvikvm(  981): VFY: unable to resolve virtual method 23172: Landroid/view/View;.dispatchNestedFling (FFZ)Z
W/dalvikvm(  981): VFY: unable to resolve virtual method 23173: Landroid/view/View;.dispatchNestedPreFling (FF)Z
W/dalvikvm(  963): DroidBox: { "FdAccess": { "path": "706970653a5b353433325d", "id": "1791975760" } }
W/DroidBox(  963): DroidBox: { "FileRW": { "operation": "read", "data": "30322020706320303030313439616420202f73797374656d2f6c69622f6c69627574696c732e736f2028616e64726f69643a3a4c6f6f7065723a3a706f6c6c4f6e636528696e742c20696e742a2c20696e742a2c20766f69642a2a292b313034290a2020", "id": "1791975760" } }
W/dalvikvm(  981): VFY: unable to resolve virtual method 23174: Landroid/view/View;.dispatchNestedPreScroll (II[I[I)Z
W/dalvikvm(  220): DroidBox: { "FdAccess": { "path": "2f70726f632f313035372f636d646c696e65", "id": "375038636" } }
W/DroidBox(  220): DroidBox: { "FileRW": { "operation": "read", "data": "636174002f646174612f616e722f7472616365732e747874000000000000000000000000000000000000000000000000000000000000000000000000000000000000000000000000000000005f7374726163655f6d6f6e6b65792e747874006434623833", "id": "375038636" } }
W/dalvikvm(  981): VFY: unable to resolve virtual method 23175: Landroid/view/View;.dispatchNestedScroll (IIII[I)Z
W/dalvikvm(  963): DroidBox: { "FdAccess": { "path": "706970653a5b353433325d", "id": "829826838" } }
W/DroidBox(  963): DroidBox: { "FileRW": { "operation": "read", "data": "656d2f6c69622f6c6962616e64726f69645f72756e74696d652e736f2028616e64726f69643a3a4e61746976654d65737361676551756575653a3a706f6c6c4f6e6365285f4a4e49456e762a2c20696e74292b3232290a20202330342020706320303030", "id": "829826838" } }
W/dalvikvm(  981): VFY: unable to resolve static method 23184: Landroid/view/View;.generateViewId ()I
W/dalvikvm(  981): VFY: unable to resolve virtual method 23185: Landroid/view/View;.getAccessibilityLiveRegion ()I
W/dalvikvm(  981): VFY: unable to resolve virtual method 23191: Landroid/view/View;.getBackgroundTintList ()Landroid/content/res/ColorStateList;
W/dalvikvm(  981): VFY: unable to resolve virtual method 23192: Landroid/view/View;.getBackgroundTintMode ()Landroid/graphics/PorterDuff$Mode;
W/dalvikvm(  981): VFY: unable to resolve virtual method 23195: Landroid/view/View;.getClipBounds ()Landroid/graphics/Rect;
W/dalvikvm(  981): VFY: unable to resolve virtual method 23198: Landroid/view/View;.getDisplay ()Landroid/view/Display;
W/dalvikvm(  981): VFY: unable to resolve virtual method 23202: Landroid/view/View;.getElevation ()F
W/dalvikvm(  981): VFY: unable to resolve virtual method 23210: Landroid/view/View;.getImportantForAutofill ()I
W/dalvikvm(  981): VFY: unable to resolve virtual method 23212: Landroid/view/View;.getLabelFor ()I
W/dalvikvm(  963): DroidBox: { "FdAccess": { "path": "706970653a5b353433325d", "id": "466821300" } }
W/DroidBox(  963): DroidBox: { "FileRW": { "operation": "read", "data": "69622f6c6962632e736f202865706f6c6c5f776169742b3132290a20202330312020706320303030313437353120202f73797374656d2f6c69622f6c69627574696c732e736f2028616e64726f69643a3a4c6f6f7065723a3a706f6c6c496e6e65722869", "id": "466821300" } }
W/dalvikvm(  981): VFY: unable to resolve virtual method 23228: Landroid/view/View;.getNextClusterForwardId ()I
W/dalvikvm(  963): DroidBox: { "FdAccess": { "path": "706970653a5b353433325d", "id": "505682705" } }
W/DroidBox(  963): DroidBox: { "FileRW": { "operation": "read", "data": "3337204e41544956450a20207c2067726f75703d226d61696e222073436f756e743d31206473436f756e743d30206f626a3d307862343239353734302073656c663d307862383665333236300a20207c207379735469643d323932206e6963653d302073", "id": "505682705" } }
W/dalvikvm(  981): VFY: unable to resolve virtual method 23249: Landroid/view/View;.getScrollIndicators ()I
W/dalvikvm(  981): VFY: unable to resolve virtual method 23255: Landroid/view/View;.getTransitionName ()Ljava/lang/String;
W/dalvikvm(  981): VFY: unable to resolve virtual method 23258: Landroid/view/View;.getTranslationZ ()F
W/dalvikvm(  981): VFY: unable to resolve virtual method 23269: Landroid/view/View;.getZ ()F
W/dalvikvm(  981): VFY: unable to resolve virtual method 23270: Landroid/view/View;.hasExplicitFocusable ()Z
W/dalvikvm(  981): VFY: unable to resolve virtual method 23273: Landroid/view/View;.hasNestedScrollingParent ()Z
W/dalvikvm(  981): VFY: unable to resolve virtual method 23280: Landroid/view/View;.isAttachedToWindow ()Z
W/dalvikvm(  981): VFY: unable to resolve virtual method 23285: Landroid/view/View;.isFocusedByDefault ()Z
W/dalvikvm(  981): VFY: unable to resolve virtual method 23287: Landroid/view/View;.isImportantForAutofill ()Z
W/dalvikvm(  981): VFY: unable to resolve virtual method 23289: Landroid/view/View;.isInLayout ()Z
W/dalvikvm(  981): VFY: unable to resolve virtual method 23290: Landroid/view/View;.isKeyboardNavigationCluster ()Z
W/dalvikvm(  963): DroidBox: { "FdAccess": { "path": "706970653a5b353433325d", "id": "1881052494" } }
W/DroidBox(  963): DroidBox: { "FileRW": { "operation": "read", "data": "736f2028707468726561645f6372656174652b313732290a2020617420616e64726f69642e6f732e4d65737361676551756575652e6e6174697665506f6c6c4f6e6365284e6174697665204d6574686f64290a2020617420616e64726f69642e6f732e4d", "id": "1881052494" } }
W/dalvikvm(  981): VFY: unable to resolve virtual method 23291: Landroid/view/View;.isLaidOut ()Z
W/dalvikvm(  981): VFY: unable to resolve virtual method 23292: Landroid/view/View;.isLayoutDirectionResolved ()Z
W/dalvikvm(  981): VFY: unable to resolve virtual method 23295: Landroid/view/View;.isNestedScrollingEnabled ()Z
W/dalvikvm(  981): VFY: unable to resolve virtual method 23301: Landroid/view/View;.keyboardNavigationClusterSearch (Landroid/view/View;I)Landroid/view/View;
E/dalvikvm(  981): Could not find class 'android.view.WindowInsets', referenced from method android.support.v4.view.ViewCompat.onApplyWindowInsets
W/dalvikvm(  981): VFY: unable to resolve check-cast 2881 (Landroid/view/WindowInsets;) in Landroid/support/v4/view/ViewCompat;
E/dalvikvm(  981): Could not find class 'android.view.View$OnUnhandledKeyEventListener', referenced from method android.support.v4.view.ViewCompat.removeOnUnhandledKeyEventListener
W/dalvikvm(  981): VFY: unable to resolve check-cast 2856 (Landroid/view/View$OnUnhandledKeyEventListener;) in Landroid/support/v4/view/ViewCompat;
W/dalvikvm(  963): DroidBox: { "FdAccess": { "path": "706970653a5b353433325d", "id": "471307012" } }
W/DroidBox(  963): DroidBox: { "FileRW": { "operation": "read", "data": "756e284e6174697665204d6574686f64290a0a22536f756e64506f6f6c54687265616422207072696f3d35207469643d3235204e41544956450a20207c2067726f75703d226d61696e222073436f756e743d31206473436f756e743d30206f626a3d3078", "id": "471307012" } }
W/dalvikvm(  981): VFY: unable to resolve virtual method 23334: Landroid/view/View;.requestApplyInsets ()V
W/dalvikvm(  981): VFY: unable to resolve virtual method 23340: Landroid/view/View;.requireViewById (I)Landroid/view/View;
W/dalvikvm(  981): VFY: unable to resolve virtual method 23343: Landroid/view/View;.restoreDefaultFocus ()Z
W/dalvikvm(  981): VFY: unable to resolve virtual method 23348: Landroid/view/View;.setAccessibilityLiveRegion (I)V
W/dalvikvm(  963): DroidBox: { "FdAccess": { "path": "706970653a5b353433325d", "id": "1739434422" } }
W/DroidBox(  963): DroidBox: { "FileRW": { "operation": "read", "data": "6630623020202f73797374656d2f6c69622f6c696264766d2e736f202864766d506c6174666f726d496e766f6b652b313132290a20202330352020706320303030353131323120202f73797374656d2f6c69622f6c696264766d2e736f202864766d4361", "id": "1739434422" } }
W/dalvikvm(  981): VFY: unable to resolve virtual method 23351: Landroid/view/View;.setAutofillHints ([Ljava/lang/String;)V
W/dalvikvm(  981): VFY: unable to resolve virtual method 23355: Landroid/view/View;.setBackgroundTintList (Landroid/content/res/ColorStateList;)V
W/dalvikvm(  981): VFY: unable to resolve virtual method 23356: Landroid/view/View;.setBackgroundTintMode (Landroid/graphics/PorterDuff$Mode;)V
W/dalvikvm(  981): VFY: unable to resolve virtual method 23359: Landroid/view/View;.setClipBounds (Landroid/graphics/Rect;)V
W/dalvikvm(  981): VFY: unable to resolve virtual method 23362: Landroid/view/View;.setElevation (F)V
W/dalvikvm(  963): DroidBox: { "FdAccess": { "path": "706970653a5b353433325d", "id": "762583832" } }
W/DroidBox(  963): DroidBox: { "FileRW": { "operation": "read", "data": "5468726561642a292b343132290a20202330342020706320303030336366663120202f73797374656d2f6c69622f6c696264766d2e736f202864766d436865636b43616c6c4a4e494d6574686f6428756e7369676e656420696e7420636f6e73742a2c20", "id": "762583832" } }
W/dalvikvm(  981): VFY: unable to resolve virtual method 23366: Landroid/view/View;.setFocusedByDefault (Z)V
W/dalvikvm(  981): VFY: unable to resolve virtual method 23370: Landroid/view/View;.setImportantForAutofill (I)V
W/dalvikvm(  981): VFY: unable to resolve virtual method 23371: Landroid/view/View;.setKeyboardNavigationCluster (Z)V
W/dalvikvm(  981): VFY: unable to resolve virtual method 23372: Landroid/view/View;.setLabelFor (I)V
W/dalvikvm(  981): VFY: unable to resolve virtual method 23373: Landroid/view/View;.setLayerPaint (Landroid/graphics/Paint;)V
W/dalvikvm(  981): VFY: unable to resolve virtual method 23381: Landroid/view/View;.setNestedScrollingEnabled (Z)V
W/dalvikvm(  981): VFY: unable to resolve virtual method 23382: Landroid/view/View;.setNextClusterForwardId (I)V
W/dalvikvm(  981): VFY: unable to resolve virtual method 23383: Landroid/view/View;.setOnApplyWindowInsetsListener (Landroid/view/View$OnApplyWindowInsetsListener;)V
W/dalvikvm(  963): DroidBox: { "FdAccess": { "path": "706970653a5b353433325d", "id": "753463079" } }
W/DroidBox(  963): DroidBox: { "FileRW": { "operation": "read", "data": "756e743d30206f626a3d307862336437643832302073656c663d307862383633326566300a20207c207379735469643d323238206e6963653d302073636865643d302f3020636772703d617070732068616e646c653d2d313230313437323336380a2020", "id": "753463079" } }
W/dalvikvm(  981): Link of class 'Landroid/support/v4/view/ViewCompat$1;' failed
E/dalvikvm(  981): Could not find class 'android.support.v4.view.ViewCompat$1', referenced from method android.support.v4.view.ViewCompat.setOnApplyWindowInsetsListener
W/dalvikvm(  981): VFY: unable to resolve new-instance 2005 (Landroid/support/v4/view/ViewCompat$1;) in Landroid/support/v4/view/ViewCompat;
W/dalvikvm(  981): VFY: unable to resolve virtual method 23395: Landroid/view/View;.setPointerIcon (Landroid/view/PointerIcon;)V
W/dalvikvm(  981): VFY: unable to resolve virtual method 23404: Landroid/view/View;.setScrollIndicators (I)V
W/dalvikvm(  981): VFY: unable to resolve virtual method 23405: Landroid/view/View;.setScrollIndicators (II)V
W/dalvikvm(  981): VFY: unable to resolve virtual method 23413: Landroid/view/View;.setTooltipText (Ljava/lang/CharSequence;)V
W/dalvikvm(  981): VFY: unable to resolve virtual method 23415: Landroid/view/View;.setTransitionName (Ljava/lang/String;)V
W/dalvikvm(  963): DroidBox: { "FdAccess": { "path": "706970653a5b353433325d", "id": "1474401259" } }
W/DroidBox(  963): DroidBox: { "FileRW": { "operation": "read", "data": "74696d652e736f2028616e64726f69643a3a416e64726f696452756e74696d653a3a6a6176615468726561645368656c6c28766f69642a292b3636290a20202330372020706320303030313061373520202f73797374656d2f6c69622f6c69627574696c", "id": "1474401259" } }
W/dalvikvm(  981): VFY: unable to resolve virtual method 23418: Landroid/view/View;.setTranslationZ (F)V
W/dalvikvm(  981): VFY: unable to resolve virtual method 23423: Landroid/view/View;.setZ (F)V
W/dalvikvm(  981): VFY: unable to resolve virtual method 23426: Landroid/view/View;.startDragAndDrop (Landroid/content/ClipData;Landroid/view/View$DragShadowBuilder;Ljava/lang/Object;I)Z
W/dalvikvm(  981): VFY: unable to resolve virtual method 23427: Landroid/view/View;.startNestedScroll (I)Z
W/dalvikvm(  981): VFY: unable to resolve virtual method 23428: Landroid/view/View;.stopNestedScroll ()V
W/dalvikvm(  981): VFY: unable to resolve virtual method 23429: Landroid/view/View;.updateDragShadow (Landroid/view/View$DragShadowBuilder;)V
W/dalvikvm(  981): Link of class 'Landroid/support/v4/view/ViewCompat$OnUnhandledKeyEventListenerWrapper;' failed
W/dalvikvm(  963): DroidBox: { "FdAccess": { "path": "706970653a5b353433325d", "id": "1633769213" } }
W/DroidBox(  963): DroidBox: { "FileRW": { "operation": "read", "data": "506c6174666f726d496e766f6b652b313132290a20202330352020706320303030353131323120202f73797374656d2f6c69622f6c696264766d2e736f202864766d43616c6c4a4e494d6574686f6428756e7369676e656420696e7420636f6e73742a2c", "id": "1633769213" } }
W/dalvikvm(  981): Link of class 'Landroid/support/v4/view/ViewCompat$1;' failed
W/dalvikvm(  963): DroidBox: { "FdAccess": { "path": "706970653a5b353433325d", "id": "798601" } }
W/DroidBox(  963): DroidBox: { "FileRW": { "operation": "read", "data": "2b3936290a20202330322020706320303030313439616420202f73797374656d2f6c69622f6c69627574696c732e736f2028616e64726f69643a3a4c6f6f7065723a3a706f6c6c4f6e636528696e742c20696e742a2c20696e742a2c20766f69642a2a29", "id": "798601" } }
W/dalvikvm(  981): Link of class 'Landroid/support/v4/widget/DrawerLayout$1;' failed
E/dalvikvm(  981): Could not find class 'android.support.v4.widget.DrawerLayout$1', referenced from method android.support.v4.widget.DrawerLayout.<init>
W/dalvikvm(  981): VFY: unable to resolve new-instance 2089 (Landroid/support/v4/widget/DrawerLayout$1;) in Landroid/support/v4/widget/DrawerLayout;
E/dalvikvm(  981): Could not find class 'android.view.WindowInsets', referenced from method android.support.v4.widget.DrawerLayout.onDraw
W/dalvikvm(  981): VFY: unable to resolve check-cast 2881 (Landroid/view/WindowInsets;) in Landroid/support/v4/widget/DrawerLayout;
W/dalvikvm(  963): DroidBox: { "FdAccess": { "path": "706970653a5b353433325d", "id": "2142423197" } }
W/DroidBox(  963): DroidBox: { "FileRW": { "operation": "read", "data": "3720202f73797374656d2f6c69622f6c696264766d2e736f0a20202331362020706320303030343438633520202f73797374656d2f6c69622f6c6962616e64726f69645f72756e74696d652e736f0a20202331372020706320303030343533613720202f", "id": "2142423197" } }
W/ActivityManager(  220): Launch timeout has expired, giving up wake lock!
E/dalvikvm(  981): Could not find class 'android.view.WindowInsets', referenced from method android.support.v4.widget.DrawerLayout.onMeasure
W/dalvikvm(  981): VFY: unable to resolve check-cast 2881 (Landroid/view/WindowInsets;) in Landroid/support/v4/widget/DrawerLayout;
W/dalvikvm(  963): DroidBox: { "FdAccess": { "path": "706970653a5b353433325d", "id": "881915501" } }
W/DroidBox(  963): DroidBox: { "FileRW": { "operation": "read", "data": "622f6c6962632e736f20285f5f66757465785f73797363616c6c332b38290a20202330312020706320303030313264663420202f73797374656d2f6c69622f6c6962632e736f20285f5f707468726561645f636f6e645f74696d6564776169745f72656c", "id": "881915501" } }
E/dalvikvm(  981): Could not find class 'android.view.WindowInsets', referenced from method android.support.v4.widget.DrawerLayout.onMeasure
W/dalvikvm(  981): VFY: unable to resolve check-cast 2881 (Landroid/view/WindowInsets;) in Landroid/support/v4/widget/DrawerLayout;
W/dalvikvm(  981): Link of class 'Landroid/support/v4/widget/DrawerLayout$1;' failed
W/ActivityManager(  220): Activity idle timeout for ActivityRecord{b41db5a0 com.wigoal.eyeguard/.MainActivity}
W/dalvikvm(  963): DroidBox: { "FdAccess": { "path": "706970653a5b353433325d", "id": "335386119" } }
W/DroidBox(  963): DroidBox: { "FileRW": { "operation": "read", "data": "226d61696e222073436f756e743d31206473436f756e743d30206f626a3d307862336534636166302073656c663d307862383561363361300a20207c207379735469643d31303136206e6963653d302073636865643d302f3020636772703d6170707320", "id": "335386119" } }
W/dalvikvm(  981): VFY: unable to resolve virtual method 17341: Landroid/support/v7/view/ContextThemeWrapper;.createConfigurationContext (Landroid/content/res/Configuration;)Landroid/content/Context;
W/dalvikvm(  981): VFY: unable to resolve virtual method 5310: Landroid/support/design/widget/AppBarLayout;.setKeyboardNavigationCluster (Z)V
W/dalvikvm(  963): DroidBox: { "FdAccess": { "path": "706970653a5b353433325d", "id": "132068423" } }
W/DroidBox(  963): DroidBox: { "FileRW": { "operation": "read", "data": "63757272656e742e546872656164506f6f6c4578656375746f7224576f726b65722e72756e28546872656164506f6f6c4578656375746f722e6a6176613a353639290a20206174206a6176612e6c616e672e5468726561642e72756e285468726561642e", "id": "132068423" } }
W/dalvikvm(  981): VFY: unable to resolve virtual method 5318: Landroid/support/design/widget/AppBarLayout;.setTouchscreenBlocksFocus (Z)V
W/ActivityManager(  220): Activity destroy timeout for ActivityRecord{b3f2f7f0 com.wigoal.eyeguard/.activity.SplashActivity}
W/dalvikvm(  963): DroidBox: { "FdAccess": { "path": "706970653a5b353433325d", "id": "1788548417" } }
W/DroidBox(  963): DroidBox: { "FileRW": { "operation": "read", "data": "722e72756e28546872656164506f6f6c4578656375746f722e6a6176613a353639290a20206174206a6176612e6c616e672e5468726561642e72756e285468726561642e6a6176613a383536290a0a2242696e6465725f3222207072696f3d3520746964", "id": "1788548417" } }
W/dalvikvm(  981): VFY: unable to resolve virtual method 23536: Landroid/view/ViewGroup;.onRtlPropertiesChanged (I)V
E/Ads     (  981): Error waiting for future.
E/Ads     (  981): java.util.concurrent.ExecutionException: java.util.concurrent.TimeoutException
E/Ads     (  981): 	at com.google.android.gms.internal.ads.zzaps.get(Unknown Source)
E/Ads     (  981): 	at com.google.android.gms.internal.ads.zzaox.zza(Unknown Source)
E/Ads     (  981): 	at com.google.android.gms.internal.ads.zzagx.zza(Unknown Source)
E/Ads     (  981): 	at com.google.android.gms.internal.ads.zzagx.zzb(Unknown Source)
E/Ads     (  981): 	at com.google.android.gms.internal.ads.zzagz.run(Unknown Source)
E/Ads     (  981): 	at java.util.concurrent.Executors$RunnableAdapter.call(Executors.java:442)
E/Ads     (  981): 	at java.util.concurrent.FutureTask$Sync.innerRun(FutureTask.java:305)
E/Ads     (  981): 	at java.util.concurrent.FutureTask.run(FutureTask.java:137)
E/Ads     (  981): 	at java.util.concurrent.ThreadPoolExecutor.runWorker(ThreadPoolExecutor.java:1076)
E/Ads     (  981): 	at java.util.concurrent.ThreadPoolExecutor$Worker.run(ThreadPoolExecutor.java:569)
E/Ads     (  981): 	at java.lang.Thread.run(Thread.java:856)
E/Ads     (  981): Caused by: java.util.concurrent.TimeoutException
E/Ads     (  981): 	at com.google.android.gms.internal.ads.zzapb.run(Unknown Source)
E/Ads     (  981): 	at java.util.concurrent.Executors$RunnableAdapter.call(Executors.java:442)
E/Ads     (  981): 	at java.util.concurrent.FutureTask$Sync.innerRun(FutureTask.java:305)
E/Ads     (  981): 	at java.util.concurrent.FutureTask.run(FutureTask.java:137)
E/Ads     (  981): 	at java.util.concurrent.ScheduledThreadPoolExecutor$ScheduledFutureTask.access$201(ScheduledThreadPoolExecutor.java:150)
E/Ads     (  981): 	at java.util.concurrent.ScheduledThreadPoolExecutor$ScheduledFutureTask.run(ScheduledThreadPoolExecutor.java:264)
E/Ads     (  981): 	... 3 more
W/Ads     (  981): There was a problem getting an ad response. ErrorCode: 0
W/dalvikvm(  963): DroidBox: { "FdAccess": { "path": "706970653a5b353433325d", "id": "893186674" } }
W/DroidBox(  963): DroidBox: { "FileRW": { "operation": "read", "data": "6c6c28766f69642a292b3636290a20202330372020706320303030313061373520202f73797374656d2f6c69622f6c69627574696c732e736f0a20202330382020706320303030313264623020202f73797374656d2f6c69622f6c6962632e736f20285f", "id": "893186674" } }
W/dalvikvm(  981): VFY: unable to resolve virtual method 870: Landroid/content/Context;.getColorStateList (I)Landroid/content/res/ColorStateList;
W/dalvikvm(  981): VFY: unable to resolve direct method 24487: Landroid/widget/LinearLayout$LayoutParams;.<init> (Landroid/widget/LinearLayout$LayoutParams;)V
W/dalvikvm(  963): DroidBox: { "FdAccess": { "path": "706970653a5b353433325d", "id": "527077891" } }
W/DroidBox(  963): DroidBox: { "FileRW": { "operation": "read", "data": "20202f73797374656d2f6c69622f6c696264766d2e736f0a20202330352020706320303030353762616620202f73797374656d2f6c69622f6c696264766d2e736f0a20202330362020706320303030313264623020202f73797374656d2f6c69622f6c69", "id": "527077891" } }
W/dalvikvm(  981): VFY: unable to resolve direct method 24487: Landroid/widget/LinearLayout$LayoutParams;.<init> (Landroid/widget/LinearLayout$LayoutParams;)V
W/dalvikvm(  981): VFY: unable to resolve virtual method 34: Landroid/animation/AnimatorSet;.pause ()V
W/dalvikvm(  981): VFY: unable to resolve virtual method 40: Landroid/animation/AnimatorSet;.resume ()V
W/dalvikvm(  981): VFY: unable to resolve virtual method 24801: Landroid/widget/TextView;.getAutoSizeMaxTextSize ()I
W/dalvikvm(  981): VFY: unable to resolve virtual method 24802: Landroid/widget/TextView;.getAutoSizeMinTextSize ()I
W/dalvikvm(  981): VFY: unable to resolve virtual method 24803: Landroid/widget/TextView;.getAutoSizeStepGranularity ()I
W/dalvikvm(  981): VFY: unable to resolve virtual method 24804: Landroid/widget/TextView;.getAutoSizeTextAvailableSizes ()[I
W/dalvikvm(  981): VFY: unable to resolve virtual method 24805: Landroid/widget/TextView;.getAutoSizeTextType ()I
W/dalvikvm(  981): VFY: unable to resolve virtual method 24869: Landroid/widget/TextView;.setAutoSizeTextTypeUniformWithConfiguration (IIII)V
W/dalvikvm(  981): VFY: unable to resolve virtual method 24870: Landroid/widget/TextView;.setAutoSizeTextTypeUniformWithPresetSizes ([II)V
W/dalvikvm(  981): VFY: unable to resolve virtual method 24871: Landroid/widget/TextView;.setAutoSizeTextTypeWithDefaults (I)V
W/dalvikvm(  981): VFY: unable to resolve virtual method 24887: Landroid/widget/TextView;.setFirstBaselineToTopHeight (I)V
W/dalvikvm(  981): VFY: unable to resolve virtual method 24893: Landroid/widget/TextView;.setLastBaselineToBottomHeight (I)V
W/dalvikvm(  981): VFY: unable to resolve virtual method 1113: Landroid/content/res/Resources;.getDrawable (ILandroid/content/res/Resources$Theme;)Landroid/graphics/drawable/Drawable;
W/dalvikvm(  981): VFY: unable to resolve virtual method 1115: Landroid/content/res/Resources;.getDrawableForDensity (IILandroid/content/res/Resources$Theme;)Landroid/graphics/drawable/Drawable;
W/dalvikvm(  981): VFY: unable to resolve virtual method 24803: Landroid/widget/TextView;.getAutoSizeStepGranularity ()I
W/dalvikvm(  981): VFY: unable to resolve static method 22720: Landroid/text/StaticLayout$Builder;.obtain (Ljava/lang/CharSequence;IILandroid/text/TextPaint;I)Landroid/text/StaticLayout$Builder;
W/dalvikvm(  981): VFY: unable to resolve virtual method 24858: Landroid/widget/TextView;.isInLayout ()Z
E/dalvikvm(  981): Could not find class 'android.graphics.drawable.RippleDrawable', referenced from method android.support.v7.widget.AppCompatImageHelper.hasOverlappingRendering
W/dalvikvm(  981): VFY: unable to resolve instanceof 298 (Landroid/graphics/drawable/RippleDrawable;) in Landroid/support/v7/widget/AppCompatImageHelper;
W/dalvikvm(  981): VFY: unable to resolve virtual method 23435: Landroid/view/ViewConfiguration;.getScaledHorizontalScrollFactor ()F
W/dalvikvm(  981): VFY: unable to resolve virtual method 23436: Landroid/view/ViewConfiguration;.getScaledHoverSlop ()I
W/dalvikvm(  981): VFY: unable to resolve virtual method 23441: Landroid/view/ViewConfiguration;.getScaledVerticalScrollFactor ()F
W/dalvikvm(  981): VFY: unable to resolve virtual method 23444: Landroid/view/ViewConfiguration;.shouldShowMenuShortcutsWhenKeyboardPresent ()Z
W/dalvikvm(  220): DroidBox: { "FdAccess": { "path": "2f70726f632f313035382f636d646c696e65", "id": "133731529" } }
W/DroidBox(  220): DroidBox: { "FileRW": { "operation": "read", "data": "64756d70737973006d656d696e666f00616365732e747874000000000000000000000000000000000000000000000000000000000000000000000000000000000000000000000000000000005f7374726163655f6d6f6e6b65792e747874006434623833", "id": "133731529" } }
W/dalvikvm(  981): VFY: unable to resolve virtual method 75: Landroid/animation/ObjectAnimator;.setAutoCancel (Z)V
W/dalvikvm(  981): VFY: unable to resolve virtual method 24230: Landroid/widget/CompoundButton;.drawableHotspotChanged (FF)V
W/dalvikvm(  220): DroidBox: { "FdAccess": { "path": "706970653a5b353435325d", "id": "321289048" } }
W/DroidBox(  220): DroidBox: { "FileRW": { "operation": "write", "data": "4170706c69636174696f6e73204d656d6f727920557361676520286b42293a0a557074696d653a20313132393737205265616c74696d653a203131323937370a0a546f74616c205053532062792070726f636573733a0a202020203236333637206b423a", "id": "321289048" } }
W/dalvikvm(  963): DroidBox: { "FdAccess": { "path": "706970653a5b353435325d", "id": "1300127439" } }
W/DroidBox(  963): DroidBox: { "FileRW": { "operation": "read", "data": "4170706c69636174696f6e73204d656d6f727920557361676520286b42293a0a557074696d653a20313132393737205265616c74696d653a203131323937370a0a546f74616c205053532062792070726f636573733a0a202020203236333637206b423a", "id": "1300127439" } }
E/GraphResponse(  981): {HttpStatus: 403, errorCode: 8, subErrorCode: -1, errorType: GraphInsecureException, errorMessage: TLS versions older than v1.2 are not supported.}
W/dalvikvm(  963): DroidBox: { "FdAccess": { "path": "706970653a5b353435325d", "id": "763270077" } }
W/DroidBox(  963): DroidBox: { "FileRW": { "operation": "read", "data": "00000000000000000000000000000000000000000000000000000000000000000000000000000000000000000000000000000000000000000000000000000000000000000000000000000000000000000000000000000000000000000000000000000000", "id": "763270077" } }
W/dalvikvm(  981): DroidBox: { "FdAccess": { "path": "2f646174612f646174612f636f6d2e7769676f616c2e65796567756172642f7368617265645f70726566732f636f6d2e7769676f616c2e65796567756172645f707265666572656e6365732e786d6c", "id": "1311828144" } }
W/DroidBox(  981): DroidBox: { "FileRW": { "operation": "write", "data": "3c3f786d6c2076657273696f6e3d27312e302720656e636f64696e673d277574662d3827207374616e64616c6f6e653d2779657327203f3e0a3c6d61703e0a3c737472696e67206e616d653d22636f6d2e66616365626f6f6b2e6170706576656e74732e", "id": "1311828144" } }
I/AndroidRuntime(  963): VM exiting with result code 11.
W/dalvikvm(  981): VFY: unable to resolve virtual method 1555: Landroid/graphics/drawable/Drawable;.applyTheme (Landroid/content/res/Resources$Theme;)V
W/dalvikvm(  981): VFY: unable to resolve virtual method 1556: Landroid/graphics/drawable/Drawable;.canApplyTheme ()Z
W/dalvikvm(  981): VFY: unable to resolve virtual method 1646: Landroid/graphics/drawable/InsetDrawable;.getDrawable ()Landroid/graphics/drawable/Drawable;
W/dalvikvm(  981): VFY: unable to resolve virtual method 1617: Landroid/graphics/drawable/DrawableContainer$DrawableContainerState;.getChild (I)Landroid/graphics/drawable/Drawable;
W/dalvikvm(  981): VFY: unable to resolve virtual method 1563: Landroid/graphics/drawable/Drawable;.getAlpha ()I
W/dalvikvm(  981): VFY: unable to resolve virtual method 1567: Landroid/graphics/drawable/Drawable;.getColorFilter ()Landroid/graphics/ColorFilter;
W/dalvikvm(  981): VFY: unable to resolve virtual method 1574: Landroid/graphics/drawable/Drawable;.getLayoutDirection ()I
W/dalvikvm(  981): VFY: unable to resolve virtual method 1584: Landroid/graphics/drawable/Drawable;.inflate (Landroid/content/res/Resources;Lorg/xmlpull/v1/XmlPullParser;Landroid/util/AttributeSet;Landroid/content/res/Resources$Theme;)V
W/dalvikvm(  981): VFY: unable to resolve virtual method 1586: Landroid/graphics/drawable/Drawable;.isAutoMirrored ()Z
W/dalvikvm(  981): VFY: unable to resolve virtual method 1598: Landroid/graphics/drawable/Drawable;.setAutoMirrored (Z)V
W/dalvikvm(  981): VFY: unable to resolve virtual method 1607: Landroid/graphics/drawable/Drawable;.setHotspot (FF)V
W/dalvikvm(  981): VFY: unable to resolve virtual method 1608: Landroid/graphics/drawable/Drawable;.setHotspotBounds (IIII)V
W/dalvikvm(  981): VFY: unable to resolve virtual method 1609: Landroid/graphics/drawable/Drawable;.setLayoutDirection (I)Z
W/dalvikvm(  981): VFY: unable to resolve virtual method 1612: Landroid/graphics/drawable/Drawable;.setTint (I)V
W/dalvikvm(  981): VFY: unable to resolve virtual method 1613: Landroid/graphics/drawable/Drawable;.setTintList (Landroid/content/res/ColorStateList;)V
W/dalvikvm(  981): VFY: unable to resolve virtual method 1614: Landroid/graphics/drawable/Drawable;.setTintMode (Landroid/graphics/PorterDuff$Mode;)V
E/GraphResponse(  981): {HttpStatus: 403, errorCode: 8, subErrorCode: -1, errorType: GraphInsecureException, errorMessage: TLS versions older than v1.2 are not supported.}
W/dalvikvm(  981): VFY: unable to resolve virtual method 1586: Landroid/graphics/drawable/Drawable;.isAutoMirrored ()Z
W/AnalyticsUserIDStore(  981): initStore should have been called before calling setUserID
W/UserDataStore(  981): initStore should have been called before calling setUserID
W/DroidBox(  981): DroidBox: { "OpenNet": { "desthost": "102.132.97.18", "destport": "443", "fd": "55" } }
W/dalvikvm(  981): VFY: unable to resolve virtual method 1598: Landroid/graphics/drawable/Drawable;.setAutoMirrored (Z)V
E/GraphResponse(  981): {HttpStatus: 403, errorCode: 8, subErrorCode: -1, errorType: GraphInsecureException, errorMessage: TLS versions older than v1.2 are not supported.}
W/DroidBox(  981): DroidBox: { "OpenNet": { "desthost": "102.132.97.18", "destport": "443", "fd": "59" } }
W/dalvikvm(  981): VFY: unable to resolve interface method 23034: Landroid/view/MenuItem;.getAlphabeticModifiers ()I
W/dalvikvm(  981): VFY: unable to resolve interface method 23035: Landroid/view/MenuItem;.getContentDescription ()Ljava/lang/CharSequence;
W/dalvikvm(  981): VFY: unable to resolve interface method 23038: Landroid/view/MenuItem;.getIconTintList ()Landroid/content/res/ColorStateList;
W/dalvikvm(  981): VFY: unable to resolve interface method 23039: Landroid/view/MenuItem;.getIconTintMode ()Landroid/graphics/PorterDuff$Mode;
W/dalvikvm(  981): VFY: unable to resolve interface method 23042: Landroid/view/MenuItem;.getNumericModifiers ()I
W/dalvikvm(  981): VFY: unable to resolve interface method 23045: Landroid/view/MenuItem;.getTooltipText ()Ljava/lang/CharSequence;
W/dalvikvm(  981): VFY: unable to resolve interface method 23054: Landroid/view/MenuItem;.setAlphabeticShortcut (CI)Landroid/view/MenuItem;
W/dalvikvm(  981): VFY: unable to resolve interface method 23057: Landroid/view/MenuItem;.setContentDescription (Ljava/lang/CharSequence;)Landroid/view/MenuItem;
W/dalvikvm(  981): VFY: unable to resolve interface method 23061: Landroid/view/MenuItem;.setIconTintList (Landroid/content/res/ColorStateList;)Landroid/view/MenuItem;
E/GraphResponse(  981): {HttpStatus: 403, errorCode: 8, subErrorCode: -1, errorType: GraphInsecureException, errorMessage: TLS versions older than v1.2 are not supported.}
W/dalvikvm(  981): VFY: unable to resolve interface method 23062: Landroid/view/MenuItem;.setIconTintMode (Landroid/graphics/PorterDuff$Mode;)Landroid/view/MenuItem;
W/dalvikvm(  981): VFY: unable to resolve interface method 23064: Landroid/view/MenuItem;.setNumericShortcut (CI)Landroid/view/MenuItem;
W/dalvikvm(  981): VFY: unable to resolve interface method 23067: Landroid/view/MenuItem;.setShortcut (CCII)Landroid/view/MenuItem;
W/dalvikvm(  981): VFY: unable to resolve interface method 23071: Landroid/view/MenuItem;.setTooltipText (Ljava/lang/CharSequence;)Landroid/view/MenuItem;
E/dalvikvm(  981): Could not find class 'android.app.NotificationChannel', referenced from method com.wigoal.eyeguard.model.FunctionExecute.showButtonNotify
W/dalvikvm(  981): VFY: unable to resolve new-instance 64 (Landroid/app/NotificationChannel;) in Lcom/wigoal/eyeguard/model/FunctionExecute;
W/GooglePlayServicesUtil(  981): Google Play Store is missing.
W/GooglePlayServicesUtil(  981): Google Play Store is missing.
W/DroidBox(  981): DroidBox: { "OpenNet": { "desthost": "142.251.37.238", "destport": "443", "fd": "63" } }
E/dalvikvm(  981): Could not find class 'android.media.AudioAttributes$Builder', referenced from method android.support.v4.app.NotificationCompat$Builder.setSound
W/dalvikvm(  981): VFY: unable to resolve new-instance 325 (Landroid/media/AudioAttributes$Builder;) in Landroid/support/v4/app/NotificationCompat$Builder;
E/dalvikvm(  981): Could not find class 'android.media.AudioAttributes$Builder', referenced from method android.support.v4.app.NotificationCompat$Builder.setSound
W/dalvikvm(  981): VFY: unable to resolve new-instance 325 (Landroid/media/AudioAttributes$Builder;) in Landroid/support/v4/app/NotificationCompat$Builder;
W/dalvikvm(  981): VFY: unable to resolve direct method 371: Landroid/app/Notification$Builder;.<init> (Landroid/content/Context;Ljava/lang/String;)V
W/dalvikvm(  981): VFY: unable to resolve virtual method 408: Landroid/app/Notification$Builder;.setShowWhen (Z)Landroid/app/Notification$Builder;
W/dalvikvm(  981): VFY: unable to resolve virtual method 399: Landroid/app/Notification$Builder;.setLocalOnly (Z)Landroid/app/Notification$Builder;
W/dalvikvm(  981): VFY: unable to resolve virtual method 379: Landroid/app/Notification$Builder;.setCategory (Ljava/lang/String;)Landroid/app/Notification$Builder;
W/dalvikvm(  981): VFY: unable to resolve virtual method 406: Landroid/app/Notification$Builder;.setRemoteInputHistory ([Ljava/lang/CharSequence;)Landroid/app/Notification$Builder;
W/dalvikvm(  981): VFY: unable to resolve virtual method 378: Landroid/app/Notification$Builder;.setBadgeIconType (I)Landroid/app/Notification$Builder;
E/dalvikvm(  981): Could not find class 'android.app.Notification$Action$Builder', referenced from method android.support.v4.app.NotificationCompatBuilder.addAction
W/dalvikvm(  981): VFY: unable to resolve new-instance 51 (Landroid/app/Notification$Action$Builder;) in Landroid/support/v4/app/NotificationCompatBuilder;
W/dalvikvm(  981): VFY: unable to resolve instance field 19
W/dalvikvm(  981): VFY: unable to resolve virtual method 443: Landroid/app/Notification;.getGroup ()Ljava/lang/String;
W/dalvikvm(  981): VFY: unable to resolve instance field 19
W/dalvikvm(  981): VFY: unable to resolve virtual method 443: Landroid/app/Notification;.getGroup ()Ljava/lang/String;
W/dalvikvm(  981): VFY: unable to resolve virtual method 443: Landroid/app/Notification;.getGroup ()Ljava/lang/String;
W/dalvikvm(  981): VFY: unable to resolve instance field 9
W/dalvikvm(  981): VFY: unable to resolve instance field 9
W/dalvikvm(  981): DexOpt: resolve class illegal access: Landroid/support/v4/app/NotificationCompat; -> Landroid/app/Notification$Action;
W/dalvikvm(  981): VFY: unable to resolve virtual method 359: Landroid/app/Notification$Action;.getRemoteInputs ()[Landroid/app/RemoteInput;
W/dalvikvm(  981): VFY: unable to resolve instance field 9
W/dalvikvm(  981): VFY: unable to resolve virtual method 441: Landroid/app/Notification;.getBadgeIconType ()I
W/dalvikvm(  981): VFY: unable to resolve instance field 13
W/dalvikvm(  981): VFY: unable to resolve virtual method 442: Landroid/app/Notification;.getChannelId ()Ljava/lang/String;
W/dalvikvm(  981): VFY: unable to resolve instance field 17
W/dalvikvm(  981): VFY: unable to resolve instance field 17
W/dalvikvm(  981): VFY: unable to resolve virtual method 443: Landroid/app/Notification;.getGroup ()Ljava/lang/String;
W/dalvikvm(  981): VFY: unable to resolve instance field 17
W/dalvikvm(  981): VFY: unable to resolve virtual method 444: Landroid/app/Notification;.getGroupAlertBehavior ()I
W/dalvikvm(  981): VFY: unable to resolve instance field 17
W/dalvikvm(  981): VFY: unable to resolve instance field 17
W/dalvikvm(  981): VFY: unable to resolve virtual method 445: Landroid/app/Notification;.getShortcutId ()Ljava/lang/String;
W/dalvikvm(  981): VFY: unable to resolve virtual method 446: Landroid/app/Notification;.getSortKey ()Ljava/lang/String;
W/dalvikvm(  981): VFY: unable to resolve instance field 17
W/dalvikvm(  981): VFY: unable to resolve virtual method 447: Landroid/app/Notification;.getTimeoutAfter ()J
W/dalvikvm(  981): VFY: unable to resolve instance field 17
D/PhoneStatusBar(  356): addNotification score=0
W/dalvikvm(  981): VFY: unable to resolve static method 2381: Landroid/provider/Settings;.canDrawOverlays (Landroid/content/Context;)Z
W/dalvikvm(  981): VFY: unable to resolve virtual method 455: Landroid/app/NotificationManager;.getImportance ()I
