D/InputEventConsistencyVerifier(  955):   2: sent at 88222000000, (unhandled) KeyEvent { action=ACTION_DOWN, keyCode=KEYCODE_META_RIGHT, scanCode=0, metaState=0, flags=0x8, repeatCount=0, eventTime=88222, downTime=88222, deviceId=-1, source=0x101 }
D/InputEventConsistencyVerifier(  955):   3: sent at 88163000000, (unhandled) KeyEvent { action=ACTION_UP, keyCode=KEYCODE_MEDIA_PREVIOUS, scanCode=0, metaState=0, flags=0x8, repeatCount=0, eventTime=88163, downTime=88163, deviceId=-1, source=0x101 }
D/InputEventConsistencyVerifier(  955):   4: sent at 88111000000, (unhandled) KeyEvent { action=ACTION_DOWN, keyCode=KEYCODE_MEDIA_PREVIOUS, scanCode=0, metaState=0, flags=0x8, repeatCount=0, eventTime=88111, downTime=88111, deviceId=-1, source=0x101 }
D/InputEventConsistencyVerifier(  955):   5: sent at 88086000000, (unhandled) MotionEvent { action=ACTION_UP, id[0]=0, x[0]=0.0, y[0]=351.0, toolType[0]=TOOL_TYPE_UNKNOWN, buttonState=0, metaState=0, flags=0x0, edgeFlags=0x0, pointerCount=1, historySize=0, eventTime=88086, downTime=88058, deviceId=0, source=0x1002 }
E/WVMExtractor(   62): Failed to open libwvm.so
D/InputEventConsistencyVerifier(  955): KeyEvent: ACTION_UP but key was not down.
D/InputEventConsistencyVerifier(  955):   in com.android.internal.policy.impl.PhoneWindow$DecorView@b3dbbf28
D/InputEventConsistencyVerifier(  955):   0: sent at 88683000000, KeyEvent { action=ACTION_UP, keyCode=KEYCODE_DPAD_CENTER, scanCode=0, metaState=0, flags=0x8, repeatCount=0, eventTime=88683, downTime=88683, deviceId=-1, source=0x101 }
D/InputEventConsistencyVerifier(  955):   -- recent events --
D/InputEventConsistencyVerifier(  955):   1: sent at 88579000000, (unhandled) KeyEvent { action=ACTION_UP, keyCode=KEYCODE_MEDIA_RECORD, scanCode=0, metaState=0, flags=0x8, repeatCount=0, eventTime=88579, downTime=88579, deviceId=-1, source=0x101 }
D/InputEventConsistencyVerifier(  955):   2: sent at 88479000000, (unhandled) KeyEvent { action=ACTION_DOWN, keyCode=KEYCODE_MEDIA_RECORD, scanCode=0, metaState=0, flags=0x8, repeatCount=0, eventTime=88479, downTime=88479, deviceId=-1, source=0x101 }
D/InputEventConsistencyVerifier(  955):   3: sent at 88475000000, (unhandled) MotionEvent { action=ACTION_UP, id[0]=0, x[0]=27.0, y[0]=399.0, toolType[0]=TOOL_TYPE_UNKNOWN, buttonState=0, metaState=0, flags=0x0, edgeFlags=0x0, pointerCount=1, historySize=0, eventTime=88475, downTime=88432, deviceId=0, source=0x1002 }
D/InputEventConsistencyVerifier(  955):   4: sent at 88471000000, (unhandled) MotionEvent { action=ACTION_MOVE, id[0]=0, x[0]=27.0, y[0]=406.0, toolType[0]=TOOL_TYPE_UNKNOWN, buttonState=0, metaState=0, flags=0x0, edgeFlags=0x0, pointerCount=1, historySize=7, eventTime=88471, downTime=88432, deviceId=0, source=0x1002 }
D/InputEventConsistencyVerifier(  955):   5: sent at 88434000000, (unhandled) MotionEvent { action=ACTION_DOWN, id[0]=0, x[0]=24.0, y[0]=441.0, toolType[0]=TOOL_TYPE_UNKNOWN, buttonState=0, metaState=0, flags=0x0, edgeFlags=0x0, pointerCount=1, historySize=0, eventTime=88434, downTime=88432, deviceId=0, source=0x1002 }
E/WVMExtractor(   62): Failed to open libwvm.so
E/WVMExtractor(   62): Failed to open libwvm.so
E/WVMExtractor(   62): Failed to open libwvm.so
E/WVMExtractor(   62): Failed to open libwvm.so
E/WVMExtractor(   62): Failed to open libwvm.so
I/ActivityManager(  222): START {act=android.intent.action.MAIN cat=[android.intent.category.HOME] flg=0x10200000 cmp=com.android.launcher/com.android.launcher2.Launcher u=0} from pid 222
E/WVMExtractor(   62): Failed to open libwvm.so
E/WVMExtractor(   62): Failed to open libwvm.so
D/InputEventConsistencyVerifier(  955): KeyEvent: ACTION_UP but key was not down.
D/InputEventConsistencyVerifier(  955):   in com.android.internal.policy.impl.PhoneWindow$DecorView@b3dbbf28
D/InputEventConsistencyVerifier(  955):   0: sent at 89813000000, KeyEvent { action=ACTION_UP, keyCode=KEYCODE_DPAD_RIGHT, scanCode=0, metaState=0, flags=0x400, repeatCount=0, eventTime=89813, downTime=89813, deviceId=-1, source=0x101 }
D/InputEventConsistencyVerifier(  955):   -- recent events --
D/InputEventConsistencyVerifier(  955):   1: sent at 89592000000, (unhandled) MotionEvent { action=ACTION_MOVE, id[0]=0, x[0]=4.0, y[0]=-3.0, toolType[0]=TOOL_TYPE_UNKNOWN, buttonState=0, metaState=0, flags=0x0, edgeFlags=0x0, pointerCount=1, historySize=5, eventTime=89592, downTime=-1, deviceId=0, source=0x10004 }
D/InputEventConsistencyVerifier(  955):   2: sent at 89625000000, (unhandled) MotionEvent { action=ACTION_UP, id[0]=0, x[0]=473.0, y[0]=405.0, toolType[0]=TOOL_TYPE_UNKNOWN, buttonState=0, metaState=0, flags=0x0, edgeFlags=0x0, pointerCount=1, historySize=0, eventTime=89625, downTime=89605, deviceId=0, source=0x1002 }
D/InputEventConsistencyVerifier(  955):   3: sent at 89624000000, (unhandled) MotionEvent { action=ACTION_MOVE, id[0]=0, x[0]=472.0, y[0]=398.0, toolType[0]=TOOL_TYPE_UNKNOWN, buttonState=0, metaState=0, flags=0x0, edgeFlags=0x0, pointerCount=1, historySize=2, eventTime=89624, downTime=89605, deviceId=0, source=0x1002 }
D/InputEventConsistencyVerifier(  955):   4: sent at 89606000000, (unhandled) MotionEvent { action=ACTION_DOWN, id[0]=0, x[0]=460.0, y[0]=390.0, toolType[0]=TOOL_TYPE_UNKNOWN, buttonState=0, metaState=0, flags=0x0, edgeFlags=0x0, pointerCount=1, historySize=0, eventTime=89606, downTime=89605, deviceId=0, source=0x1002 }
D/InputEventConsistencyVerifier(  955):   5: sent at 89542000000, (unhandled) KeyEvent { action=ACTION_UP, keyCode=KEYCODE_DPAD_UP, scanCode=0, metaState=0, flags=0x400, repeatCount=0, eventTime=89542, downTime=89542, deviceId=-1, source=0x101 }
E/WVMExtractor(   62): Failed to open libwvm.so
D/InputEventConsistencyVerifier(  955): KeyEvent: ACTION_UP but key was not down.
D/InputEventConsistencyVerifier(  955):   in com.android.internal.policy.impl.PhoneWindow$DecorView@b3dbbf28
D/InputEventConsistencyVerifier(  955):   0: sent at 90285000000, KeyEvent { action=ACTION_UP, keyCode=KEYCODE_DPAD_DOWN, scanCode=0, metaState=0, flags=0x8, repeatCount=0, eventTime=90285, downTime=90285, deviceId=-1, source=0x101 }
D/InputEventConsistencyVerifier(  955):   -- recent events --
D/InputEventConsistencyVerifier(  955):   1: sent at 90206000000, (unhandled) MotionEvent { action=ACTION_UP, id[0]=0, x[0]=309.0, y[0]=522.0, toolType[0]=TOOL_TYPE_UNKNOWN, buttonState=0, metaState=0, flags=0x0, edgeFlags=0x0, pointerCount=1, historySize=0, eventTime=90206, downTime=90189, deviceId=0, source=0x1002 }
D/InputEventConsistencyVerifier(  955):   2: sent at 90189000000, (unhandled) MotionEvent { action=ACTION_DOWN, id[0]=0, x[0]=305.0, y[0]=509.0, toolType[0]=TOOL_TYPE_UNKNOWN, buttonState=0, metaState=0, flags=0x0, edgeFlags=0x0, pointerCount=1, historySize=0, eventTime=90189, downTime=90189, deviceId=0, source=0x1002 }
D/InputEventConsistencyVerifier(  955):   3: sent at 90184000000, (unhandled) MotionEvent { action=ACTION_UP, id[0]=0, x[0]=189.0, y[0]=558.0, toolType[0]=TOOL_TYPE_UNKNOWN, buttonState=0, metaState=0, flags=0x0, edgeFlags=0x0, pointerCount=1, historySize=0, eventTime=90184, downTime=90148, deviceId=0, source=0x1002 }
D/InputEventConsistencyVerifier(  955):   4: sent at 90182000000, (unhandled) MotionEvent { action=ACTION_MOVE, id[0]=0, x[0]=185.0, y[0]=557.0, toolType[0]=TOOL_TYPE_UNKNOWN, buttonState=0, metaState=0, flags=0x0, edgeFlags=0x0, pointerCount=1, historySize=4, eventTime=90182, downTime=90148, deviceId=0, source=0x1002 }
D/InputEventConsistencyVerifier(  955):   5: sent at 90149000000, (unhandled) MotionEvent { action=ACTION_DOWN, id[0]=0, x[0]=156.0, y[0]=542.0, toolType[0]=TOOL_TYPE_UNKNOWN, buttonState=0, metaState=0, flags=0x0, edgeFlags=0x0, pointerCount=1, historySize=0, eventTime=90149, downTime=90148, deviceId=0, source=0x1002 }
E/WVMExtractor(   62): Failed to open libwvm.so
E/WVMExtractor(   62): Failed to open libwvm.so
W/DroidBox( 1029): DroidBox: { "ServiceStart": { "name": "com.android.music.MediaPlaybackService" } }
W/DroidBox( 1029): DroidBox: { "ServiceStart": { "name": "com.android.music.MediaPlaybackService" } }
D/InputEventConsistencyVerifier(  955): KeyEvent: ACTION_UP but key was not down.
D/InputEventConsistencyVerifier(  955):   in com.android.internal.policy.impl.PhoneWindow$DecorView@b3dbbf28
D/InputEventConsistencyVerifier(  955):   0: sent at 90613000000, KeyEvent { action=ACTION_UP, keyCode=KEYCODE_DPAD_CENTER, scanCode=0, metaState=0, flags=0x8, repeatCount=0, eventTime=90613, downTime=90613, deviceId=-1, source=0x101 }
D/InputEventConsistencyVerifier(  955):   -- recent events --
D/InputEventConsistencyVerifier(  955):   1: sent at 90433000000, (unhandled) KeyEvent { action=ACTION_UP, keyCode=KEYCODE_MEDIA_PLAY, scanCode=0, metaState=0, flags=0x8, repeatCount=0, eventTime=90433, downTime=90433, deviceId=-1, source=0x101 }
D/InputEventConsistencyVerifier(  955):   2: sent at 90325000000, (unhandled) KeyEvent { action=ACTION_DOWN, keyCode=KEYCODE_MEDIA_PLAY, scanCode=0, metaState=0, flags=0x8, repeatCount=0, eventTime=90325, downTime=90325, deviceId=-1, source=0x101 }
D/InputEventConsistencyVerifier(  955):   3: sent at 90321000000, (unhandled) MotionEvent { action=ACTION_UP, id[0]=0, x[0]=436.0, y[0]=614.0, toolType[0]=TOOL_TYPE_UNKNOWN, buttonState=0, metaState=0, flags=0x0, edgeFlags=0x0, pointerCount=1, historySize=0, eventTime=90321, downTime=90316, deviceId=0, source=0x1002 }
D/InputEventConsistencyVerifier(  955):   4: sent at 90316000000, (unhandled) MotionEvent { action=ACTION_DOWN, id[0]=0, x[0]=449.0, y[0]=614.0, toolType[0]=TOOL_TYPE_UNKNOWN, buttonState=0, metaState=0, flags=0x0, edgeFlags=0x0, pointerCount=1, historySize=0, eventTime=90316, downTime=90316, deviceId=0, source=0x1002 }
D/InputEventConsistencyVerifier(  955):   5: sent at 90285000000, (unhandled) KeyEvent { action=ACTION_UP, keyCode=KEYCODE_DPAD_DOWN, scanCode=0, metaState=0, flags=0x80000008, repeatCount=0, eventTime=90285, downTime=90285, deviceId=-1, source=0x101 }
I/AudioService(  222):  AudioFocus  requestAudioFocus() from android.media.AudioManager@b3dcc5a0com.android.music.MediaPlaybackService$3@b3dcadd8
I/AudioService(  222):   Remote Control   registerMediaButtonIntent() for PendingIntent{b4247f80: PendingIntentRecord{b3f35c18 com.android.music broadcastIntent}}
E/WVMExtractor(   62): Failed to open libwvm.so
E/WVMExtractor(   62): Failed to open libwvm.so
I/Choreographer(  955): Skipped 39 frames!  The application may be doing too much work on its main thread.
W/dalvikvm(  918): DroidBox: { "FdAccess": { "path": "2f6465762f696e7075742f6576656e7430", "id": "1927343590" } }
W/DroidBox(  918): DroidBox: { "FileRW": { "operation": "write", "data": "efbfbd060000efbfbdefbfbd0c000500000000000000", "id": "1927343590" } }
I/Choreographer(  955): Skipped 167 frames!  The application may be doing too much work on its main thread.
E/WVMExtractor(   62): Failed to open libwvm.so
I/Choreographer(  955): Skipped 40 frames!  The application may be doing too much work on its main thread.
I/ActivityManager(  222): START {act=android.intent.action.MAIN cat=[android.intent.category.HOME] flg=0x10200000 cmp=com.android.launcher/com.android.launcher2.Launcher u=0} from pid 222
E/WVMExtractor(   62): Failed to open libwvm.so
I/ActivityManager(  222): START {act=android.intent.action.MAIN cat=[android.intent.category.LAUNCHER] flg=0x10200000 cmp=br.com.f2b.android.reader/.Barcode u=0} from pid 918
I/InputDispatcher(  222): Dropped event because of pending overdue app switch.
W/InputManager(  222): Input event injection from pid 918 failed.
W/InputMethodManagerService(  222): Window already focused, ignoring focus gain of: com.android.internal.view.IInputMethodClient$Stub$Proxy@b3e08598 attribute=null
E/WVMExtractor(   62): Failed to open libwvm.so
E/WVMExtractor(   62): Failed to open libwvm.so
D/InputEventConsistencyVerifier(  955): KeyEvent: ACTION_DOWN but key is already down and this event is not a key repeat.
D/InputEventConsistencyVerifier(  955):   in com.android.internal.policy.impl.PhoneWindow$DecorView@b4170a30
D/InputEventConsistencyVerifier(  955):   0: sent at 93498000000, KeyEvent { action=ACTION_DOWN, keyCode=KEYCODE_DPAD_CENTER, scanCode=0, metaState=0, flags=0x8, repeatCount=0, eventTime=93498, downTime=93498, deviceId=-1, source=0x101 }
D/InputEventConsistencyVerifier(  955):   -- recent events --
D/InputEventConsistencyVerifier(  955):   1: sent at 93472000000, (unhandled) KeyEvent { action=ACTION_UP, keyCode=KEYCODE_ENTER, scanCode=0, metaState=0, flags=0x8, repeatCount=0, eventTime=93472, downTime=93472, deviceId=-1, source=0x101 }
D/InputEventConsistencyVerifier(  955):   2: sent at 93472000000, (unhandled) KeyEvent { action=ACTION_UP, keyCode=KEYCODE_NUMPAD_ENTER, scanCode=0, metaState=0, flags=0x8, repeatCount=0, eventTime=93472, downTime=93472, deviceId=-1, source=0x101 }
D/InputEventConsistencyVerifier(  955):   3: sent at 93396000000, (unhandled) KeyEvent { action=ACTION_DOWN, keyCode=KEYCODE_ENTER, scanCode=0, metaState=0, flags=0x8, repeatCount=0, eventTime=93396, downTime=93396, deviceId=-1, source=0x101 }
D/InputEventConsistencyVerifier(  955):   4: sent at 93396000000, (unhandled) KeyEvent { action=ACTION_DOWN, keyCode=KEYCODE_NUMPAD_ENTER, scanCode=0, metaState=0, flags=0x8, repeatCount=0, eventTime=93396, downTime=93396, deviceId=-1, source=0x101 }
D/InputEventConsistencyVerifier(  955):   5: sent at 92575000000, KeyEvent { action=ACTION_DOWN, keyCode=KEYCODE_DPAD_CENTER, scanCode=0, metaState=0, flags=0x8, repeatCount=0, eventTime=92575, downTime=92575, deviceId=-1, source=0x101 }
I/Choreographer(  955): Skipped 48 frames!  The application may be doing too much work on its main thread.
E/WVMExtractor(   62): Failed to open libwvm.so
I/Choreographer(  955): Skipped 46 frames!  The application may be doing too much work on its main thread.
W/InputMethodManagerService(  222): Window already focused, ignoring focus gain of: com.android.internal.view.IInputMethodClient$Stub$Proxy@b3dbb818 attribute=null
D/InputEventConsistencyVerifier(  955): KeyEvent: ACTION_UP but key was not down.
D/InputEventConsistencyVerifier(  955):   in com.android.internal.policy.impl.PhoneWindow$DecorView@b3dbbf28
D/InputEventConsistencyVerifier(  955):   0: sent at 93559000000, KeyEvent { action=ACTION_UP, keyCode=KEYCODE_DPAD_UP, scanCode=0, metaState=0, flags=0x400, repeatCount=0, eventTime=93559, downTime=93559, deviceId=-1, source=0x101 }
D/InputEventConsistencyVerifier(  955):   -- recent events --
D/InputEventConsistencyVerifier(  955):   1: sent at 93394000000, (unhandled) MotionEvent { action=ACTION_MOVE, id[0]=0, x[0]=2.0, y[0]=-3.0, toolType[0]=TOOL_TYPE_UNKNOWN, buttonState=0, metaState=0, flags=0x0, edgeFlags=0x0, pointerCount=1, historySize=9, eventTime=93394, downTime=-1, deviceId=0, source=0x10004 }
D/InputEventConsistencyVerifier(  955):   2: sent at 93532000000, (unhandled) MotionEvent { action=ACTION_UP, id[0]=0, x[0]=104.0, y[0]=370.0, toolType[0]=TOOL_TYPE_UNKNOWN, buttonState=0, metaState=0, flags=0x0, edgeFlags=0x0, pointerCount=1, historySize=0, eventTime=93532, downTime=93526, deviceId=0, source=0x1002 }
D/InputEventConsistencyVerifier(  955):   3: sent at 93526000000, (unhandled) MotionEvent { action=ACTION_DOWN, id[0]=0, x[0]=99.0, y[0]=386.0, toolType[0]=TOOL_TYPE_UNKNOWN, buttonState=0, metaState=0, flags=0x0, edgeFlags=0x0, pointerCount=1, historySize=0, eventTime=93526, downTime=93526, deviceId=0, source=0x1002 }
D/InputEventConsistencyVerifier(  955):   4: sent at 93291000000, (unhandled) MotionEvent { action=ACTION_UP, id[0]=0, x[0]=189.0, y[0]=548.0, toolType[0]=TOOL_TYPE_UNKNOWN, buttonState=0, metaState=0, flags=0x0, edgeFlags=0x0, pointerCount=1, historySize=0, eventTime=93291, downTime=93285, deviceId=0, source=0x1002 }
D/InputEventConsistencyVerifier(  955):   5: sent at 93285000000, (unhandled) MotionEvent { action=ACTION_DOWN, id[0]=0, x[0]=204.0, y[0]=556.0, toolType[0]=TOOL_TYPE_UNKNOWN, buttonState=0, metaState=0, flags=0x0, edgeFlags=0x0, pointerCount=1, historySize=0, eventTime=93285, downTime=93285, deviceId=0, source=0x1002 }
E/WVMExtractor(   62): Failed to open libwvm.so
D/InputEventConsistencyVerifier(  955): KeyEvent: ACTION_UP but key was not down.
D/InputEventConsistencyVerifier(  955):   in android.view.ViewRootImpl@b4138bb0
D/InputEventConsistencyVerifier(  955):   0: sent at 93945000000, KeyEvent { action=ACTION_UP, keyCode=KEYCODE_BUTTON_4, scanCode=0, metaState=0, flags=0x8, repeatCount=0, eventTime=93945, downTime=93945, deviceId=-1, source=0x101 }
D/InputEventConsistencyVerifier(  955):   -- recent events --
D/InputEventConsistencyVerifier(  955):   1: sent at 93561000000, KeyEvent { action=ACTION_UP, keyCode=KEYCODE_DPAD_UP, scanCode=0, metaState=0, flags=0x400, repeatCount=0, eventTime=93561, downTime=93561, deviceId=-1, source=0x101 }
D/InputEventConsistencyVerifier(  955):   2: sent at 93561000000, KeyEvent { action=ACTION_DOWN, keyCode=KEYCODE_DPAD_UP, scanCode=0, metaState=0, flags=0x400, repeatCount=0, eventTime=93561, downTime=93561, deviceId=-1, source=0x101 }
D/InputEventConsistencyVerifier(  955):   3: sent at 93560000000, KeyEvent { action=ACTION_UP, keyCode=KEYCODE_DPAD_UP, scanCode=0, metaState=0, flags=0x400, repeatCount=0, eventTime=93560, downTime=93560, deviceId=-1, source=0x101 }
D/InputEventConsistencyVerifier(  955):   4: sent at 93560000000, KeyEvent { action=ACTION_DOWN, keyCode=KEYCODE_DPAD_UP, scanCode=0, metaState=0, flags=0x400, repeatCount=0, eventTime=93560, downTime=93560, deviceId=-1, source=0x101 }
D/InputEventConsistencyVerifier(  955):   5: sent at 93559000000, KeyEvent { action=ACTION_UP, keyCode=KEYCODE_DPAD_UP, scanCode=0, metaState=0, flags=0x400, repeatCount=0, eventTime=93559, downTime=93559, deviceId=-1, source=0x101 }
E/WVMExtractor(   62): Failed to open libwvm.so
E/WVMExtractor(   62): Failed to open libwvm.so
E/WVMExtractor(   62): Failed to open libwvm.so
E/WVMExtractor(   62): Failed to open libwvm.so
E/WVMExtractor(   62): Failed to open libwvm.so
E/WVMExtractor(   62): Failed to open libwvm.so
E/WVMExtractor(   62): Failed to open libwvm.so
E/WVMExtractor(   62): Failed to open libwvm.so
I/Choreographer(  955): Skipped 36 frames!  The application may be doing too much work on its main thread.
D/InputEventConsistencyVerifier(  356): KeyEvent: ACTION_UP but key was not down.
D/InputEventConsistencyVerifier(  356):   in com.android.systemui.statusbar.phone.StatusBarWindowView@b3ded290
D/InputEventConsistencyVerifier(  356):   0: sent at 95633000000, KeyEvent { action=ACTION_UP, keyCode=KEYCODE_DPAD_DOWN, scanCode=0, metaState=0, flags=0x8, repeatCount=0, eventTime=95633, downTime=95633, deviceId=-1, source=0x101 }
D/InputEventConsistencyVerifier(  356):   -- recent events --
D/InputEventConsistencyVerifier(  356):   1: sent at 95557000000, MotionEvent { action=ACTION_UP, id[0]=0, x[0]=86.0, y[0]=5.0, toolType[0]=TOOL_TYPE_UNKNOWN, buttonState=0, metaState=0, flags=0x0, edgeFlags=0x0, pointerCount=1, historySize=0, eventTime=95557, downTime=95529, deviceId=0, source=0x1002 }
D/InputEventConsistencyVerifier(  356):   2: sent at 95530000000, MotionEvent { action=ACTION_DOWN, id[0]=0, x[0]=78.0, y[0]=13.0, toolType[0]=TOOL_TYPE_UNKNOWN, buttonState=0, metaState=0, flags=0x0, edgeFlags=0x0, pointerCount=1, historySize=0, eventTime=95530, downTime=95529, deviceId=0, source=0x1002 }
D/InputEventConsistencyVerifier(  356):   3: sent at 76968000000, (unhandled) KeyEvent { action=ACTION_UP, keyCode=KEYCODE_DPAD_LEFT, scanCode=0, metaState=0, flags=0x400, repeatCount=0, eventTime=76968, downTime=76968, deviceId=-1, source=0x101 }
D/InputEventConsistencyVerifier(  356):   4: sent at 76968000000, (unhandled) KeyEvent { action=ACTION_DOWN, keyCode=KEYCODE_DPAD_LEFT, scanCode=0, metaState=0, flags=0x400, repeatCount=0, eventTime=76968, downTime=76968, deviceId=-1, source=0x101 }
D/InputEventConsistencyVerifier(  356):   5: sent at 76968000000, (unhandled) KeyEvent { action=ACTION_UP, keyCode=KEYCODE_DPAD_LEFT, scanCode=0, metaState=0, flags=0x400, repeatCount=0, eventTime=76968, downTime=76968, deviceId=-1, source=0x101 }
W/dalvikvm(  356): DroidBox: { "FdAccess": { "path": "2f70726f632f6d656d696e666f", "id": "1594394126" } }
W/DroidBox(  356): DroidBox: { "FileRW": { "operation": "read", "data": "4d656d546f74616c3a202020202020202020373438393634206b420a4d656d467265653a20202020202020202020343433313732206b420a427566666572733a20202020202020202020202035343034206b420a4361636865643a202020202020202020", "id": "1594394126" } }
W/dalvikvm(  356): DroidBox: { "FdAccess": { "path": "2f70726f632f6d656d696e666f", "id": "985837533" } }
W/DroidBox(  356): DroidBox: { "FileRW": { "operation": "read", "data": "4d656d546f74616c3a202020202020202020373438393634206b420a4d656d467265653a20202020202020202020343433303438206b420a427566666572733a20202020202020202020202035343034206b420a4361636865643a202020202020202020", "id": "985837533" } }
D/InputEventConsistencyVerifier(  356): KeyEvent: ACTION_UP but key was not down.
D/InputEventConsistencyVerifier(  356):   in android.widget.FrameLayout@b3dfd790
D/InputEventConsistencyVerifier(  356):   0: sent at 95733000000, KeyEvent { action=ACTION_UP, keyCode=KEYCODE_DPAD_DOWN, scanCode=0, metaState=0, flags=0x8, repeatCount=0, eventTime=95733, downTime=95733, deviceId=-1, source=0x101 }
D/InputEventConsistencyVerifier(  356):   -- recent events --
D/InputEventConsistencyVerifier(  356):   1: sent at 76852000000, (unhandled) KeyEvent { action=ACTION_UP, keyCode=KEYCODE_DPAD_RIGHT, scanCode=0, metaState=0, flags=0x8, repeatCount=0, eventTime=76852, downTime=76852, deviceId=-1, source=0x101 }
D/InputEventConsistencyVerifier(  356):   2: sent at 76848000000, (unhandled) KeyEvent { action=ACTION_DOWN, keyCode=KEYCODE_DPAD_RIGHT, scanCode=0, metaState=0, flags=0x8, repeatCount=0, eventTime=76848, downTime=76848, deviceId=-1, source=0x101 }
D/InputEventConsistencyVerifier(  356):   3: sent at 76784000000, (unhandled) KeyEvent { action=ACTION_UP, keyCode=KEYCODE_DPAD_DOWN, scanCode=0, metaState=0, flags=0x80000008, repeatCount=0, eventTime=76784, downTime=76784, deviceId=-1, source=0x101 }
D/InputEventConsistencyVerifier(  356):   4: sent at 74251000000, MotionEvent { action=ACTION_UP, id[0]=0, x[0]=134.0, y[0]=130.0, toolType[0]=TOOL_TYPE_UNKNOWN, buttonState=0, metaState=0, flags=0x0, edgeFlags=0x0, pointerCount=1, historySize=0, eventTime=74251, downTime=74247, deviceId=0, source=0x1002 }
D/InputEventConsistencyVerifier(  356):   5: sent at 74247000000, MotionEvent { action=ACTION_DOWN, id[0]=0, x[0]=132.0, y[0]=148.0, toolType[0]=TOOL_TYPE_UNKNOWN, buttonState=0, metaState=0, flags=0x0, edgeFlags=0x0, pointerCount=1, historySize=0, eventTime=74247, downTime=74247, deviceId=0, source=0x1002 }
D/PhoneStatusBar(  356): disable: < expand icons alerts TICKER* system_info back home recent clock >
D/InputEventConsistencyVerifier(  955): KeyEvent: ACTION_UP but key was not down.
D/InputEventConsistencyVerifier(  955):   in com.android.internal.policy.impl.PhoneWindow$DecorView@b3dbbf28
D/InputEventConsistencyVerifier(  955):   0: sent at 95613000000, KeyEvent { action=ACTION_UP, keyCode=KEYCODE_DPAD_DOWN, scanCode=0, metaState=0, flags=0x400, repeatCount=0, eventTime=95613, downTime=95613, deviceId=-1, source=0x101 }
D/InputEventConsistencyVerifier(  955):   -- recent events --
D/InputEventConsistencyVerifier(  955):   1: sent at 95468000000, (unhandled) MotionEvent { action=ACTION_MOVE, id[0]=0, x[0]=1.0, y[0]=2.0, toolType[0]=TOOL_TYPE_UNKNOWN, buttonState=0, metaState=0, flags=0x0, edgeFlags=0x0, pointerCount=1, historySize=9, eventTime=95468, downTime=-1, deviceId=0, source=0x10004 }
D/InputEventConsistencyVerifier(  955):   2: sent at 95524000000, (unhandled) MotionEvent { action=ACTION_UP, id[0]=0, x[0]=315.0, y[0]=550.0, toolType[0]=TOOL_TYPE_UNKNOWN, buttonState=0, metaState=0, flags=0x0, edgeFlags=0x0, pointerCount=1, historySize=0, eventTime=95524, downTime=95481, deviceId=0, source=0x1002 }
D/InputEventConsistencyVerifier(  955):   3: sent at 95523000000, (unhandled) MotionEvent { action=ACTION_MOVE, id[0]=0, x[0]=316.0, y[0]=551.0, toolType[0]=TOOL_TYPE_UNKNOWN, buttonState=0, metaState=0, flags=0x0, edgeFlags=0x0, pointerCount=1, historySize=7, eventTime=95523, downTime=95481, deviceId=0, source=0x1002 }
D/InputEventConsistencyVerifier(  955):   4: sent at 95483000000, (unhandled) MotionEvent { action=ACTION_DOWN, id[0]=0, x[0]=319.0, y[0]=616.0, toolType[0]=TOOL_TYPE_UNKNOWN, buttonState=0, metaState=0, flags=0x0, edgeFlags=0x0, pointerCount=1, historySize=0, eventTime=95483, downTime=95481, deviceId=0, source=0x1002 }
D/InputEventConsistencyVerifier(  955):   5: sent at 95423000000, (unhandled) MotionEvent { action=ACTION_UP, id[0]=0, x[0]=289.0, y[0]=430.0, toolType[0]=TOOL_TYPE_UNKNOWN, buttonState=0, metaState=0, flags=0x0, edgeFlags=0x0, pointerCount=1, historySize=0, eventTime=95423, downTime=95405, deviceId=0, source=0x1002 }
D/PhoneStatusBar(  356): disable: < expand icons alerts ticker* system_info back home recent clock >
W/InputMethodManagerService(  222): Window already focused, ignoring focus gain of: com.android.internal.view.IInputMethodClient$Stub$Proxy@b3dd1e20 attribute=null
E/WVMExtractor(   62): Failed to open libwvm.so
E/WVMExtractor(   62): Failed to open libwvm.so
E/WVMExtractor(   62): Failed to open libwvm.so
E/WVMExtractor(   62): Failed to open libwvm.so
D/InputEventConsistencyVerifier(  955): KeyEvent: ACTION_UP but key was not down.
D/InputEventConsistencyVerifier(  955):   in com.android.internal.policy.impl.PhoneWindow$DecorView@b3dbbf28
D/InputEventConsistencyVerifier(  955):   0: sent at 96462000000, KeyEvent { action=ACTION_UP, keyCode=KEYCODE_DPAD_UP, scanCode=0, metaState=0, flags=0x400, repeatCount=0, eventTime=96462, downTime=96462, deviceId=-1, source=0x101 }
D/InputEventConsistencyVerifier(  955):   -- recent events --
D/InputEventConsistencyVerifier(  955):   1: sent at 96437000000, (unhandled) MotionEvent { action=ACTION_MOVE, id[0]=0, x[0]=-2.0, y[0]=-4.0, toolType[0]=TOOL_TYPE_UNKNOWN, buttonState=0, metaState=0, flags=0x0, edgeFlags=0x0, pointerCount=1, historySize=3, eventTime=96437, downTime=-1, deviceId=0, source=0x10004 }
D/InputEventConsistencyVerifier(  955):   2: sent at 96348000000, (unhandled) KeyEvent { action=ACTION_UP, keyCode=KEYCODE_VOLUME_DOWN, scanCode=0, metaState=0, flags=0x8, repeatCount=0, eventTime=96348, downTime=96348, deviceId=-1, source=0x101 }
D/InputEventConsistencyVerifier(  955):   3: sent at 96195000000, (unhandled) KeyEvent { action=ACTION_DOWN, keyCode=KEYCODE_VOLUME_DOWN, scanCode=0, metaState=0, flags=0x8, repeatCount=0, eventTime=96195, downTime=96195, deviceId=-1, source=0x101 }
D/InputEventConsistencyVerifier(  955):   4: sent at 96128000000, (unhandled) KeyEvent { action=ACTION_UP, keyCode=KEYCODE_AVR_POWER, scanCode=0, metaState=0, flags=0x8, repeatCount=0, eventTime=96128, downTime=96128, deviceId=-1, source=0x101 }
D/InputEventConsistencyVerifier(  955):   5: sent at 96100000000, (unhandled) KeyEvent { action=ACTION_DOWN, keyCode=KEYCODE_AVR_POWER, scanCode=0, metaState=0, flags=0x8, repeatCount=0, eventTime=96100, downTime=96100, deviceId=-1, source=0x101 }
E/WVMExtractor(   62): Failed to open libwvm.so
E/WVMExtractor(   62): Failed to open libwvm.so
E/WVMExtractor(   62): Failed to open libwvm.so
E/WVMExtractor(   62): Failed to open libwvm.so
E/WVMExtractor(   62): Failed to open libwvm.so
E/WVMExtractor(   62): Failed to open libwvm.so
E/WVMExtractor(   62): Failed to open libwvm.so
I/Choreographer(  955): Skipped 41 frames!  The application may be doing too much work on its main thread.
I/Choreographer(  955): Skipped 70 frames!  The application may be doing too much work on its main thread.
E/WVMExtractor(   62): Failed to open libwvm.so
W/BackupManagerService(  222): dataChanged but no participant pkg='com.android.providers.settings' uid=1001
I/Choreographer(  955): Skipped 138 frames!  The application may be doing too much work on its main thread.
I/Choreographer(  356): Skipped 38 frames!  The application may be doing too much work on its main thread.
W/InputMethodManagerService(  222): Window already focused, ignoring focus gain of: com.android.internal.view.IInputMethodClient$Stub$Proxy@b40c2568 attribute=null
D/InputEventConsistencyVerifier(  356): KeyEvent: ACTION_UP but key was not down.
D/InputEventConsistencyVerifier(  356):   in android.view.ViewRootImpl@b3e7ebf8
D/InputEventConsistencyVerifier(  356):   0: sent at 98953000000, KeyEvent { action=ACTION_UP, keyCode=KEYCODE_DPAD_LEFT, scanCode=0, metaState=0, flags=0x8, repeatCount=0, eventTime=98953, downTime=98953, deviceId=-1, source=0x101 }
D/InputEventConsistencyVerifier(  356):   -- recent events --
D/InputEventConsistencyVerifier(  356):   1: sent at 98929000000, MotionEvent { action=ACTION_UP, id[0]=0, x[0]=436.0, y[0]=19.0, toolType[0]=TOOL_TYPE_UNKNOWN, buttonState=0, metaState=0, flags=0x0, edgeFlags=0x0, pointerCount=1, historySize=0, eventTime=98929, downTime=98924, deviceId=0, source=0x1002 }
D/InputEventConsistencyVerifier(  356):   2: sent at 98924000000, MotionEvent { action=ACTION_DOWN, id[0]=0, x[0]=437.0, y[0]=19.0, toolType[0]=TOOL_TYPE_UNKNOWN, buttonState=0, metaState=0, flags=0x0, edgeFlags=0x0, pointerCount=1, historySize=0, eventTime=98924, downTime=98924, deviceId=0, source=0x1002 }
D/InputEventConsistencyVerifier(  356):   3: sent at 95733000000, KeyEvent { action=ACTION_UP, keyCode=KEYCODE_DPAD_DOWN, scanCode=0, metaState=0, flags=0x8, repeatCount=0, eventTime=95733, downTime=95733, deviceId=-1, source=0x101 }
D/InputEventConsistencyVerifier(  356):   4: sent at 95706000000, KeyEvent { action=ACTION_DOWN, keyCode=KEYCODE_DPAD_DOWN, scanCode=0, metaState=0, flags=0x8, repeatCount=0, eventTime=95706, downTime=95706, deviceId=-1, source=0x101 }
D/InputEventConsistencyVerifier(  356):   5: sent at 95703000000, KeyEvent { action=ACTION_UP, keyCode=KEYCODE_EISU, scanCode=0, metaState=0, flags=0x8, repeatCount=0, eventTime=95703, downTime=95703, deviceId=-1, source=0x101 }
W/dalvikvm(  356): DroidBox: { "FdAccess": { "path": "2f70726f632f6d656d696e666f", "id": "521052730" } }
W/DroidBox(  356): DroidBox: { "FileRW": { "operation": "read", "data": "4d656d546f74616c3a202020202020202020373438393634206b420a4d656d467265653a20202020202020202020343430303830206b420a427566666572733a20202020202020202020202035343132206b420a4361636865643a202020202020202020", "id": "521052730" } }
I/Choreographer(  356): Skipped 41 frames!  The application may be doing too much work on its main thread.
D/InputEventConsistencyVerifier(  356): KeyEvent: ACTION_UP but key was not down.
D/InputEventConsistencyVerifier(  356):   in com.android.systemui.statusbar.phone.StatusBarWindowView@b3ded290
D/InputEventConsistencyVerifier(  356):   0: sent at 99251000000, KeyEvent { action=ACTION_UP, keyCode=KEYCODE_DPAD_RIGHT, scanCode=0, metaState=0, flags=0x400, repeatCount=0, eventTime=99251, downTime=99251, deviceId=-1, source=0x101 }
D/InputEventConsistencyVerifier(  356):   -- recent events --
D/InputEventConsistencyVerifier(  356):   1: sent at 99238000000, (unhandled) MotionEvent { action=ACTION_MOVE, id[0]=0, x[0]=2.0, y[0]=-1.0, toolType[0]=TOOL_TYPE_UNKNOWN, buttonState=0, metaState=0, flags=0x0, edgeFlags=0x0, pointerCount=1, historySize=4, eventTime=99238, downTime=-1, deviceId=0, source=0x10004 }
D/InputEventConsistencyVerifier(  356):   2: sent at 98953000000, (unhandled) KeyEvent { action=ACTION_UP, keyCode=KEYCODE_DPAD_LEFT, scanCode=0, metaState=0, flags=0x80000008, repeatCount=0, eventTime=98953, downTime=98953, deviceId=-1, source=0x101 }
D/InputEventConsistencyVerifier(  356):   3: sent at 98929000000, MotionEvent { action=ACTION_UP, id[0]=0, x[0]=436.0, y[0]=19.0, toolType[0]=TOOL_TYPE_UNKNOWN, buttonState=0, metaState=0, flags=0x0, edgeFlags=0x0, pointerCount=1, historySize=0, eventTime=98929, downTime=98924, deviceId=0, source=0x1002 }
D/InputEventConsistencyVerifier(  356):   4: sent at 98924000000, MotionEvent { action=ACTION_DOWN, id[0]=0, x[0]=437.0, y[0]=19.0, toolType[0]=TOOL_TYPE_UNKNOWN, buttonState=0, metaState=0, flags=0x0, edgeFlags=0x0, pointerCount=1, historySize=0, eventTime=98924, downTime=98924, deviceId=0, source=0x1002 }
D/InputEventConsistencyVerifier(  356):   5: sent at 95733000000, (unhandled) KeyEvent { action=ACTION_UP, keyCode=KEYCODE_DPAD_DOWN, scanCode=0, metaState=0, flags=0x8, repeatCount=0, eventTime=95733, downTime=95733, deviceId=-1, source=0x101 }
D/PhoneStatusBar(  356): disable: < expand icons alerts TICKER* system_info back home recent clock >
D/InputEventConsistencyVerifier(  356): KeyEvent: ACTION_UP but key was not down.
D/InputEventConsistencyVerifier(  356):   in com.android.systemui.statusbar.phone.StatusBarWindowView@b3ded290
D/InputEventConsistencyVerifier(  356):   0: sent at 99302000000, KeyEvent { action=ACTION_UP, keyCode=KEYCODE_DPAD_LEFT, scanCode=0, metaState=0, flags=0x400, repeatCount=0, eventTime=99302, downTime=99302, deviceId=-1, source=0x101 }
D/InputEventConsistencyVerifier(  356):   -- recent events --
D/InputEventConsistencyVerifier(  356):   1: sent at 99271000000, (unhandled) MotionEvent { action=ACTION_MOVE, id[0]=0, x[0]=-3.0, y[0]=-1.0, toolType[0]=TOOL_TYPE_UNKNOWN, buttonState=0, metaState=0, flags=0x0, edgeFlags=0x0, pointerCount=1, historySize=4, eventTime=99271, downTime=-1, deviceId=0, source=0x10004 }
D/InputEventConsistencyVerifier(  356):   2: sent at 99251000000, (unhandled) KeyEvent { action=ACTION_UP, keyCode=KEYCODE_DPAD_RIGHT, scanCode=0, metaState=0, flags=0x400, repeatCount=0, eventTime=99251, downTime=99251, deviceId=-1, source=0x101 }
D/InputEventConsistencyVerifier(  356):   3: sent at 99251000000, (unhandled) KeyEvent { action=ACTION_DOWN, keyCode=KEYCODE_DPAD_RIGHT, scanCode=0, metaState=0, flags=0x400, repeatCount=0, eventTime=99251, downTime=99251, deviceId=-1, source=0x101 }
D/InputEventConsistencyVerifier(  356):   4: sent at 99251000000, (unhandled) KeyEvent { action=ACTION_UP, keyCode=KEYCODE_DPAD_RIGHT, scanCode=0, metaState=0, flags=0x80000400, repeatCount=0, eventTime=99251, downTime=99251, deviceId=-1, source=0x101 }
D/InputEventConsistencyVerifier(  356):   5: sent at 99238000000, (unhandled) MotionEvent { action=ACTION_MOVE, id[0]=0, x[0]=2.0, y[0]=-1.0, toolType[0]=TOOL_TYPE_UNKNOWN, buttonState=0, metaState=0, flags=0x0, edgeFlags=0x0, pointerCount=1, historySize=4, eventTime=99238, downTime=-1, deviceId=0, source=0x10004 }
D/InputEventConsistencyVerifier(  356): TouchEvent: ACTION_DOWN but pointers are already down.  Probably missing ACTION_UP from previous gesture.
D/InputEventConsistencyVerifier(  356):   in android.view.ScaleGestureDetector@b3e8ce48
D/InputEventConsistencyVerifier(  356):   0: sent at 99326000000, MotionEvent { action=ACTION_DOWN, id[0]=0, x[0]=442.0, y[0]=618.0, toolType[0]=TOOL_TYPE_UNKNOWN, buttonState=0, metaState=0, flags=0x0, edgeFlags=0x0, pointerCount=1, historySize=0, eventTime=99326, downTime=99326, deviceId=0, source=0x1002 }
D/InputEventConsistencyVerifier(  356):   -- recent events --
D/InputEventConsistencyVerifier(  356):   1: sent at 99314000000, MotionEvent { action=ACTION_DOWN, id[0]=0, x[0]=402.0, y[0]=181.0, toolType[0]=TOOL_TYPE_UNKNOWN, buttonState=0, metaState=0, flags=0x0, edgeFlags=0x0, pointerCount=1, historySize=0, eventTime=99314, downTime=99314, deviceId=0, source=0x1002 }
D/InputEventConsistencyVerifier(  356):   2: sent at 98929000000, MotionEvent { action=ACTION_UP, id[0]=0, x[0]=436.0, y[0]=19.0, toolType[0]=TOOL_TYPE_UNKNOWN, buttonState=0, metaState=0, flags=0x0, edgeFlags=0x0, pointerCount=1, historySize=0, eventTime=98929, downTime=98924, deviceId=0, source=0x1002 }
D/InputEventConsistencyVerifier(  356):   3: sent at 98924000000, MotionEvent { action=ACTION_DOWN, id[0]=0, x[0]=437.0, y[0]=19.0, toolType[0]=TOOL_TYPE_UNKNOWN, buttonState=0, metaState=0, flags=0x0, edgeFlags=0x0, pointerCount=1, historySize=0, eventTime=98924, downTime=98924, deviceId=0, source=0x1002 }
D/InputEventConsistencyVerifier(  356):   4: sent at 95557000000, MotionEvent { action=ACTION_UP, id[0]=0, x[0]=86.0, y[0]=5.0, toolType[0]=TOOL_TYPE_UNKNOWN, buttonState=0, metaState=0, flags=0x0, edgeFlags=0x0, pointerCount=1, historySize=0, eventTime=95557, downTime=95529, deviceId=0, source=0x1002 }
D/InputEventConsistencyVerifier(  356):   5: sent at 95530000000, MotionEvent { action=ACTION_DOWN, id[0]=0, x[0]=78.0, y[0]=13.0, toolType[0]=TOOL_TYPE_UNKNOWN, buttonState=0, metaState=0, flags=0x0, edgeFlags=0x0, pointerCount=1, historySize=0, eventTime=95530, downTime=95529, deviceId=0, source=0x1002 }
W/dalvikvm(  356): DroidBox: { "FdAccess": { "path": "2f70726f632f6d656d696e666f", "id": "771223506" } }
W/DroidBox(  356): DroidBox: { "FileRW": { "operation": "read", "data": "4d656d546f74616c3a202020202020202020373438393634206b420a4d656d467265653a20202020202020202020343430303830206b420a427566666572733a20202020202020202020202035343132206b420a4361636865643a202020202020202020", "id": "771223506" } }
I/ActivityManager(  222): START {act=android.intent.action.MAIN cat=[android.intent.category.LAUNCHER] flg=0x10000000 cmp=com.android.calendar/.AllInOneActivity sel={act=android.intent.action.MAIN cat=[android.intent.category.APP_CALENDAR]} u=0} from pid 222
D/InputEventConsistencyVerifier(  356): KeyEvent: ACTION_UP but key was not down.
D/InputEventConsistencyVerifier(  356):   in android.view.ViewRootImpl@b3e7ebf8
D/InputEventConsistencyVerifier(  356):   0: sent at 99408000000, KeyEvent { action=ACTION_UP, keyCode=KEYCODE_CALENDAR, scanCode=0, metaState=0, flags=0x8, repeatCount=0, eventTime=99408, downTime=99408, deviceId=-1, source=0x101 }
D/InputEventConsistencyVerifier(  356):   -- recent events --
D/InputEventConsistencyVerifier(  356):   1: sent at 99380000000, KeyEvent { action=ACTION_UP, keyCode=KEYCODE_NUMPAD_MULTIPLY, scanCode=0, metaState=0, flags=0x8, repeatCount=0, eventTime=99380, downTime=99380, deviceId=-1, source=0x101 }
D/InputEventConsistencyVerifier(  356):   2: sent at 99347000000, KeyEvent { action=ACTION_DOWN, keyCode=KEYCODE_NUMPAD_MULTIPLY, scanCode=0, metaState=0, flags=0x8, repeatCount=0, eventTime=99347, downTime=99347, deviceId=-1, source=0x101 }
D/InputEventConsistencyVerifier(  356):   3: sent at 99329000000, MotionEvent { action=ACTION_UP, id[0]=0, x[0]=454.0, y[0]=618.0, toolType[0]=TOOL_TYPE_UNKNOWN, buttonState=0, metaState=0, flags=0x0, edgeFlags=0x0, pointerCount=1, historySize=0, eventTime=99329, downTime=99326, deviceId=0, source=0x1002 }
D/InputEventConsistencyVerifier(  356):   4: sent at 99326000000, MotionEvent { action=ACTION_DOWN, id[0]=0, x[0]=442.0, y[0]=618.0, toolType[0]=TOOL_TYPE_UNKNOWN, buttonState=0, metaState=0, flags=0x0, edgeFlags=0x0, pointerCount=1, historySize=0, eventTime=99326, downTime=99326, deviceId=0, source=0x1002 }
D/InputEventConsistencyVerifier(  356):   5: sent at 99321000000, MotionEvent { action=ACTION_UP, id[0]=0, x[0]=385.0, y[0]=166.0, toolType[0]=TOOL_TYPE_UNKNOWN, buttonState=0, metaState=0, flags=0x0, edgeFlags=0x0, pointerCount=1, historySize=0, eventTime=99321, downTime=99314, deviceId=0, source=0x1002 }
D/InputEventConsistencyVerifier(  356): TouchEvent: ACTION_DOWN but pointers are already down.  Probably missing ACTION_UP from previous gesture.
D/InputEventConsistencyVerifier(  356):   in android.view.ScaleGestureDetector@b3e8ce48
D/InputEventConsistencyVerifier(  356):   0: sent at 99440000000, MotionEvent { action=ACTION_DOWN, id[0]=0, x[0]=389.0, y[0]=212.0, toolType[0]=TOOL_TYPE_UNKNOWN, buttonState=0, metaState=0, flags=0x0, edgeFlags=0x0, pointerCount=1, historySize=0, eventTime=99440, downTime=99439, deviceId=0, source=0x1002 }
D/InputEventConsistencyVerifier(  356):   -- recent events --
D/InputEventConsistencyVerifier(  356):   1: sent at 99326000000, MotionEvent { action=ACTION_DOWN, id[0]=0, x[0]=442.0, y[0]=618.0, toolType[0]=TOOL_TYPE_UNKNOWN, buttonState=0, metaState=0, flags=0x80000000, edgeFlags=0x0, pointerCount=1, historySize=0, eventTime=99326, downTime=99326, deviceId=0, source=0x1002 }
D/InputEventConsistencyVerifier(  356):   2: sent at 99314000000, MotionEvent { action=ACTION_DOWN, id[0]=0, x[0]=402.0, y[0]=181.0, toolType[0]=TOOL_TYPE_UNKNOWN, buttonState=0, metaState=0, flags=0x0, edgeFlags=0x0, pointerCount=1, historySize=0, eventTime=99314, downTime=99314, deviceId=0, source=0x1002 }
D/InputEventConsistencyVerifier(  356):   3: sent at 98929000000, MotionEvent { action=ACTION_UP, id[0]=0, x[0]=436.0, y[0]=19.0, toolType[0]=TOOL_TYPE_UNKNOWN, buttonState=0, metaState=0, flags=0x0, edgeFlags=0x0, pointerCount=1, historySize=0, eventTime=98929, downTime=98924, deviceId=0, source=0x1002 }
D/InputEventConsistencyVerifier(  356):   4: sent at 98924000000, MotionEvent { action=ACTION_DOWN, id[0]=0, x[0]=437.0, y[0]=19.0, toolType[0]=TOOL_TYPE_UNKNOWN, buttonState=0, metaState=0, flags=0x0, edgeFlags=0x0, pointerCount=1, historySize=0, eventTime=98924, downTime=98924, deviceId=0, source=0x1002 }
D/InputEventConsistencyVerifier(  356):   5: sent at 95557000000, MotionEvent { action=ACTION_UP, id[0]=0, x[0]=86.0, y[0]=5.0, toolType[0]=TOOL_TYPE_UNKNOWN, buttonState=0, metaState=0, flags=0x0, edgeFlags=0x0, pointerCount=1, historySize=0, eventTime=95557, downTime=95529, deviceId=0, source=0x1002 }
W/InputMethodManagerService(  222): Window already focused, ignoring focus gain of: com.android.internal.view.IInputMethodClient$Stub$Proxy@b4109008 attribute=null
D/PhoneStatusBar(  356): disable: < expand icons alerts ticker* system_info back home recent clock >
E/WVMExtractor(   62): Failed to open libwvm.so
I/ActivityManager(  222): START {act=android.intent.action.MAIN cat=[android.intent.category.LAUNCHER] flg=0x10200000 cmp=br.com.f2b.android.reader/.Barcode u=0} from pid 918
D/InputEventConsistencyVerifier(  955): KeyEvent: ACTION_UP but key was not down.
D/InputEventConsistencyVerifier(  955):   in com.android.internal.policy.impl.PhoneWindow$DecorView@b3dbbf28
D/InputEventConsistencyVerifier(  955):   0: sent at 99881000000, KeyEvent { action=ACTION_UP, keyCode=KEYCODE_DPAD_DOWN, scanCode=0, metaState=0, flags=0x8, repeatCount=0, eventTime=99881, downTime=99881, deviceId=-1, source=0x101 }
D/InputEventConsistencyVerifier(  955):   -- recent events --
D/InputEventConsistencyVerifier(  955):   1: sent at 99780000000, (unhandled) MotionEvent { action=ACTION_UP, id[0]=0, x[0]=362.0, y[0]=551.0, toolType[0]=TOOL_TYPE_UNKNOWN, buttonState=0, metaState=0, flags=0x0, edgeFlags=0x0, pointerCount=1, historySize=0, eventTime=99780, downTime=99758, deviceId=0, source=0x1002 }
D/InputEventConsistencyVerifier(  955):   2: sent at 99759000000, (unhandled) MotionEvent { action=ACTION_DOWN, id[0]=0, x[0]=383.0, y[0]=555.0, toolType[0]=TOOL_TYPE_UNKNOWN, buttonState=0, metaState=0, flags=0x0, edgeFlags=0x0, pointerCount=1, historySize=0, eventTime=99759, downTime=99758, deviceId=0, source=0x1002 }
D/InputEventConsistencyVerifier(  955):   3: sent at 99710000000, (unhandled) KeyEvent { action=ACTION_UP, keyCode=KEYCODE_DPAD_UP, scanCode=0, metaState=0, flags=0x8, repeatCount=0, eventTime=99710, downTime=99710, deviceId=-1, source=0x101 }
D/InputEventConsistencyVerifier(  955):   4: sent at 99685000000, (unhandled) KeyEvent { action=ACTION_DOWN, keyCode=KEYCODE_DPAD_UP, scanCode=0, metaState=0, flags=0x8, repeatCount=0, eventTime=99685, downTime=99685, deviceId=-1, source=0x101 }
D/InputEventConsistencyVerifier(  955):   5: sent at 99650000000, (unhandled) KeyEvent { action=ACTION_UP, keyCode=KEYCODE_DPAD_DOWN, scanCode=0, metaState=0, flags=0x8, repeatCount=0, eventTime=99650, downTime=99650, deviceId=-1, source=0x101 }
E/WVMExtractor(   62): Failed to open libwvm.so
I/Choreographer(  955): Skipped 40 frames!  The application may be doing too much work on its main thread.
E/WVMExtractor(   62): Failed to open libwvm.so
D/InputEventConsistencyVerifier(  955): TrackballEvent: Trackball is down but pressure is not greater than 0.
D/InputEventConsistencyVerifier(  955):   in android.view.ViewRootImpl@b413f460
D/InputEventConsistencyVerifier(  955):   0: sent at 100189000000, MotionEvent { action=ACTION_DOWN, id[0]=0, x[0]=0.0, y[0]=0.0, toolType[0]=TOOL_TYPE_UNKNOWN, buttonState=0, metaState=0, flags=0x0, edgeFlags=0x0, pointerCount=1, historySize=0, eventTime=100189, downTime=100137, deviceId=0, source=0x10004 }
D/InputEventConsistencyVerifier(  955):   -- recent events --
D/InputEventConsistencyVerifier(  955):   1: sent at 100238000000, KeyEvent { action=ACTION_UP, keyCode=KEYCODE_DPAD_DOWN, scanCode=0, metaState=0, flags=0x400, repeatCount=0, eventTime=100238, downTime=100238, deviceId=-1, source=0x101 }
D/InputEventConsistencyVerifier(  955):   2: sent at 100238000000, KeyEvent { action=ACTION_DOWN, keyCode=KEYCODE_DPAD_DOWN, scanCode=0, metaState=0, flags=0x400, repeatCount=0, eventTime=100238, downTime=100238, deviceId=-1, source=0x101 }
D/InputEventConsistencyVerifier(  955):   3: sent at 100238000000, KeyEvent { action=ACTION_UP, keyCode=KEYCODE_DPAD_DOWN, scanCode=0, metaState=0, flags=0x400, repeatCount=0, eventTime=100238, downTime=100238, deviceId=-1, source=0x101 }
D/InputEventConsistencyVerifier(  955):   4: sent at 100238000000, KeyEvent { action=ACTION_DOWN, keyCode=KEYCODE_DPAD_DOWN, scanCode=0, metaState=0, flags=0x400, repeatCount=0, eventTime=100238, downTime=100238, deviceId=-1, source=0x101 }
D/InputEventConsistencyVerifier(  955):   5: sent at 100187000000, MotionEvent { action=ACTION_MOVE, id[0]=0, x[0]=-2.0, y[0]=2.0, toolType[0]=TOOL_TYPE_UNKNOWN, buttonState=0, metaState=0, flags=0x0, edgeFlags=0x0, pointerCount=1, historySize=9, eventTime=100187, downTime=-1, deviceId=0, source=0x10004 }
E/WVMExtractor(   62): Failed to open libwvm.so
I/Choreographer(  955): Skipped 48 frames!  The application may be doing too much work on its main thread.
E/WVMExtractor(   62): Failed to open libwvm.so
I/Choreographer(  955): Skipped 116 frames!  The application may be doing too much work on its main thread.
D/InputEventConsistencyVerifier(  955): KeyEvent: ACTION_UP but key was not down.
D/InputEventConsistencyVerifier(  955):   in com.android.internal.policy.impl.PhoneWindow$DecorView@b3dbbf28
D/InputEventConsistencyVerifier(  955):   0: sent at 100174000000, KeyEvent { action=ACTION_UP, keyCode=KEYCODE_DPAD_RIGHT, scanCode=0, metaState=0, flags=0x400, repeatCount=0, eventTime=100174, downTime=100174, deviceId=-1, source=0x101 }
D/InputEventConsistencyVerifier(  955):   -- recent events --
D/InputEventConsistencyVerifier(  955):   1: sent at 100019000000, (unhandled) MotionEvent { action=ACTION_MOVE, id[0]=0, x[0]=3.0, y[0]=2.0, toolType[0]=TOOL_TYPE_UNKNOWN, buttonState=0, metaState=0, flags=0x0, edgeFlags=0x0, pointerCount=1, historySize=9, eventTime=100019, downTime=-1, deviceId=0, source=0x10004 }
D/InputEventConsistencyVerifier(  955):   2: sent at 100118000000, (unhandled) MotionEvent { action=ACTION_UP, id[0]=0, x[0]=307.0, y[0]=375.0, toolType[0]=TOOL_TYPE_UNKNOWN, buttonState=0, metaState=0, flags=0x0, edgeFlags=0x0, pointerCount=1, historySize=0, eventTime=100118, downTime=100114, deviceId=0, source=0x1002 }
D/InputEventConsistencyVerifier(  955):   3: sent at 100114000000, (unhandled) MotionEvent { action=ACTION_DOWN, id[0]=0, x[0]=297.0, y[0]=375.0, toolType[0]=TOOL_TYPE_UNKNOWN, buttonState=0, metaState=0, flags=0x0, edgeFlags=0x0, pointerCount=1, historySize=0, eventTime=100114, downTime=100114, deviceId=0, source=0x1002 }
D/InputEventConsistencyVerifier(  955):   4: sent at 99953000000, (unhandled) KeyEvent { action=ACTION_UP, keyCode=KEYCODE_MENU, scanCode=0, metaState=0, flags=0x8, repeatCount=0, eventTime=99953, downTime=99953, deviceId=-1, source=0x101 }
D/InputEventConsistencyVerifier(  955):   5: sent at 99904000000, (unhandled) KeyEvent { action=ACTION_DOWN, keyCode=KEYCODE_MENU, scanCode=0, metaState=0, flags=0x8, repeatCount=0, eventTime=99904, downTime=99904, deviceId=-1, source=0x101 }
W/InputManager(  222): Input event injection from pid 918 failed.
I/Choreographer(  955): Skipped 91 frames!  The application may be doing too much work on its main thread.
W/InputMethodManagerService(  222): Window already focused, ignoring focus gain of: com.android.internal.view.IInputMethodClient$Stub$Proxy@b3fc35c8 attribute=null
E/WVMExtractor(   62): Failed to open libwvm.so
E/WVMExtractor(   62): Failed to open libwvm.so
D/InputEventConsistencyVerifier(  955): KeyEvent: ACTION_UP but key was not down.
D/InputEventConsistencyVerifier(  955):   in com.android.internal.policy.impl.PhoneWindow$DecorView@b3dbbf28
D/InputEventConsistencyVerifier(  955):   0: sent at 101931000000, KeyEvent { action=ACTION_UP, keyCode=KEYCODE_DPAD_RIGHT, scanCode=0, metaState=0, flags=0x8, repeatCount=0, eventTime=101931, downTime=101931, deviceId=-1, source=0x101 }
D/InputEventConsistencyVerifier(  955):   -- recent events --
D/InputEventConsistencyVerifier(  955):   1: sent at 101890000000, (unhandled) MotionEvent { action=ACTION_UP, id[0]=0, x[0]=406.0, y[0]=506.0, toolType[0]=TOOL_TYPE_UNKNOWN, buttonState=0, metaState=0, flags=0x0, edgeFlags=0x0, pointerCount=1, historySize=0, eventTime=101890, downTime=101884, deviceId=0, source=0x1002 }
D/InputEventConsistencyVerifier(  955):   2: sent at 101884000000, (unhandled) MotionEvent { action=ACTION_DOWN, id[0]=0, x[0]=410.0, y[0]=521.0, toolType[0]=TOOL_TYPE_UNKNOWN, buttonState=0, metaState=0, flags=0x0, edgeFlags=0x0, pointerCount=1, historySize=0, eventTime=101884, downTime=101884, deviceId=0, source=0x1002 }
D/InputEventConsistencyVerifier(  955):   3: sent at 101867000000, (unhandled) MotionEvent { action=ACTION_UP, id[0]=0, x[0]=182.0, y[0]=304.0, toolType[0]=TOOL_TYPE_UNKNOWN, buttonState=0, metaState=0, flags=0x0, edgeFlags=0x0, pointerCount=1, historySize=0, eventTime=101867, downTime=101860, deviceId=0, source=0x1002 }
