D/InputEventConsistencyVerifier(  356):   3: sent at 117046000000, (unhandled) KeyEvent { action=ACTION_UP, keyCode=KEYCODE_DPAD_CENTER, scanCode=0, metaState=0, flags=0x80000008, repeatCount=0, eventTime=117046, downTime=117046, deviceId=-1, source=0x101 }
D/InputEventConsistencyVerifier(  356):   4: sent at 117005000000, MotionEvent { action=ACTION_UP, id[0]=0, x[0]=183.0, y[0]=528.0, toolType[0]=TOOL_TYPE_UNKNOWN, buttonState=0, metaState=0, flags=0x0, edgeFlags=0x0, pointerCount=1, historySize=0, eventTime=117005, downTime=116938, deviceId=0, source=0x1002 }
D/InputEventConsistencyVerifier(  356):   5: sent at 117003000000, MotionEvent { action=ACTION_MOVE, id[0]=0, x[0]=177.0, y[0]=523.0, toolType[0]=TOOL_TYPE_UNKNOWN, buttonState=0, metaState=0, flags=0x0, edgeFlags=0x0, pointerCount=1, historySize=8, eventTime=117003, downTime=116938, deviceId=0, source=0x1002 }
I/Choreographer(  356): Skipped 39 frames!  The application may be doing too much work on its main thread.
W/dalvikvm(  356): DroidBox: { "FdAccess": { "path": "2f70726f632f6d656d696e666f", "id": "652659573" } }
W/DroidBox(  356): DroidBox: { "FileRW": { "operation": "read", "data": "4d656d546f74616c3a202020202020202020373438393634206b420a4d656d467265653a20202020202020202020343338383430206b420a427566666572733a20202020202020202020202035343336206b420a4361636865643a202020202020202020", "id": "652659573" } }
D/InputEventConsistencyVerifier(  356): TouchEvent: ACTION_DOWN but pointers are already down.  Probably missing ACTION_UP from previous gesture.
D/InputEventConsistencyVerifier(  356):   in android.view.ScaleGestureDetector@b3e8ce48
D/InputEventConsistencyVerifier(  356):   0: sent at 117241000000, MotionEvent { action=ACTION_DOWN, id[0]=0, x[0]=436.0, y[0]=252.0, toolType[0]=TOOL_TYPE_UNKNOWN, buttonState=0, metaState=0, flags=0x0, edgeFlags=0x0, pointerCount=1, historySize=0, eventTime=117241, downTime=117230, deviceId=0, source=0x1002 }
D/InputEventConsistencyVerifier(  356):   -- recent events --
D/InputEventConsistencyVerifier(  356):   1: sent at 117086000000, MotionEvent { action=ACTION_DOWN, id[0]=0, x[0]=329.0, y[0]=380.0, toolType[0]=TOOL_TYPE_UNKNOWN, buttonState=0, metaState=0, flags=0x80000000, edgeFlags=0x0, pointerCount=1, historySize=0, eventTime=117086, downTime=117086, deviceId=0, source=0x1002 }
D/InputEventConsistencyVerifier(  356):   2: sent at 116940000000, MotionEvent { action=ACTION_DOWN, id[0]=0, x[0]=126.0, y[0]=474.0, toolType[0]=TOOL_TYPE_UNKNOWN, buttonState=0, metaState=0, flags=0x0, edgeFlags=0x0, pointerCount=1, historySize=0, eventTime=116940, downTime=116938, deviceId=0, source=0x1002 }
D/InputEventConsistencyVerifier(  356):   3: sent at 116628000000, MotionEvent { action=ACTION_UP, id[0]=0, x[0]=302.0, y[0]=0.0, toolType[0]=TOOL_TYPE_UNKNOWN, buttonState=0, metaState=0, flags=0x0, edgeFlags=0x0, pointerCount=1, historySize=0, eventTime=116628, downTime=116613, deviceId=0, source=0x1002 }
D/InputEventConsistencyVerifier(  356):   4: sent at 116627000000, MotionEvent { action=ACTION_MOVE, id[0]=0, x[0]=308.0, y[0]=0.0, toolType[0]=TOOL_TYPE_UNKNOWN, buttonState=0, metaState=0, flags=0x0, edgeFlags=0x0, pointerCount=1, historySize=4, eventTime=116627, downTime=116613, deviceId=0, source=0x1002 }
D/InputEventConsistencyVerifier(  356):   5: sent at 116614000000, MotionEvent { action=ACTION_DOWN, id[0]=0, x[0]=374.0, y[0]=20.0, toolType[0]=TOOL_TYPE_UNKNOWN, buttonState=0, metaState=0, flags=0x80000000, edgeFlags=0x0, pointerCount=1, historySize=0, eventTime=116614, downTime=116613, deviceId=0, source=0x1002 }
D/InputEventConsistencyVerifier(  356): KeyEvent: ACTION_UP but key was not down.
D/InputEventConsistencyVerifier(  356):   in com.android.systemui.statusbar.phone.StatusBarWindowView@b3ded290
D/InputEventConsistencyVerifier(  356):   0: sent at 117332000000, KeyEvent { action=ACTION_UP, keyCode=KEYCODE_DPAD_UP, scanCode=0, metaState=0, flags=0x400, repeatCount=0, eventTime=117332, downTime=117332, deviceId=-1, source=0x101 }
D/InputEventConsistencyVerifier(  356):   -- recent events --
D/InputEventConsistencyVerifier(  356):   1: sent at 117227000000, (unhandled) MotionEvent { action=ACTION_MOVE, id[0]=0, x[0]=0.0, y[0]=-3.0, toolType[0]=TOOL_TYPE_UNKNOWN, buttonState=0, metaState=0, flags=0x0, edgeFlags=0x0, pointerCount=1, historySize=2, eventTime=117227, downTime=-1, deviceId=0, source=0x10004 }
D/InputEventConsistencyVerifier(  356):   2: sent at 117251000000, MotionEvent { action=ACTION_UP, id[0]=0, x[0]=419.0, y[0]=226.0, toolType[0]=TOOL_TYPE_UNKNOWN, buttonState=0, metaState=0, flags=0x0, edgeFlags=0x0, pointerCount=1, historySize=0, eventTime=117251, downTime=117230, deviceId=0, source=0x1002 }
D/InputEventConsistencyVerifier(  356):   3: sent at 117249000000, MotionEvent { action=ACTION_MOVE, id[0]=0, x[0]=426.0, y[0]=237.0, toolType[0]=TOOL_TYPE_UNKNOWN, buttonState=0, metaState=0, flags=0x0, edgeFlags=0x0, pointerCount=1, historySize=1, eventTime=117249, downTime=117230, deviceId=0, source=0x1002 }
D/InputEventConsistencyVerifier(  356):   4: sent at 117241000000, MotionEvent { action=ACTION_DOWN, id[0]=0, x[0]=436.0, y[0]=252.0, toolType[0]=TOOL_TYPE_UNKNOWN, buttonState=0, metaState=0, flags=0x0, edgeFlags=0x0, pointerCount=1, historySize=0, eventTime=117241, downTime=117230, deviceId=0, source=0x1002 }
D/InputEventConsistencyVerifier(  356):   5: sent at 117222000000, (unhandled) MotionEvent { action=ACTION_MOVE, id[0]=0, x[0]=-1.0, y[0]=1.0, toolType[0]=TOOL_TYPE_UNKNOWN, buttonState=0, metaState=0, flags=0x0, edgeFlags=0x0, pointerCount=1, historySize=6, eventTime=117222, downTime=-1, deviceId=0, source=0x10004 }
D/InputEventConsistencyVerifier(  356): TouchEvent: ACTION_DOWN but pointers are already down.  Probably missing ACTION_UP from previous gesture.
D/InputEventConsistencyVerifier(  356):   in android.view.ScaleGestureDetector@b3e8ce48
D/InputEventConsistencyVerifier(  356):   0: sent at 117355000000, MotionEvent { action=ACTION_DOWN, id[0]=0, x[0]=242.0, y[0]=668.0, toolType[0]=TOOL_TYPE_UNKNOWN, buttonState=0, metaState=0, flags=0x0, edgeFlags=0x0, pointerCount=1, historySize=0, eventTime=117355, downTime=117354, deviceId=0, source=0x1002 }
D/InputEventConsistencyVerifier(  356):   -- recent events --
D/InputEventConsistencyVerifier(  356):   1: sent at 117249000000, MotionEvent { action=ACTION_MOVE, id[0]=0, x[0]=426.0, y[0]=237.0, toolType[0]=TOOL_TYPE_UNKNOWN, buttonState=0, metaState=0, flags=0x0, edgeFlags=0x0, pointerCount=1, historySize=1, eventTime=117249, downTime=117230, deviceId=0, source=0x1002 }
D/InputEventConsistencyVerifier(  356):   2: sent at 117241000000, MotionEvent { action=ACTION_DOWN, id[0]=0, x[0]=436.0, y[0]=252.0, toolType[0]=TOOL_TYPE_UNKNOWN, buttonState=0, metaState=0, flags=0x80000000, edgeFlags=0x0, pointerCount=1, historySize=0, eventTime=117241, downTime=117230, deviceId=0, source=0x1002 }
D/InputEventConsistencyVerifier(  356):   3: sent at 117086000000, MotionEvent { action=ACTION_DOWN, id[0]=0, x[0]=329.0, y[0]=380.0, toolType[0]=TOOL_TYPE_UNKNOWN, buttonState=0, metaState=0, flags=0x80000000, edgeFlags=0x0, pointerCount=1, historySize=0, eventTime=117086, downTime=117086, deviceId=0, source=0x1002 }
D/InputEventConsistencyVerifier(  356):   4: sent at 116940000000, MotionEvent { action=ACTION_DOWN, id[0]=0, x[0]=126.0, y[0]=474.0, toolType[0]=TOOL_TYPE_UNKNOWN, buttonState=0, metaState=0, flags=0x0, edgeFlags=0x0, pointerCount=1, historySize=0, eventTime=116940, downTime=116938, deviceId=0, source=0x1002 }
D/InputEventConsistencyVerifier(  356):   5: sent at 116628000000, MotionEvent { action=ACTION_UP, id[0]=0, x[0]=302.0, y[0]=0.0, toolType[0]=TOOL_TYPE_UNKNOWN, buttonState=0, metaState=0, flags=0x0, edgeFlags=0x0, pointerCount=1, historySize=0, eventTime=116628, downTime=116613, deviceId=0, source=0x1002 }
W/dalvikvm(  356): DroidBox: { "FdAccess": { "path": "2f70726f632f6d656d696e666f", "id": "762119653" } }
W/DroidBox(  356): DroidBox: { "FileRW": { "operation": "read", "data": "4d656d546f74616c3a202020202020202020373438393634206b420a4d656d467265653a20202020202020202020343338373136206b420a427566666572733a20202020202020202020202035343336206b420a4361636865643a202020202020202020", "id": "762119653" } }
I/ActivityManager(  222): START {act=android.intent.action.MAIN cat=[android.intent.category.HOME] flg=0x10200000 cmp=com.android.launcher/com.android.launcher2.Launcher u=0} from pid 222
D/InputEventConsistencyVerifier(  356): KeyEvent: ACTION_UP but key was not down.
D/InputEventConsistencyVerifier(  356):   in com.android.systemui.statusbar.phone.StatusBarWindowView@b3ded290
D/InputEventConsistencyVerifier(  356):   0: sent at 117485000000, KeyEvent { action=ACTION_UP, keyCode=KEYCODE_DPAD_LEFT, scanCode=0, metaState=0, flags=0x8, repeatCount=0, eventTime=117485, downTime=117485, deviceId=-1, source=0x101 }
D/InputEventConsistencyVerifier(  356):   -- recent events --
D/InputEventConsistencyVerifier(  356):   1: sent at 117422000000, MotionEvent { action=ACTION_UP, id[0]=0, x[0]=219.0, y[0]=638.0, toolType[0]=TOOL_TYPE_UNKNOWN, buttonState=0, metaState=0, flags=0x0, edgeFlags=0x0, pointerCount=1, historySize=0, eventTime=117422, downTime=117354, deviceId=0, source=0x1002 }
D/InputEventConsistencyVerifier(  356):   2: sent at 117410000000, MotionEvent { action=ACTION_MOVE, id[0]=0, x[0]=225.0, y[0]=644.0, toolType[0]=TOOL_TYPE_UNKNOWN, buttonState=0, metaState=0, flags=0x0, edgeFlags=0x0, pointerCount=1, historySize=6, eventTime=117410, downTime=117354, deviceId=0, source=0x1002 }
D/InputEventConsistencyVerifier(  356):   3: sent at 117355000000, MotionEvent { action=ACTION_DOWN, id[0]=0, x[0]=242.0, y[0]=668.0, toolType[0]=TOOL_TYPE_UNKNOWN, buttonState=0, metaState=0, flags=0x0, edgeFlags=0x0, pointerCount=1, historySize=0, eventTime=117355, downTime=117354, deviceId=0, source=0x1002 }
D/InputEventConsistencyVerifier(  356):   4: sent at 117334000000, (unhandled) KeyEvent { action=ACTION_UP, keyCode=KEYCODE_3D_MODE, scanCode=0, metaState=0, flags=0x8, repeatCount=0, eventTime=117334, downTime=117334, deviceId=-1, source=0x101 }
D/InputEventConsistencyVerifier(  356):   5: sent at 117255000000, (unhandled) KeyEvent { action=ACTION_DOWN, keyCode=KEYCODE_3D_MODE, scanCode=0, metaState=0, flags=0x8, repeatCount=0, eventTime=117255, downTime=117255, deviceId=-1, source=0x101 }
I/Choreographer(  356): Skipped 34 frames!  The application may be doing too much work on its main thread.
I/ActivityManager(  222): START {act=android.intent.action.MAIN cat=[android.intent.category.LAUNCHER] flg=0x10200000 cmp=br.com.f2b.android.reader/.Barcode u=0} from pid 918
W/dalvikvm(  356): DroidBox: { "FdAccess": { "path": "2f70726f632f6d656d696e666f", "id": "911776285" } }
W/DroidBox(  356): DroidBox: { "FileRW": { "operation": "read", "data": "4d656d546f74616c3a202020202020202020373438393634206b420a4d656d467265653a20202020202020202020343338343638206b420a427566666572733a20202020202020202020202035343336206b420a4361636865643a202020202020202020", "id": "911776285" } }
D/InputEventConsistencyVerifier(  356): KeyEvent: ACTION_UP but key was not down.
D/InputEventConsistencyVerifier(  356):   in android.widget.FrameLayout@b3dfd790
D/InputEventConsistencyVerifier(  356):   0: sent at 117619000000, KeyEvent { action=ACTION_UP, keyCode=KEYCODE_DPAD_DOWN, scanCode=0, metaState=0, flags=0x8, repeatCount=0, eventTime=117619, downTime=117619, deviceId=-1, source=0x101 }
D/InputEventConsistencyVerifier(  356):   -- recent events --
D/InputEventConsistencyVerifier(  356):   1: sent at 117251000000, MotionEvent { action=ACTION_UP, id[0]=0, x[0]=419.0, y[0]=226.0, toolType[0]=TOOL_TYPE_UNKNOWN, buttonState=0, metaState=0, flags=0x0, edgeFlags=0x0, pointerCount=1, historySize=0, eventTime=117251, downTime=117230, deviceId=0, source=0x1002 }
D/InputEventConsistencyVerifier(  356):   2: sent at 117249000000, MotionEvent { action=ACTION_MOVE, id[0]=0, x[0]=426.0, y[0]=237.0, toolType[0]=TOOL_TYPE_UNKNOWN, buttonState=0, metaState=0, flags=0x0, edgeFlags=0x0, pointerCount=1, historySize=1, eventTime=117249, downTime=117230, deviceId=0, source=0x1002 }
D/InputEventConsistencyVerifier(  356):   3: sent at 117241000000, MotionEvent { action=ACTION_DOWN, id[0]=0, x[0]=436.0, y[0]=252.0, toolType[0]=TOOL_TYPE_UNKNOWN, buttonState=0, metaState=0, flags=0x80000000, edgeFlags=0x0, pointerCount=1, historySize=0, eventTime=117241, downTime=117230, deviceId=0, source=0x1002 }
D/InputEventConsistencyVerifier(  356):   4: sent at 109040000000, (unhandled) KeyEvent { action=ACTION_UP, keyCode=KEYCODE_DPAD_CENTER, scanCode=0, metaState=0, flags=0x8, repeatCount=0, eventTime=109040, downTime=109040, deviceId=-1, source=0x101 }
D/InputEventConsistencyVerifier(  356):   5: sent at 108970000000, (unhandled) KeyEvent { action=ACTION_DOWN, keyCode=KEYCODE_DPAD_CENTER, scanCode=0, metaState=0, flags=0x8, repeatCount=0, eventTime=108970, downTime=108970, deviceId=-1, source=0x101 }
D/InputEventConsistencyVerifier(  356): TouchEvent: ACTION_DOWN but pointers are already down.  Probably missing ACTION_UP from previous gesture.
D/InputEventConsistencyVerifier(  356):   in android.view.ScaleGestureDetector@b3e8ce48
D/InputEventConsistencyVerifier(  356):   0: sent at 117662000000, MotionEvent { action=ACTION_DOWN, id[0]=0, x[0]=66.0, y[0]=52.0, toolType[0]=TOOL_TYPE_UNKNOWN, buttonState=0, metaState=0, flags=0x0, edgeFlags=0x0, pointerCount=1, historySize=0, eventTime=117662, downTime=117662, deviceId=0, source=0x1002 }
D/InputEventConsistencyVerifier(  356):   -- recent events --
D/InputEventConsistencyVerifier(  356):   1: sent at 117355000000, MotionEvent { action=ACTION_DOWN, id[0]=0, x[0]=242.0, y[0]=668.0, toolType[0]=TOOL_TYPE_UNKNOWN, buttonState=0, metaState=0, flags=0x80000000, edgeFlags=0x0, pointerCount=1, historySize=0, eventTime=117355, downTime=117354, deviceId=0, source=0x1002 }
D/InputEventConsistencyVerifier(  356):   2: sent at 117249000000, MotionEvent { action=ACTION_MOVE, id[0]=0, x[0]=426.0, y[0]=237.0, toolType[0]=TOOL_TYPE_UNKNOWN, buttonState=0, metaState=0, flags=0x0, edgeFlags=0x0, pointerCount=1, historySize=1, eventTime=117249, downTime=117230, deviceId=0, source=0x1002 }
D/InputEventConsistencyVerifier(  356):   3: sent at 117241000000, MotionEvent { action=ACTION_DOWN, id[0]=0, x[0]=436.0, y[0]=252.0, toolType[0]=TOOL_TYPE_UNKNOWN, buttonState=0, metaState=0, flags=0x80000000, edgeFlags=0x0, pointerCount=1, historySize=0, eventTime=117241, downTime=117230, deviceId=0, source=0x1002 }
D/InputEventConsistencyVerifier(  356):   4: sent at 117086000000, MotionEvent { action=ACTION_DOWN, id[0]=0, x[0]=329.0, y[0]=380.0, toolType[0]=TOOL_TYPE_UNKNOWN, buttonState=0, metaState=0, flags=0x80000000, edgeFlags=0x0, pointerCount=1, historySize=0, eventTime=117086, downTime=117086, deviceId=0, source=0x1002 }
D/InputEventConsistencyVerifier(  356):   5: sent at 116940000000, MotionEvent { action=ACTION_DOWN, id[0]=0, x[0]=126.0, y[0]=474.0, toolType[0]=TOOL_TYPE_UNKNOWN, buttonState=0, metaState=0, flags=0x0, edgeFlags=0x0, pointerCount=1, historySize=0, eventTime=116940, downTime=116938, deviceId=0, source=0x1002 }
D/InputEventConsistencyVerifier(  356): KeyEvent: ACTION_UP but key was not down.
D/InputEventConsistencyVerifier(  356):   in com.android.systemui.statusbar.phone.StatusBarWindowView@b3ded290
D/InputEventConsistencyVerifier(  356):   0: sent at 117686000000, KeyEvent { action=ACTION_UP, keyCode=KEYCODE_DPAD_CENTER, scanCode=0, metaState=0, flags=0x8, repeatCount=0, eventTime=117686, downTime=117686, deviceId=-1, source=0x101 }
D/InputEventConsistencyVerifier(  356):   -- recent events --
D/InputEventConsistencyVerifier(  356):   1: sent at 117667000000, MotionEvent { action=ACTION_UP, id[0]=0, x[0]=47.0, y[0]=68.0, toolType[0]=TOOL_TYPE_UNKNOWN, buttonState=0, metaState=0, flags=0x0, edgeFlags=0x0, pointerCount=1, historySize=0, eventTime=117667, downTime=117662, deviceId=0, source=0x1002 }
D/InputEventConsistencyVerifier(  356):   2: sent at 117662000000, MotionEvent { action=ACTION_DOWN, id[0]=0, x[0]=66.0, y[0]=52.0, toolType[0]=TOOL_TYPE_UNKNOWN, buttonState=0, metaState=0, flags=0x0, edgeFlags=0x0, pointerCount=1, historySize=0, eventTime=117662, downTime=117662, deviceId=0, source=0x1002 }
D/InputEventConsistencyVerifier(  356):   3: sent at 117619000000, (unhandled) KeyEvent { action=ACTION_UP, keyCode=KEYCODE_DPAD_DOWN, scanCode=0, metaState=0, flags=0x8, repeatCount=0, eventTime=117619, downTime=117619, deviceId=-1, source=0x101 }
D/InputEventConsistencyVerifier(  356):   4: sent at 117616000000, (unhandled) KeyEvent { action=ACTION_DOWN, keyCode=KEYCODE_DPAD_DOWN, scanCode=0, metaState=0, flags=0x8, repeatCount=0, eventTime=117616, downTime=117616, deviceId=-1, source=0x101 }
D/InputEventConsistencyVerifier(  356):   5: sent at 117601000000, (unhandled) KeyEvent { action=ACTION_MULTIPLE, keyCode=KEYCODE_DPAD_UP, scanCode=0, metaState=0, flags=0x400, repeatCount=20, eventTime=117601, downTime=117601, deviceId=-1, source=0x101 }
W/dalvikvm(  356): DroidBox: { "FdAccess": { "path": "2f70726f632f6d656d696e666f", "id": "856625004" } }
W/DroidBox(  356): DroidBox: { "FileRW": { "operation": "read", "data": "4d656d546f74616c3a202020202020202020373438393634206b420a4d656d467265653a20202020202020202020343338343638206b420a427566666572733a20202020202020202020202035343336206b420a4361636865643a202020202020202020", "id": "856625004" } }
D/InputEventConsistencyVerifier(  356): KeyEvent: ACTION_UP but key was not down.
D/InputEventConsistencyVerifier(  356):   in android.widget.FrameLayout@b3dfd790
D/InputEventConsistencyVerifier(  356):   0: sent at 117742000000, KeyEvent { action=ACTION_UP, keyCode=KEYCODE_DPAD_DOWN, scanCode=0, metaState=0, flags=0x400, repeatCount=0, eventTime=117742, downTime=117742, deviceId=-1, source=0x101 }
D/InputEventConsistencyVerifier(  356):   -- recent events --
D/InputEventConsistencyVerifier(  356):   1: sent at 117667000000, MotionEvent { action=ACTION_UP, id[0]=0, x[0]=47.0, y[0]=68.0, toolType[0]=TOOL_TYPE_UNKNOWN, buttonState=0, metaState=0, flags=0x0, edgeFlags=0x0, pointerCount=1, historySize=0, eventTime=117667, downTime=117662, deviceId=0, source=0x1002 }
D/InputEventConsistencyVerifier(  356):   2: sent at 117662000000, MotionEvent { action=ACTION_DOWN, id[0]=0, x[0]=66.0, y[0]=52.0, toolType[0]=TOOL_TYPE_UNKNOWN, buttonState=0, metaState=0, flags=0x80000000, edgeFlags=0x0, pointerCount=1, historySize=0, eventTime=117662, downTime=117662, deviceId=0, source=0x1002 }
D/InputEventConsistencyVerifier(  356):   3: sent at 117619000000, (unhandled) KeyEvent { action=ACTION_UP, keyCode=KEYCODE_DPAD_DOWN, scanCode=0, metaState=0, flags=0x80000008, repeatCount=0, eventTime=117619, downTime=117619, deviceId=-1, source=0x101 }
D/InputEventConsistencyVerifier(  356):   4: sent at 117251000000, MotionEvent { action=ACTION_UP, id[0]=0, x[0]=419.0, y[0]=226.0, toolType[0]=TOOL_TYPE_UNKNOWN, buttonState=0, metaState=0, flags=0x0, edgeFlags=0x0, pointerCount=1, historySize=0, eventTime=117251, downTime=117230, deviceId=0, source=0x1002 }
D/InputEventConsistencyVerifier(  356):   5: sent at 117249000000, MotionEvent { action=ACTION_MOVE, id[0]=0, x[0]=426.0, y[0]=237.0, toolType[0]=TOOL_TYPE_UNKNOWN, buttonState=0, metaState=0, flags=0x0, edgeFlags=0x0, pointerCount=1, historySize=1, eventTime=117249, downTime=117230, deviceId=0, source=0x1002 }
W/dalvikvm(  356): DroidBox: { "FdAccess": { "path": "2f70726f632f6d656d696e666f", "id": "878148476" } }
W/DroidBox(  356): DroidBox: { "FileRW": { "operation": "read", "data": "4d656d546f74616c3a202020202020202020373438393634206b420a4d656d467265653a20202020202020202020343338343630206b420a427566666572733a20202020202020202020202035343336206b420a4361636865643a202020202020202020", "id": "878148476" } }
D/InputEventConsistencyVerifier(  356): KeyEvent: ACTION_UP but key was not down.
D/InputEventConsistencyVerifier(  356):   in com.android.systemui.statusbar.phone.PhoneStatusBarView@b3def228
D/InputEventConsistencyVerifier(  356):   0: sent at 117817000000, KeyEvent { action=ACTION_UP, keyCode=KEYCODE_DPAD_UP, scanCode=0, metaState=0, flags=0x8, repeatCount=0, eventTime=117817, downTime=117817, deviceId=-1, source=0x101 }
D/InputEventConsistencyVerifier(  356):   -- recent events --
D/InputEventConsistencyVerifier(  356):   1: sent at 117742000000, (unhandled) KeyEvent { action=ACTION_DOWN, keyCode=KEYCODE_DPAD_DOWN, scanCode=0, metaState=0, flags=0x400, repeatCount=0, eventTime=117742, downTime=117742, deviceId=-1, source=0x101 }
D/InputEventConsistencyVerifier(  356):   2: sent at 117733000000, (unhandled) MotionEvent { action=ACTION_MOVE, id[0]=0, x[0]=-4.0, y[0]=4.0, toolType[0]=TOOL_TYPE_UNKNOWN, buttonState=0, metaState=0, flags=0x0, edgeFlags=0x0, pointerCount=1, historySize=3, eventTime=117733, downTime=-1, deviceId=0, source=0x10004 }
D/InputEventConsistencyVerifier(  356):   3: sent at 117696000000, (unhandled) KeyEvent { action=ACTION_UP, keyCode=KEYCODE_DPAD_RIGHT, scanCode=0, metaState=0, flags=0x8, repeatCount=0, eventTime=117696, downTime=117696, deviceId=-1, source=0x101 }
D/InputEventConsistencyVerifier(  356):   4: sent at 117692000000, (unhandled) KeyEvent { action=ACTION_DOWN, keyCode=KEYCODE_DPAD_RIGHT, scanCode=0, metaState=0, flags=0x8, repeatCount=0, eventTime=117692, downTime=117692, deviceId=-1, source=0x101 }
D/InputEventConsistencyVerifier(  356):   5: sent at 117686000000, (unhandled) KeyEvent { action=ACTION_UP, keyCode=KEYCODE_DPAD_CENTER, scanCode=0, metaState=0, flags=0x80000008, repeatCount=0, eventTime=117686, downTime=117686, deviceId=-1, source=0x101 }
W/dalvikvm(  356): DroidBox: { "FdAccess": { "path": "2f70726f632f6d656d696e666f", "id": "1040586431" } }
W/DroidBox(  356): DroidBox: { "FileRW": { "operation": "read", "data": "4d656d546f74616c3a202020202020202020373438393634206b420a4d656d467265653a20202020202020202020343338343638206b420a427566666572733a20202020202020202020202035343336206b420a4361636865643a202020202020202020", "id": "1040586431" } }
W/dalvikvm(  356): DroidBox: { "FdAccess": { "path": "2f70726f632f6d656d696e666f", "id": "1325834846" } }
W/DroidBox(  356): DroidBox: { "FileRW": { "operation": "read", "data": "4d656d546f74616c3a202020202020202020373438393634206b420a4d656d467265653a20202020202020202020343430303830206b420a427566666572733a20202020202020202020202035343336206b420a4361636865643a202020202020202020", "id": "1325834846" } }
I/InputDispatcher(  222): Dropped event because of pending overdue app switch.
W/InputManager(  222): Input event injection from pid 918 failed.
D/InputEventConsistencyVerifier(  356): TouchEvent: ACTION_DOWN but pointers are already down.  Probably missing ACTION_UP from previous gesture.
D/InputEventConsistencyVerifier(  356):   in android.view.ScaleGestureDetector@b3e8ce48
D/InputEventConsistencyVerifier(  356):   0: sent at 117878000000, MotionEvent { action=ACTION_DOWN, id[0]=0, x[0]=304.0, y[0]=319.0, toolType[0]=TOOL_TYPE_UNKNOWN, buttonState=0, metaState=0, flags=0x0, edgeFlags=0x0, pointerCount=1, historySize=0, eventTime=117878, downTime=117878, deviceId=0, source=0x1002 }
D/InputEventConsistencyVerifier(  356):   -- recent events --
D/InputEventConsistencyVerifier(  356):   1: sent at 117848000000, MotionEvent { action=ACTION_DOWN, id[0]=0, x[0]=90.0, y[0]=714.0, toolType[0]=TOOL_TYPE_UNKNOWN, buttonState=0, metaState=0, flags=0x0, edgeFlags=0x0, pointerCount=1, historySize=0, eventTime=117848, downTime=117847, deviceId=0, source=0x1002 }
D/InputEventConsistencyVerifier(  356):   2: sent at 117667000000, MotionEvent { action=ACTION_UP, id[0]=0, x[0]=47.0, y[0]=68.0, toolType[0]=TOOL_TYPE_UNKNOWN, buttonState=0, metaState=0, flags=0x0, edgeFlags=0x0, pointerCount=1, historySize=0, eventTime=117667, downTime=117662, deviceId=0, source=0x1002 }
D/InputEventConsistencyVerifier(  356):   3: sent at 117662000000, MotionEvent { action=ACTION_DOWN, id[0]=0, x[0]=66.0, y[0]=52.0, toolType[0]=TOOL_TYPE_UNKNOWN, buttonState=0, metaState=0, flags=0x80000000, edgeFlags=0x0, pointerCount=1, historySize=0, eventTime=117662, downTime=117662, deviceId=0, source=0x1002 }
D/InputEventConsistencyVerifier(  356):   4: sent at 117355000000, MotionEvent { action=ACTION_DOWN, id[0]=0, x[0]=242.0, y[0]=668.0, toolType[0]=TOOL_TYPE_UNKNOWN, buttonState=0, metaState=0, flags=0x80000000, edgeFlags=0x0, pointerCount=1, historySize=0, eventTime=117355, downTime=117354, deviceId=0, source=0x1002 }
D/InputEventConsistencyVerifier(  356):   5: sent at 117249000000, MotionEvent { action=ACTION_MOVE, id[0]=0, x[0]=426.0, y[0]=237.0, toolType[0]=TOOL_TYPE_UNKNOWN, buttonState=0, metaState=0, flags=0x0, edgeFlags=0x0, pointerCount=1, historySize=1, eventTime=117249, downTime=117230, deviceId=0, source=0x1002 }
D/InputEventConsistencyVerifier(  356): KeyEvent: ACTION_UP but key was not down.
D/InputEventConsistencyVerifier(  356):   in android.view.ViewRootImpl@b3e7ebf8
D/InputEventConsistencyVerifier(  356):   0: sent at 117930000000, KeyEvent { action=ACTION_UP, keyCode=KEYCODE_DPAD_CENTER, scanCode=0, metaState=0, flags=0x8, repeatCount=0, eventTime=117930, downTime=117930, deviceId=-1, source=0x101 }
D/InputEventConsistencyVerifier(  356):   -- recent events --
D/InputEventConsistencyVerifier(  356):   1: sent at 117911000000, MotionEvent { action=ACTION_UP, id[0]=0, x[0]=311.0, y[0]=318.0, toolType[0]=TOOL_TYPE_UNKNOWN, buttonState=0, metaState=0, flags=0x0, edgeFlags=0x0, pointerCount=1, historySize=0, eventTime=117911, downTime=117878, deviceId=0, source=0x1002 }
D/InputEventConsistencyVerifier(  356):   2: sent at 117878000000, MotionEvent { action=ACTION_DOWN, id[0]=0, x[0]=304.0, y[0]=319.0, toolType[0]=TOOL_TYPE_UNKNOWN, buttonState=0, metaState=0, flags=0x0, edgeFlags=0x0, pointerCount=1, historySize=0, eventTime=117878, downTime=117878, deviceId=0, source=0x1002 }
D/InputEventConsistencyVerifier(  356):   3: sent at 117859000000, MotionEvent { action=ACTION_UP, id[0]=0, x[0]=59.0, y[0]=662.0, toolType[0]=TOOL_TYPE_UNKNOWN, buttonState=0, metaState=0, flags=0x0, edgeFlags=0x0, pointerCount=1, historySize=0, eventTime=117859, downTime=117847, deviceId=0, source=0x1002 }
D/InputEventConsistencyVerifier(  356):   4: sent at 117858000000, MotionEvent { action=ACTION_MOVE, id[0]=0, x[0]=59.0, y[0]=675.0, toolType[0]=TOOL_TYPE_UNKNOWN, buttonState=0, metaState=0, flags=0x0, edgeFlags=0x0, pointerCount=1, historySize=4, eventTime=117858, downTime=117847, deviceId=0, source=0x1002 }
D/InputEventConsistencyVerifier(  356):   5: sent at 117848000000, MotionEvent { action=ACTION_DOWN, id[0]=0, x[0]=90.0, y[0]=714.0, toolType[0]=TOOL_TYPE_UNKNOWN, buttonState=0, metaState=0, flags=0x0, edgeFlags=0x0, pointerCount=1, historySize=0, eventTime=117848, downTime=117847, deviceId=0, source=0x1002 }
I/ActivityManager(  222): START {act=android.intent.action.CALL_BUTTON flg=0x10000000 cmp=com.android.contacts/.activities.DialtactsActivity u=0} from pid 356
D/InputEventConsistencyVerifier(  356): KeyEvent: ACTION_UP but key was not down.
D/InputEventConsistencyVerifier(  356):   in android.widget.FrameLayout@b3dfd790
D/InputEventConsistencyVerifier(  356):   0: sent at 118009000000, KeyEvent { action=ACTION_UP, keyCode=KEYCODE_DPAD_DOWN, scanCode=0, metaState=0, flags=0x400, repeatCount=0, eventTime=118009, downTime=118009, deviceId=-1, source=0x101 }
D/InputEventConsistencyVerifier(  356):   -- recent events --
D/InputEventConsistencyVerifier(  356):   1: sent at 117755000000, (unhandled) KeyEvent { action=ACTION_DOWN, keyCode=KEYCODE_DPAD_UP, scanCode=0, metaState=0, flags=0x8, repeatCount=0, eventTime=117755, downTime=117755, deviceId=-1, source=0x101 }
D/InputEventConsistencyVerifier(  356):   2: sent at 117814000000, (unhandled) KeyEvent { action=ACTION_MULTIPLE, keyCode=KEYCODE_DPAD_DOWN, scanCode=0, metaState=0, flags=0x400, repeatCount=4, eventTime=117814, downTime=117814, deviceId=-1, source=0x101 }
D/InputEventConsistencyVerifier(  356):   3: sent at 117753000000, (unhandled) MotionEvent { action=ACTION_MOVE, id[0]=0, x[0]=1.0, y[0]=1.0, toolType[0]=TOOL_TYPE_UNKNOWN, buttonState=0, metaState=0, flags=0x0, edgeFlags=0x0, pointerCount=1, historySize=5, eventTime=117753, downTime=-1, deviceId=0, source=0x10004 }
D/InputEventConsistencyVerifier(  356):   4: sent at 117742000000, (unhandled) KeyEvent { action=ACTION_UP, keyCode=KEYCODE_DPAD_DOWN, scanCode=0, metaState=0, flags=0x400, repeatCount=0, eventTime=117742, downTime=117742, deviceId=-1, source=0x101 }
D/InputEventConsistencyVerifier(  356):   5: sent at 117742000000, (unhandled) KeyEvent { action=ACTION_DOWN, keyCode=KEYCODE_DPAD_DOWN, scanCode=0, metaState=0, flags=0x400, repeatCount=0, eventTime=117742, downTime=117742, deviceId=-1, source=0x101 }
W/InputMethodManagerService(  222): Window already focused, ignoring focus gain of: com.android.internal.view.IInputMethodClient$Stub$Proxy@b3e00488 attribute=null
D/PhoneStatusBar(  356): disable: < expand icons alerts ticker* system_info back home recent clock >
E/WVMExtractor(   62): Failed to open libwvm.so
D/InputEventConsistencyVerifier(  955): KeyEvent: ACTION_UP but key was not down.
D/InputEventConsistencyVerifier(  955):   in com.android.internal.policy.impl.PhoneWindow$DecorView@b3dbbf28
D/InputEventConsistencyVerifier(  955):   0: sent at 118240000000, KeyEvent { action=ACTION_UP, keyCode=KEYCODE_DPAD_UP, scanCode=0, metaState=0, flags=0x400, repeatCount=0, eventTime=118240, downTime=118240, deviceId=-1, source=0x101 }
D/InputEventConsistencyVerifier(  955):   -- recent events --
D/InputEventConsistencyVerifier(  955):   1: sent at 118228000000, (unhandled) MotionEvent { action=ACTION_MOVE, id[0]=0, x[0]=2.0, y[0]=-3.0, toolType[0]=TOOL_TYPE_UNKNOWN, buttonState=0, metaState=0, flags=0x0, edgeFlags=0x0, pointerCount=1, historySize=6, eventTime=118228, downTime=-1, deviceId=0, source=0x10004 }
D/InputEventConsistencyVerifier(  955):   2: sent at 118184000000, (unhandled) MotionEvent { action=ACTION_UP, id[0]=0, x[0]=258.0, y[0]=407.0, toolType[0]=TOOL_TYPE_UNKNOWN, buttonState=0, metaState=0, flags=0x0, edgeFlags=0x0, pointerCount=1, historySize=0, eventTime=118184, downTime=118168, deviceId=0, source=0x1002 }
D/InputEventConsistencyVerifier(  955):   3: sent at 118168000000, (unhandled) MotionEvent { action=ACTION_DOWN, id[0]=0, x[0]=259.0, y[0]=402.0, toolType[0]=TOOL_TYPE_UNKNOWN, buttonState=0, metaState=0, flags=0x0, edgeFlags=0x0, pointerCount=1, historySize=0, eventTime=118168, downTime=118168, deviceId=0, source=0x1002 }
D/InputEventConsistencyVerifier(  955):   4: sent at 118161000000, (unhandled) MotionEvent { action=ACTION_UP, id[0]=0, x[0]=61.0, y[0]=450.0, toolType[0]=TOOL_TYPE_UNKNOWN, buttonState=0, metaState=0, flags=0x0, edgeFlags=0x0, pointerCount=1, historySize=0, eventTime=118161, downTime=118127, deviceId=0, source=0x1002 }
D/InputEventConsistencyVerifier(  955):   5: sent at 118127000000, (unhandled) MotionEvent { action=ACTION_DOWN, id[0]=0, x[0]=62.0, y[0]=450.0, toolType[0]=TOOL_TYPE_UNKNOWN, buttonState=0, metaState=0, flags=0x0, edgeFlags=0x0, pointerCount=1, historySize=0, eventTime=118127, downTime=118127, deviceId=0, source=0x1002 }
E/WVMExtractor(   62): Failed to open libwvm.so
E/WVMExtractor(   62): Failed to open libwvm.so
E/WVMExtractor(   62): Failed to open libwvm.so
E/WVMExtractor(   62): Failed to open libwvm.so
E/WVMExtractor(   62): Failed to open libwvm.so
E/WVMExtractor(   62): Failed to open libwvm.so
I/Choreographer(  955): Skipped 34 frames!  The application may be doing too much work on its main thread.
E/WVMExtractor(   62): Failed to open libwvm.so
E/WVMExtractor(   62): Failed to open libwvm.so
I/Choreographer(  955): Skipped 36 frames!  The application may be doing too much work on its main thread.
E/WVMExtractor(   62): Failed to open libwvm.so
W/DroidBox( 1029): DroidBox: { "ServiceStart": { "name": "com.android.music.MediaPlaybackService" } }
W/DroidBox( 1029): DroidBox: { "ServiceStart": { "name": "com.android.music.MediaPlaybackService" } }
I/Choreographer(  955): Skipped 45 frames!  The application may be doing too much work on its main thread.
I/AudioService(  222):  AudioFocus  requestAudioFocus() from android.media.AudioManager@b3dcc5a0com.android.music.MediaPlaybackService$3@b3dcadd8
W/dalvikvm(  222): DroidBox: { "FdAccess": { "path": "2f70726f632f3232322f6e65742f78745f717461677569642f69666163655f737461745f616c6c", "id": "656650604" } }
W/DroidBox(  222): DroidBox: { "FileRW": { "operation": "read", "data": "6c6f20312030203020302030203335333620343920333533362034390a65746830203120302030203020302035313638323520323238392034373736383520323032310a0000000000000000000000000000000000000000000000000000000000000000", "id": "656650604" } }
W/dalvikvm(  222): DroidBox: { "FdAccess": { "path": "2f70726f632f3232322f6e65742f78745f717461677569642f69666163655f737461745f616c6c", "id": "349456794" } }
W/DroidBox(  222): DroidBox: { "FileRW": { "operation": "read", "data": "323032310a3520323032310a323032310a3520323032310a310a310a310a310a310a323032310a32310a323032310a32310a323032310a310a310a310a310a310a32310a0000000000000000000000000000000000000000000000000000000000000000", "id": "349456794" } }
W/ThrottleService(  222): unable to find stats for iface rmnet0
E/ThrottleService(  222): Error reading data file
I/Choreographer(  955): Skipped 87 frames!  The application may be doing too much work on its main thread.
E/WVMExtractor(   62): Failed to open libwvm.so
I/AudioService(  222):   Remote Control   registerMediaButtonIntent() for PendingIntent{b41ca680: PendingIntentRecord{b3f35c18 com.android.music broadcastIntent}}
D/InputEventConsistencyVerifier(  955): KeyEvent: ACTION_UP but key was not down.
D/InputEventConsistencyVerifier(  955):   in android.view.ViewRootImpl@b4138bb0
D/InputEventConsistencyVerifier(  955):   0: sent at 120920000000, KeyEvent { action=ACTION_UP, keyCode=KEYCODE_DPAD_UP, scanCode=0, metaState=0, flags=0x8, repeatCount=0, eventTime=120920, downTime=120920, deviceId=-1, source=0x101 }
D/InputEventConsistencyVerifier(  955):   -- recent events --
D/InputEventConsistencyVerifier(  955):   1: sent at 119976000000, MotionEvent { action=ACTION_UP, id[0]=0, x[0]=212.0, y[0]=278.0, toolType[0]=TOOL_TYPE_UNKNOWN, buttonState=0, metaState=0, flags=0x0, edgeFlags=0x0, pointerCount=1, historySize=0, eventTime=119976, downTime=119971, deviceId=0, source=0x1002 }
D/InputEventConsistencyVerifier(  955):   2: sent at 119972000000, MotionEvent { action=ACTION_DOWN, id[0]=0, x[0]=204.0, y[0]=289.0, toolType[0]=TOOL_TYPE_UNKNOWN, buttonState=0, metaState=0, flags=0x0, edgeFlags=0x0, pointerCount=1, historySize=0, eventTime=119972, downTime=119971, deviceId=0, source=0x1002 }
D/InputEventConsistencyVerifier(  955):   3: sent at 118833000000, KeyEvent { action=ACTION_UP, keyCode=KEYCODE_MENU, scanCode=0, metaState=0, flags=0x8, repeatCount=0, eventTime=118833, downTime=118833, deviceId=-1, source=0x101 }
D/InputEventConsistencyVerifier(  955):   4: sent at 118802000000, KeyEvent { action=ACTION_DOWN, keyCode=KEYCODE_MENU, scanCode=0, metaState=0, flags=0x8, repeatCount=0, eventTime=118802, downTime=118802, deviceId=-1, source=0x101 }
D/InputEventConsistencyVerifier(  955):   5: sent at 118508000000, KeyEvent { action=ACTION_UP, keyCode=KEYCODE_DPAD_CENTER, scanCode=0, metaState=0, flags=0x8, repeatCount=0, eventTime=118508, downTime=118508, deviceId=-1, source=0x101 }
I/Choreographer(  955): Skipped 82 frames!  The application may be doing too much work on its main thread.
W/InputMethodManagerService(  222): Window already focused, ignoring focus gain of: com.android.internal.view.IInputMethodClient$Stub$Proxy@b3ef62b8 attribute=android.view.inputmethod.EditorInfo@b3ef62d0
E/WVMExtractor(   62): Failed to open libwvm.so
E/WVMExtractor(   62): Failed to open libwvm.so
E/WVMExtractor(   62): Failed to open libwvm.so
I/Choreographer(  955): Skipped 40 frames!  The application may be doing too much work on its main thread.
I/Choreographer(  955): Skipped 36 frames!  The application may be doing too much work on its main thread.
I/Choreographer(  955): Skipped 33 frames!  The application may be doing too much work on its main thread.
W/InputMethodManagerService(  222): Window already focused, ignoring focus gain of: com.android.internal.view.IInputMethodClient$Stub$Proxy@b41ff6f8 attribute=android.view.inputmethod.EditorInfo@b3f21ea8
D/InputEventConsistencyVerifier(  955): KeyEvent: ACTION_UP but key was not down.
D/InputEventConsistencyVerifier(  955):   in com.android.internal.policy.impl.PhoneWindow$DecorView@b3dbbf28
D/InputEventConsistencyVerifier(  955):   0: sent at 122749000000, KeyEvent { action=ACTION_UP, keyCode=KEYCODE_DPAD_LEFT, scanCode=0, metaState=0, flags=0x400, repeatCount=0, eventTime=122749, downTime=122749, deviceId=-1, source=0x101 }
D/InputEventConsistencyVerifier(  955):   -- recent events --
D/InputEventConsistencyVerifier(  955):   1: sent at 122727000000, (unhandled) MotionEvent { action=ACTION_MOVE, id[0]=0, x[0]=-3.0, y[0]=-1.0, toolType[0]=TOOL_TYPE_UNKNOWN, buttonState=0, metaState=0, flags=0x0, edgeFlags=0x0, pointerCount=1, historySize=4, eventTime=122727, downTime=-1, deviceId=0, source=0x10004 }
D/InputEventConsistencyVerifier(  955):   2: sent at 121942000000, (unhandled) MotionEvent { action=ACTION_UP, id[0]=0, x[0]=93.0, y[0]=670.0, toolType[0]=TOOL_TYPE_UNKNOWN, buttonState=0, metaState=0, flags=0x0, edgeFlags=0x0, pointerCount=1, historySize=0, eventTime=121942, downTime=121930, deviceId=0, source=0x1002 }
D/InputEventConsistencyVerifier(  955):   3: sent at 121930000000, (unhandled) MotionEvent { action=ACTION_DOWN, id[0]=0, x[0]=103.0, y[0]=682.0, toolType[0]=TOOL_TYPE_UNKNOWN, buttonState=0, metaState=0, flags=0x0, edgeFlags=0x0, pointerCount=1, historySize=0, eventTime=121930, downTime=121930, deviceId=0, source=0x1002 }
D/InputEventConsistencyVerifier(  955):   4: sent at 121781000000, (unhandled) KeyEvent { action=ACTION_UP, keyCode=KEYCODE_MENU, scanCode=0, metaState=0, flags=0x8, repeatCount=0, eventTime=121781, downTime=121781, deviceId=-1, source=0x101 }
D/InputEventConsistencyVerifier(  955):   5: sent at 121707000000, (unhandled) KeyEvent { action=ACTION_DOWN, keyCode=KEYCODE_MENU, scanCode=0, metaState=0, flags=0x8, repeatCount=0, eventTime=121707, downTime=121707, deviceId=-1, source=0x101 }
W/InputManager(  222): Input event injection from pid 918 failed.
W/InputManager(  222): Input event injection from pid 918 failed.
W/InputManager(  222): Input event injection from pid 918 failed.
I/Choreographer(  955): Skipped 135 frames!  The application may be doing too much work on its main thread.
W/InputMethodManagerService(  222): Window already focused, ignoring focus gain of: com.android.internal.view.IInputMethodClient$Stub$Proxy@b420f190 attribute=android.view.inputmethod.EditorInfo@b420f1a8
D/InputEventConsistencyVerifier(  955): KeyEvent: ACTION_UP but key was not down.
D/InputEventConsistencyVerifier(  955):   in com.android.internal.policy.impl.PhoneWindow$DecorView@b3dbbf28
D/InputEventConsistencyVerifier(  955):   0: sent at 124190000000, KeyEvent { action=ACTION_UP, keyCode=KEYCODE_DPAD_CENTER, scanCode=0, metaState=0, flags=0x8, repeatCount=0, eventTime=124190, downTime=124190, deviceId=-1, source=0x101 }
D/InputEventConsistencyVerifier(  955):   -- recent events --
D/InputEventConsistencyVerifier(  955):   1: sent at 123418000000, (unhandled) MotionEvent { action=ACTION_UP, id[0]=0, x[0]=350.0, y[0]=319.0, toolType[0]=TOOL_TYPE_UNKNOWN, buttonState=0, metaState=0, flags=0x0, edgeFlags=0x0, pointerCount=1, historySize=0, eventTime=123418, downTime=123407, deviceId=0, source=0x1002 }
D/InputEventConsistencyVerifier(  955):   2: sent at 123407000000, (unhandled) MotionEvent { action=ACTION_DOWN, id[0]=0, x[0]=346.0, y[0]=325.0, toolType[0]=TOOL_TYPE_UNKNOWN, buttonState=0, metaState=0, flags=0x0, edgeFlags=0x0, pointerCount=1, historySize=0, eventTime=123407, downTime=123407, deviceId=0, source=0x1002 }
D/InputEventConsistencyVerifier(  955):   3: sent at 123168000000, (unhandled) KeyEvent { action=ACTION_UP, keyCode=KEYCODE_MENU, scanCode=0, metaState=0, flags=0x8, repeatCount=0, eventTime=123168, downTime=123168, deviceId=-1, source=0x101 }
D/InputEventConsistencyVerifier(  955):   4: sent at 122782000000, (unhandled) KeyEvent { action=ACTION_DOWN, keyCode=KEYCODE_MENU, scanCode=0, metaState=0, flags=0x8, repeatCount=0, eventTime=122782, downTime=122782, deviceId=-1, source=0x101 }
D/InputEventConsistencyVerifier(  955):   5: sent at 123163000000, (unhandled) KeyEvent { action=ACTION_UP, keyCode=KEYCODE_DPAD_RIGHT, scanCode=0, metaState=0, flags=0x400, repeatCount=0, eventTime=123163, downTime=123163, deviceId=-1, source=0x101 }
D/InputEventConsistencyVerifier(  955): KeyEvent: ACTION_UP but key was not down.
D/InputEventConsistencyVerifier(  955):   in com.android.internal.policy.impl.PhoneWindow$DecorView@b3dbbf28
D/InputEventConsistencyVerifier(  955):   0: sent at 124514000000, KeyEvent { action=ACTION_UP, keyCode=KEYCODE_DPAD_DOWN, scanCode=0, metaState=0, flags=0x8, repeatCount=0, eventTime=124514, downTime=124514, deviceId=-1, source=0x101 }
D/InputEventConsistencyVerifier(  955):   -- recent events --
D/InputEventConsistencyVerifier(  955):   1: sent at 124497000000, (unhandled) MotionEvent { action=ACTION_UP, id[0]=0, x[0]=27.0, y[0]=636.0, toolType[0]=TOOL_TYPE_UNKNOWN, buttonState=0, metaState=0, flags=0x0, edgeFlags=0x0, pointerCount=1, historySize=0, eventTime=124497, downTime=124492, deviceId=0, source=0x1002 }
D/InputEventConsistencyVerifier(  955):   2: sent at 124493000000, (unhandled) MotionEvent { action=ACTION_DOWN, id[0]=0, x[0]=37.0, y[0]=645.0, toolType[0]=TOOL_TYPE_UNKNOWN, buttonState=0, metaState=0, flags=0x0, edgeFlags=0x0, pointerCount=1, historySize=0, eventTime=124493, downTime=124492, deviceId=0, source=0x1002 }
D/InputEventConsistencyVerifier(  955):   3: sent at 124459000000, KeyEvent { action=ACTION_UP, keyCode=KEYCODE_DPAD_CENTER, scanCode=0, metaState=0, flags=0x8, repeatCount=0, eventTime=124459, downTime=124459, deviceId=-1, source=0x101 }
D/InputEventConsistencyVerifier(  955):   4: sent at 124365000000, KeyEvent { action=ACTION_DOWN, keyCode=KEYCODE_DPAD_CENTER, scanCode=0, metaState=0, flags=0x8, repeatCount=0, eventTime=124365, downTime=124365, deviceId=-1, source=0x101 }
D/InputEventConsistencyVerifier(  955):   5: sent at 124190000000, KeyEvent { action=ACTION_UP, keyCode=KEYCODE_DPAD_CENTER, scanCode=0, metaState=0, flags=0x80000008, repeatCount=0, eventTime=124190, downTime=124190, deviceId=-1, source=0x101 }
I/ActivityManager(  222): START {act=android.intent.action.MAIN cat=[android.intent.category.LAUNCHER] flg=0x10200000 cmp=br.com.f2b.android.reader/.Barcode u=0} from pid 918
I/Choreographer(  955): Skipped 31 frames!  The application may be doing too much work on its main thread.
W/InputMethodManagerService(  222): Window already focused, ignoring focus gain of: com.android.internal.view.IInputMethodClient$Stub$Proxy@b3fe1750 attribute=android.view.inputmethod.EditorInfo@b40c8080
D/InputEventConsistencyVerifier(  955): KeyEvent: ACTION_UP but key was not down.
D/InputEventConsistencyVerifier(  955):   in com.android.internal.policy.impl.PhoneWindow$DecorView@b3dbbf28
D/InputEventConsistencyVerifier(  955):   0: sent at 125635000000, KeyEvent { action=ACTION_UP, keyCode=KEYCODE_DPAD_DOWN, scanCode=0, metaState=0, flags=0x8, repeatCount=0, eventTime=125635, downTime=125635, deviceId=-1, source=0x101 }
D/InputEventConsistencyVerifier(  955):   -- recent events --
D/InputEventConsistencyVerifier(  955):   1: sent at 125602000000, (unhandled) MotionEvent { action=ACTION_UP, id[0]=0, x[0]=414.0, y[0]=691.0, toolType[0]=TOOL_TYPE_UNKNOWN, buttonState=0, metaState=0, flags=0x0, edgeFlags=0x0, pointerCount=1, historySize=0, eventTime=125602, downTime=125560, deviceId=0, source=0x1002 }
D/InputEventConsistencyVerifier(  955):   2: sent at 125600000000, (unhandled) MotionEvent { action=ACTION_MOVE, id[0]=0, x[0]=416.0, y[0]=687.0, toolType[0]=TOOL_TYPE_UNKNOWN, buttonState=0, metaState=0, flags=0x0, edgeFlags=0x0, pointerCount=1, historySize=4, eventTime=125600, downTime=125560, deviceId=0, source=0x1002 }
D/InputEventConsistencyVerifier(  955):   3: sent at 125571000000, (unhandled) MotionEvent { action=ACTION_DOWN, id[0]=0, x[0]=431.0, y[0]=628.0, toolType[0]=TOOL_TYPE_UNKNOWN, buttonState=0, metaState=0, flags=0x0, edgeFlags=0x0, pointerCount=1, historySize=0, eventTime=125571, downTime=125560, deviceId=0, source=0x1002 }
D/InputEventConsistencyVerifier(  955):   4: sent at 124817000000, (unhandled) MotionEvent { action=ACTION_UP, id[0]=0, x[0]=299.0, y[0]=291.0, toolType[0]=TOOL_TYPE_UNKNOWN, buttonState=0, metaState=0, flags=0x0, edgeFlags=0x0, pointerCount=1, historySize=0, eventTime=124817, downTime=124794, deviceId=0, source=0x1002 }
D/InputEventConsistencyVerifier(  955):   5: sent at 124815000000, (unhandled) MotionEvent { action=ACTION_MOVE, id[0]=0, x[0]=305.0, y[0]=299.0, toolType[0]=TOOL_TYPE_UNKNOWN, buttonState=0, metaState=0, flags=0x0, edgeFlags=0x0, pointerCount=1, historySize=3, eventTime=124815, downTime=124794, deviceId=0, source=0x1002 }
D/InputEventConsistencyVerifier(  955): TrackballEvent: Trackball is down but pressure is not greater than 0.
D/InputEventConsistencyVerifier(  955):   in android.view.ViewRootImpl@b4143090
D/InputEventConsistencyVerifier(  955):   0: sent at 126234000000, MotionEvent { action=ACTION_DOWN, id[0]=0, x[0]=0.0, y[0]=0.0, toolType[0]=TOOL_TYPE_UNKNOWN, buttonState=0, metaState=0, flags=0x0, edgeFlags=0x0, pointerCount=1, historySize=0, eventTime=126234, downTime=126147, deviceId=0, source=0x10004 }
D/InputEventConsistencyVerifier(  955):   -- recent events --
D/InputEventConsistencyVerifier(  955):   1: sent at 126254000000, KeyEvent { action=ACTION_UP, keyCode=KEYCODE_DPAD_UP, scanCode=0, metaState=0, flags=0x400, repeatCount=0, eventTime=126254, downTime=126254, deviceId=-1, source=0x101 }
D/InputEventConsistencyVerifier(  955):   2: sent at 126254000000, KeyEvent { action=ACTION_DOWN, keyCode=KEYCODE_DPAD_UP, scanCode=0, metaState=0, flags=0x400, repeatCount=0, eventTime=126254, downTime=126254, deviceId=-1, source=0x101 }
D/InputEventConsistencyVerifier(  955):   3: sent at 126254000000, KeyEvent { action=ACTION_UP, keyCode=KEYCODE_DPAD_UP, scanCode=0, metaState=0, flags=0x400, repeatCount=0, eventTime=126254, downTime=126254, deviceId=-1, source=0x101 }
D/InputEventConsistencyVerifier(  955):   4: sent at 126254000000, KeyEvent { action=ACTION_DOWN, keyCode=KEYCODE_DPAD_UP, scanCode=0, metaState=0, flags=0x400, repeatCount=0, eventTime=126254, downTime=126254, deviceId=-1, source=0x101 }
D/InputEventConsistencyVerifier(  955):   5: sent at 126253000000, KeyEvent { action=ACTION_UP, keyCode=KEYCODE_DPAD_UP, scanCode=0, metaState=0, flags=0x400, repeatCount=0, eventTime=126253, downTime=126253, deviceId=-1, source=0x101 }
I/Choreographer(  955): Skipped 58 frames!  The application may be doing too much work on its main thread.
D/InputEventConsistencyVerifier(  356): TouchEvent: ACTION_DOWN but pointers are already down.  Probably missing ACTION_UP from previous gesture.
D/InputEventConsistencyVerifier(  356):   in android.view.ScaleGestureDetector@b3e8ce48
D/InputEventConsistencyVerifier(  356):   0: sent at 126607000000, MotionEvent { action=ACTION_DOWN, id[0]=0, x[0]=284.0, y[0]=30.0, toolType[0]=TOOL_TYPE_UNKNOWN, buttonState=0, metaState=0, flags=0x0, edgeFlags=0x0, pointerCount=1, historySize=0, eventTime=126607, downTime=126605, deviceId=0, source=0x1002 }
D/InputEventConsistencyVerifier(  356):   -- recent events --
D/InputEventConsistencyVerifier(  356):   1: sent at 117878000000, MotionEvent { action=ACTION_DOWN, id[0]=0, x[0]=304.0, y[0]=319.0, toolType[0]=TOOL_TYPE_UNKNOWN, buttonState=0, metaState=0, flags=0x80000000, edgeFlags=0x0, pointerCount=1, historySize=0, eventTime=117878, downTime=117878, deviceId=0, source=0x1002 }
D/InputEventConsistencyVerifier(  356):   2: sent at 117848000000, MotionEvent { action=ACTION_DOWN, id[0]=0, x[0]=90.0, y[0]=714.0, toolType[0]=TOOL_TYPE_UNKNOWN, buttonState=0, metaState=0, flags=0x0, edgeFlags=0x0, pointerCount=1, historySize=0, eventTime=117848, downTime=117847, deviceId=0, source=0x1002 }
D/InputEventConsistencyVerifier(  356):   3: sent at 117667000000, MotionEvent { action=ACTION_UP, id[0]=0, x[0]=47.0, y[0]=68.0, toolType[0]=TOOL_TYPE_UNKNOWN, buttonState=0, metaState=0, flags=0x0, edgeFlags=0x0, pointerCount=1, historySize=0, eventTime=117667, downTime=117662, deviceId=0, source=0x1002 }
D/InputEventConsistencyVerifier(  356):   4: sent at 117662000000, MotionEvent { action=ACTION_DOWN, id[0]=0, x[0]=66.0, y[0]=52.0, toolType[0]=TOOL_TYPE_UNKNOWN, buttonState=0, metaState=0, flags=0x80000000, edgeFlags=0x0, pointerCount=1, historySize=0, eventTime=117662, downTime=117662, deviceId=0, source=0x1002 }
D/InputEventConsistencyVerifier(  356):   5: sent at 117355000000, MotionEvent { action=ACTION_DOWN, id[0]=0, x[0]=242.0, y[0]=668.0, toolType[0]=TOOL_TYPE_UNKNOWN, buttonState=0, metaState=0, flags=0x80000000, edgeFlags=0x0, pointerCount=1, historySize=0, eventTime=117355, downTime=117354, deviceId=0, source=0x1002 }
I/ActivityManager(  222): START {act=android.intent.action.MAIN cat=[android.intent.category.LAUNCHER] flg=0x10000000 cmp=com.android.contacts/.activities.PeopleActivity sel={act=android.intent.action.MAIN cat=[android.intent.category.APP_CONTACTS]} u=0} from pid 222
W/dalvikvm(  356): DroidBox: { "FdAccess": { "path": "2f70726f632f6d656d696e666f", "id": "866588100" } }
W/DroidBox(  356): DroidBox: { "FileRW": { "operation": "read", "data": "4d656d546f74616c3a202020202020202020373438393634206b420a4d656d467265653a20202020202020202020343339393536206b420a427566666572733a20202020202020202020202035343434206b420a4361636865643a202020202020202020", "id": "866588100" } }
I/Choreographer(  356): Skipped 35 frames!  The application may be doing too much work on its main thread.
