D/InputEventConsistencyVerifier(  360):   5: sent at 76112000000, MotionEvent { action=ACTION_UP, id[0]=0, x[0]=49.0, y[0]=74.0, toolType[0]=TOOL_TYPE_UNKNOWN, buttonState=0, metaState=0, flags=0x0, edgeFlags=0x0, pointerCount=1, historySize=0, eventTime=76112, downTime=76097, deviceId=0, source=0x1002 }
D/InputEventConsistencyVerifier(  360): KeyEvent: ACTION_UP but key was not down.
D/InputEventConsistencyVerifier(  360):   in com.android.systemui.statusbar.phone.StatusBarWindowView@b3df03b8
D/InputEventConsistencyVerifier(  360):   0: sent at 76260000000, KeyEvent { action=ACTION_UP, keyCode=KEYCODE_DPAD_DOWN, scanCode=0, metaState=0, flags=0x8, repeatCount=0, eventTime=76260, downTime=76260, deviceId=-1, source=0x101 }
D/InputEventConsistencyVerifier(  360):   -- recent events --
D/InputEventConsistencyVerifier(  360):   1: sent at 76228000000, MotionEvent { action=ACTION_UP, id[0]=0, x[0]=170.0, y[0]=703.0, toolType[0]=TOOL_TYPE_UNKNOWN, buttonState=0, metaState=0, flags=0x0, edgeFlags=0x0, pointerCount=1, historySize=0, eventTime=76228, downTime=76195, deviceId=0, source=0x1002 }
D/InputEventConsistencyVerifier(  360):   2: sent at 76226000000, MotionEvent { action=ACTION_MOVE, id[0]=0, x[0]=177.0, y[0]=704.0, toolType[0]=TOOL_TYPE_UNKNOWN, buttonState=0, metaState=0, flags=0x0, edgeFlags=0x0, pointerCount=1, historySize=5, eventTime=76226, downTime=76195, deviceId=0, source=0x1002 }
D/InputEventConsistencyVerifier(  360):   3: sent at 76196000000, MotionEvent { action=ACTION_DOWN, id[0]=0, x[0]=194.0, y[0]=707.0, toolType[0]=TOOL_TYPE_UNKNOWN, buttonState=0, metaState=0, flags=0x0, edgeFlags=0x0, pointerCount=1, historySize=0, eventTime=76196, downTime=76195, deviceId=0, source=0x1002 }
D/InputEventConsistencyVerifier(  360):   4: sent at 76189000000, (unhandled) KeyEvent { action=ACTION_UP, keyCode=KEYCODE_DPAD_CENTER, scanCode=0, metaState=0, flags=0x8, repeatCount=0, eventTime=76189, downTime=76189, deviceId=-1, source=0x101 }
D/InputEventConsistencyVerifier(  360):   5: sent at 76177000000, (unhandled) KeyEvent { action=ACTION_DOWN, keyCode=KEYCODE_DPAD_CENTER, scanCode=0, metaState=0, flags=0x8, repeatCount=0, eventTime=76177, downTime=76177, deviceId=-1, source=0x101 }
D/InputEventConsistencyVerifier(  360): KeyEvent: ACTION_UP but key was not down.
D/InputEventConsistencyVerifier(  360):   in com.android.systemui.statusbar.phone.StatusBarWindowView@b3df03b8
D/InputEventConsistencyVerifier(  360):   0: sent at 76341000000, KeyEvent { action=ACTION_UP, keyCode=KEYCODE_DPAD_UP, scanCode=0, metaState=0, flags=0x400, repeatCount=0, eventTime=76341, downTime=76341, deviceId=-1, source=0x101 }
D/InputEventConsistencyVerifier(  360):   -- recent events --
D/InputEventConsistencyVerifier(  360):   1: sent at 76318000000, (unhandled) MotionEvent { action=ACTION_MOVE, id[0]=0, x[0]=-2.0, y[0]=-4.0, toolType[0]=TOOL_TYPE_UNKNOWN, buttonState=0, metaState=0, flags=0x0, edgeFlags=0x0, pointerCount=1, historySize=5, eventTime=76318, downTime=-1, deviceId=0, source=0x10004 }
D/InputEventConsistencyVerifier(  360):   2: sent at 76290000000, MotionEvent { action=ACTION_UP, id[0]=0, x[0]=395.0, y[0]=374.0, toolType[0]=TOOL_TYPE_UNKNOWN, buttonState=0, metaState=0, flags=0x0, edgeFlags=0x0, pointerCount=1, historySize=0, eventTime=76290, downTime=76266, deviceId=0, source=0x1002 }
D/InputEventConsistencyVerifier(  360):   3: sent at 76266000000, MotionEvent { action=ACTION_DOWN, id[0]=0, x[0]=395.0, y[0]=374.0, toolType[0]=TOOL_TYPE_UNKNOWN, buttonState=0, metaState=0, flags=0x0, edgeFlags=0x0, pointerCount=1, historySize=0, eventTime=76266, downTime=76266, deviceId=0, source=0x1002 }
D/InputEventConsistencyVerifier(  360):   4: sent at 76260000000, (unhandled) KeyEvent { action=ACTION_UP, keyCode=KEYCODE_DPAD_DOWN, scanCode=0, metaState=0, flags=0x80000008, repeatCount=0, eventTime=76260, downTime=76260, deviceId=-1, source=0x101 }
D/InputEventConsistencyVerifier(  360):   5: sent at 76228000000, MotionEvent { action=ACTION_UP, id[0]=0, x[0]=170.0, y[0]=703.0, toolType[0]=TOOL_TYPE_UNKNOWN, buttonState=0, metaState=0, flags=0x0, edgeFlags=0x0, pointerCount=1, historySize=0, eventTime=76228, downTime=76195, deviceId=0, source=0x1002 }
D/InputEventConsistencyVerifier(  360): KeyEvent: ACTION_UP but key was not down.
D/InputEventConsistencyVerifier(  360):   in com.android.systemui.statusbar.phone.StatusBarWindowView@b3df03b8
D/InputEventConsistencyVerifier(  360):   0: sent at 76420000000, KeyEvent { action=ACTION_UP, keyCode=KEYCODE_DPAD_LEFT, scanCode=0, metaState=0, flags=0x8, repeatCount=0, eventTime=76420, downTime=76420, deviceId=-1, source=0x101 }
D/InputEventConsistencyVerifier(  360):   -- recent events --
D/InputEventConsistencyVerifier(  360):   1: sent at 76394000000, MotionEvent { action=ACTION_UP, id[0]=0, x[0]=134.0, y[0]=130.0, toolType[0]=TOOL_TYPE_UNKNOWN, buttonState=0, metaState=0, flags=0x0, edgeFlags=0x0, pointerCount=1, historySize=0, eventTime=76394, downTime=76378, deviceId=0, source=0x1002 }
D/InputEventConsistencyVerifier(  360):   2: sent at 76378000000, MotionEvent { action=ACTION_DOWN, id[0]=0, x[0]=132.0, y[0]=148.0, toolType[0]=TOOL_TYPE_UNKNOWN, buttonState=0, metaState=0, flags=0x0, edgeFlags=0x0, pointerCount=1, historySize=0, eventTime=76378, downTime=76378, deviceId=0, source=0x1002 }
D/InputEventConsistencyVerifier(  360):   3: sent at 76372000000, MotionEvent { action=ACTION_UP, id[0]=0, x[0]=218.0, y[0]=606.0, toolType[0]=TOOL_TYPE_UNKNOWN, buttonState=0, metaState=0, flags=0x0, edgeFlags=0x0, pointerCount=1, historySize=0, eventTime=76372, downTime=76357, deviceId=0, source=0x1002 }
D/InputEventConsistencyVerifier(  360):   4: sent at 76357000000, MotionEvent { action=ACTION_DOWN, id[0]=0, x[0]=208.0, y[0]=606.0, toolType[0]=TOOL_TYPE_UNKNOWN, buttonState=0, metaState=0, flags=0x0, edgeFlags=0x0, pointerCount=1, historySize=0, eventTime=76357, downTime=76357, deviceId=0, source=0x1002 }
D/InputEventConsistencyVerifier(  360):   5: sent at 76410000000, (unhandled) KeyEvent { action=ACTION_UP, keyCode=KEYCODE_DPAD_RIGHT, scanCode=0, metaState=0, flags=0x400, repeatCount=0, eventTime=76410, downTime=76410, deviceId=-1, source=0x101 }
I/ActivityManager(  222): START {act=android.intent.action.CALL_BUTTON flg=0x10000000 cmp=com.android.contacts/.activities.DialtactsActivity u=0} from pid 360
W/dalvikvm(  360): DroidBox: { "FdAccess": { "path": "2f70726f632f6d656d696e666f", "id": "1978797230" } }
W/DroidBox(  360): DroidBox: { "FileRW": { "operation": "read", "data": "4d656d546f74616c3a202020202020202020373438393634206b420a4d656d467265653a20202020202020202020343435333132206b420a427566666572733a20202020202020202020202035333834206b420a4361636865643a202020202020202020", "id": "1978797230" } }
I/ActivityManager(  222): Start proc com.android.music for broadcast com.android.music/.MediaButtonIntentReceiver: pid=1036 uid=10024 gids={3003, 1015, 1028}
D/InputEventConsistencyVerifier(  360): TouchEvent: ACTION_DOWN but pointers are already down.  Probably missing ACTION_UP from previous gesture.
D/InputEventConsistencyVerifier(  360):   in android.view.ScaleGestureDetector@b3e8fd88
D/InputEventConsistencyVerifier(  360):   0: sent at 76732000000, MotionEvent { action=ACTION_DOWN, id[0]=0, x[0]=214.0, y[0]=671.0, toolType[0]=TOOL_TYPE_UNKNOWN, buttonState=0, metaState=0, flags=0x0, edgeFlags=0x0, pointerCount=1, historySize=0, eventTime=76732, downTime=76731, deviceId=0, source=0x1002 }
D/InputEventConsistencyVerifier(  360):   -- recent events --
D/InputEventConsistencyVerifier(  360):   1: sent at 76680000000, MotionEvent { action=ACTION_MOVE, id[0]=0, x[0]=69.0, y[0]=709.0, toolType[0]=TOOL_TYPE_UNKNOWN, buttonState=0, metaState=0, flags=0x0, edgeFlags=0x0, pointerCount=1, historySize=0, eventTime=76680, downTime=76675, deviceId=0, source=0x1002 }
D/InputEventConsistencyVerifier(  360):   2: sent at 76675000000, MotionEvent { action=ACTION_DOWN, id[0]=0, x[0]=62.0, y[0]=722.0, toolType[0]=TOOL_TYPE_UNKNOWN, buttonState=0, metaState=0, flags=0x0, edgeFlags=0x0, pointerCount=1, historySize=0, eventTime=76675, downTime=76675, deviceId=0, source=0x1002 }
D/InputEventConsistencyVerifier(  360):   3: sent at 76394000000, MotionEvent { action=ACTION_UP, id[0]=0, x[0]=134.0, y[0]=130.0, toolType[0]=TOOL_TYPE_UNKNOWN, buttonState=0, metaState=0, flags=0x0, edgeFlags=0x0, pointerCount=1, historySize=0, eventTime=76394, downTime=76378, deviceId=0, source=0x1002 }
D/InputEventConsistencyVerifier(  360):   4: sent at 76378000000, MotionEvent { action=ACTION_DOWN, id[0]=0, x[0]=132.0, y[0]=148.0, toolType[0]=TOOL_TYPE_UNKNOWN, buttonState=0, metaState=0, flags=0x0, edgeFlags=0x0, pointerCount=1, historySize=0, eventTime=76378, downTime=76378, deviceId=0, source=0x1002 }
D/InputEventConsistencyVerifier(  360):   5: sent at 76372000000, MotionEvent { action=ACTION_UP, id[0]=0, x[0]=218.0, y[0]=606.0, toolType[0]=TOOL_TYPE_UNKNOWN, buttonState=0, metaState=0, flags=0x0, edgeFlags=0x0, pointerCount=1, historySize=0, eventTime=76372, downTime=76357, deviceId=0, source=0x1002 }
I/Choreographer(  360): Skipped 30 frames!  The application may be doing too much work on its main thread.
W/dalvikvm(  360): DroidBox: { "FdAccess": { "path": "2f70726f632f6d656d696e666f", "id": "2078599032" } }
W/DroidBox(  360): DroidBox: { "FileRW": { "operation": "read", "data": "4d656d546f74616c3a202020202020202020373438393634206b420a4d656d467265653a20202020202020202020343435303332206b420a427566666572733a20202020202020202020202035333834206b420a4361636865643a202020202020202020", "id": "2078599032" } }
I/ActivityManager(  222): START {act=android.intent.action.CALL_BUTTON flg=0x10000000 cmp=com.android.contacts/.activities.DialtactsActivity u=0} from pid 360
I/Choreographer(  360): Skipped 32 frames!  The application may be doing too much work on its main thread.
W/dalvikvm(  360): DroidBox: { "FdAccess": { "path": "2f70726f632f6d656d696e666f", "id": "1614909775" } }
W/DroidBox(  360): DroidBox: { "FileRW": { "operation": "read", "data": "4d656d546f74616c3a202020202020202020373438393634206b420a4d656d467265653a20202020202020202020343434383834206b420a427566666572733a20202020202020202020202035333834206b420a4361636865643a202020202020202020", "id": "1614909775" } }
D/InputEventConsistencyVerifier(  360): KeyEvent: ACTION_UP but key was not down.
D/InputEventConsistencyVerifier(  360):   in com.android.systemui.statusbar.phone.StatusBarWindowView@b3df03b8
D/InputEventConsistencyVerifier(  360):   0: sent at 76970000000, KeyEvent { action=ACTION_UP, keyCode=KEYCODE_DPAD_LEFT, scanCode=0, metaState=0, flags=0x8, repeatCount=0, eventTime=76970, downTime=76970, deviceId=-1, source=0x101 }
D/InputEventConsistencyVerifier(  360):   -- recent events --
D/InputEventConsistencyVerifier(  360):   1: sent at 76911000000, (unhandled) KeyEvent { action=ACTION_UP, keyCode=KEYCODE_CALL, scanCode=0, metaState=0, flags=0x8, repeatCount=0, eventTime=76911, downTime=76911, deviceId=-1, source=0x101 }
D/InputEventConsistencyVerifier(  360):   2: sent at 76868000000, (unhandled) KeyEvent { action=ACTION_DOWN, keyCode=KEYCODE_CALL, scanCode=0, metaState=0, flags=0x8, repeatCount=0, eventTime=76868, downTime=76868, deviceId=-1, source=0x101 }
D/InputEventConsistencyVerifier(  360):   3: sent at 76861000000, MotionEvent { action=ACTION_UP, id[0]=0, x[0]=130.0, y[0]=752.0, toolType[0]=TOOL_TYPE_UNKNOWN, buttonState=0, metaState=0, flags=0x0, edgeFlags=0x0, pointerCount=1, historySize=0, eventTime=76861, downTime=76840, deviceId=0, source=0x1002 }
D/InputEventConsistencyVerifier(  360):   4: sent at 76840000000, MotionEvent { action=ACTION_DOWN, id[0]=0, x[0]=131.0, y[0]=754.0, toolType[0]=TOOL_TYPE_UNKNOWN, buttonState=0, metaState=0, flags=0x0, edgeFlags=0x0, pointerCount=1, historySize=0, eventTime=76840, downTime=76840, deviceId=0, source=0x1002 }
D/InputEventConsistencyVerifier(  360):   5: sent at 76836000000, (unhandled) KeyEvent { action=ACTION_UP, keyCode=KEYCODE_DPAD_UP, scanCode=0, metaState=0, flags=0x8, repeatCount=0, eventTime=76836, downTime=76836, deviceId=-1, source=0x101 }
D/InputEventConsistencyVerifier(  360): TouchEvent: ACTION_DOWN but pointers are already down.  Probably missing ACTION_UP from previous gesture.
D/InputEventConsistencyVerifier(  360):   in android.view.ScaleGestureDetector@b3e8fd88
D/InputEventConsistencyVerifier(  360):   0: sent at 76986000000, MotionEvent { action=ACTION_DOWN, id[0]=0, x[0]=364.0, y[0]=547.0, toolType[0]=TOOL_TYPE_UNKNOWN, buttonState=0, metaState=0, flags=0x0, edgeFlags=0x0, pointerCount=1, historySize=0, eventTime=76986, downTime=76985, deviceId=0, source=0x1002 }
D/InputEventConsistencyVerifier(  360):   -- recent events --
D/InputEventConsistencyVerifier(  360):   1: sent at 76840000000, MotionEvent { action=ACTION_DOWN, id[0]=0, x[0]=131.0, y[0]=754.0, toolType[0]=TOOL_TYPE_UNKNOWN, buttonState=0, metaState=0, flags=0x0, edgeFlags=0x0, pointerCount=1, historySize=0, eventTime=76840, downTime=76840, deviceId=0, source=0x1002 }
D/InputEventConsistencyVerifier(  360):   2: sent at 76748000000, MotionEvent { action=ACTION_UP, id[0]=0, x[0]=289.0, y[0]=676.0, toolType[0]=TOOL_TYPE_UNKNOWN, buttonState=0, metaState=0, flags=0x0, edgeFlags=0x0, pointerCount=1, historySize=0, eventTime=76748, downTime=76731, deviceId=0, source=0x1002 }
D/InputEventConsistencyVerifier(  360):   3: sent at 76747000000, MotionEvent { action=ACTION_MOVE, id[0]=0, x[0]=280.0, y[0]=675.0, toolType[0]=TOOL_TYPE_UNKNOWN, buttonState=0, metaState=0, flags=0x0, edgeFlags=0x0, pointerCount=1, historySize=4, eventTime=76747, downTime=76731, deviceId=0, source=0x1002 }
D/InputEventConsistencyVerifier(  360):   4: sent at 76732000000, MotionEvent { action=ACTION_DOWN, id[0]=0, x[0]=214.0, y[0]=671.0, toolType[0]=TOOL_TYPE_UNKNOWN, buttonState=0, metaState=0, flags=0x80000000, edgeFlags=0x0, pointerCount=1, historySize=0, eventTime=76732, downTime=76731, deviceId=0, source=0x1002 }
D/InputEventConsistencyVerifier(  360):   5: sent at 76680000000, MotionEvent { action=ACTION_MOVE, id[0]=0, x[0]=69.0, y[0]=709.0, toolType[0]=TOOL_TYPE_UNKNOWN, buttonState=0, metaState=0, flags=0x0, edgeFlags=0x0, pointerCount=1, historySize=0, eventTime=76680, downTime=76675, deviceId=0, source=0x1002 }
D/InputEventConsistencyVerifier(  360): KeyEvent: ACTION_UP but key was not down.
D/InputEventConsistencyVerifier(  360):   in com.android.systemui.statusbar.phone.StatusBarWindowView@b3df03b8
D/InputEventConsistencyVerifier(  360):   0: sent at 77080000000, KeyEvent { action=ACTION_UP, keyCode=KEYCODE_DPAD_RIGHT, scanCode=0, metaState=0, flags=0x400, repeatCount=0, eventTime=77080, downTime=77080, deviceId=-1, source=0x101 }
D/InputEventConsistencyVerifier(  360):   -- recent events --
D/InputEventConsistencyVerifier(  360):   1: sent at 77023000000, (unhandled) MotionEvent { action=ACTION_MOVE, id[0]=0, x[0]=4.0, y[0]=2.0, toolType[0]=TOOL_TYPE_UNKNOWN, buttonState=0, metaState=0, flags=0x0, edgeFlags=0x0, pointerCount=1, historySize=9, eventTime=77023, downTime=-1, deviceId=0, source=0x10004 }
D/InputEventConsistencyVerifier(  360):   2: sent at 77000000000, MotionEvent { action=ACTION_UP, id[0]=0, x[0]=367.0, y[0]=548.0, toolType[0]=TOOL_TYPE_UNKNOWN, buttonState=0, metaState=0, flags=0x0, edgeFlags=0x0, pointerCount=1, historySize=0, eventTime=77000, downTime=76985, deviceId=0, source=0x1002 }
D/InputEventConsistencyVerifier(  360):   3: sent at 76986000000, MotionEvent { action=ACTION_DOWN, id[0]=0, x[0]=364.0, y[0]=547.0, toolType[0]=TOOL_TYPE_UNKNOWN, buttonState=0, metaState=0, flags=0x0, edgeFlags=0x0, pointerCount=1, historySize=0, eventTime=76986, downTime=76985, deviceId=0, source=0x1002 }
D/InputEventConsistencyVerifier(  360):   4: sent at 76970000000, (unhandled) KeyEvent { action=ACTION_UP, keyCode=KEYCODE_DPAD_LEFT, scanCode=0, metaState=0, flags=0x80000008, repeatCount=0, eventTime=76970, downTime=76970, deviceId=-1, source=0x101 }
D/InputEventConsistencyVerifier(  360):   5: sent at 76911000000, (unhandled) KeyEvent { action=ACTION_UP, keyCode=KEYCODE_CALL, scanCode=0, metaState=0, flags=0x8, repeatCount=0, eventTime=76911, downTime=76911, deviceId=-1, source=0x101 }
D/InputEventConsistencyVerifier(  360): KeyEvent: ACTION_UP but key was not down.
D/InputEventConsistencyVerifier(  360):   in android.widget.FrameLayout@b3dc0438
D/InputEventConsistencyVerifier(  360):   0: sent at 77102000000, KeyEvent { action=ACTION_UP, keyCode=KEYCODE_DPAD_DOWN, scanCode=0, metaState=0, flags=0x8, repeatCount=0, eventTime=77102, downTime=77102, deviceId=-1, source=0x101 }
D/InputEventConsistencyVerifier(  360):   -- recent events --
D/InputEventConsistencyVerifier(  360):   1: sent at 76748000000, MotionEvent { action=ACTION_UP, id[0]=0, x[0]=289.0, y[0]=676.0, toolType[0]=TOOL_TYPE_UNKNOWN, buttonState=0, metaState=0, flags=0x0, edgeFlags=0x0, pointerCount=1, historySize=0, eventTime=76748, downTime=76731, deviceId=0, source=0x1002 }
D/InputEventConsistencyVerifier(  360):   2: sent at 76747000000, MotionEvent { action=ACTION_MOVE, id[0]=0, x[0]=280.0, y[0]=675.0, toolType[0]=TOOL_TYPE_UNKNOWN, buttonState=0, metaState=0, flags=0x0, edgeFlags=0x0, pointerCount=1, historySize=4, eventTime=76747, downTime=76731, deviceId=0, source=0x1002 }
D/InputEventConsistencyVerifier(  360):   3: sent at 76732000000, MotionEvent { action=ACTION_DOWN, id[0]=0, x[0]=214.0, y[0]=671.0, toolType[0]=TOOL_TYPE_UNKNOWN, buttonState=0, metaState=0, flags=0x80000000, edgeFlags=0x0, pointerCount=1, historySize=0, eventTime=76732, downTime=76731, deviceId=0, source=0x1002 }
D/InputEventConsistencyVerifier(  360):   4: sent at 76709000000, MotionEvent { action=ACTION_UP, id[0]=0, x[0]=72.0, y[0]=701.0, toolType[0]=TOOL_TYPE_UNKNOWN, buttonState=0, metaState=0, flags=0x0, edgeFlags=0x0, pointerCount=1, historySize=0, eventTime=76709, downTime=76675, deviceId=0, source=0x1002 }
D/InputEventConsistencyVerifier(  360):   5: sent at 76680000000, MotionEvent { action=ACTION_MOVE, id[0]=0, x[0]=69.0, y[0]=709.0, toolType[0]=TOOL_TYPE_UNKNOWN, buttonState=0, metaState=0, flags=0x0, edgeFlags=0x0, pointerCount=1, historySize=0, eventTime=76680, downTime=76675, deviceId=0, source=0x1002 }
V/PhoneStatusBar(  360): setLightsOn(true)
D/PhoneStatusBar(  360): disable: < expand icons alerts ticker* system_info back home recent clock >
D/InputEventConsistencyVerifier(  989): KeyEvent: ACTION_UP but key was not down.
D/InputEventConsistencyVerifier(  989):   in android.view.ViewRootImpl@b3eadc08
D/InputEventConsistencyVerifier(  989):   0: sent at 77118000000, KeyEvent { action=ACTION_UP, keyCode=KEYCODE_DPAD_LEFT, scanCode=0, metaState=0, flags=0x8, repeatCount=0, eventTime=77118, downTime=77118, deviceId=-1, source=0x101 }
D/InputEventConsistencyVerifier(  989):   -- recent events --
D/InputEventConsistencyVerifier(  989):   1: sent at 72726000000, KeyEvent { action=ACTION_UP, keyCode=KEYCODE_DPAD_CENTER, scanCode=0, metaState=0, flags=0x8, repeatCount=0, eventTime=72726, downTime=72726, deviceId=-1, source=0x101 }
D/InputEventConsistencyVerifier(  989):   2: sent at 72713000000, KeyEvent { action=ACTION_DOWN, keyCode=KEYCODE_DPAD_CENTER, scanCode=0, metaState=0, flags=0x8, repeatCount=0, eventTime=72713, downTime=72713, deviceId=-1, source=0x101 }
D/InputEventConsistencyVerifier(  989):   3: sent at 72711000000, KeyEvent { action=ACTION_UP, keyCode=KEYCODE_DPAD_RIGHT, scanCode=0, metaState=0, flags=0x8, repeatCount=0, eventTime=72711, downTime=72711, deviceId=-1, source=0x101 }
D/InputEventConsistencyVerifier(  989):   4: sent at 72527000000, KeyEvent { action=ACTION_DOWN, keyCode=KEYCODE_DPAD_RIGHT, scanCode=0, metaState=0, flags=0x8, repeatCount=0, eventTime=72527, downTime=72527, deviceId=-1, source=0x101 }
D/InputEventConsistencyVerifier(  989):   5: sent at 72689000000, KeyEvent { action=ACTION_UP, keyCode=KEYCODE_DPAD_CENTER, scanCode=0, metaState=0, flags=0x400, repeatCount=0, eventTime=72689, downTime=72689, deviceId=-1, source=0x101 }
E/WVMExtractor(   62): Failed to open libwvm.so
D/InputEventConsistencyVerifier(  360): TouchEvent: ACTION_DOWN but pointers are already down.  Probably missing ACTION_UP from previous gesture.
D/InputEventConsistencyVerifier(  360):   in android.view.ScaleGestureDetector@b3e8fd88
D/InputEventConsistencyVerifier(  360):   0: sent at 77323000000, MotionEvent { action=ACTION_DOWN, id[0]=0, x[0]=335.0, y[0]=23.0, toolType[0]=TOOL_TYPE_UNKNOWN, buttonState=0, metaState=0, flags=0x0, edgeFlags=0x0, pointerCount=1, historySize=0, eventTime=77323, downTime=77322, deviceId=0, source=0x1002 }
D/InputEventConsistencyVerifier(  360):   -- recent events --
D/InputEventConsistencyVerifier(  360):   1: sent at 76986000000, MotionEvent { action=ACTION_DOWN, id[0]=0, x[0]=364.0, y[0]=547.0, toolType[0]=TOOL_TYPE_UNKNOWN, buttonState=0, metaState=0, flags=0x80000000, edgeFlags=0x0, pointerCount=1, historySize=0, eventTime=76986, downTime=76985, deviceId=0, source=0x1002 }
D/InputEventConsistencyVerifier(  360):   2: sent at 76840000000, MotionEvent { action=ACTION_DOWN, id[0]=0, x[0]=131.0, y[0]=754.0, toolType[0]=TOOL_TYPE_UNKNOWN, buttonState=0, metaState=0, flags=0x0, edgeFlags=0x0, pointerCount=1, historySize=0, eventTime=76840, downTime=76840, deviceId=0, source=0x1002 }
D/InputEventConsistencyVerifier(  360):   3: sent at 76748000000, MotionEvent { action=ACTION_UP, id[0]=0, x[0]=289.0, y[0]=676.0, toolType[0]=TOOL_TYPE_UNKNOWN, buttonState=0, metaState=0, flags=0x0, edgeFlags=0x0, pointerCount=1, historySize=0, eventTime=76748, downTime=76731, deviceId=0, source=0x1002 }
D/InputEventConsistencyVerifier(  360):   4: sent at 76747000000, MotionEvent { action=ACTION_MOVE, id[0]=0, x[0]=280.0, y[0]=675.0, toolType[0]=TOOL_TYPE_UNKNOWN, buttonState=0, metaState=0, flags=0x0, edgeFlags=0x0, pointerCount=1, historySize=4, eventTime=76747, downTime=76731, deviceId=0, source=0x1002 }
D/InputEventConsistencyVerifier(  360):   5: sent at 76732000000, MotionEvent { action=ACTION_DOWN, id[0]=0, x[0]=214.0, y[0]=671.0, toolType[0]=TOOL_TYPE_UNKNOWN, buttonState=0, metaState=0, flags=0x80000000, edgeFlags=0x0, pointerCount=1, historySize=0, eventTime=76732, downTime=76731, deviceId=0, source=0x1002 }
W/dalvikvm(  360): DroidBox: { "FdAccess": { "path": "2f70726f632f6d656d696e666f", "id": "1225074778" } }
W/DroidBox(  360): DroidBox: { "FileRW": { "operation": "read", "data": "4d656d546f74616c3a202020202020202020373438393634206b420a4d656d467265653a20202020202020202020343434333838206b420a427566666572733a20202020202020202020202035333834206b420a4361636865643a202020202020202020", "id": "1225074778" } }
W/dalvikvm(  360): DroidBox: { "FdAccess": { "path": "2f70726f632f6d656d696e666f", "id": "992985075" } }
W/DroidBox(  360): DroidBox: { "FileRW": { "operation": "read", "data": "4d656d546f74616c3a202020202020202020373438393634206b420a4d656d467265653a20202020202020202020343434333838206b420a427566666572733a20202020202020202020202035333834206b420a4361636865643a202020202020202020", "id": "992985075" } }
D/InputEventConsistencyVerifier(  360): TrackballEvent: Trackball is down but pressure is not greater than 0.
D/InputEventConsistencyVerifier(  360):   in android.view.ViewRootImpl@b3e81ba8
D/InputEventConsistencyVerifier(  360):   0: sent at 77513000000, MotionEvent { action=ACTION_DOWN, id[0]=0, x[0]=0.0, y[0]=0.0, toolType[0]=TOOL_TYPE_UNKNOWN, buttonState=0, metaState=0, flags=0x0, edgeFlags=0x0, pointerCount=1, historySize=0, eventTime=77513, downTime=77431, deviceId=0, source=0x10004 }
D/InputEventConsistencyVerifier(  360):   -- recent events --
D/InputEventConsistencyVerifier(  360):   1: sent at 77511000000, MotionEvent { action=ACTION_MOVE, id[0]=0, x[0]=-1.0, y[0]=-1.0, toolType[0]=TOOL_TYPE_UNKNOWN, buttonState=0, metaState=0, flags=0x0, edgeFlags=0x0, pointerCount=1, historySize=9, eventTime=77511, downTime=-1, deviceId=0, source=0x10004 }
D/InputEventConsistencyVerifier(  360):   2: sent at 77403000000, MotionEvent { action=ACTION_UP, id[0]=0, x[0]=277.0, y[0]=312.0, toolType[0]=TOOL_TYPE_UNKNOWN, buttonState=0, metaState=0, flags=0x0, edgeFlags=0x0, pointerCount=1, historySize=0, eventTime=77403, downTime=77391, deviceId=0, source=0x1002 }
D/InputEventConsistencyVerifier(  360):   3: sent at 77392000000, MotionEvent { action=ACTION_DOWN, id[0]=0, x[0]=280.0, y[0]=321.0, toolType[0]=TOOL_TYPE_UNKNOWN, buttonState=0, metaState=0, flags=0x0, edgeFlags=0x0, pointerCount=1, historySize=0, eventTime=77392, downTime=77391, deviceId=0, source=0x1002 }
D/InputEventConsistencyVerifier(  360):   4: sent at 77375000000, MotionEvent { action=ACTION_UP, id[0]=0, x[0]=376.0, y[0]=48.0, toolType[0]=TOOL_TYPE_UNKNOWN, buttonState=0, metaState=0, flags=0x0, edgeFlags=0x0, pointerCount=1, historySize=0, eventTime=77375, downTime=77322, deviceId=0, source=0x1002 }
D/InputEventConsistencyVerifier(  360):   5: sent at 77371000000, MotionEvent { action=ACTION_POINTER_UP(1), id[0]=0, x[0]=358.0, y[0]=39.0, toolType[0]=TOOL_TYPE_UNKNOWN, id[1]=1, x[1]=456.0, y[1]=43.0, toolType[1]=TOOL_TYPE_UNKNOWN, buttonState=0, metaState=0, flags=0x0, edgeFlags=0x0, pointerCount=2, historySize=0, eventTime=77371, downTime=77322, deviceId=0, source=0x1002 }
D/InputEventConsistencyVerifier(  360): TrackballEvent: ACTION_UP but trackball is not down.
D/InputEventConsistencyVerifier(  360):   in com.android.systemui.statusbar.phone.PhoneStatusBarView@b3df2350
D/InputEventConsistencyVerifier(  360):   0: sent at 77515000000, MotionEvent { action=ACTION_UP, id[0]=0, x[0]=0.0, y[0]=0.0, toolType[0]=TOOL_TYPE_UNKNOWN, buttonState=0, metaState=0, flags=0x0, edgeFlags=0x0, pointerCount=1, historySize=0, eventTime=77515, downTime=77431, deviceId=0, source=0x10004 }
D/InputEventConsistencyVerifier(  360):   -- recent events --
D/InputEventConsistencyVerifier(  360):   1: sent at 77375000000, MotionEvent { action=ACTION_UP, id[0]=0, x[0]=376.0, y[0]=48.0, toolType[0]=TOOL_TYPE_UNKNOWN, buttonState=0, metaState=0, flags=0x0, edgeFlags=0x0, pointerCount=1, historySize=0, eventTime=77375, downTime=77322, deviceId=0, source=0x1002 }
D/InputEventConsistencyVerifier(  360):   2: sent at 77371000000, MotionEvent { action=ACTION_POINTER_UP(1), id[0]=0, x[0]=358.0, y[0]=39.0, toolType[0]=TOOL_TYPE_UNKNOWN, id[1]=1, x[1]=456.0, y[1]=43.0, toolType[1]=TOOL_TYPE_UNKNOWN, buttonState=0, metaState=0, flags=0x0, edgeFlags=0x0, pointerCount=2, historySize=0, eventTime=77371, downTime=77322, deviceId=0, source=0x1002 }
D/InputEventConsistencyVerifier(  360):   3: sent at 77338000000, MotionEvent { action=ACTION_MOVE, id[0]=0, x[0]=346.0, y[0]=38.0, toolType[0]=TOOL_TYPE_UNKNOWN, id[1]=1, x[1]=451.0, y[1]=45.0, toolType[1]=TOOL_TYPE_UNKNOWN, buttonState=0, metaState=0, flags=0x0, edgeFlags=0x0, pointerCount=2, historySize=0, eventTime=77338, downTime=77322, deviceId=0, source=0x1002 }
D/InputEventConsistencyVerifier(  360):   4: sent at 77331000000, MotionEvent { action=ACTION_POINTER_DOWN(1), id[0]=0, x[0]=344.0, y[0]=31.0, toolType[0]=TOOL_TYPE_UNKNOWN, id[1]=1, x[1]=437.0, y[1]=46.0, toolType[1]=TOOL_TYPE_UNKNOWN, buttonState=0, metaState=0, flags=0x0, edgeFlags=0x0, pointerCount=2, historySize=0, eventTime=77331, downTime=77322, deviceId=0, source=0x1002 }
D/InputEventConsistencyVerifier(  360):   5: sent at 77323000000, MotionEvent { action=ACTION_DOWN, id[0]=0, x[0]=335.0, y[0]=23.0, toolType[0]=TOOL_TYPE_UNKNOWN, buttonState=0, metaState=0, flags=0x80000000, edgeFlags=0x0, pointerCount=1, historySize=0, eventTime=77323, downTime=77322, deviceId=0, source=0x1002 }
D/InputEventConsistencyVerifier(  360): KeyEvent: ACTION_UP but key was not down.
D/InputEventConsistencyVerifier(  360):   in com.android.systemui.statusbar.phone.StatusBarWindowView@b3df03b8
D/InputEventConsistencyVerifier(  360):   0: sent at 77621000000, KeyEvent { action=ACTION_UP, keyCode=KEYCODE_DPAD_CENTER, scanCode=0, metaState=0, flags=0x400, repeatCount=0, eventTime=77621, downTime=77621, deviceId=-1, source=0x101 }
D/InputEventConsistencyVerifier(  360):   -- recent events --
D/InputEventConsistencyVerifier(  360):   1: sent at 77515000000, (unhandled) MotionEvent { action=ACTION_UP, id[0]=0, x[0]=0.0, y[0]=0.0, toolType[0]=TOOL_TYPE_UNKNOWN, buttonState=0, metaState=0, flags=0x0, edgeFlags=0x0, pointerCount=1, historySize=0, eventTime=77515, downTime=77431, deviceId=0, source=0x10004 }
D/InputEventConsistencyVerifier(  360):   2: sent at 77513000000, (unhandled) MotionEvent { action=ACTION_DOWN, id[0]=0, x[0]=0.0, y[0]=0.0, toolType[0]=TOOL_TYPE_UNKNOWN, buttonState=0, metaState=0, flags=0x80000000, edgeFlags=0x0, pointerCount=1, historySize=0, eventTime=77513, downTime=77431, deviceId=0, source=0x10004 }
D/InputEventConsistencyVerifier(  360):   3: sent at 77511000000, (unhandled) MotionEvent { action=ACTION_MOVE, id[0]=0, x[0]=-1.0, y[0]=-1.0, toolType[0]=TOOL_TYPE_UNKNOWN, buttonState=0, metaState=0, flags=0x0, edgeFlags=0x0, pointerCount=1, historySize=9, eventTime=77511, downTime=-1, deviceId=0, source=0x10004 }
D/InputEventConsistencyVerifier(  360):   4: sent at 77403000000, MotionEvent { action=ACTION_UP, id[0]=0, x[0]=277.0, y[0]=312.0, toolType[0]=TOOL_TYPE_UNKNOWN, buttonState=0, metaState=0, flags=0x0, edgeFlags=0x0, pointerCount=1, historySize=0, eventTime=77403, downTime=77391, deviceId=0, source=0x1002 }
D/InputEventConsistencyVerifier(  360):   5: sent at 77392000000, MotionEvent { action=ACTION_DOWN, id[0]=0, x[0]=280.0, y[0]=321.0, toolType[0]=TOOL_TYPE_UNKNOWN, buttonState=0, metaState=0, flags=0x0, edgeFlags=0x0, pointerCount=1, historySize=0, eventTime=77392, downTime=77391, deviceId=0, source=0x1002 }
V/PhoneStatusBar(  360): setLightsOn(true)
D/PhoneStatusBar(  360): disable: < expand icons alerts TICKER* system_info back home recent clock >
I/Choreographer(  360): Skipped 52 frames!  The application may be doing too much work on its main thread.
W/dalvikvm(  360): DroidBox: { "FdAccess": { "path": "2f70726f632f6d656d696e666f", "id": "601045335" } }
W/DroidBox(  360): DroidBox: { "FileRW": { "operation": "read", "data": "4d656d546f74616c3a202020202020202020373438393634206b420a4d656d467265653a20202020202020202020343434303136206b420a427566666572733a20202020202020202020202035333834206b420a4361636865643a202020202020202020", "id": "601045335" } }
E/Trace   ( 1036): error opening trace file: No such file or directory (2)
I/ActivityManager(  222): START {act=android.intent.action.MAIN cat=[android.intent.category.HOME] flg=0x10200000 cmp=com.android.launcher/com.android.launcher2.Launcher u=0} from pid 222
D/InputEventConsistencyVerifier(  360): KeyEvent: ACTION_UP but key was not down.
D/InputEventConsistencyVerifier(  360):   in android.widget.FrameLayout@b3dc0438
D/InputEventConsistencyVerifier(  360):   0: sent at 77775000000, KeyEvent { action=ACTION_UP, keyCode=KEYCODE_DPAD_DOWN, scanCode=0, metaState=0, flags=0x8, repeatCount=0, eventTime=77775, downTime=77775, deviceId=-1, source=0x101 }
D/InputEventConsistencyVerifier(  360):   -- recent events --
D/InputEventConsistencyVerifier(  360):   1: sent at 77142000000, (unhandled) KeyEvent { action=ACTION_UP, keyCode=KEYCODE_DPAD_LEFT, scanCode=0, metaState=0, flags=0x28, repeatCount=0, eventTime=77142, downTime=77112, deviceId=-1, source=0x101 }
D/InputEventConsistencyVerifier(  360):   2: sent at 77112000000, (unhandled) KeyEvent { action=ACTION_DOWN, keyCode=KEYCODE_DPAD_LEFT, scanCode=0, metaState=0, flags=0x8, repeatCount=0, eventTime=77112, downTime=77112, deviceId=-1, source=0x101 }
D/InputEventConsistencyVerifier(  360):   3: sent at 77102000000, (unhandled) KeyEvent { action=ACTION_UP, keyCode=KEYCODE_DPAD_DOWN, scanCode=0, metaState=0, flags=0x80000008, repeatCount=0, eventTime=77102, downTime=77102, deviceId=-1, source=0x101 }
D/InputEventConsistencyVerifier(  360):   4: sent at 76748000000, MotionEvent { action=ACTION_UP, id[0]=0, x[0]=289.0, y[0]=676.0, toolType[0]=TOOL_TYPE_UNKNOWN, buttonState=0, metaState=0, flags=0x0, edgeFlags=0x0, pointerCount=1, historySize=0, eventTime=76748, downTime=76731, deviceId=0, source=0x1002 }
D/InputEventConsistencyVerifier(  360):   5: sent at 76747000000, MotionEvent { action=ACTION_MOVE, id[0]=0, x[0]=280.0, y[0]=675.0, toolType[0]=TOOL_TYPE_UNKNOWN, buttonState=0, metaState=0, flags=0x0, edgeFlags=0x0, pointerCount=1, historySize=4, eventTime=76747, downTime=76731, deviceId=0, source=0x1002 }
I/Choreographer(  360): Skipped 50 frames!  The application may be doing too much work on its main thread.
W/dalvikvm(  360): DroidBox: { "FdAccess": { "path": "2f70726f632f6d656d696e666f", "id": "1162700739" } }
W/DroidBox(  360): DroidBox: { "FileRW": { "operation": "read", "data": "4d656d546f74616c3a202020202020202020373438393634206b420a4d656d467265653a20202020202020202020343432343034206b420a427566666572733a20202020202020202020202035333834206b420a4361636865643a202020202020202020", "id": "1162700739" } }
W/dalvikvm(  360): DroidBox: { "FdAccess": { "path": "2f70726f632f6d656d696e666f", "id": "1191450549" } }
W/DroidBox(  360): DroidBox: { "FileRW": { "operation": "read", "data": "4d656d546f74616c3a202020202020202020373438393634206b420a4d656d467265653a20202020202020202020343431393038206b420a427566666572733a20202020202020202020202035333834206b420a4361636865643a202020202020202020", "id": "1191450549" } }
D/InputEventConsistencyVerifier(  360): KeyEvent: ACTION_UP but key was not down.
D/InputEventConsistencyVerifier(  360):   in com.android.systemui.statusbar.phone.StatusBarWindowView@b3df03b8
D/InputEventConsistencyVerifier(  360):   0: sent at 77903000000, KeyEvent { action=ACTION_UP, keyCode=KEYCODE_DPAD_RIGHT, scanCode=0, metaState=0, flags=0x400, repeatCount=0, eventTime=77903, downTime=77903, deviceId=-1, source=0x101 }
D/InputEventConsistencyVerifier(  360):   -- recent events --
D/InputEventConsistencyVerifier(  360):   1: sent at 77892000000, (unhandled) MotionEvent { action=ACTION_MOVE, id[0]=0, x[0]=4.0, y[0]=0.0, toolType[0]=TOOL_TYPE_UNKNOWN, buttonState=0, metaState=0, flags=0x0, edgeFlags=0x0, pointerCount=1, historySize=4, eventTime=77892, downTime=-1, deviceId=0, source=0x10004 }
D/InputEventConsistencyVerifier(  360):   2: sent at 77835000000, (unhandled) KeyEvent { action=ACTION_UP, keyCode=KEYCODE_DPAD_RIGHT, scanCode=0, metaState=0, flags=0x8, repeatCount=0, eventTime=77835, downTime=77835, deviceId=-1, source=0x101 }
D/InputEventConsistencyVerifier(  360):   3: sent at 77823000000, (unhandled) KeyEvent { action=ACTION_DOWN, keyCode=KEYCODE_DPAD_RIGHT, scanCode=0, metaState=0, flags=0x8, repeatCount=0, eventTime=77823, downTime=77823, deviceId=-1, source=0x101 }
D/InputEventConsistencyVerifier(  360):   4: sent at 77775000000, (unhandled) KeyEvent { action=ACTION_UP, keyCode=KEYCODE_DPAD_DOWN, scanCode=0, metaState=0, flags=0x8, repeatCount=0, eventTime=77775, downTime=77775, deviceId=-1, source=0x101 }
D/InputEventConsistencyVerifier(  360):   5: sent at 77772000000, (unhandled) KeyEvent { action=ACTION_DOWN, keyCode=KEYCODE_DPAD_DOWN, scanCode=0, metaState=0, flags=0x8, repeatCount=0, eventTime=77772, downTime=77772, deviceId=-1, source=0x101 }
W/dalvikvm(  360): DroidBox: { "FdAccess": { "path": "2f70726f632f6d656d696e666f", "id": "1339398681" } }
W/DroidBox(  360): DroidBox: { "FileRW": { "operation": "read", "data": "4d656d546f74616c3a202020202020202020373438393634206b420a4d656d467265653a20202020202020202020343431393038206b420a427566666572733a20202020202020202020202035333834206b420a4361636865643a202020202020202020", "id": "1339398681" } }
W/DroidBox( 1036): DroidBox: { "DexClassLoader": { "path": "/system/app/Music.apk" } }
W/dalvikvm(  360): DroidBox: { "FdAccess": { "path": "2f70726f632f6d656d696e666f", "id": "1094504052" } }
W/DroidBox(  360): DroidBox: { "FileRW": { "operation": "read", "data": "4d656d546f74616c3a202020202020202020373438393634206b420a4d656d467265653a20202020202020202020343431393038206b420a427566666572733a20202020202020202020202035333834206b420a4361636865643a202020202020202020", "id": "1094504052" } }
I/Choreographer(  360): Skipped 33 frames!  The application may be doing too much work on its main thread.
D/PhoneStatusBar(  360): disable: < expand icons alerts ticker* system_info back home recent clock >
V/PhoneStatusBar(  360): setLightsOn(true)
I/ActivityManager(  222): START {act=android.intent.action.MAIN cat=[android.intent.category.LAUNCHER] flg=0x10200000 cmp=com.urbanairship.airmail/.MainListActivity u=0} from pid 968
I/InputDispatcher(  222): Dropped event because of pending overdue app switch.
D/InputEventConsistencyVerifier(  989): KeyEvent: ACTION_UP but key was not down.
D/InputEventConsistencyVerifier(  989):   in android.widget.LinearLayout@b3e3f468
D/InputEventConsistencyVerifier(  989):   0: sent at 78238000000, KeyEvent { action=ACTION_UP, keyCode=KEYCODE_DPAD_DOWN, scanCode=0, metaState=0, flags=0x8, repeatCount=0, eventTime=78238, downTime=78238, deviceId=-1, source=0x101 }
I/Choreographer(  222): Skipped 34 frames!  The application may be doing too much work on its main thread.
W/InputManager(  222): Input event injection from pid 968 failed.
D/InputEventConsistencyVerifier(  989): KeyEvent: ACTION_UP but key was not down.
D/InputEventConsistencyVerifier(  989):   in android.view.ViewRootImpl@b3eadc08
D/InputEventConsistencyVerifier(  989):   0: sent at 78363000000, KeyEvent { action=ACTION_UP, keyCode=KEYCODE_DPAD_CENTER, scanCode=0, metaState=0, flags=0x8, repeatCount=0, eventTime=78363, downTime=78363, deviceId=-1, source=0x101 }
D/InputEventConsistencyVerifier(  989):   -- recent events --
D/InputEventConsistencyVerifier(  989):   1: sent at 78238000000, KeyEvent { action=ACTION_UP, keyCode=KEYCODE_DPAD_DOWN, scanCode=0, metaState=0, flags=0x8, repeatCount=0, eventTime=78238, downTime=78238, deviceId=-1, source=0x101 }
D/InputEventConsistencyVerifier(  989):   2: sent at 78206000000, KeyEvent { action=ACTION_DOWN, keyCode=KEYCODE_DPAD_DOWN, scanCode=0, metaState=0, flags=0x8, repeatCount=0, eventTime=78206, downTime=78206, deviceId=-1, source=0x101 }
D/InputEventConsistencyVerifier(  989):   3: sent at 78108000000, KeyEvent { action=ACTION_UP, keyCode=KEYCODE_VOLUME_DOWN, scanCode=0, metaState=0, flags=0x8, repeatCount=0, eventTime=78108, downTime=78108, deviceId=-1, source=0x101 }
D/InputEventConsistencyVerifier(  989):   4: sent at 77953000000, KeyEvent { action=ACTION_DOWN, keyCode=KEYCODE_VOLUME_DOWN, scanCode=0, metaState=0, flags=0x8, repeatCount=0, eventTime=77953, downTime=77953, deviceId=-1, source=0x101 }
D/InputEventConsistencyVerifier(  989):   5: sent at 77295000000, KeyEvent { action=ACTION_UP, keyCode=KEYCODE_S, scanCode=0, metaState=0, flags=0x8, repeatCount=0, eventTime=77295, downTime=77295, deviceId=-1, source=0x101 }
W/DroidBox( 1036): DroidBox: { "ServiceStart": { "name": "com.android.music.MediaPlaybackService" } }
W/DroidBox( 1036): DroidBox: { "ServiceStart": { "name": "com.android.music.MediaPlaybackService" } }
D/InputEventConsistencyVerifier(  989): KeyEvent: ACTION_UP but key was not down.
D/InputEventConsistencyVerifier(  989):   in android.widget.FrameLayout@b3eb42f8
D/InputEventConsistencyVerifier(  989):   0: sent at 78646000000, KeyEvent { action=ACTION_UP, keyCode=KEYCODE_DPAD_UP, scanCode=0, metaState=0, flags=0x400, repeatCount=0, eventTime=78646, downTime=78646, deviceId=-1, source=0x101 }
D/InputEventConsistencyVerifier(  989):   -- recent events --
D/InputEventConsistencyVerifier(  989):   1: sent at 78206000000, (unhandled) KeyEvent { action=ACTION_DOWN, keyCode=KEYCODE_DPAD_DOWN, scanCode=0, metaState=0, flags=0x8, repeatCount=0, eventTime=78206, downTime=78206, deviceId=-1, source=0x101 }
D/InputEventConsistencyVerifier(  989):   2: sent at 78108000000, (unhandled) KeyEvent { action=ACTION_UP, keyCode=KEYCODE_VOLUME_DOWN, scanCode=0, metaState=0, flags=0x8, repeatCount=0, eventTime=78108, downTime=78108, deviceId=-1, source=0x101 }
D/InputEventConsistencyVerifier(  989):   3: sent at 77953000000, (unhandled) KeyEvent { action=ACTION_DOWN, keyCode=KEYCODE_VOLUME_DOWN, scanCode=0, metaState=0, flags=0x8, repeatCount=0, eventTime=77953, downTime=77953, deviceId=-1, source=0x101 }
D/InputEventConsistencyVerifier(  989):   4: sent at 77295000000, (unhandled) KeyEvent { action=ACTION_UP, keyCode=KEYCODE_S, scanCode=0, metaState=0, flags=0x8, repeatCount=0, eventTime=77295, downTime=77295, deviceId=-1, source=0x101 }
D/InputEventConsistencyVerifier(  989):   5: sent at 77273000000, (unhandled) KeyEvent { action=ACTION_DOWN, keyCode=KEYCODE_S, scanCode=0, metaState=0, flags=0x8, repeatCount=0, eventTime=77273, downTime=77273, deviceId=-1, source=0x101 }
D/AirMail (  989): OS Version: 4.1.1
D/AirMail (  989): AMCP Version: 2.0.2
D/AirMail (  989): APID: b9faf0e3-16e5-4737-9bbf-19dbcfbe5e4b
D/AirMail (  989): Device Model: Full Android on Emulator
D/AirMail (  989): Device Type: eng
D/AirMail (  989): Network Type: mobile
E/WVMExtractor(   62): Failed to open libwvm.so
I/Choreographer(  989): Skipped 62 frames!  The application may be doing too much work on its main thread.
I/AudioService(  222):   Remote Control   registerMediaButtonIntent() for PendingIntent{b40d85b0: PendingIntentRecord{b42c5d90 com.android.music broadcastIntent}}
D/InputEventConsistencyVerifier(  989): KeyEvent: ACTION_UP but key was not down.
D/InputEventConsistencyVerifier(  989):   in android.widget.LinearLayout@b3e3f468
D/InputEventConsistencyVerifier(  989):   0: sent at 79051000000, KeyEvent { action=ACTION_UP, keyCode=KEYCODE_DPAD_DOWN, scanCode=0, metaState=0, flags=0x400, repeatCount=0, eventTime=79051, downTime=79051, deviceId=-1, source=0x101 }
D/InputEventConsistencyVerifier(  989):   -- recent events --
D/InputEventConsistencyVerifier(  989):   1: sent at 78646000000, (unhandled) KeyEvent { action=ACTION_DOWN, keyCode=KEYCODE_DPAD_UP, scanCode=0, metaState=0, flags=0x400, repeatCount=0, eventTime=78646, downTime=78646, deviceId=-1, source=0x101 }
D/InputEventConsistencyVerifier(  989):   2: sent at 78550000000, (unhandled) MotionEvent { action=ACTION_MOVE, id[0]=0, x[0]=3.0, y[0]=-4.0, toolType[0]=TOOL_TYPE_UNKNOWN, buttonState=0, metaState=0, flags=0x0, edgeFlags=0x0, pointerCount=1, historySize=0, eventTime=78550, downTime=-1, deviceId=0, source=0x10004 }
D/InputEventConsistencyVerifier(  989):   3: sent at 78588000000, (unhandled) KeyEvent { action=ACTION_UP, keyCode=KEYCODE_DPAD_DOWN, scanCode=0, metaState=0, flags=0x400, repeatCount=0, eventTime=78588, downTime=78588, deviceId=-1, source=0x101 }
D/InputEventConsistencyVerifier(  989):   4: sent at 78588000000, (unhandled) KeyEvent { action=ACTION_DOWN, keyCode=KEYCODE_DPAD_DOWN, scanCode=0, metaState=0, flags=0x400, repeatCount=0, eventTime=78588, downTime=78588, deviceId=-1, source=0x101 }
D/InputEventConsistencyVerifier(  989):   5: sent at 78587000000, (unhandled) KeyEvent { action=ACTION_UP, keyCode=KEYCODE_DPAD_DOWN, scanCode=0, metaState=0, flags=0x400, repeatCount=0, eventTime=78587, downTime=78587, deviceId=-1, source=0x101 }
E/WVMExtractor(   62): Failed to open libwvm.so
I/ActivityManager(  222): START {act=android.intent.action.CALL_BUTTON flg=0x10000000 cmp=com.android.contacts/.activities.DialtactsActivity u=0} from pid 989
D/InputEventConsistencyVerifier(  989): TrackballEvent: Trackball is down but pressure is not greater than 0.
D/InputEventConsistencyVerifier(  989):   in android.view.ViewRootImpl@b3da0488
D/InputEventConsistencyVerifier(  989):   0: sent at 79496000000, MotionEvent { action=ACTION_DOWN, id[0]=0, x[0]=0.0, y[0]=0.0, toolType[0]=TOOL_TYPE_UNKNOWN, buttonState=0, metaState=0, flags=0x0, edgeFlags=0x0, pointerCount=1, historySize=0, eventTime=79496, downTime=79392, deviceId=0, source=0x10004 }
D/InputEventConsistencyVerifier(  989):   -- recent events --
D/InputEventConsistencyVerifier(  989):   1: sent at 79595000000, KeyEvent { action=ACTION_UP, keyCode=KEYCODE_DPAD_LEFT, scanCode=0, metaState=0, flags=0x400, repeatCount=0, eventTime=79595, downTime=79595, deviceId=-1, source=0x101 }
D/InputEventConsistencyVerifier(  989):   2: sent at 79595000000, KeyEvent { action=ACTION_DOWN, keyCode=KEYCODE_DPAD_LEFT, scanCode=0, metaState=0, flags=0x400, repeatCount=0, eventTime=79595, downTime=79595, deviceId=-1, source=0x101 }
D/InputEventConsistencyVerifier(  989):   3: sent at 79595000000, KeyEvent { action=ACTION_UP, keyCode=KEYCODE_DPAD_LEFT, scanCode=0, metaState=0, flags=0x400, repeatCount=0, eventTime=79595, downTime=79595, deviceId=-1, source=0x101 }
D/InputEventConsistencyVerifier(  989):   4: sent at 79595000000, KeyEvent { action=ACTION_DOWN, keyCode=KEYCODE_DPAD_LEFT, scanCode=0, metaState=0, flags=0x400, repeatCount=0, eventTime=79595, downTime=79595, deviceId=-1, source=0x101 }
D/InputEventConsistencyVerifier(  989):   5: sent at 79594000000, KeyEvent { action=ACTION_UP, keyCode=KEYCODE_DPAD_LEFT, scanCode=0, metaState=0, flags=0x400, repeatCount=0, eventTime=79594, downTime=79594, deviceId=-1, source=0x101 }
I/Choreographer(  989): Skipped 167 frames!  The application may be doing too much work on its main thread.
W/InputMethodManagerService(  222): Window already focused, ignoring focus gain of: com.android.internal.view.IInputMethodClient$Stub$Proxy@b3ea1830 attribute=null
E/WVMExtractor(   62): Failed to open libwvm.so
D/InputEventConsistencyVerifier(  989): KeyEvent: ACTION_UP but key was not down.
D/InputEventConsistencyVerifier(  989):   in android.widget.TextView@b3df3c90
D/InputEventConsistencyVerifier(  989):   0: sent at 80251000000, KeyEvent { action=ACTION_UP, keyCode=KEYCODE_DPAD_DOWN, scanCode=0, metaState=0, flags=0x8, repeatCount=0, eventTime=80251, downTime=80251, deviceId=-1, source=0x101 }
E/WVMExtractor(   62): Failed to open libwvm.so
I/ActivityManager(  222): START {act=android.intent.action.MAIN cat=[android.intent.category.LAUNCHER] flg=0x10200000 cmp=com.urbanairship.airmail/.MainListActivity u=0} from pid 968
I/ActivityManager(  222): START {act=android.intent.action.VIEW dat=https://go.urbanairship.com/amcp-apps/ cmp=com.android.browser/.BrowserActivity (has extras) u=0} from pid 989
E/WVMExtractor(   62): Failed to open libwvm.so
W/dalvikvm( 1036): DroidBox: { "FdAccess": { "path": "2f646174612f646174612f636f6d2e616e64726f69642e6d757369632f7368617265645f70726566732f4d757369632e786d6c", "id": "633442748" } }
I/Choreographer(  989): Skipped 63 frames!  The application may be doing too much work on its main thread.
W/DroidBox( 1036): DroidBox: { "FileRW": { "operation": "write", "data": "3c3f786d6c2076657273696f6e3d27312e302720656e636f64696e673d277574662d3827207374616e64616c6f6e653d2779657327203f3e0a3c6d61703e0a3c737472696e67206e616d653d227175657565223e3c2f737472696e673e0a3c696e74206e", "id": "633442748" } }
E/WVMExtractor(   62): Failed to open libwvm.so
D/InputEventConsistencyVerifier(  989): KeyEvent: ACTION_UP but key was not down.
D/InputEventConsistencyVerifier(  989):   in com.android.internal.policy.impl.PhoneWindow$DecorView@b3e48318
D/InputEventConsistencyVerifier(  989):   0: sent at 81206000000, KeyEvent { action=ACTION_UP, keyCode=KEYCODE_DPAD_RIGHT, scanCode=0, metaState=0, flags=0x8, repeatCount=0, eventTime=81206, downTime=81206, deviceId=-1, source=0x101 }
D/InputEventConsistencyVerifier(  989):   -- recent events --
D/InputEventConsistencyVerifier(  989):   1: sent at 81183000000, (unhandled) KeyEvent { action=ACTION_UP, keyCode=KEYCODE_F7, scanCode=0, metaState=0, flags=0x8, repeatCount=0, eventTime=81183, downTime=81183, deviceId=-1, source=0x101 }
D/InputEventConsistencyVerifier(  989):   2: sent at 81162000000, (unhandled) KeyEvent { action=ACTION_DOWN, keyCode=KEYCODE_F7, scanCode=0, metaState=0, flags=0x8, repeatCount=0, eventTime=81162, downTime=81162, deviceId=-1, source=0x101 }
D/InputEventConsistencyVerifier(  989):   3: sent at 81155000000, (unhandled) KeyEvent { action=ACTION_UP, keyCode=KEYCODE_DPAD_CENTER, scanCode=0, metaState=0, flags=0x8, repeatCount=0, eventTime=81155, downTime=81155, deviceId=-1, source=0x101 }
D/InputEventConsistencyVerifier(  989):   4: sent at 81138000000, (unhandled) KeyEvent { action=ACTION_DOWN, keyCode=KEYCODE_DPAD_CENTER, scanCode=0, metaState=0, flags=0x8, repeatCount=0, eventTime=81138, downTime=81138, deviceId=-1, source=0x101 }
D/InputEventConsistencyVerifier(  989):   5: sent at 80995000000, (unhandled) KeyEvent { action=ACTION_UP, keyCode=KEYCODE_DPAD_DOWN, scanCode=0, metaState=0, flags=0x8, repeatCount=0, eventTime=80995, downTime=80995, deviceId=-1, source=0x101 }
E/WVMExtractor(   62): Failed to open libwvm.so
I/Choreographer(  989): Skipped 198 frames!  The application may be doing too much work on its main thread.
E/WVMExtractor(   62): Failed to open libwvm.so
I/Choreographer(  989): Skipped 72 frames!  The application may be doing too much work on its main thread.
D/InputEventConsistencyVerifier(  989): KeyEvent: ACTION_UP but key was not down.
D/InputEventConsistencyVerifier(  989):   in android.widget.LinearLayout@b3ec8140
D/InputEventConsistencyVerifier(  989):   0: sent at 82382000000, KeyEvent { action=ACTION_UP, keyCode=KEYCODE_DPAD_DOWN, scanCode=0, metaState=0, flags=0x400, repeatCount=0, eventTime=82382, downTime=82382, deviceId=-1, source=0x101 }
D/InputEventConsistencyVerifier(  989): KeyEvent: ACTION_UP but key was not down.
D/InputEventConsistencyVerifier(  989):   in android.widget.Button@b3dd8040
D/InputEventConsistencyVerifier(  989):   0: sent at 82391000000, KeyEvent { action=ACTION_UP, keyCode=KEYCODE_DPAD_RIGHT, scanCode=0, metaState=0, flags=0x8, repeatCount=0, eventTime=82391, downTime=82391, deviceId=-1, source=0x101 }
I/ActivityManager(  222): START {act=android.intent.action.MAIN cat=[android.intent.category.HOME] flg=0x10200000 cmp=com.android.launcher/com.android.launcher2.Launcher u=0} from pid 222
E/WVMExtractor(   62): Failed to open libwvm.so
D/InputEventConsistencyVerifier(  989): KeyEvent: ACTION_UP but key was not down.
D/InputEventConsistencyVerifier(  989):   in android.widget.FrameLayout@b3e19178
